This is cutadapt 5.2 with Python 3.13.14
Command line parameters: -g GGAGGGTGCAAGCGTTAATC -G TTAACCTTGCGGCCGTACTC --discard-untrimmed -e 0.1 --minimum-length 50 -j 4 -o results/region/V4_V5/trimmed/RnDD_260713_1_RnDD-16S_n0_R1.fq.gz -p results/region/V4_V5/trimmed/RnDD_260713_1_RnDD-16S_n0_R2.fq.gz data/raw/RnDD_260713_1_RnDD-16S_n0/202607132008_RA01230801023_5P260413092US292662D3_RnD_SRSLY_16S_NPO_260713_RnDD_260713_1_RnDD-16S_n0_L00_R1.fq.gz data/raw/RnDD_260713_1_RnDD-16S_n0/202607132008_RA01230801023_5P260413092US292662D3_RnD_SRSLY_16S_NPO_260713_RnDD_260713_1_RnDD-16S_n0_L00_R2.fq.gz
Processing paired-end reads on 4 cores ...

=== Summary ===

Total read pairs processed:            168,195
  Read 1 with adapter:                  31,742 (18.9%)
  Read 2 with adapter:                   5,050 (3.0%)

== Read fate breakdown ==
Pairs that were too short:                  13 (0.0%)
Pairs discarded as untrimmed:          164,331 (97.7%)
Pairs written (passing filters):         3,851 (2.3%)

Total basepairs processed:    50,458,500 bp
  Read 1:    25,229,250 bp
  Read 2:    25,229,250 bp
Total written (filtered):      1,007,810 bp (2.0%)
  Read 1:       501,064 bp
  Read 2:       506,746 bp

=== First read: Adapter 1 ===

Sequence: GGAGGGTGCAAGCGTTAATC; Type: regular 5'; Length: 20; Trimmed: 31742 times

Minimum overlap: 3
No. of allowed errors:
1-9 bp: 0; 10-19 bp: 1; 20 bp: 2

Overview of removed sequences
length	count	expect	max.err	error counts
3	328	2628.0	0	328
4	319	657.0	0	319
5	43	164.3	0	43
6	9	41.1	0	9
7	12	10.3	0	12
8	14	2.6	0	14
9	24	0.6	0	24
10	31	0.2	1	29 2
11	4	0.0	1	4
12	12	0.0	1	11 1
13	19	0.0	1	18 1
14	6	0.0	1	6
15	45	0.0	1	44 1
16	92	0.0	1	86 6
17	126	0.0	1	122 4
18	206	0.0	1	191 13 2
19	288	0.0	1	173 112 3
20	29994	0.0	2	29062 887 45
21	98	0.0	2	27 71
22	1	0.0	2	1
24	2	0.0	2	2
27	1	0.0	2	1
28	1	0.0	2	1
29	1	0.0	2	1
30	3	0.0	2	3
31	1	0.0	2	1
32	4	0.0	2	4
33	4	0.0	2	4
34	1	0.0	2	1
35	1	0.0	2	1
37	2	0.0	2	2
39	2	0.0	2	2
40	1	0.0	2	1
41	1	0.0	2	1
42	3	0.0	2	2 1
43	1	0.0	2	1
44	4	0.0	2	4
47	2	0.0	2	2
48	2	0.0	2	1 1
49	5	0.0	2	5
50	2	0.0	2	2
52	1	0.0	2	0 1
54	1	0.0	2	1
55	2	0.0	2	2
56	1	0.0	2	1
64	1	0.0	2	1
65	1	0.0	2	1
66	1	0.0	2	1
67	1	0.0	2	1
68	1	0.0	2	1
69	1	0.0	2	1
72	1	0.0	2	1
76	1	0.0	2	1
79	1	0.0	2	1
82	1	0.0	2	0 1
83	1	0.0	2	1
89	1	0.0	2	1
96	1	0.0	2	1
104	2	0.0	2	2
105	1	0.0	2	1
107	1	0.0	2	1
108	1	0.0	2	1
111	1	0.0	2	1
112	1	0.0	2	1
122	1	0.0	2	1
140	1	0.0	2	1


=== Second read: Adapter 2 ===

Sequence: TTAACCTTGCGGCCGTACTC; Type: regular 5'; Length: 20; Trimmed: 5050 times

Minimum overlap: 3
No. of allowed errors:
1-9 bp: 0; 10-19 bp: 1; 20 bp: 2

Overview of removed sequences
length	count	expect	max.err	error counts
3	483	2628.0	0	483
4	73	657.0	0	73
5	13	164.3	0	13
7	1	10.3	0	1
9	3	0.6	0	3
10	27	0.2	1	27
11	4	0.0	1	4
12	2	0.0	1	2
13	3	0.0	1	3
14	1	0.0	1	1
15	6	0.0	1	5 1
16	21	0.0	1	21
17	19	0.0	1	19
18	18	0.0	1	9 9
19	1071	0.0	1	1038 33
20	3289	0.0	2	3211 68 10
21	6	0.0	2	0 6
28	1	0.0	2	0 1
29	1	0.0	2	1
30	1	0.0	2	1
37	1	0.0	2	1
39	1	0.0	2	1
97	1	0.0	2	1
101	1	0.0	2	0 0 1
130	1	0.0	2	1
140	1	0.0	2	1
145	1	0.0	2	1
