This is cutadapt 5.2 with Python 3.13.14
Command line parameters: -g GGAGGGTGCAAGCGTTAATC -G TTAACCTTGCGGCCGTACTC --discard-untrimmed -e 0.1 --minimum-length 50 -j 4 -o results/region/V4_V5/trimmed/RnDD_260801_28_RnDD-16S_n0_R1.fq.gz -p results/region/V4_V5/trimmed/RnDD_260801_28_RnDD-16S_n0_R2.fq.gz /media/genomed/DATA_15Tb/16s_3run/RnDD_260801_28_RnDD-16S_n0/202608012056_RA01230801023_5P251211086US292659BX_RnD_16S_260801_RnDD_260801_28_RnDD-16S_n0_L00_R1.fq.gz /media/genomed/DATA_15Tb/16s_3run/RnDD_260801_28_RnDD-16S_n0/202608012056_RA01230801023_5P251211086US292659BX_RnD_16S_260801_RnDD_260801_28_RnDD-16S_n0_L00_R2.fq.gz
Processing paired-end reads on 4 cores ...

=== Summary ===

Total read pairs processed:            459,572
  Read 1 with adapter:                  11,106 (2.4%)
  Read 2 with adapter:                   3,148 (0.7%)

== Read fate breakdown ==
Pairs that were too short:                   0 (0.0%)
Pairs discarded as untrimmed:          459,276 (99.9%)
Pairs written (passing filters):           296 (0.1%)

Total basepairs processed:   275,743,200 bp
  Read 1:   137,871,600 bp
  Read 2:   137,871,600 bp
Total written (filtered):        168,532 bp (0.1%)
  Read 1:        83,035 bp
  Read 2:        85,497 bp

=== First read: Adapter 1 ===

Sequence: GGAGGGTGCAAGCGTTAATC; Type: regular 5'; Length: 20; Trimmed: 11106 times

Minimum overlap: 3
No. of allowed errors:
1-9 bp: 0; 10-19 bp: 1; 20 bp: 2

Overview of removed sequences
length	count	expect	max.err	error counts
3	458	7180.8	0	458
4	48	1795.2	0	48
5	18	448.8	0	18
6	16	112.2	0	16
7	7	28.1	0	7
8	26	7.0	0	26
9	55	1.8	0	55
10	94	0.4	1	84 10
11	4	0.1	1	3 1
12	3	0.0	1	2 1
16	1	0.0	1	0 1
17	3	0.0	1	0 3
18	13	0.0	1	1 11 1
19	158	0.0	1	2 90 66
20	9606	0.0	2	782 5223 3601
21	246	0.0	2	1 111 134
24	1	0.0	2	0 0 1
25	1	0.0	2	0 1
27	4	0.0	2	0 4
29	2	0.0	2	0 2
30	2	0.0	2	1 1
31	4	0.0	2	0 4
32	2	0.0	2	0 1 1
33	8	0.0	2	0 5 3
34	3	0.0	2	0 2 1
35	4	0.0	2	0 3 1
36	2	0.0	2	0 2
37	5	0.0	2	0 4 1
40	7	0.0	2	3 4
41	1	0.0	2	0 1
42	5	0.0	2	3 2
43	3	0.0	2	0 2 1
44	4	0.0	2	0 1 3
45	2	0.0	2	0 2
46	2	0.0	2	0 2
47	6	0.0	2	0 3 3
48	5	0.0	2	1 2 2
49	1	0.0	2	1
50	5	0.0	2	1 3 1
51	2	0.0	2	1 1
52	6	0.0	2	0 6
53	1	0.0	2	0 0 1
54	4	0.0	2	0 2 2
55	2	0.0	2	0 2
56	3	0.0	2	1 1 1
57	1	0.0	2	1
58	4	0.0	2	1 3
59	4	0.0	2	1 3
61	2	0.0	2	0 2
63	2	0.0	2	0 1 1
65	5	0.0	2	2 1 2
66	6	0.0	2	1 2 3
67	1	0.0	2	0 0 1
68	1	0.0	2	0 0 1
69	11	0.0	2	1 9 1
70	3	0.0	2	1 2
73	3	0.0	2	1 1 1
76	4	0.0	2	2 2
79	3	0.0	2	1 2
80	4	0.0	2	0 2 2
82	3	0.0	2	1 1 1
83	2	0.0	2	1 1
84	2	0.0	2	0 2
85	1	0.0	2	1
89	4	0.0	2	3 0 1
90	1	0.0	2	0 0 1
91	1	0.0	2	1
94	1	0.0	2	0 1
95	3	0.0	2	2 1
96	2	0.0	2	0 2
97	3	0.0	2	2 1
98	2	0.0	2	1 1
100	1	0.0	2	1
101	3	0.0	2	1 2
102	11	0.0	2	3 5 3
103	11	0.0	2	2 7 2
104	11	0.0	2	2 9
105	10	0.0	2	2 6 2
106	1	0.0	2	0 1
107	3	0.0	2	0 2 1
109	1	0.0	2	0 1
110	3	0.0	2	0 3
111	3	0.0	2	0 2 1
112	1	0.0	2	0 1
113	3	0.0	2	1 2
114	3	0.0	2	1 1 1
115	4	0.0	2	0 2 2
116	4	0.0	2	2 2
117	1	0.0	2	0 0 1
118	2	0.0	2	0 1 1
119	1	0.0	2	0 1
122	2	0.0	2	0 2
125	3	0.0	2	2 1
126	1	0.0	2	0 0 1
127	2	0.0	2	1 1
128	2	0.0	2	0 2
130	1	0.0	2	0 1
131	3	0.0	2	1 2
132	4	0.0	2	0 2 2
133	5	0.0	2	1 2 2
134	1	0.0	2	0 1
163	4	0.0	2	0 1 3
164	1	0.0	2	0 1
165	1	0.0	2	0 0 1
169	1	0.0	2	0 0 1
178	1	0.0	2	0 0 1
180	1	0.0	2	0 0 1
195	1	0.0	2	0 0 1
198	2	0.0	2	0 0 2
200	2	0.0	2	0 2
201	2	0.0	2	1 0 1
204	14	0.0	2	0 3 11
205	1	0.0	2	0 0 1
206	3	0.0	2	1 0 2
207	18	0.0	2	1 6 11
208	2	0.0	2	1 0 1
211	4	0.0	2	1 1 2
212	1	0.0	2	1
213	2	0.0	2	0 0 2
214	7	0.0	2	0 3 4
215	4	0.0	2	0 2 2
216	1	0.0	2	0 0 1


=== Second read: Adapter 2 ===

Sequence: TTAACCTTGCGGCCGTACTC; Type: regular 5'; Length: 20; Trimmed: 3148 times

Minimum overlap: 3
No. of allowed errors:
1-9 bp: 0; 10-19 bp: 1; 20 bp: 2

Overview of removed sequences
length	count	expect	max.err	error counts
3	390	7180.8	0	390
4	75	1795.2	0	75
5	12	448.8	0	12
6	1	112.2	0	1
10	5	0.4	1	5
15	1	0.0	1	1
16	2	0.0	1	2
17	6	0.0	1	6
18	8	0.0	1	6 2
19	253	0.0	1	239 14
20	2380	0.0	2	2317 54 9
21	6	0.0	2	0 6
41	1	0.0	2	1
79	1	0.0	2	1
80	1	0.0	2	1
94	1	0.0	2	1
121	1	0.0	2	1
163	3	0.0	2	1 1 1
183	1	0.0	2	1
