This is cutadapt 5.2 with Python 3.13.14
Command line parameters: -g GGAGGGTGCAAGCGTTAATC -G TTAACCTTGCGGCCGTACTC --discard-untrimmed -e 0.1 --minimum-length 50 -j 4 -o results/region/V4_V5/trimmed/RnDD_260801_16_RnDD-16S_n0_R1.fq.gz -p results/region/V4_V5/trimmed/RnDD_260801_16_RnDD-16S_n0_R2.fq.gz /media/genomed/DATA_15Tb/16s_3run/RnDD_260801_16_RnDD-16S_n0/202608012056_RA01230801023_5P251211086US292659BX_RnD_16S_260801_RnDD_260801_16_RnDD-16S_n0_L00_R1.fq.gz /media/genomed/DATA_15Tb/16s_3run/RnDD_260801_16_RnDD-16S_n0/202608012056_RA01230801023_5P251211086US292659BX_RnD_16S_260801_RnDD_260801_16_RnDD-16S_n0_L00_R2.fq.gz
Processing paired-end reads on 4 cores ...

=== Summary ===

Total read pairs processed:            948,553
  Read 1 with adapter:                   3,520 (0.4%)
  Read 2 with adapter:                   3,740 (0.4%)

== Read fate breakdown ==
Pairs that were too short:                   0 (0.0%)
Pairs discarded as untrimmed:          948,501 (100.0%)
Pairs written (passing filters):            52 (0.0%)

Total basepairs processed:   569,131,800 bp
  Read 1:   284,565,900 bp
  Read 2:   284,565,900 bp
Total written (filtered):         29,666 bp (0.0%)
  Read 1:        14,477 bp
  Read 2:        15,189 bp

=== First read: Adapter 1 ===

Sequence: GGAGGGTGCAAGCGTTAATC; Type: regular 5'; Length: 20; Trimmed: 3520 times

Minimum overlap: 3
No. of allowed errors:
1-9 bp: 0; 10-19 bp: 1; 20 bp: 2

Overview of removed sequences
length	count	expect	max.err	error counts
3	612	14821.1	0	612
4	244	3705.3	0	244
5	42	926.3	0	42
6	11	231.6	0	11
7	16	57.9	0	16
8	107	14.5	0	107
9	39	3.6	0	39
10	54	0.9	1	52 2
12	1	0.1	1	0 1
19	41	0.0	1	0 26 15
20	2175	0.0	2	139 1204 832
21	73	0.0	2	0 44 29
32	1	0.0	2	0 0 1
36	1	0.0	2	0 1
37	1	0.0	2	0 1
38	1	0.0	2	0 0 1
42	3	0.0	2	0 1 2
50	2	0.0	2	0 0 2
53	1	0.0	2	0 0 1
62	1	0.0	2	0 1
67	1	0.0	2	0 0 1
70	2	0.0	2	0 0 2
72	6	0.0	2	0 3 3
73	2	0.0	2	0 1 1
75	1	0.0	2	0 0 1
77	1	0.0	2	0 1
79	1	0.0	2	0 0 1
82	3	0.0	2	0 0 3
159	1	0.0	2	0 0 1
161	2	0.0	2	0 0 2
162	4	0.0	2	1 1 2
163	48	0.0	2	8 20 20
168	1	0.0	2	0 0 1
173	1	0.0	2	0 1
181	1	0.0	2	1
194	1	0.0	2	0 0 1
207	1	0.0	2	0 0 1
213	1	0.0	2	0 0 1
214	3	0.0	2	0 1 2
215	11	0.0	2	0 0 11
216	2	0.0	2	0 1 1


=== Second read: Adapter 2 ===

Sequence: TTAACCTTGCGGCCGTACTC; Type: regular 5'; Length: 20; Trimmed: 3740 times

Minimum overlap: 3
No. of allowed errors:
1-9 bp: 0; 10-19 bp: 1; 20 bp: 2

Overview of removed sequences
length	count	expect	max.err	error counts
3	613	14821.1	0	613
4	173	3705.3	0	173
5	9	926.3	0	9
11	1	0.2	1	1
14	1	0.0	1	1
16	5	0.0	1	4 1
17	3	0.0	1	2 1
18	12	0.0	1	10 2
19	339	0.0	1	327 11 1
20	2563	0.0	2	2501 53 9
21	8	0.0	2	1 6 1
22	1	0.0	2	1
97	1	0.0	2	0 0 1
98	1	0.0	2	0 0 1
99	1	0.0	2	0 0 1
135	1	0.0	2	0 1
162	1	0.0	2	1
163	7	0.0	2	6 1
