This is cutadapt 5.2 with Python 3.13.14
Command line parameters: -g GGAGGGTGCAAGCGTTAATC -G TTAACCTTGCGGCCGTACTC --discard-untrimmed -e 0.1 --minimum-length 50 -j 4 -o results/region/V4_V5/trimmed/RnDD_260801_7_RnDD-16S_n0_R1.fq.gz -p results/region/V4_V5/trimmed/RnDD_260801_7_RnDD-16S_n0_R2.fq.gz /media/genomed/DATA_15Tb/16s_3run/RnDD_260801_7_RnDD-16S_n0/202608012056_RA01230801023_5P251211086US292659BX_RnD_16S_260801_RnDD_260801_7_RnDD-16S_n0_L00_R1.fq.gz /media/genomed/DATA_15Tb/16s_3run/RnDD_260801_7_RnDD-16S_n0/202608012056_RA01230801023_5P251211086US292659BX_RnD_16S_260801_RnDD_260801_7_RnDD-16S_n0_L00_R2.fq.gz
Processing paired-end reads on 4 cores ...

=== Summary ===

Total read pairs processed:            408,293
  Read 1 with adapter:                   7,934 (1.9%)
  Read 2 with adapter:                   4,956 (1.2%)

== Read fate breakdown ==
Pairs that were too short:                   1 (0.0%)
Pairs discarded as untrimmed:          407,818 (99.9%)
Pairs written (passing filters):           474 (0.1%)

Total basepairs processed:   244,975,800 bp
  Read 1:   122,487,900 bp
  Read 2:   122,487,900 bp
Total written (filtered):        269,871 bp (0.1%)
  Read 1:       133,750 bp
  Read 2:       136,121 bp

=== First read: Adapter 1 ===

Sequence: GGAGGGTGCAAGCGTTAATC; Type: regular 5'; Length: 20; Trimmed: 7934 times

Minimum overlap: 3
No. of allowed errors:
1-9 bp: 0; 10-19 bp: 1; 20 bp: 2

Overview of removed sequences
length	count	expect	max.err	error counts
3	560	6379.6	0	560
4	42	1594.9	0	42
5	13	398.7	0	13
6	18	99.7	0	18
7	18	24.9	0	18
8	73	6.2	0	73
9	54	1.6	0	54
10	111	0.4	1	93 18
11	5	0.1	1	3 2
12	4	0.0	1	3 1
13	1	0.0	1	0 1
17	1	0.0	1	0 1
18	8	0.0	1	0 7 1
19	66	0.0	1	0 37 29
20	6715	0.0	2	542 3896 2277
21	125	0.0	2	1 37 87
28	1	0.0	2	0 1
29	3	0.0	2	1 2
30	2	0.0	2	1 0 1
33	4	0.0	2	0 3 1
37	1	0.0	2	0 0 1
40	2	0.0	2	1 1
41	2	0.0	2	1 1
44	4	0.0	2	0 3 1
45	1	0.0	2	0 1
46	1	0.0	2	1
47	1	0.0	2	0 1
48	3	0.0	2	0 2 1
51	2	0.0	2	0 2
52	1	0.0	2	0 1
55	2	0.0	2	0 2
58	1	0.0	2	0 1
59	2	0.0	2	0 2
62	2	0.0	2	0 1 1
63	2	0.0	2	1 1
64	1	0.0	2	0 0 1
65	2	0.0	2	0 2
66	7	0.0	2	2 3 2
67	3	0.0	2	1 1 1
70	3	0.0	2	1 2
80	1	0.0	2	1
82	1	0.0	2	0 1
84	1	0.0	2	1
89	2	0.0	2	1 1
91	1	0.0	2	0 0 1
96	2	0.0	2	0 1 1
102	5	0.0	2	3 2
103	3	0.0	2	3
104	1	0.0	2	0 1
106	1	0.0	2	0 1
107	2	0.0	2	0 1 1
108	2	0.0	2	0 1 1
109	2	0.0	2	0 2
110	2	0.0	2	0 1 1
111	1	0.0	2	1
112	1	0.0	2	0 1
114	1	0.0	2	1
115	2	0.0	2	0 2
116	1	0.0	2	0 1
122	1	0.0	2	1
123	1	0.0	2	0 1
126	1	0.0	2	1
127	1	0.0	2	1
134	1	0.0	2	0 0 1
160	1	0.0	2	0 0 1
162	1	0.0	2	1
163	2	0.0	2	1 1
169	1	0.0	2	1
170	1	0.0	2	0 1
174	1	0.0	2	0 1
179	1	0.0	2	0 1
203	1	0.0	2	0 0 1
205	2	0.0	2	0 2
206	2	0.0	2	0 2
207	4	0.0	2	1 0 3
208	2	0.0	2	1 0 1
209	1	0.0	2	0 0 1
214	2	0.0	2	0 0 2
215	3	0.0	2	0 0 3
216	5	0.0	2	0 1 4


=== Second read: Adapter 2 ===

Sequence: TTAACCTTGCGGCCGTACTC; Type: regular 5'; Length: 20; Trimmed: 4956 times

Minimum overlap: 3
No. of allowed errors:
1-9 bp: 0; 10-19 bp: 1; 20 bp: 2

Overview of removed sequences
length	count	expect	max.err	error counts
3	1015	6379.6	0	1015
4	94	1594.9	0	94
5	3	398.7	0	3
6	2	99.7	0	2
8	1	6.2	0	1
10	1	0.4	1	0 1
14	1	0.0	1	1
15	4	0.0	1	4
16	3	0.0	1	3
17	9	0.0	1	9
18	18	0.0	1	17 1
19	776	0.0	1	751 25
20	3004	0.0	2	2933 60 11
21	9	0.0	2	1 8
87	1	0.0	2	1
99	1	0.0	2	1
112	1	0.0	2	1
116	1	0.0	2	1
140	1	0.0	2	1
146	1	0.0	2	1
159	1	0.0	2	1
163	3	0.0	2	3
171	1	0.0	2	1
204	1	0.0	2	1
207	1	0.0	2	1
213	1	0.0	2	0 1
247	1	0.0	2	1
252	1	0.0	2	1
