This is cutadapt 5.2 with Python 3.13.14
Command line parameters: -g GGAGGGTGCAAGCGTTAATC -G TTAACCTTGCGGCCGTACTC --discard-untrimmed -e 0.1 --minimum-length 50 -j 4 -o results/region/V4_V5/trimmed/RnDD_260801_24_RnDD-16S_n0_R1.fq.gz -p results/region/V4_V5/trimmed/RnDD_260801_24_RnDD-16S_n0_R2.fq.gz /media/genomed/DATA_15Tb/16s_3run/RnDD_260801_24_RnDD-16S_n0/202608012056_RA01230801023_5P251211086US292659BX_RnD_16S_260801_RnDD_260801_24_RnDD-16S_n0_L00_R1.fq.gz /media/genomed/DATA_15Tb/16s_3run/RnDD_260801_24_RnDD-16S_n0/202608012056_RA01230801023_5P251211086US292659BX_RnD_16S_260801_RnDD_260801_24_RnDD-16S_n0_L00_R2.fq.gz
Processing paired-end reads on 4 cores ...

=== Summary ===

Total read pairs processed:            365,781
  Read 1 with adapter:                  18,257 (5.0%)
  Read 2 with adapter:                     489 (0.1%)

== Read fate breakdown ==
Pairs that were too short:                   0 (0.0%)
Pairs discarded as untrimmed:          365,647 (100.0%)
Pairs written (passing filters):           134 (0.0%)

Total basepairs processed:   219,468,600 bp
  Read 1:   109,734,300 bp
  Read 2:   109,734,300 bp
Total written (filtered):         76,878 bp (0.0%)
  Read 1:        37,614 bp
  Read 2:        39,264 bp

=== First read: Adapter 1 ===

Sequence: GGAGGGTGCAAGCGTTAATC; Type: regular 5'; Length: 20; Trimmed: 18257 times

Minimum overlap: 3
No. of allowed errors:
1-9 bp: 0; 10-19 bp: 1; 20 bp: 2

Overview of removed sequences
length	count	expect	max.err	error counts
3	312	5715.3	0	312
4	40	1428.8	0	40
5	20	357.2	0	20
6	9	89.3	0	9
7	3	22.3	0	3
8	18	5.6	0	18
9	32	1.4	0	32
10	43	0.3	1	41 2
11	4	0.1	1	3 1
12	2	0.0	1	1 1
14	1	0.0	1	0 1
16	3	0.0	1	0 3
18	19	0.0	1	3 14 2
19	151	0.0	1	1 96 54
20	17278	0.0	2	1368 9572 6338
21	294	0.0	2	5 101 188
34	1	0.0	2	0 0 1
44	1	0.0	2	0 1
45	1	0.0	2	0 0 1
48	1	0.0	2	0 0 1
50	1	0.0	2	0 1
51	2	0.0	2	0 2
54	1	0.0	2	0 0 1
62	1	0.0	2	0 1
102	1	0.0	2	0 0 1
110	1	0.0	2	0 0 1
122	1	0.0	2	0 1
162	1	0.0	2	0 0 1
163	6	0.0	2	1 3 2
181	1	0.0	2	0 1
199	1	0.0	2	0 0 1
207	1	0.0	2	0 0 1
210	1	0.0	2	0 0 1
214	2	0.0	2	0 1 1
215	1	0.0	2	0 1
216	2	0.0	2	0 0 2


=== Second read: Adapter 2 ===

Sequence: TTAACCTTGCGGCCGTACTC; Type: regular 5'; Length: 20; Trimmed: 489 times

Minimum overlap: 3
No. of allowed errors:
1-9 bp: 0; 10-19 bp: 1; 20 bp: 2

Overview of removed sequences
length	count	expect	max.err	error counts
3	255	5715.3	0	255
4	64	1428.8	0	64
5	7	357.2	0	7
16	1	0.0	1	1
17	1	0.0	1	0 1
19	21	0.0	1	17 4
20	140	0.0	2	126 13 1
