This is cutadapt 5.2 with Python 3.13.14
Command line parameters: -g GGAGGGTGCAAGCGTTAATC -G TTAACCTTGCGGCCGTACTC --discard-untrimmed -e 0.1 --minimum-length 50 -j 4 -o results/region/V4_V5/trimmed/RnDD_260801_2_RnDD-16S_n0_R1.fq.gz -p results/region/V4_V5/trimmed/RnDD_260801_2_RnDD-16S_n0_R2.fq.gz /media/genomed/DATA_15Tb/16s_3run/RnDD_260801_2_RnDD-16S_n0/202608012056_RA01230801023_5P251211086US292659BX_RnD_16S_260801_RnDD_260801_2_RnDD-16S_n0_L00_R1.fq.gz /media/genomed/DATA_15Tb/16s_3run/RnDD_260801_2_RnDD-16S_n0/202608012056_RA01230801023_5P251211086US292659BX_RnD_16S_260801_RnDD_260801_2_RnDD-16S_n0_L00_R2.fq.gz
Processing paired-end reads on 4 cores ...

=== Summary ===

Total read pairs processed:            386,455
  Read 1 with adapter:                  13,237 (3.4%)
  Read 2 with adapter:                   5,186 (1.3%)

== Read fate breakdown ==
Pairs that were too short:                   0 (0.0%)
Pairs discarded as untrimmed:          385,890 (99.9%)
Pairs written (passing filters):           565 (0.1%)

Total basepairs processed:   231,873,000 bp
  Read 1:   115,936,500 bp
  Read 2:   115,936,500 bp
Total written (filtered):        322,885 bp (0.1%)
  Read 1:       158,374 bp
  Read 2:       164,511 bp

=== First read: Adapter 1 ===

Sequence: GGAGGGTGCAAGCGTTAATC; Type: regular 5'; Length: 20; Trimmed: 13237 times

Minimum overlap: 3
No. of allowed errors:
1-9 bp: 0; 10-19 bp: 1; 20 bp: 2

Overview of removed sequences
length	count	expect	max.err	error counts
3	798	6038.4	0	798
4	55	1509.6	0	55
5	24	377.4	0	24
6	23	94.3	0	23
7	17	23.6	0	17
8	67	5.9	0	67
9	93	1.5	0	93
10	107	0.4	1	91 16
11	4	0.1	1	1 3
12	1	0.0	1	1
15	3	0.0	1	0 3
16	3	0.0	1	0 3
17	3	0.0	1	1 2
18	19	0.0	1	4 13 2
19	145	0.0	1	0 93 52
20	11339	0.0	2	860 6783 3696
21	215	0.0	2	5 78 132
24	1	0.0	2	0 0 1
25	1	0.0	2	1
27	3	0.0	2	0 3
28	1	0.0	2	0 1
29	2	0.0	2	0 2
31	2	0.0	2	0 2
32	1	0.0	2	0 1
33	2	0.0	2	0 2
34	2	0.0	2	0 2
35	2	0.0	2	0 1 1
37	1	0.0	2	0 0 1
38	1	0.0	2	0 1
40	5	0.0	2	0 5
41	3	0.0	2	1 2
42	4	0.0	2	0 4
43	2	0.0	2	0 1 1
44	3	0.0	2	0 2 1
46	1	0.0	2	0 1
47	3	0.0	2	0 2 1
48	4	0.0	2	0 2 2
49	1	0.0	2	1
50	5	0.0	2	2 2 1
51	7	0.0	2	3 2 2
52	7	0.0	2	0 7
53	1	0.0	2	1
54	1	0.0	2	1
55	1	0.0	2	0 0 1
57	3	0.0	2	0 2 1
58	3	0.0	2	0 3
61	1	0.0	2	1
63	2	0.0	2	1 1
64	2	0.0	2	1 0 1
65	1	0.0	2	0 1
66	3	0.0	2	0 3
67	5	0.0	2	0 5
68	6	0.0	2	0 6
69	11	0.0	2	3 6 2
70	4	0.0	2	0 3 1
72	1	0.0	2	0 0 1
73	3	0.0	2	1 2
74	1	0.0	2	0 1
75	1	0.0	2	0 0 1
76	5	0.0	2	1 4
77	1	0.0	2	0 1
79	1	0.0	2	0 1
80	3	0.0	2	1 1 1
82	6	0.0	2	4 2
87	3	0.0	2	2 1
89	4	0.0	2	2 2
90	1	0.0	2	0 0 1
91	3	0.0	2	0 2 1
95	1	0.0	2	0 0 1
96	3	0.0	2	1 2
97	3	0.0	2	1 1 1
98	1	0.0	2	1
99	1	0.0	2	0 0 1
100	4	0.0	2	1 3
101	9	0.0	2	2 5 2
102	12	0.0	2	3 6 3
103	14	0.0	2	4 7 3
104	4	0.0	2	1 2 1
105	9	0.0	2	1 8
106	1	0.0	2	0 0 1
107	2	0.0	2	1 1
108	1	0.0	2	0 0 1
109	5	0.0	2	1 3 1
110	4	0.0	2	0 2 2
111	3	0.0	2	2 1
112	4	0.0	2	2 1 1
113	2	0.0	2	1 0 1
114	3	0.0	2	1 1 1
115	2	0.0	2	1 1
116	4	0.0	2	3 0 1
117	1	0.0	2	0 1
119	2	0.0	2	0 2
121	1	0.0	2	0 0 1
122	2	0.0	2	0 2
124	1	0.0	2	0 1
126	2	0.0	2	0 1 1
130	1	0.0	2	0 0 1
132	5	0.0	2	2 1 2
133	5	0.0	2	0 2 3
134	5	0.0	2	0 4 1
140	1	0.0	2	0 0 1
155	1	0.0	2	0 0 1
156	1	0.0	2	0 1
157	1	0.0	2	0 0 1
159	1	0.0	2	1
162	2	0.0	2	1 0 1
163	5	0.0	2	1 4
169	2	0.0	2	1 0 1
170	2	0.0	2	0 0 2
173	1	0.0	2	0 0 1
180	1	0.0	2	0 1
183	1	0.0	2	0 1
192	1	0.0	2	0 0 1
198	1	0.0	2	0 0 1
201	4	0.0	2	1 1 2
203	1	0.0	2	0 0 1
204	1	0.0	2	1
205	2	0.0	2	0 0 2
206	3	0.0	2	0 0 3
207	6	0.0	2	1 2 3
208	4	0.0	2	1 1 2
210	3	0.0	2	1 0 2
211	3	0.0	2	0 0 3
213	3	0.0	2	0 1 2
214	3	0.0	2	0 1 2
215	3	0.0	2	0 0 3
216	5	0.0	2	0 0 5
226	1	0.0	2	0 0 1


=== Second read: Adapter 2 ===

Sequence: TTAACCTTGCGGCCGTACTC; Type: regular 5'; Length: 20; Trimmed: 5186 times

Minimum overlap: 3
No. of allowed errors:
1-9 bp: 0; 10-19 bp: 1; 20 bp: 2

Overview of removed sequences
length	count	expect	max.err	error counts
3	1236	6038.4	0	1236
4	144	1509.6	0	144
5	17	377.4	0	17
6	2	94.3	0	2
7	1	23.6	0	1
8	1	5.9	0	1
9	4	1.5	0	4
10	14	0.4	1	13 1
11	2	0.1	1	2
12	1	0.0	1	1
13	2	0.0	1	2
15	6	0.0	1	6
16	15	0.0	1	14 1
17	9	0.0	1	9
18	14	0.0	1	9 4 1
19	923	0.0	1	893 30
20	2780	0.0	2	2691 76 13
21	3	0.0	2	0 3
25	1	0.0	2	0 1
67	1	0.0	2	1
85	1	0.0	2	1
92	1	0.0	2	1
97	1	0.0	2	1
146	1	0.0	2	1
163	1	0.0	2	1
164	1	0.0	2	1
172	1	0.0	2	0 1
183	1	0.0	2	1
219	1	0.0	2	1
226	1	0.0	2	1
