This is cutadapt 5.2 with Python 3.13.14
Command line parameters: -g GGAGGGTGCAAGCGTTAATC -G TTAACCTTGCGGCCGTACTC --discard-untrimmed -e 0.1 --minimum-length 50 -j 4 -o results/region/V4_V5/trimmed/RnDD_260801_22_RnDD-16S_n0_R1.fq.gz -p results/region/V4_V5/trimmed/RnDD_260801_22_RnDD-16S_n0_R2.fq.gz /media/genomed/DATA_15Tb/16s_3run/RnDD_260801_22_RnDD-16S_n0/202608012056_RA01230801023_5P251211086US292659BX_RnD_16S_260801_RnDD_260801_22_RnDD-16S_n0_L00_R1.fq.gz /media/genomed/DATA_15Tb/16s_3run/RnDD_260801_22_RnDD-16S_n0/202608012056_RA01230801023_5P251211086US292659BX_RnD_16S_260801_RnDD_260801_22_RnDD-16S_n0_L00_R2.fq.gz
Processing paired-end reads on 4 cores ...

=== Summary ===

Total read pairs processed:            732,515
  Read 1 with adapter:                   4,723 (0.6%)
  Read 2 with adapter:                  10,508 (1.4%)

== Read fate breakdown ==
Pairs that were too short:                   1 (0.0%)
Pairs discarded as untrimmed:          732,360 (100.0%)
Pairs written (passing filters):           154 (0.0%)

Total basepairs processed:   439,509,000 bp
  Read 1:   219,754,500 bp
  Read 2:   219,754,500 bp
Total written (filtered):         87,625 bp (0.0%)
  Read 1:        43,648 bp
  Read 2:        43,977 bp

=== First read: Adapter 1 ===

Sequence: GGAGGGTGCAAGCGTTAATC; Type: regular 5'; Length: 20; Trimmed: 4723 times

Minimum overlap: 3
No. of allowed errors:
1-9 bp: 0; 10-19 bp: 1; 20 bp: 2

Overview of removed sequences
length	count	expect	max.err	error counts
3	881	11445.5	0	881
4	306	2861.4	0	306
5	94	715.3	0	94
6	24	178.8	0	24
7	20	44.7	0	20
8	216	11.2	0	216
9	90	2.8	0	89 1
10	458	0.7	1	427 31
11	3	0.2	1	1 2
12	2	0.0	1	2
16	1	0.0	1	0 1
18	2	0.0	1	1 0 1
19	52	0.0	1	0 27 25
20	2323	0.0	2	161 1339 823
21	60	0.0	2	0 38 22
25	1	0.0	2	0 1
27	3	0.0	2	0 2 1
28	1	0.0	2	0 1
29	2	0.0	2	0 0 2
30	1	0.0	2	0 1
31	1	0.0	2	0 0 1
32	1	0.0	2	1
33	1	0.0	2	0 1
40	3	0.0	2	0 2 1
41	3	0.0	2	0 2 1
42	2	0.0	2	0 1 1
43	2	0.0	2	1 1
44	3	0.0	2	0 1 2
46	2	0.0	2	0 1 1
48	2	0.0	2	0 2
49	3	0.0	2	0 0 3
50	1	0.0	2	0 0 1
51	3	0.0	2	1 0 2
52	3	0.0	2	0 1 2
53	2	0.0	2	1 1
54	2	0.0	2	0 0 2
58	1	0.0	2	0 0 1
59	1	0.0	2	1
60	2	0.0	2	0 1 1
61	1	0.0	2	0 0 1
63	1	0.0	2	0 0 1
64	1	0.0	2	0 0 1
65	2	0.0	2	0 1 1
66	4	0.0	2	0 1 3
68	1	0.0	2	0 1
69	1	0.0	2	0 1
70	4	0.0	2	0 0 4
71	2	0.0	2	0 2
72	4	0.0	2	0 1 3
73	6	0.0	2	0 3 3
75	1	0.0	2	0 0 1
76	2	0.0	2	0 1 1
77	2	0.0	2	0 1 1
78	3	0.0	2	0 0 3
79	1	0.0	2	0 0 1
80	2	0.0	2	0 0 2
81	1	0.0	2	0 1
82	8	0.0	2	4 1 3
84	2	0.0	2	0 1 1
85	2	0.0	2	0 0 2
126	1	0.0	2	0 1
130	1	0.0	2	0 1
133	1	0.0	2	0 0 1
161	1	0.0	2	0 0 1
162	3	0.0	2	0 1 2
163	21	0.0	2	7 8 6
167	1	0.0	2	0 0 1
174	2	0.0	2	0 0 2
176	1	0.0	2	0 0 1
177	1	0.0	2	0 1
180	1	0.0	2	0 0 1
187	1	0.0	2	0 1
197	1	0.0	2	0 0 1
198	1	0.0	2	0 1
206	2	0.0	2	0 0 2
207	5	0.0	2	0 1 4
208	3	0.0	2	0 1 2
209	1	0.0	2	0 0 1
213	1	0.0	2	0 0 1
214	8	0.0	2	1 2 5
215	15	0.0	2	0 4 11
216	20	0.0	2	0 5 15
228	1	0.0	2	0 0 1
282	1	0.0	2	0 0 1


=== Second read: Adapter 2 ===

Sequence: TTAACCTTGCGGCCGTACTC; Type: regular 5'; Length: 20; Trimmed: 10508 times

Minimum overlap: 3
No. of allowed errors:
1-9 bp: 0; 10-19 bp: 1; 20 bp: 2

Overview of removed sequences
length	count	expect	max.err	error counts
3	398	11445.5	0	398
4	114	2861.4	0	114
5	11	715.3	0	11
7	1	44.7	0	1
8	1	11.2	0	1
9	2	2.8	0	2
10	1	0.7	1	1
11	2	0.2	1	1 1
13	1	0.0	1	1
15	1	0.0	1	1
16	10	0.0	1	9 1
17	12	0.0	1	12
18	19	0.0	1	15 3 1
19	997	0.0	1	953 44
20	8899	0.0	2	8681 186 32
21	21	0.0	2	2 19
30	1	0.0	2	0 0 1
32	1	0.0	2	1
51	1	0.0	2	0 0 1
112	1	0.0	2	1
120	1	0.0	2	1
155	1	0.0	2	0 1
162	1	0.0	2	1
163	9	0.0	2	8 1
167	1	0.0	2	0 0 1
172	1	0.0	2	0 0 1
