This is cutadapt 5.2 with Python 3.13.14
Command line parameters: -g GGAGGGTGCAAGCGTTAATC -G TTAACCTTGCGGCCGTACTC --discard-untrimmed -e 0.1 --minimum-length 50 -j 4 -o results/region/V4_V5/trimmed/RnDD_260713_17_RnDD-16S_n0_R1.fq.gz -p results/region/V4_V5/trimmed/RnDD_260713_17_RnDD-16S_n0_R2.fq.gz data/raw/RnDD_260713_17_RnDD-16S_n0/202607132008_RA01230801023_5P260413092US292662D3_RnD_SRSLY_16S_NPO_260713_RnDD_260713_17_RnDD-16S_n0_L00_R1.fq.gz data/raw/RnDD_260713_17_RnDD-16S_n0/202607132008_RA01230801023_5P260413092US292662D3_RnD_SRSLY_16S_NPO_260713_RnDD_260713_17_RnDD-16S_n0_L00_R2.fq.gz
Processing paired-end reads on 4 cores ...

=== Summary ===

Total read pairs processed:             77,432
  Read 1 with adapter:                  18,566 (24.0%)
  Read 2 with adapter:                     486 (0.6%)

== Read fate breakdown ==
Pairs that were too short:                   0 (0.0%)
Pairs discarded as untrimmed:           77,102 (99.6%)
Pairs written (passing filters):           330 (0.4%)

Total basepairs processed:    23,229,600 bp
  Read 1:    11,614,800 bp
  Read 2:    11,614,800 bp
Total written (filtered):         87,413 bp (0.4%)
  Read 1:        42,943 bp
  Read 2:        44,470 bp

=== First read: Adapter 1 ===

Sequence: GGAGGGTGCAAGCGTTAATC; Type: regular 5'; Length: 20; Trimmed: 18566 times

Minimum overlap: 3
No. of allowed errors:
1-9 bp: 0; 10-19 bp: 1; 20 bp: 2

Overview of removed sequences
length	count	expect	max.err	error counts
3	106	1209.9	0	106
4	146	302.5	0	146
5	19	75.6	0	19
6	2	18.9	0	2
7	4	4.7	0	4
8	6	1.2	0	6
9	6	0.3	0	6
10	7	0.1	1	6 1
11	2	0.0	1	2
12	7	0.0	1	6 1
13	8	0.0	1	7 1
14	3	0.0	1	3
15	15	0.0	1	15
16	55	0.0	1	54 1
17	96	0.0	1	89 7
18	102	0.0	1	93 7 2
19	215	0.0	1	126 88 1
20	17710	0.0	2	17109 570 31
21	39	0.0	2	10 28 1
30	5	0.0	2	5
31	1	0.0	2	0 1
32	5	0.0	2	5
37	1	0.0	2	1
46	2	0.0	2	2
51	1	0.0	2	1
53	2	0.0	2	1 1
61	1	0.0	2	0 0 1


=== Second read: Adapter 2 ===

Sequence: TTAACCTTGCGGCCGTACTC; Type: regular 5'; Length: 20; Trimmed: 486 times

Minimum overlap: 3
No. of allowed errors:
1-9 bp: 0; 10-19 bp: 1; 20 bp: 2

Overview of removed sequences
length	count	expect	max.err	error counts
3	63	1209.9	0	63
4	42	302.5	0	42
5	19	75.6	0	19
8	1	1.2	0	1
14	1	0.0	1	1
15	1	0.0	1	1
16	2	0.0	1	2
18	1	0.0	1	0 1
19	46	0.0	1	42 3 1
20	307	0.0	2	290 17
21	1	0.0	2	1
28	1	0.0	2	0 1
29	1	0.0	2	0 1
