This is cutadapt 5.2 with Python 3.13.14
Command line parameters: -g GGAGGGTGCAAGCGTTAATC -G TTAACCTTGCGGCCGTACTC --discard-untrimmed -e 0.1 --minimum-length 50 -j 4 -o results/region/V4_V5/trimmed/RnDD_260801_25_RnDD-16S_n0_R1.fq.gz -p results/region/V4_V5/trimmed/RnDD_260801_25_RnDD-16S_n0_R2.fq.gz /media/genomed/DATA_15Tb/16s_3run/RnDD_260801_25_RnDD-16S_n0/202608012056_RA01230801023_5P251211086US292659BX_RnD_16S_260801_RnDD_260801_25_RnDD-16S_n0_L00_R1.fq.gz /media/genomed/DATA_15Tb/16s_3run/RnDD_260801_25_RnDD-16S_n0/202608012056_RA01230801023_5P251211086US292659BX_RnD_16S_260801_RnDD_260801_25_RnDD-16S_n0_L00_R2.fq.gz
Processing paired-end reads on 4 cores ...

=== Summary ===

Total read pairs processed:            824,901
  Read 1 with adapter:                  15,903 (1.9%)
  Read 2 with adapter:                   1,017 (0.1%)

== Read fate breakdown ==
Pairs that were too short:                   0 (0.0%)
Pairs discarded as untrimmed:          824,760 (100.0%)
Pairs written (passing filters):           141 (0.0%)

Total basepairs processed:   494,940,600 bp
  Read 1:   247,470,300 bp
  Read 2:   247,470,300 bp
Total written (filtered):         80,805 bp (0.0%)
  Read 1:        39,786 bp
  Read 2:        41,019 bp

=== First read: Adapter 1 ===

Sequence: GGAGGGTGCAAGCGTTAATC; Type: regular 5'; Length: 20; Trimmed: 15903 times

Minimum overlap: 3
No. of allowed errors:
1-9 bp: 0; 10-19 bp: 1; 20 bp: 2

Overview of removed sequences
length	count	expect	max.err	error counts
3	508	12889.1	0	508
4	213	3222.3	0	213
5	43	805.6	0	43
6	46	201.4	0	46
7	41	50.3	0	41
8	138	12.6	0	138
9	114	3.1	0	114
10	143	0.8	1	130 13
11	14	0.2	1	8 6
12	6	0.0	1	3 3
16	1	0.0	1	0 1
18	12	0.0	1	1 8 3
19	152	0.0	1	2 91 59
20	14142	0.0	2	1140 7813 5189
21	287	0.0	2	2 105 180
24	1	0.0	2	0 1
30	1	0.0	2	0 0 1
46	1	0.0	2	0 0 1
57	1	0.0	2	0 0 1
70	1	0.0	2	0 0 1
72	1	0.0	2	0 1
73	2	0.0	2	0 0 2
74	1	0.0	2	0 0 1
78	1	0.0	2	0 0 1
85	1	0.0	2	0 0 1
103	1	0.0	2	0 0 1
109	1	0.0	2	0 1
111	1	0.0	2	1
125	1	0.0	2	1
146	1	0.0	2	0 1
161	1	0.0	2	0 0 1
162	3	0.0	2	2 1
163	17	0.0	2	3 8 6
198	1	0.0	2	0 0 1
204	1	0.0	2	0 0 1
208	1	0.0	2	0 0 1
214	1	0.0	2	0 0 1
215	1	0.0	2	0 0 1
216	1	0.0	2	0 0 1


=== Second read: Adapter 2 ===

Sequence: TTAACCTTGCGGCCGTACTC; Type: regular 5'; Length: 20; Trimmed: 1017 times

Minimum overlap: 3
No. of allowed errors:
1-9 bp: 0; 10-19 bp: 1; 20 bp: 2

Overview of removed sequences
length	count	expect	max.err	error counts
3	372	12889.1	0	372
4	49	3222.3	0	49
5	8	805.6	0	8
16	3	0.0	1	2 1
18	3	0.0	1	2 1
19	67	0.0	1	58 9
20	513	0.0	2	469 39 5
163	2	0.0	2	2
