This is cutadapt 5.2 with Python 3.13.14
Command line parameters: -g GGAGGGTGCAAGCGTTAATC -G TTAACCTTGCGGCCGTACTC --discard-untrimmed -e 0.1 --minimum-length 50 -j 4 -o results/region/V4_V5/trimmed/RnDD_260801_1_RnDD-16S_n0_R1.fq.gz -p results/region/V4_V5/trimmed/RnDD_260801_1_RnDD-16S_n0_R2.fq.gz /media/genomed/DATA_15Tb/16s_3run/RnDD_260801_1_RnDD-16S_n0/202608012056_RA01230801023_5P251211086US292659BX_RnD_16S_260801_RnDD_260801_1_RnDD-16S_n0_L00_R1.fq.gz /media/genomed/DATA_15Tb/16s_3run/RnDD_260801_1_RnDD-16S_n0/202608012056_RA01230801023_5P251211086US292659BX_RnD_16S_260801_RnDD_260801_1_RnDD-16S_n0_L00_R2.fq.gz
Processing paired-end reads on 4 cores ...

=== Summary ===

Total read pairs processed:            387,969
  Read 1 with adapter:                  14,132 (3.6%)
  Read 2 with adapter:                   5,285 (1.4%)

== Read fate breakdown ==
Pairs that were too short:                   0 (0.0%)
Pairs discarded as untrimmed:          387,392 (99.9%)
Pairs written (passing filters):           577 (0.1%)

Total basepairs processed:   232,781,400 bp
  Read 1:   116,390,700 bp
  Read 2:   116,390,700 bp
Total written (filtered):        330,039 bp (0.1%)
  Read 1:       161,766 bp
  Read 2:       168,273 bp

=== First read: Adapter 1 ===

Sequence: GGAGGGTGCAAGCGTTAATC; Type: regular 5'; Length: 20; Trimmed: 14132 times

Minimum overlap: 3
No. of allowed errors:
1-9 bp: 0; 10-19 bp: 1; 20 bp: 2

Overview of removed sequences
length	count	expect	max.err	error counts
3	791	6062.0	0	791
4	49	1515.5	0	49
5	25	378.9	0	25
6	12	94.7	0	12
7	13	23.7	0	13
8	62	5.9	0	62
9	90	1.5	0	90
10	96	0.4	1	88 8
11	4	0.1	1	2 2
12	6	0.0	1	6
15	1	0.0	1	0 1
16	6	0.0	1	0 6
17	2	0.0	1	0 2
18	15	0.0	1	2 12 1
19	145	0.0	1	1 99 45
20	12356	0.0	2	953 7286 4117
21	194	0.0	2	3 62 129
24	1	0.0	2	0 0 1
27	1	0.0	2	0 0 1
29	1	0.0	2	0 1
30	2	0.0	2	0 2
31	1	0.0	2	0 1
33	4	0.0	2	0 4
34	1	0.0	2	0 1
35	1	0.0	2	0 1
37	3	0.0	2	0 2 1
38	1	0.0	2	1
40	5	0.0	2	1 4
42	3	0.0	2	0 3
43	4	0.0	2	0 2 2
44	4	0.0	2	0 3 1
46	3	0.0	2	1 2
47	1	0.0	2	0 0 1
48	6	0.0	2	0 6
50	3	0.0	2	2 1
51	1	0.0	2	0 0 1
52	6	0.0	2	1 5
54	1	0.0	2	0 0 1
55	2	0.0	2	0 0 2
56	1	0.0	2	0 1
57	1	0.0	2	0 0 1
58	1	0.0	2	1
59	1	0.0	2	0 1
62	1	0.0	2	1
63	1	0.0	2	0 1
64	1	0.0	2	0 1
65	4	0.0	2	1 2 1
66	3	0.0	2	1 1 1
67	5	0.0	2	0 5
68	1	0.0	2	0 1
69	11	0.0	2	1 8 2
70	3	0.0	2	1 2
71	2	0.0	2	1 1
72	2	0.0	2	0 2
75	1	0.0	2	0 1
76	3	0.0	2	0 2 1
80	4	0.0	2	2 1 1
82	4	0.0	2	1 3
83	1	0.0	2	0 1
84	2	0.0	2	1 1
85	1	0.0	2	0 1
89	7	0.0	2	4 3
92	2	0.0	2	2
94	1	0.0	2	0 0 1
96	4	0.0	2	1 3
97	2	0.0	2	2
98	1	0.0	2	1
99	1	0.0	2	0 1
100	4	0.0	2	1 3
101	4	0.0	2	0 4
102	6	0.0	2	3 3
103	12	0.0	2	6 3 3
104	1	0.0	2	1
105	5	0.0	2	0 3 2
106	4	0.0	2	0 4
107	2	0.0	2	0 0 2
108	7	0.0	2	4 3
109	1	0.0	2	0 0 1
110	4	0.0	2	0 4
112	3	0.0	2	1 1 1
113	1	0.0	2	0 0 1
114	1	0.0	2	0 1
115	1	0.0	2	0 1
116	6	0.0	2	1 5
117	3	0.0	2	2 1
119	2	0.0	2	0 2
122	5	0.0	2	0 4 1
124	1	0.0	2	0 1
125	1	0.0	2	0 1
126	2	0.0	2	0 1 1
127	1	0.0	2	0 1
128	2	0.0	2	0 1 1
132	6	0.0	2	1 4 1
133	2	0.0	2	1 1
134	2	0.0	2	0 0 2
158	1	0.0	2	0 0 1
162	2	0.0	2	0 2
163	7	0.0	2	1 3 3
169	1	0.0	2	0 0 1
170	1	0.0	2	0 0 1
174	1	0.0	2	0 0 1
180	1	0.0	2	0 1
195	1	0.0	2	0 0 1
197	1	0.0	2	0 0 1
198	2	0.0	2	0 1 1
199	1	0.0	2	0 1
200	1	0.0	2	0 0 1
201	1	0.0	2	0 1
203	1	0.0	2	0 1
205	1	0.0	2	0 0 1
207	5	0.0	2	0 4 1
208	5	0.0	2	0 2 3
209	1	0.0	2	0 0 1
210	4	0.0	2	0 0 4
211	1	0.0	2	0 0 1
212	1	0.0	2	1
213	1	0.0	2	0 1
214	6	0.0	2	0 2 4
215	1	0.0	2	0 0 1
216	1	0.0	2	0 0 1


=== Second read: Adapter 2 ===

Sequence: TTAACCTTGCGGCCGTACTC; Type: regular 5'; Length: 20; Trimmed: 5285 times

Minimum overlap: 3
No. of allowed errors:
1-9 bp: 0; 10-19 bp: 1; 20 bp: 2

Overview of removed sequences
length	count	expect	max.err	error counts
3	1315	6062.0	0	1315
4	176	1515.5	0	176
5	12	378.9	0	12
6	1	94.7	0	1
7	1	23.7	0	1
8	1	5.9	0	1
9	3	1.5	0	3
10	12	0.4	1	12
11	3	0.1	1	3
12	1	0.0	1	1
13	2	0.0	1	2
14	3	0.0	1	3
15	3	0.0	1	3
16	11	0.0	1	11
17	11	0.0	1	10 1
18	17	0.0	1	12 5
19	941	0.0	1	869 71 1
20	2748	0.0	2	2657 80 11
21	4	0.0	2	0 4
26	1	0.0	2	1
30	1	0.0	2	1
60	1	0.0	2	1
78	1	0.0	2	1
84	2	0.0	2	2
85	1	0.0	2	1
139	1	0.0	2	1
161	1	0.0	2	1
162	2	0.0	2	1 1
163	5	0.0	2	5
165	1	0.0	2	1
214	2	0.0	2	2
247	1	0.0	2	0 0 1
