This is cutadapt 5.2 with Python 3.13.14
Command line parameters: -g GGAGGGTGCAAGCGTTAATC -G TTAACCTTGCGGCCGTACTC --discard-untrimmed -e 0.1 --minimum-length 50 -j 4 -o results/region/V4_V5/trimmed/RnDD_260801_4_RnDD-16S_n0_R1.fq.gz -p results/region/V4_V5/trimmed/RnDD_260801_4_RnDD-16S_n0_R2.fq.gz /media/genomed/DATA_15Tb/16s_3run/RnDD_260801_4_RnDD-16S_n0/202608012056_RA01230801023_5P251211086US292659BX_RnD_16S_260801_RnDD_260801_4_RnDD-16S_n0_L00_R1.fq.gz /media/genomed/DATA_15Tb/16s_3run/RnDD_260801_4_RnDD-16S_n0/202608012056_RA01230801023_5P251211086US292659BX_RnD_16S_260801_RnDD_260801_4_RnDD-16S_n0_L00_R2.fq.gz
Processing paired-end reads on 4 cores ...

=== Summary ===

Total read pairs processed:            486,736
  Read 1 with adapter:                   8,978 (1.8%)
  Read 2 with adapter:                   9,779 (2.0%)

== Read fate breakdown ==
Pairs that were too short:                   3 (0.0%)
Pairs discarded as untrimmed:          486,048 (99.9%)
Pairs written (passing filters):           685 (0.1%)

Total basepairs processed:   292,041,600 bp
  Read 1:   146,020,800 bp
  Read 2:   146,020,800 bp
Total written (filtered):        389,965 bp (0.1%)
  Read 1:       193,017 bp
  Read 2:       196,948 bp

=== First read: Adapter 1 ===

Sequence: GGAGGGTGCAAGCGTTAATC; Type: regular 5'; Length: 20; Trimmed: 8978 times

Minimum overlap: 3
No. of allowed errors:
1-9 bp: 0; 10-19 bp: 1; 20 bp: 2

Overview of removed sequences
length	count	expect	max.err	error counts
3	780	7605.2	0	780
4	63	1901.3	0	63
5	23	475.3	0	23
6	28	118.8	0	28
7	27	29.7	0	27
8	94	7.4	0	94
9	113	1.9	0	113
10	161	0.5	1	132 29
11	8	0.1	1	7 1
12	5	0.0	1	4 1
15	1	0.0	1	0 1
16	1	0.0	1	0 1
17	2	0.0	1	1 1
18	7	0.0	1	1 6
19	75	0.0	1	0 47 28
20	7238	0.0	2	530 4384 2324
21	97	0.0	2	0 39 58
23	1	0.0	2	0 1
25	2	0.0	2	0 1 1
27	5	0.0	2	0 5
28	1	0.0	2	0 1
29	2	0.0	2	0 2
30	1	0.0	2	0 1
31	1	0.0	2	0 1
32	1	0.0	2	0 0 1
33	5	0.0	2	1 4
34	2	0.0	2	0 2
37	1	0.0	2	0 1
40	2	0.0	2	0 2
41	3	0.0	2	0 2 1
42	1	0.0	2	0 1
43	2	0.0	2	0 1 1
44	2	0.0	2	0 1 1
45	1	0.0	2	1
48	1	0.0	2	0 1
51	2	0.0	2	1 1
52	9	0.0	2	0 6 3
53	1	0.0	2	0 1
54	3	0.0	2	0 1 2
57	1	0.0	2	0 1
58	1	0.0	2	1
60	2	0.0	2	1 1
61	1	0.0	2	1
63	1	0.0	2	0 1
66	2	0.0	2	1 0 1
67	4	0.0	2	2 2
68	4	0.0	2	1 3
69	3	0.0	2	0 3
70	3	0.0	2	0 2 1
71	1	0.0	2	1
73	1	0.0	2	0 0 1
75	2	0.0	2	0 2
76	3	0.0	2	1 1 1
80	3	0.0	2	3
84	1	0.0	2	0 1
85	3	0.0	2	0 2 1
86	2	0.0	2	2
87	1	0.0	2	0 1
89	4	0.0	2	3 1
90	1	0.0	2	1
95	1	0.0	2	1
96	4	0.0	2	2 2
97	1	0.0	2	0 1
98	2	0.0	2	0 1 1
99	1	0.0	2	1
100	1	0.0	2	0 0 1
101	6	0.0	2	1 5
102	16	0.0	2	2 7 7
103	10	0.0	2	4 6
104	6	0.0	2	1 5
105	5	0.0	2	3 2
106	4	0.0	2	1 2 1
107	7	0.0	2	2 5
108	4	0.0	2	1 2 1
110	10	0.0	2	1 9
111	6	0.0	2	1 4 1
112	6	0.0	2	1 3 2
114	3	0.0	2	1 1 1
115	2	0.0	2	1 0 1
116	2	0.0	2	0 2
121	1	0.0	2	1
122	2	0.0	2	0 1 1
123	2	0.0	2	0 1 1
126	1	0.0	2	0 0 1
127	1	0.0	2	0 1
128	1	0.0	2	0 1
130	2	0.0	2	1 0 1
131	1	0.0	2	1
132	1	0.0	2	0 1
133	5	0.0	2	1 0 4
134	2	0.0	2	0 1 1
153	1	0.0	2	0 0 1
160	1	0.0	2	1
163	4	0.0	2	1 1 2
164	1	0.0	2	0 0 1
170	1	0.0	2	0 0 1
171	1	0.0	2	0 1
193	1	0.0	2	1
200	2	0.0	2	0 1 1
204	1	0.0	2	0 0 1
205	1	0.0	2	0 0 1
207	5	0.0	2	0 1 4
208	2	0.0	2	0 0 2
209	1	0.0	2	0 0 1
212	2	0.0	2	0 0 2
213	1	0.0	2	0 1
214	4	0.0	2	0 1 3
215	6	0.0	2	0 3 3
216	11	0.0	2	0 1 10


=== Second read: Adapter 2 ===

Sequence: TTAACCTTGCGGCCGTACTC; Type: regular 5'; Length: 20; Trimmed: 9779 times

Minimum overlap: 3
No. of allowed errors:
1-9 bp: 0; 10-19 bp: 1; 20 bp: 2

Overview of removed sequences
length	count	expect	max.err	error counts
3	1615	7605.2	0	1615
4	123	1901.3	0	123
5	12	475.3	0	12
6	8	118.8	0	8
9	5	1.9	0	5
10	7	0.5	1	7
11	2	0.1	1	2
12	2	0.0	1	2
14	1	0.0	1	1
15	2	0.0	1	2
16	24	0.0	1	24
17	27	0.0	1	26 1
18	27	0.0	1	18 8 1
19	1593	0.0	1	1529 63 1
20	6243	0.0	2	6099 128 16
21	9	0.0	2	1 8
30	1	0.0	2	1
36	1	0.0	2	1
40	2	0.0	2	2
42	1	0.0	2	1
47	1	0.0	2	1
49	1	0.0	2	1
58	1	0.0	2	1
65	1	0.0	2	1
70	1	0.0	2	1
83	1	0.0	2	0 1
85	2	0.0	2	2
86	1	0.0	2	1
92	1	0.0	2	1
94	1	0.0	2	1
111	1	0.0	2	1
114	2	0.0	2	2
115	1	0.0	2	1
127	1	0.0	2	1
130	1	0.0	2	1
132	1	0.0	2	0 0 1
136	1	0.0	2	1
140	3	0.0	2	3
144	1	0.0	2	1
147	1	0.0	2	1
148	1	0.0	2	1
149	1	0.0	2	1
161	2	0.0	2	2
162	1	0.0	2	1
163	15	0.0	2	12 3
169	1	0.0	2	1
171	2	0.0	2	1 0 1
177	1	0.0	2	1
182	1	0.0	2	1
189	1	0.0	2	0 1
192	1	0.0	2	0 1
196	2	0.0	2	1 1
201	1	0.0	2	1
208	2	0.0	2	2
212	2	0.0	2	0 2
213	2	0.0	2	1 1
214	1	0.0	2	1
219	1	0.0	2	0 1
220	1	0.0	2	0 0 1
221	1	0.0	2	1
223	1	0.0	2	1
226	1	0.0	2	1
238	1	0.0	2	0 1
242	1	0.0	2	0 0 1
245	1	0.0	2	0 1
246	1	0.0	2	1
247	1	0.0	2	1
254	1	0.0	2	0 0 1
288	1	0.0	2	0 1
290	1	0.0	2	0 1
