This is cutadapt 5.2 with Python 3.13.14
Command line parameters: -g GGAGGGTGCAAGCGTTAATC -G TTAACCTTGCGGCCGTACTC --discard-untrimmed -e 0.1 --minimum-length 50 -j 4 -o results/region/V4_V5/trimmed/RnDD_260801_21_RnDD-16S_n0_R1.fq.gz -p results/region/V4_V5/trimmed/RnDD_260801_21_RnDD-16S_n0_R2.fq.gz /media/genomed/DATA_15Tb/16s_3run/RnDD_260801_21_RnDD-16S_n0/202608012056_RA01230801023_5P251211086US292659BX_RnD_16S_260801_RnDD_260801_21_RnDD-16S_n0_L00_R1.fq.gz /media/genomed/DATA_15Tb/16s_3run/RnDD_260801_21_RnDD-16S_n0/202608012056_RA01230801023_5P251211086US292659BX_RnD_16S_260801_RnDD_260801_21_RnDD-16S_n0_L00_R2.fq.gz
Processing paired-end reads on 4 cores ...

=== Summary ===

Total read pairs processed:            856,880
  Read 1 with adapter:                   5,558 (0.6%)
  Read 2 with adapter:                  12,040 (1.4%)

== Read fate breakdown ==
Pairs that were too short:                   2 (0.0%)
Pairs discarded as untrimmed:          856,694 (100.0%)
Pairs written (passing filters):           184 (0.0%)

Total basepairs processed:   514,128,000 bp
  Read 1:   257,064,000 bp
  Read 2:   257,064,000 bp
Total written (filtered):        104,412 bp (0.0%)
  Read 1:        51,878 bp
  Read 2:        52,534 bp

=== First read: Adapter 1 ===

Sequence: GGAGGGTGCAAGCGTTAATC; Type: regular 5'; Length: 20; Trimmed: 5558 times

Minimum overlap: 3
No. of allowed errors:
1-9 bp: 0; 10-19 bp: 1; 20 bp: 2

Overview of removed sequences
length	count	expect	max.err	error counts
3	1033	13388.8	0	1033
4	316	3347.2	0	316
5	114	836.8	0	114
6	31	209.2	0	31
7	23	52.3	0	23
8	235	13.1	0	235
9	115	3.3	0	115
10	516	0.8	1	479 37
11	2	0.2	1	2
12	3	0.1	1	2 1
17	1	0.0	1	0 1
18	4	0.0	1	0 2 2
19	61	0.0	1	0 37 24
20	2762	0.0	2	158 1589 1015
21	89	0.0	2	0 48 41
27	1	0.0	2	1
29	1	0.0	2	0 0 1
30	1	0.0	2	0 0 1
31	2	0.0	2	0 1 1
32	1	0.0	2	0 0 1
33	2	0.0	2	0 0 2
37	1	0.0	2	0 1
40	5	0.0	2	1 2 2
41	2	0.0	2	0 1 1
42	2	0.0	2	0 1 1
43	4	0.0	2	1 1 2
44	5	0.0	2	0 4 1
45	1	0.0	2	0 0 1
47	2	0.0	2	0 0 2
48	3	0.0	2	0 2 1
49	1	0.0	2	0 1
50	5	0.0	2	0 2 3
51	5	0.0	2	0 2 3
52	6	0.0	2	0 2 4
53	1	0.0	2	0 0 1
54	6	0.0	2	1 3 2
55	1	0.0	2	0 1
56	3	0.0	2	0 1 2
57	1	0.0	2	0 0 1
58	2	0.0	2	1 1
61	6	0.0	2	1 3 2
63	1	0.0	2	0 1
64	3	0.0	2	0 0 3
65	1	0.0	2	0 1
66	3	0.0	2	0 0 3
67	6	0.0	2	0 4 2
68	2	0.0	2	0 0 2
69	2	0.0	2	0 1 1
70	7	0.0	2	0 2 5
71	4	0.0	2	0 3 1
72	9	0.0	2	0 6 3
73	7	0.0	2	1 2 4
75	6	0.0	2	0 2 4
76	3	0.0	2	0 1 2
77	3	0.0	2	0 0 3
78	4	0.0	2	1 0 3
79	3	0.0	2	1 1 1
80	2	0.0	2	0 0 2
81	3	0.0	2	1 0 2
82	2	0.0	2	0 1 1
83	1	0.0	2	0 0 1
84	5	0.0	2	1 1 3
85	1	0.0	2	0 1
86	1	0.0	2	0 0 1
125	1	0.0	2	0 0 1
160	1	0.0	2	0 0 1
161	3	0.0	2	0 1 2
162	6	0.0	2	0 1 5
163	21	0.0	2	3 11 7
165	1	0.0	2	1
166	1	0.0	2	0 0 1
168	1	0.0	2	0 1
170	1	0.0	2	0 0 1
173	1	0.0	2	0 0 1
174	2	0.0	2	0 0 2
176	1	0.0	2	0 0 1
179	1	0.0	2	0 0 1
189	1	0.0	2	0 0 1
190	1	0.0	2	0 0 1
194	1	0.0	2	0 0 1
199	1	0.0	2	0 0 1
200	1	0.0	2	0 0 1
207	4	0.0	2	1 0 3
208	2	0.0	2	0 1 1
209	1	0.0	2	0 0 1
210	1	0.0	2	0 0 1
213	2	0.0	2	0 1 1
214	8	0.0	2	1 3 4
215	20	0.0	2	3 5 12
216	19	0.0	2	0 5 14
228	1	0.0	2	0 0 1


=== Second read: Adapter 2 ===

Sequence: TTAACCTTGCGGCCGTACTC; Type: regular 5'; Length: 20; Trimmed: 12040 times

Minimum overlap: 3
No. of allowed errors:
1-9 bp: 0; 10-19 bp: 1; 20 bp: 2

Overview of removed sequences
length	count	expect	max.err	error counts
3	476	13388.8	0	476
4	106	3347.2	0	106
5	8	836.8	0	8
6	2	209.2	0	2
7	1	52.3	0	1
8	1	13.1	0	1
9	3	3.3	0	3
10	2	0.8	1	2
12	2	0.1	1	2
13	2	0.0	1	2
14	2	0.0	1	2
15	1	0.0	1	1
16	15	0.0	1	15
17	20	0.0	1	19 1
18	17	0.0	1	13 4
19	1117	0.0	1	1063 54
20	10223	0.0	2	9933 234 56
21	15	0.0	2	2 12 1
23	1	0.0	2	0 0 1
25	1	0.0	2	0 1
28	1	0.0	2	1
30	1	0.0	2	1
32	2	0.0	2	2
33	1	0.0	2	1
52	1	0.0	2	0 0 1
102	1	0.0	2	0 0 1
146	1	0.0	2	1
162	2	0.0	2	1 1
163	10	0.0	2	7 3
210	1	0.0	2	0 0 1
225	1	0.0	2	0 0 1
226	1	0.0	2	1
290	1	0.0	2	0 1
294	1	0.0	2	1
