This is cutadapt 5.2 with Python 3.13.14
Command line parameters: -g GGAGGGTGCAAGCGTTAATC -G TTAACCTTGCGGCCGTACTC --discard-untrimmed -e 0.1 --minimum-length 50 -j 4 -o results/region/V4_V5/trimmed/RnDD_260801_23_RnDD-16S_n0_R1.fq.gz -p results/region/V4_V5/trimmed/RnDD_260801_23_RnDD-16S_n0_R2.fq.gz /media/genomed/DATA_15Tb/16s_3run/RnDD_260801_23_RnDD-16S_n0/202608012056_RA01230801023_5P251211086US292659BX_RnD_16S_260801_RnDD_260801_23_RnDD-16S_n0_L00_R1.fq.gz /media/genomed/DATA_15Tb/16s_3run/RnDD_260801_23_RnDD-16S_n0/202608012056_RA01230801023_5P251211086US292659BX_RnD_16S_260801_RnDD_260801_23_RnDD-16S_n0_L00_R2.fq.gz
Processing paired-end reads on 4 cores ...

=== Summary ===

Total read pairs processed:            424,204
  Read 1 with adapter:                  14,778 (3.5%)
  Read 2 with adapter:                     513 (0.1%)

== Read fate breakdown ==
Pairs that were too short:                   0 (0.0%)
Pairs discarded as untrimmed:          424,093 (100.0%)
Pairs written (passing filters):           111 (0.0%)

Total basepairs processed:   254,522,400 bp
  Read 1:   127,261,200 bp
  Read 2:   127,261,200 bp
Total written (filtered):         63,573 bp (0.0%)
  Read 1:        31,065 bp
  Read 2:        32,508 bp

=== First read: Adapter 1 ===

Sequence: GGAGGGTGCAAGCGTTAATC; Type: regular 5'; Length: 20; Trimmed: 14778 times

Minimum overlap: 3
No. of allowed errors:
1-9 bp: 0; 10-19 bp: 1; 20 bp: 2

Overview of removed sequences
length	count	expect	max.err	error counts
3	302	6628.2	0	302
4	50	1657.0	0	50
5	13	414.3	0	13
6	9	103.6	0	9
7	9	25.9	0	9
8	21	6.5	0	21
9	43	1.6	0	43
10	68	0.4	1	55 13
11	1	0.1	1	0 1
12	4	0.0	1	3 1
14	1	0.0	1	0 1
17	2	0.0	1	0 2
18	16	0.0	1	1 10 5
19	182	0.0	1	2 114 66
20	13699	0.0	2	1180 7286 5233
21	340	0.0	2	3 110 227
25	1	0.0	2	0 1
28	1	0.0	2	0 1
46	1	0.0	2	0 1
51	1	0.0	2	0 1
52	1	0.0	2	0 1
68	1	0.0	2	0 0 1
70	1	0.0	2	0 1
105	1	0.0	2	1
107	1	0.0	2	0 1
162	2	0.0	2	0 1 1
163	5	0.0	2	2 1 2
212	1	0.0	2	0 1
214	1	0.0	2	0 0 1


=== Second read: Adapter 2 ===

Sequence: TTAACCTTGCGGCCGTACTC; Type: regular 5'; Length: 20; Trimmed: 513 times

Minimum overlap: 3
No. of allowed errors:
1-9 bp: 0; 10-19 bp: 1; 20 bp: 2

Overview of removed sequences
length	count	expect	max.err	error counts
3	264	6628.2	0	264
4	57	1657.0	0	57
5	9	414.3	0	9
16	1	0.0	1	1
17	2	0.0	1	2
19	5	0.0	1	5
20	174	0.0	2	166 6 2
21	1	0.0	2	0 1
