This is cutadapt 5.2 with Python 3.13.14
Command line parameters: -g GGAGGGTGCAAGCGTTAATC -G TTAACCTTGCGGCCGTACTC --discard-untrimmed -e 0.1 --minimum-length 50 -j 4 -o results/region/V4_V5/trimmed/RnDD_260801_6_RnDD-16S_n0_R1.fq.gz -p results/region/V4_V5/trimmed/RnDD_260801_6_RnDD-16S_n0_R2.fq.gz /media/genomed/DATA_15Tb/16s_3run/RnDD_260801_6_RnDD-16S_n0/202608012056_RA01230801023_5P251211086US292659BX_RnD_16S_260801_RnDD_260801_6_RnDD-16S_n0_L00_R1.fq.gz /media/genomed/DATA_15Tb/16s_3run/RnDD_260801_6_RnDD-16S_n0/202608012056_RA01230801023_5P251211086US292659BX_RnD_16S_260801_RnDD_260801_6_RnDD-16S_n0_L00_R2.fq.gz
Processing paired-end reads on 4 cores ...

=== Summary ===

Total read pairs processed:            246,509
  Read 1 with adapter:                  11,300 (4.6%)
  Read 2 with adapter:                   1,499 (0.6%)

== Read fate breakdown ==
Pairs that were too short:                   1 (0.0%)
Pairs discarded as untrimmed:          246,206 (99.9%)
Pairs written (passing filters):           302 (0.1%)

Total basepairs processed:   147,905,400 bp
  Read 1:    73,952,700 bp
  Read 2:    73,952,700 bp
Total written (filtered):        173,453 bp (0.1%)
  Read 1:        84,819 bp
  Read 2:        88,634 bp

=== First read: Adapter 1 ===

Sequence: GGAGGGTGCAAGCGTTAATC; Type: regular 5'; Length: 20; Trimmed: 11300 times

Minimum overlap: 3
No. of allowed errors:
1-9 bp: 0; 10-19 bp: 1; 20 bp: 2

Overview of removed sequences
length	count	expect	max.err	error counts
3	391	3851.7	0	391
4	44	962.9	0	44
5	10	240.7	0	10
6	3	60.2	0	3
7	6	15.0	0	6
8	13	3.8	0	13
9	44	0.9	0	44
10	54	0.2	1	46 8
11	3	0.1	1	2 1
12	4	0.0	1	2 2
15	1	0.0	1	0 1
16	2	0.0	1	0 2
17	1	0.0	1	1
18	17	0.0	1	0 10 7
19	129	0.0	1	1 90 38
20	10376	0.0	2	758 6160 3458
21	173	0.0	2	1 61 111
24	1	0.0	2	0 1
29	1	0.0	2	0 0 1
48	1	0.0	2	0 0 1
51	1	0.0	2	0 0 1
52	2	0.0	2	2
69	1	0.0	2	1
70	1	0.0	2	0 1
74	1	0.0	2	1
76	1	0.0	2	0 0 1
102	1	0.0	2	0 1
104	1	0.0	2	1
111	1	0.0	2	0 0 1
122	2	0.0	2	0 1 1
132	1	0.0	2	1
160	1	0.0	2	0 1
161	1	0.0	2	0 1
163	4	0.0	2	1 1 2
205	1	0.0	2	0 1
207	1	0.0	2	0 1
208	1	0.0	2	0 0 1
210	2	0.0	2	0 1 1
215	1	0.0	2	0 0 1
296	1	0.0	2	0 0 1


=== Second read: Adapter 2 ===

Sequence: TTAACCTTGCGGCCGTACTC; Type: regular 5'; Length: 20; Trimmed: 1499 times

Minimum overlap: 3
No. of allowed errors:
1-9 bp: 0; 10-19 bp: 1; 20 bp: 2

Overview of removed sequences
length	count	expect	max.err	error counts
3	558	3851.7	0	558
4	154	962.9	0	154
5	5	240.7	0	5
6	1	60.2	0	1
7	2	15.0	0	2
10	1	0.2	1	1
12	2	0.0	1	1 1
15	2	0.0	1	2
16	2	0.0	1	2
17	1	0.0	1	1
18	4	0.0	1	2 2
19	143	0.0	1	135 8
20	622	0.0	2	593 24 5
21	1	0.0	2	0 1
163	1	0.0	2	1
