This is cutadapt 5.2 with Python 3.13.14
Command line parameters: -g GGAGGGTGCAAGCGTTAATC -G TTAACCTTGCGGCCGTACTC --discard-untrimmed -e 0.1 --minimum-length 50 -j 4 -o results/region/V4_V5/trimmed/RnDD_260801_5_RnDD-16S_n0_R1.fq.gz -p results/region/V4_V5/trimmed/RnDD_260801_5_RnDD-16S_n0_R2.fq.gz /media/genomed/DATA_15Tb/16s_3run/RnDD_260801_5_RnDD-16S_n0/202608012056_RA01230801023_5P251211086US292659BX_RnD_16S_260801_RnDD_260801_5_RnDD-16S_n0_L00_R1.fq.gz /media/genomed/DATA_15Tb/16s_3run/RnDD_260801_5_RnDD-16S_n0/202608012056_RA01230801023_5P251211086US292659BX_RnD_16S_260801_RnDD_260801_5_RnDD-16S_n0_L00_R2.fq.gz
Processing paired-end reads on 4 cores ...

=== Summary ===

Total read pairs processed:            276,271
  Read 1 with adapter:                  14,572 (5.3%)
  Read 2 with adapter:                   1,736 (0.6%)

== Read fate breakdown ==
Pairs that were too short:                   0 (0.0%)
Pairs discarded as untrimmed:          275,933 (99.9%)
Pairs written (passing filters):           338 (0.1%)

Total basepairs processed:   165,762,600 bp
  Read 1:    82,881,300 bp
  Read 2:    82,881,300 bp
Total written (filtered):        193,789 bp (0.1%)
  Read 1:        94,613 bp
  Read 2:        99,176 bp

=== First read: Adapter 1 ===

Sequence: GGAGGGTGCAAGCGTTAATC; Type: regular 5'; Length: 20; Trimmed: 14572 times

Minimum overlap: 3
No. of allowed errors:
1-9 bp: 0; 10-19 bp: 1; 20 bp: 2

Overview of removed sequences
length	count	expect	max.err	error counts
3	496	4316.7	0	496
4	51	1079.2	0	51
5	19	269.8	0	19
6	4	67.4	0	4
7	4	16.9	0	4
8	16	4.2	0	16
9	48	1.1	0	48
10	58	0.3	1	53 5
11	9	0.1	1	8 1
12	6	0.0	1	5 1
15	1	0.0	1	0 1
16	6	0.0	1	0 6
17	9	0.0	1	0 9
18	16	0.0	1	3 10 3
19	178	0.0	1	4 99 75
20	13422	0.0	2	1046 7939 4437
21	186	0.0	2	3 58 125
30	1	0.0	2	0 1
31	1	0.0	2	1
32	2	0.0	2	0 2
33	1	0.0	2	0 0 1
37	1	0.0	2	0 0 1
43	1	0.0	2	0 1
51	1	0.0	2	0 1
53	1	0.0	2	1
65	1	0.0	2	0 1
66	1	0.0	2	0 1
69	1	0.0	2	0 1
70	1	0.0	2	1
96	1	0.0	2	0 1
102	1	0.0	2	1
104	1	0.0	2	0 1
110	1	0.0	2	0 1
111	1	0.0	2	1
116	2	0.0	2	0 2
120	1	0.0	2	0 1
133	1	0.0	2	0 0 1
138	1	0.0	2	0 0 1
147	1	0.0	2	0 0 1
155	1	0.0	2	1
160	2	0.0	2	1 1
161	1	0.0	2	0 1
163	8	0.0	2	1 3 4
190	1	0.0	2	0 0 1
198	1	0.0	2	0 0 1
206	2	0.0	2	0 1 1
211	1	0.0	2	0 0 1
213	1	0.0	2	0 0 1
215	1	0.0	2	0 1


=== Second read: Adapter 2 ===

Sequence: TTAACCTTGCGGCCGTACTC; Type: regular 5'; Length: 20; Trimmed: 1736 times

Minimum overlap: 3
No. of allowed errors:
1-9 bp: 0; 10-19 bp: 1; 20 bp: 2

Overview of removed sequences
length	count	expect	max.err	error counts
3	687	4316.7	0	687
4	180	1079.2	0	180
5	10	269.8	0	10
6	1	67.4	0	1
7	1	16.9	0	1
8	1	4.2	0	1
10	3	0.3	1	1 2
15	1	0.0	1	1
16	3	0.0	1	3
17	4	0.0	1	3 1
18	3	0.0	1	1 1 1
19	148	0.0	1	134 14
20	688	0.0	2	653 30 5
21	2	0.0	2	0 2
24	1	0.0	2	1
38	2	0.0	2	0 2
157	1	0.0	2	1
