This is cutadapt 5.2 with Python 3.13.14
Command line parameters: -g GGAGGGTGCAAGCGTTAATC -G TTAACCTTGCGGCCGTACTC --discard-untrimmed -e 0.1 --minimum-length 50 -j 4 -o results/region/V4_V5/trimmed/RnDD_260713_15_RnDD-16S_n0_R1.fq.gz -p results/region/V4_V5/trimmed/RnDD_260713_15_RnDD-16S_n0_R2.fq.gz data/raw/RnDD_260713_15_RnDD-16S_n0/202607132008_RA01230801023_5P260413092US292662D3_RnD_SRSLY_16S_NPO_260713_RnDD_260713_15_RnDD-16S_n0_L00_R1.fq.gz data/raw/RnDD_260713_15_RnDD-16S_n0/202607132008_RA01230801023_5P260413092US292662D3_RnD_SRSLY_16S_NPO_260713_RnDD_260713_15_RnDD-16S_n0_L00_R2.fq.gz
Processing paired-end reads on 4 cores ...

=== Summary ===

Total read pairs processed:            379,155
  Read 1 with adapter:                  52,260 (13.8%)
  Read 2 with adapter:                   2,820 (0.7%)

== Read fate breakdown ==
Pairs that were too short:                  16 (0.0%)
Pairs discarded as untrimmed:          377,488 (99.6%)
Pairs written (passing filters):         1,651 (0.4%)

Total basepairs processed:   113,746,500 bp
  Read 1:    56,873,250 bp
  Read 2:    56,873,250 bp
Total written (filtered):        433,149 bp (0.4%)
  Read 1:       215,012 bp
  Read 2:       218,137 bp

=== First read: Adapter 1 ===

Sequence: GGAGGGTGCAAGCGTTAATC; Type: regular 5'; Length: 20; Trimmed: 52260 times

Minimum overlap: 3
No. of allowed errors:
1-9 bp: 0; 10-19 bp: 1; 20 bp: 2

Overview of removed sequences
length	count	expect	max.err	error counts
3	288	5924.3	0	288
4	173	1481.1	0	173
5	23	370.3	0	23
6	13	92.6	0	13
7	48	23.1	0	48
8	116	5.8	0	116
9	44	1.4	0	44
10	51	0.4	1	50 1
11	5	0.1	1	4 1
12	11	0.0	1	10 1
13	34	0.0	1	34
14	23	0.0	1	23
15	142	0.0	1	138 4
16	176	0.0	1	170 6
17	305	0.0	1	296 9
18	58	0.0	1	52 6
19	311	0.0	1	242 69
20	50229	0.0	2	48944 1222 63
21	92	0.0	2	37 55
23	1	0.0	2	1
24	1	0.0	2	0 0 1
25	2	0.0	2	1 0 1
26	1	0.0	2	0 0 1
28	1	0.0	2	1
29	1	0.0	2	0 0 1
30	9	0.0	2	9
31	1	0.0	2	0 0 1
32	5	0.0	2	3 0 2
33	3	0.0	2	1 0 2
35	1	0.0	2	1
37	1	0.0	2	0 0 1
38	1	0.0	2	1
40	1	0.0	2	0 0 1
43	1	0.0	2	0 0 1
44	1	0.0	2	0 1
48	3	0.0	2	0 0 3
49	41	0.0	2	4 5 32
50	1	0.0	2	0 0 1
51	2	0.0	2	0 0 2
52	1	0.0	2	0 0 1
53	1	0.0	2	0 0 1
54	1	0.0	2	0 0 1
55	1	0.0	2	0 0 1
61	1	0.0	2	0 0 1
63	1	0.0	2	0 0 1
66	2	0.0	2	1 0 1
68	2	0.0	2	0 0 2
69	2	0.0	2	0 1 1
70	2	0.0	2	0 0 2
71	1	0.0	2	0 0 1
72	2	0.0	2	0 0 2
73	1	0.0	2	0 0 1
74	1	0.0	2	0 0 1
77	1	0.0	2	0 0 1
80	1	0.0	2	0 0 1
82	2	0.0	2	1 0 1
89	1	0.0	2	0 0 1
100	1	0.0	2	0 0 1
110	1	0.0	2	0 0 1
112	1	0.0	2	0 0 1
113	1	0.0	2	0 0 1
114	1	0.0	2	0 0 1
116	1	0.0	2	0 0 1
123	1	0.0	2	0 0 1
125	1	0.0	2	0 0 1
126	1	0.0	2	0 0 1
128	1	0.0	2	0 0 1
133	1	0.0	2	0 0 1
134	2	0.0	2	1 0 1
139	1	0.0	2	0 0 1
143	1	0.0	2	0 0 1
144	1	0.0	2	0 0 1


=== Second read: Adapter 2 ===

Sequence: TTAACCTTGCGGCCGTACTC; Type: regular 5'; Length: 20; Trimmed: 2820 times

Minimum overlap: 3
No. of allowed errors:
1-9 bp: 0; 10-19 bp: 1; 20 bp: 2

Overview of removed sequences
length	count	expect	max.err	error counts
3	381	5924.3	0	381
4	64	1481.1	0	64
5	6	370.3	0	6
6	1	92.6	0	1
7	1	23.1	0	1
8	1	5.8	0	1
12	2	0.0	1	2
13	1	0.0	1	1
14	1	0.0	1	1
16	1	0.0	1	1
17	7	0.0	1	6 1
18	4	0.0	1	4
19	310	0.0	1	297 13
20	2030	0.0	2	1983 44 3
21	6	0.0	2	0 6
26	1	0.0	2	0 0 1
28	1	0.0	2	0 0 1
45	1	0.0	2	0 0 1
149	1	0.0	2	0 0 1
