This is cutadapt 5.2 with Python 3.13.14
Command line parameters: -g GGAGGGTGCAAGCGTTAATC -G TTAACCTTGCGGCCGTACTC --discard-untrimmed -e 0.1 --minimum-length 50 -j 4 -o results/region/V4_V5/trimmed/RnDD_260801_10_RnDD-16S_n0_R1.fq.gz -p results/region/V4_V5/trimmed/RnDD_260801_10_RnDD-16S_n0_R2.fq.gz /media/genomed/DATA_15Tb/16s_3run/RnDD_260801_10_RnDD-16S_n0/202608012056_RA01230801023_5P251211086US292659BX_RnD_16S_260801_RnDD_260801_10_RnDD-16S_n0_L00_R1.fq.gz /media/genomed/DATA_15Tb/16s_3run/RnDD_260801_10_RnDD-16S_n0/202608012056_RA01230801023_5P251211086US292659BX_RnD_16S_260801_RnDD_260801_10_RnDD-16S_n0_L00_R2.fq.gz
Processing paired-end reads on 4 cores ...

=== Summary ===

Total read pairs processed:            319,260
  Read 1 with adapter:                   5,067 (1.6%)
  Read 2 with adapter:                   7,530 (2.4%)

== Read fate breakdown ==
Pairs that were too short:                  11 (0.0%)
Pairs discarded as untrimmed:          318,450 (99.7%)
Pairs written (passing filters):           799 (0.3%)

Total basepairs processed:   191,556,000 bp
  Read 1:    95,778,000 bp
  Read 2:    95,778,000 bp
Total written (filtered):        454,954 bp (0.2%)
  Read 1:       229,069 bp
  Read 2:       225,885 bp

=== First read: Adapter 1 ===

Sequence: GGAGGGTGCAAGCGTTAATC; Type: regular 5'; Length: 20; Trimmed: 5067 times

Minimum overlap: 3
No. of allowed errors:
1-9 bp: 0; 10-19 bp: 1; 20 bp: 2

Overview of removed sequences
length	count	expect	max.err	error counts
3	615	4988.4	0	615
4	42	1247.1	0	42
5	9	311.8	0	9
6	34	77.9	0	34
7	20	19.5	0	20
8	103	4.9	0	103
9	113	1.2	0	113
10	274	0.3	1	232 42
11	6	0.1	1	5 1
12	6	0.0	1	4 2
14	1	0.0	1	0 1
17	2	0.0	1	0 2
18	2	0.0	1	0 2
19	42	0.0	1	0 26 16
20	3597	0.0	2	260 2203 1134
21	58	0.0	2	1 20 37
26	1	0.0	2	0 1
27	2	0.0	2	0 2
28	2	0.0	2	0 0 2
36	1	0.0	2	0 1
37	1	0.0	2	0 1
38	1	0.0	2	0 1
40	1	0.0	2	0 1
41	2	0.0	2	2
42	1	0.0	2	0 0 1
43	1	0.0	2	0 1
44	1	0.0	2	0 1
49	1	0.0	2	0 1
50	1	0.0	2	1
51	2	0.0	2	0 2
52	2	0.0	2	1 0 1
53	2	0.0	2	0 2
54	3	0.0	2	1 1 1
55	1	0.0	2	0 1
56	1	0.0	2	0 1
58	2	0.0	2	1 0 1
62	1	0.0	2	0 1
65	1	0.0	2	0 1
66	1	0.0	2	0 1
67	3	0.0	2	0 3
69	4	0.0	2	0 2 2
71	1	0.0	2	1
73	1	0.0	2	0 0 1
76	3	0.0	2	0 2 1
79	1	0.0	2	1
81	1	0.0	2	0 1
82	1	0.0	2	0 1
89	1	0.0	2	1
90	2	0.0	2	0 2
91	1	0.0	2	0 1
93	1	0.0	2	1
95	1	0.0	2	0 0 1
97	1	0.0	2	0 1
98	1	0.0	2	0 0 1
100	1	0.0	2	0 1
101	1	0.0	2	1
102	8	0.0	2	3 3 2
103	5	0.0	2	2 2 1
104	4	0.0	2	0 4
105	6	0.0	2	3 2 1
106	3	0.0	2	2 1
107	1	0.0	2	0 1
110	3	0.0	2	0 2 1
112	1	0.0	2	1
113	2	0.0	2	0 2
114	1	0.0	2	0 1
116	4	0.0	2	0 3 1
117	1	0.0	2	0 1
122	1	0.0	2	0 0 1
128	1	0.0	2	0 1
132	2	0.0	2	0 0 2
133	4	0.0	2	1 3
134	1	0.0	2	0 1
163	1	0.0	2	0 0 1
169	1	0.0	2	0 1
173	1	0.0	2	0 1
175	1	0.0	2	0 0 1
199	1	0.0	2	0 1
201	2	0.0	2	0 1 1
203	1	0.0	2	0 1
206	2	0.0	2	0 2
207	7	0.0	2	0 2 5
208	6	0.0	2	1 1 4
213	2	0.0	2	0 2
214	1	0.0	2	0 0 1
215	5	0.0	2	0 2 3
216	7	0.0	2	0 4 3


=== Second read: Adapter 2 ===

Sequence: TTAACCTTGCGGCCGTACTC; Type: regular 5'; Length: 20; Trimmed: 7530 times

Minimum overlap: 3
No. of allowed errors:
1-9 bp: 0; 10-19 bp: 1; 20 bp: 2

Overview of removed sequences
length	count	expect	max.err	error counts
3	939	4988.4	0	939
4	76	1247.1	0	76
5	2	311.8	0	2
6	6	77.9	0	6
9	2	1.2	0	2
10	2	0.3	1	2
12	1	0.0	1	1
13	1	0.0	1	1
14	1	0.0	1	1
15	4	0.0	1	4
16	10	0.0	1	10
17	4	0.0	1	4
18	19	0.0	1	16 3
19	906	0.0	1	866 40
20	5426	0.0	2	5322 91 13
21	16	0.0	2	3 13
23	1	0.0	2	1
39	1	0.0	2	1
40	1	0.0	2	1
41	1	0.0	2	1
42	1	0.0	2	1
44	2	0.0	2	2
45	1	0.0	2	1
57	2	0.0	2	2
58	2	0.0	2	2
61	1	0.0	2	1
66	1	0.0	2	1
69	2	0.0	2	1 1
78	1	0.0	2	1
80	1	0.0	2	1
84	1	0.0	2	1
85	1	0.0	2	1
91	1	0.0	2	0 1
97	2	0.0	2	2
105	2	0.0	2	2
106	1	0.0	2	1
110	1	0.0	2	1
111	3	0.0	2	2 1
125	4	0.0	2	4
128	1	0.0	2	1
130	1	0.0	2	1
140	3	0.0	2	3
141	1	0.0	2	1
143	1	0.0	2	1
145	3	0.0	2	3
146	4	0.0	2	4
150	1	0.0	2	1
160	2	0.0	2	2
161	1	0.0	2	1
162	1	0.0	2	1
163	7	0.0	2	7
164	2	0.0	2	2
165	2	0.0	2	1 1
169	1	0.0	2	0 1
171	1	0.0	2	1
173	1	0.0	2	1
176	1	0.0	2	1
179	3	0.0	2	3
180	1	0.0	2	1
183	2	0.0	2	2
191	1	0.0	2	0 1
194	2	0.0	2	1 1
200	2	0.0	2	2
201	1	0.0	2	1
203	3	0.0	2	3
204	1	0.0	2	1
209	3	0.0	2	1 2
210	1	0.0	2	1
212	1	0.0	2	1
213	1	0.0	2	0 1
214	1	0.0	2	1
219	2	0.0	2	1 1
220	2	0.0	2	2
221	1	0.0	2	1
222	1	0.0	2	1
224	1	0.0	2	1
226	1	0.0	2	1
227	3	0.0	2	2 1
246	1	0.0	2	1
248	1	0.0	2	1
251	1	0.0	2	1
252	1	0.0	2	0 1
256	1	0.0	2	0 1
257	1	0.0	2	1
273	1	0.0	2	1
289	1	0.0	2	0 1
290	1	0.0	2	0 1
291	1	0.0	2	0 1
295	1	0.0	2	1
300	2	0.0	2	0 1 1
