This is cutadapt 5.2 with Python 3.13.14
Command line parameters: -g GGAGGGTGCAAGCGTTAATC -G TTAACCTTGCGGCCGTACTC --discard-untrimmed -e 0.1 --minimum-length 50 -j 4 -o results/region/V4_V5/trimmed/RnDD_260801_3_RnDD-16S_n0_R1.fq.gz -p results/region/V4_V5/trimmed/RnDD_260801_3_RnDD-16S_n0_R2.fq.gz /media/genomed/DATA_15Tb/16s_3run/RnDD_260801_3_RnDD-16S_n0/202608012056_RA01230801023_5P251211086US292659BX_RnD_16S_260801_RnDD_260801_3_RnDD-16S_n0_L00_R1.fq.gz /media/genomed/DATA_15Tb/16s_3run/RnDD_260801_3_RnDD-16S_n0/202608012056_RA01230801023_5P251211086US292659BX_RnD_16S_260801_RnDD_260801_3_RnDD-16S_n0_L00_R2.fq.gz
Processing paired-end reads on 4 cores ...

=== Summary ===

Total read pairs processed:            420,884
  Read 1 with adapter:                   8,738 (2.1%)
  Read 2 with adapter:                   8,341 (2.0%)

== Read fate breakdown ==
Pairs that were too short:                   1 (0.0%)
Pairs discarded as untrimmed:          420,278 (99.9%)
Pairs written (passing filters):           605 (0.1%)

Total basepairs processed:   252,530,400 bp
  Read 1:   126,265,200 bp
  Read 2:   126,265,200 bp
Total written (filtered):        343,985 bp (0.1%)
  Read 1:       170,064 bp
  Read 2:       173,921 bp

=== First read: Adapter 1 ===

Sequence: GGAGGGTGCAAGCGTTAATC; Type: regular 5'; Length: 20; Trimmed: 8738 times

Minimum overlap: 3
No. of allowed errors:
1-9 bp: 0; 10-19 bp: 1; 20 bp: 2

Overview of removed sequences
length	count	expect	max.err	error counts
3	691	6576.3	0	691
4	63	1644.1	0	63
5	20	411.0	0	20
6	31	102.8	0	31
7	17	25.7	0	17
8	72	6.4	0	72
9	72	1.6	0	72
10	111	0.4	1	94 17
11	7	0.1	1	5 2
12	3	0.0	1	1 2
15	1	0.0	1	0 1
16	2	0.0	1	0 2
17	3	0.0	1	1 2
18	7	0.0	1	0 6 1
19	66	0.0	1	2 41 23
20	7258	0.0	2	498 4497 2263
21	96	0.0	2	1 29 66
23	1	0.0	2	0 1
24	1	0.0	2	0 1
27	2	0.0	2	1 0 1
28	1	0.0	2	0 1
29	1	0.0	2	0 0 1
30	2	0.0	2	1 1
31	1	0.0	2	0 0 1
33	1	0.0	2	0 1
34	1	0.0	2	0 1
37	1	0.0	2	1
40	1	0.0	2	0 1
41	1	0.0	2	0 1
42	1	0.0	2	1
46	3	0.0	2	3
47	2	0.0	2	0 2
48	4	0.0	2	0 3 1
49	1	0.0	2	0 0 1
50	1	0.0	2	0 1
51	2	0.0	2	2
52	5	0.0	2	2 3
53	1	0.0	2	1
54	2	0.0	2	0 2
56	1	0.0	2	1
58	1	0.0	2	1
59	1	0.0	2	0 1
62	1	0.0	2	1
63	1	0.0	2	0 0 1
65	1	0.0	2	0 1
66	3	0.0	2	2 1
67	3	0.0	2	0 2 1
68	3	0.0	2	0 3
69	6	0.0	2	1 4 1
71	1	0.0	2	0 1
72	1	0.0	2	0 1
73	2	0.0	2	0 1 1
74	1	0.0	2	0 1
75	1	0.0	2	0 1
80	2	0.0	2	1 0 1
82	1	0.0	2	0 1
83	1	0.0	2	0 1
84	2	0.0	2	0 2
86	1	0.0	2	0 1
89	5	0.0	2	1 4
91	1	0.0	2	0 1
94	3	0.0	2	0 1 2
96	3	0.0	2	2 0 1
99	1	0.0	2	0 1
100	7	0.0	2	4 3
101	4	0.0	2	1 3
102	10	0.0	2	3 6 1
103	10	0.0	2	3 5 2
104	3	0.0	2	1 2
105	4	0.0	2	0 3 1
106	1	0.0	2	0 1
107	1	0.0	2	0 1
108	3	0.0	2	2 1
110	5	0.0	2	2 2 1
111	3	0.0	2	0 2 1
112	3	0.0	2	1 1 1
113	1	0.0	2	1
115	3	0.0	2	0 2 1
117	1	0.0	2	1
119	1	0.0	2	0 1
121	2	0.0	2	2
123	1	0.0	2	0 1
124	1	0.0	2	0 1
125	1	0.0	2	1
126	2	0.0	2	0 1 1
127	1	0.0	2	0 0 1
132	3	0.0	2	0 2 1
133	3	0.0	2	0 2 1
134	2	0.0	2	1 1
145	1	0.0	2	1
149	1	0.0	2	0 0 1
153	1	0.0	2	0 1
160	1	0.0	2	1
163	4	0.0	2	2 1 1
166	1	0.0	2	0 1
169	1	0.0	2	0 0 1
171	1	0.0	2	0 1
179	1	0.0	2	0 0 1
195	1	0.0	2	0 0 1
198	1	0.0	2	0 0 1
200	1	0.0	2	0 1
201	1	0.0	2	0 1
203	1	0.0	2	0 0 1
204	1	0.0	2	1
205	3	0.0	2	0 1 2
206	2	0.0	2	0 1 1
207	5	0.0	2	1 2 2
208	4	0.0	2	0 1 3
209	3	0.0	2	0 0 3
210	1	0.0	2	0 1
212	1	0.0	2	0 0 1
213	4	0.0	2	0 3 1
214	8	0.0	2	1 1 6
215	4	0.0	2	1 1 2
216	6	0.0	2	1 0 5


=== Second read: Adapter 2 ===

Sequence: TTAACCTTGCGGCCGTACTC; Type: regular 5'; Length: 20; Trimmed: 8341 times

Minimum overlap: 3
No. of allowed errors:
1-9 bp: 0; 10-19 bp: 1; 20 bp: 2

Overview of removed sequences
length	count	expect	max.err	error counts
3	1349	6576.3	0	1349
4	109	1644.1	0	109
5	13	411.0	0	13
9	3	1.6	0	3
10	2	0.4	1	2
11	3	0.1	1	3
12	1	0.0	1	1
13	1	0.0	1	1
15	5	0.0	1	5
16	12	0.0	1	12
17	19	0.0	1	19
18	19	0.0	1	13 5 1
19	1468	0.0	1	1414 54
20	5272	0.0	2	5146 109 17
21	5	0.0	2	0 5
23	1	0.0	2	1
30	1	0.0	2	1
33	1	0.0	2	1
37	1	0.0	2	1
39	2	0.0	2	2
42	1	0.0	2	1
44	1	0.0	2	1
52	1	0.0	2	1
54	1	0.0	2	1
73	1	0.0	2	1
76	1	0.0	2	1
78	1	0.0	2	1
79	1	0.0	2	1
84	1	0.0	2	1
85	1	0.0	2	1
89	1	0.0	2	1
97	1	0.0	2	1
100	1	0.0	2	1
105	1	0.0	2	1
112	1	0.0	2	1
115	1	0.0	2	1
125	1	0.0	2	1
130	1	0.0	2	1
131	1	0.0	2	1
141	1	0.0	2	1
143	1	0.0	2	1
147	2	0.0	2	2
150	1	0.0	2	1
155	2	0.0	2	2
163	11	0.0	2	11
168	1	0.0	2	1
171	1	0.0	2	1
172	1	0.0	2	1
174	1	0.0	2	1
182	1	0.0	2	1
183	1	0.0	2	1
201	1	0.0	2	1
204	1	0.0	2	1
210	1	0.0	2	1
214	1	0.0	2	1
219	1	0.0	2	0 1
221	1	0.0	2	1
228	1	0.0	2	1
235	1	0.0	2	1
236	1	0.0	2	0 1
246	1	0.0	2	1
300	1	0.0	2	0 0 1
