This is cutadapt 5.2 with Python 3.13.14
Command line parameters: -g GGAGGGTGCAAGCGTTAATC -G TTAACCTTGCGGCCGTACTC --discard-untrimmed -e 0.1 --minimum-length 50 -j 4 -o results/region/V4_V5/trimmed/RnDD_260801_18_RnDD-16S_n0_R1.fq.gz -p results/region/V4_V5/trimmed/RnDD_260801_18_RnDD-16S_n0_R2.fq.gz /media/genomed/DATA_15Tb/16s_3run/RnDD_260801_18_RnDD-16S_n0/202608012056_RA01230801023_5P251211086US292659BX_RnD_16S_260801_RnDD_260801_18_RnDD-16S_n0_L00_R1.fq.gz /media/genomed/DATA_15Tb/16s_3run/RnDD_260801_18_RnDD-16S_n0/202608012056_RA01230801023_5P251211086US292659BX_RnD_16S_260801_RnDD_260801_18_RnDD-16S_n0_L00_R2.fq.gz
Processing paired-end reads on 4 cores ...

=== Summary ===

Total read pairs processed:            162,373
  Read 1 with adapter:                   7,018 (4.3%)
  Read 2 with adapter:                     326 (0.2%)

== Read fate breakdown ==
Pairs that were too short:                   0 (0.0%)
Pairs discarded as untrimmed:          162,295 (100.0%)
Pairs written (passing filters):            78 (0.0%)

Total basepairs processed:    97,423,800 bp
  Read 1:    48,711,900 bp
  Read 2:    48,711,900 bp
Total written (filtered):         44,701 bp (0.0%)
  Read 1:        21,798 bp
  Read 2:        22,903 bp

=== First read: Adapter 1 ===

Sequence: GGAGGGTGCAAGCGTTAATC; Type: regular 5'; Length: 20; Trimmed: 7018 times

Minimum overlap: 3
No. of allowed errors:
1-9 bp: 0; 10-19 bp: 1; 20 bp: 2

Overview of removed sequences
length	count	expect	max.err	error counts
3	193	2537.1	0	193
4	24	634.3	0	24
5	17	158.6	0	17
6	8	39.6	0	8
7	7	9.9	0	7
8	13	2.5	0	13
9	28	0.6	0	27 1
10	39	0.2	1	32 7
11	3	0.0	1	3
17	1	0.0	1	0 1
18	7	0.0	1	0 5 2
19	95	0.0	1	0 62 33
20	6408	0.0	2	516 3503 2389
21	161	0.0	2	3 59 99
32	2	0.0	2	0 2
82	1	0.0	2	1
89	1	0.0	2	0 1
99	1	0.0	2	1
111	1	0.0	2	0 1
114	1	0.0	2	0 0 1
138	1	0.0	2	0 1
157	1	0.0	2	0 1
163	2	0.0	2	0 1 1
209	1	0.0	2	0 0 1
212	1	0.0	2	0 0 1
213	1	0.0	2	0 1


=== Second read: Adapter 2 ===

Sequence: TTAACCTTGCGGCCGTACTC; Type: regular 5'; Length: 20; Trimmed: 326 times

Minimum overlap: 3
No. of allowed errors:
1-9 bp: 0; 10-19 bp: 1; 20 bp: 2

Overview of removed sequences
length	count	expect	max.err	error counts
3	161	2537.1	0	161
4	55	634.3	0	55
5	5	158.6	0	5
18	1	0.0	1	0 1
19	12	0.0	1	10 2
20	91	0.0	2	77 13 1
179	1	0.0	2	0 0 1
