This is cutadapt 5.2 with Python 3.13.14
Command line parameters: -g GGAGGGTGCAAGCGTTAATC -G TTAACCTTGCGGCCGTACTC --discard-untrimmed -e 0.1 --minimum-length 50 -j 4 -o results/region/V4_V5/trimmed/RnDD_260801_8_RnDD-16S_n0_R1.fq.gz -p results/region/V4_V5/trimmed/RnDD_260801_8_RnDD-16S_n0_R2.fq.gz /media/genomed/DATA_15Tb/16s_3run/RnDD_260801_8_RnDD-16S_n0/202608012056_RA01230801023_5P251211086US292659BX_RnD_16S_260801_RnDD_260801_8_RnDD-16S_n0_L00_R1.fq.gz /media/genomed/DATA_15Tb/16s_3run/RnDD_260801_8_RnDD-16S_n0/202608012056_RA01230801023_5P251211086US292659BX_RnD_16S_260801_RnDD_260801_8_RnDD-16S_n0_L00_R2.fq.gz
Processing paired-end reads on 4 cores ...

=== Summary ===

Total read pairs processed:            400,566
  Read 1 with adapter:                   6,904 (1.7%)
  Read 2 with adapter:                   4,908 (1.2%)

== Read fate breakdown ==
Pairs that were too short:                   0 (0.0%)
Pairs discarded as untrimmed:          400,076 (99.9%)
Pairs written (passing filters):           490 (0.1%)

Total basepairs processed:   240,339,600 bp
  Read 1:   120,169,800 bp
  Read 2:   120,169,800 bp
Total written (filtered):        279,362 bp (0.1%)
  Read 1:       138,759 bp
  Read 2:       140,603 bp

=== First read: Adapter 1 ===

Sequence: GGAGGGTGCAAGCGTTAATC; Type: regular 5'; Length: 20; Trimmed: 6904 times

Minimum overlap: 3
No. of allowed errors:
1-9 bp: 0; 10-19 bp: 1; 20 bp: 2

Overview of removed sequences
length	count	expect	max.err	error counts
3	523	6258.8	0	523
4	39	1564.7	0	39
5	9	391.2	0	9
6	31	97.8	0	31
7	13	24.4	0	13
8	49	6.1	0	49
9	65	1.5	0	65
10	111	0.4	1	91 20
11	4	0.1	1	3 1
12	1	0.0	1	1
16	2	0.0	1	0 2
17	2	0.0	1	1 1
18	2	0.0	1	0 2
19	60	0.0	1	2 34 24
20	5785	0.0	2	438 3315 2032
21	122	0.0	2	1 52 69
33	5	0.0	2	1 2 2
38	1	0.0	2	0 1
40	1	0.0	2	0 1
41	1	0.0	2	0 1
42	1	0.0	2	0 1
43	2	0.0	2	0 2
44	1	0.0	2	0 1
48	2	0.0	2	0 1 1
49	1	0.0	2	0 1
51	1	0.0	2	0 1
52	3	0.0	2	0 1 2
53	1	0.0	2	1
54	1	0.0	2	0 1
61	1	0.0	2	1
63	1	0.0	2	0 1
65	1	0.0	2	1
67	2	0.0	2	1 1
70	1	0.0	2	0 0 1
75	1	0.0	2	0 1
76	1	0.0	2	1
80	1	0.0	2	1
82	1	0.0	2	0 0 1
86	1	0.0	2	1
93	1	0.0	2	1
96	1	0.0	2	0 1
102	3	0.0	2	0 2 1
103	6	0.0	2	3 3
104	1	0.0	2	0 1
105	1	0.0	2	0 1
106	2	0.0	2	0 1 1
107	2	0.0	2	1 1
108	1	0.0	2	0 1
110	1	0.0	2	0 1
111	1	0.0	2	0 1
113	2	0.0	2	1 0 1
114	1	0.0	2	0 1
115	1	0.0	2	0 1
122	2	0.0	2	1 1
127	1	0.0	2	0 0 1
132	3	0.0	2	2 0 1
133	1	0.0	2	0 1
155	1	0.0	2	0 0 1
162	1	0.0	2	0 0 1
163	5	0.0	2	0 2 3
169	1	0.0	2	0 0 1
176	1	0.0	2	0 1
198	1	0.0	2	0 0 1
207	3	0.0	2	1 1 1
208	5	0.0	2	1 4
210	1	0.0	2	0 1
211	1	0.0	2	0 1
215	1	0.0	2	0 1
216	2	0.0	2	0 0 2


=== Second read: Adapter 2 ===

Sequence: TTAACCTTGCGGCCGTACTC; Type: regular 5'; Length: 20; Trimmed: 4908 times

Minimum overlap: 3
No. of allowed errors:
1-9 bp: 0; 10-19 bp: 1; 20 bp: 2

Overview of removed sequences
length	count	expect	max.err	error counts
3	991	6258.8	0	991
4	66	1564.7	0	66
5	6	391.2	0	6
6	1	97.8	0	1
8	2	6.1	0	2
13	1	0.0	1	1
15	2	0.0	1	2
16	10	0.0	1	9 1
17	9	0.0	1	9
18	8	0.0	1	7 1
19	776	0.0	1	746 30
20	3028	0.0	2	2963 57 8
21	1	0.0	2	0 1
43	1	0.0	2	0 0 1
159	1	0.0	2	1
161	1	0.0	2	0 0 1
163	1	0.0	2	1
220	1	0.0	2	1
228	1	0.0	2	1
248	1	0.0	2	0 0 1
