This is cutadapt 5.2 with Python 3.13.14
Command line parameters: -g GGAGGGTGCAAGCGTTAATC -G TTAACCTTGCGGCCGTACTC --discard-untrimmed -e 0.1 --minimum-length 50 -j 4 -o results/region/V4_V5/trimmed/RnDD_260801_12_RnDD-16S_n0_R1.fq.gz -p results/region/V4_V5/trimmed/RnDD_260801_12_RnDD-16S_n0_R2.fq.gz /media/genomed/DATA_15Tb/16s_3run/RnDD_260801_12_RnDD-16S_n0/202608012056_RA01230801023_5P251211086US292659BX_RnD_16S_260801_RnDD_260801_12_RnDD-16S_n0_L00_R1.fq.gz /media/genomed/DATA_15Tb/16s_3run/RnDD_260801_12_RnDD-16S_n0/202608012056_RA01230801023_5P251211086US292659BX_RnD_16S_260801_RnDD_260801_12_RnDD-16S_n0_L00_R2.fq.gz
Processing paired-end reads on 4 cores ...

=== Summary ===

Total read pairs processed:            411,704
  Read 1 with adapter:                  18,759 (4.6%)
  Read 2 with adapter:                   1,675 (0.4%)

== Read fate breakdown ==
Pairs that were too short:                   0 (0.0%)
Pairs discarded as untrimmed:          411,344 (99.9%)
Pairs written (passing filters):           360 (0.1%)

Total basepairs processed:   247,022,400 bp
  Read 1:   123,511,200 bp
  Read 2:   123,511,200 bp
Total written (filtered):        205,974 bp (0.1%)
  Read 1:       101,149 bp
  Read 2:       104,825 bp

=== First read: Adapter 1 ===

Sequence: GGAGGGTGCAAGCGTTAATC; Type: regular 5'; Length: 20; Trimmed: 18759 times

Minimum overlap: 3
No. of allowed errors:
1-9 bp: 0; 10-19 bp: 1; 20 bp: 2

Overview of removed sequences
length	count	expect	max.err	error counts
3	516	6432.9	0	516
4	61	1608.2	0	61
5	25	402.1	0	25
6	7	100.5	0	7
7	6	25.1	0	6
8	23	6.3	0	23
9	52	1.6	0	52
10	50	0.4	1	42 8
11	7	0.1	1	6 1
12	3	0.0	1	2 1
16	2	0.0	1	0 2
17	1	0.0	1	0 1
18	27	0.0	1	5 20 2
19	190	0.0	1	3 116 71
20	17422	0.0	2	1323 9786 6313
21	320	0.0	2	3 110 207
24	1	0.0	2	0 1
25	1	0.0	2	0 1
27	2	0.0	2	0 1 1
38	1	0.0	2	0 1
41	1	0.0	2	0 1
42	1	0.0	2	0 0 1
43	1	0.0	2	0 0 1
46	1	0.0	2	0 0 1
49	1	0.0	2	0 1
51	1	0.0	2	0 1
58	1	0.0	2	0 1
69	1	0.0	2	0 0 1
71	1	0.0	2	0 1
77	1	0.0	2	0 0 1
99	1	0.0	2	1
104	1	0.0	2	1
105	1	0.0	2	0 1
107	1	0.0	2	0 0 1
109	1	0.0	2	0 1
110	1	0.0	2	0 1
111	1	0.0	2	0 1
116	1	0.0	2	0 0 1
125	1	0.0	2	0 1
130	1	0.0	2	0 1
138	1	0.0	2	0 1
156	1	0.0	2	1
162	2	0.0	2	0 1 1
163	15	0.0	2	1 10 4
169	1	0.0	2	1
207	1	0.0	2	0 0 1
210	1	0.0	2	0 0 1


=== Second read: Adapter 2 ===

Sequence: TTAACCTTGCGGCCGTACTC; Type: regular 5'; Length: 20; Trimmed: 1675 times

Minimum overlap: 3
No. of allowed errors:
1-9 bp: 0; 10-19 bp: 1; 20 bp: 2

Overview of removed sequences
length	count	expect	max.err	error counts
3	520	6432.9	0	520
4	137	1608.2	0	137
5	19	402.1	0	19
6	2	100.5	0	2
8	1	6.3	0	1
10	2	0.4	1	2
11	4	0.1	1	4
12	1	0.0	1	0 1
13	1	0.0	1	1
15	2	0.0	1	2
16	4	0.0	1	4
17	2	0.0	1	1 1
18	3	0.0	1	2 1
19	232	0.0	1	221 11
20	741	0.0	2	716 16 9
163	3	0.0	2	3
164	1	0.0	2	0 0 1
