This is cutadapt 5.2 with Python 3.13.14
Command line parameters: -g GGAGGGTGCAAGCGTTAATC -G TTAACCTTGCGGCCGTACTC --discard-untrimmed -e 0.1 --minimum-length 50 -j 4 -o results/region/V4_V5/trimmed/RnDD_260801_15_RnDD-16S_n0_R1.fq.gz -p results/region/V4_V5/trimmed/RnDD_260801_15_RnDD-16S_n0_R2.fq.gz /media/genomed/DATA_15Tb/16s_3run/RnDD_260801_15_RnDD-16S_n0/202608012056_RA01230801023_5P251211086US292659BX_RnD_16S_260801_RnDD_260801_15_RnDD-16S_n0_L00_R1.fq.gz /media/genomed/DATA_15Tb/16s_3run/RnDD_260801_15_RnDD-16S_n0/202608012056_RA01230801023_5P251211086US292659BX_RnD_16S_260801_RnDD_260801_15_RnDD-16S_n0_L00_R2.fq.gz
Processing paired-end reads on 4 cores ...

=== Summary ===

Total read pairs processed:            981,816
  Read 1 with adapter:                   3,875 (0.4%)
  Read 2 with adapter:                   3,692 (0.4%)

== Read fate breakdown ==
Pairs that were too short:                   0 (0.0%)
Pairs discarded as untrimmed:          981,770 (100.0%)
Pairs written (passing filters):            46 (0.0%)

Total basepairs processed:   589,089,600 bp
  Read 1:   294,544,800 bp
  Read 2:   294,544,800 bp
Total written (filtered):         26,194 bp (0.0%)
  Read 1:        12,735 bp
  Read 2:        13,459 bp

=== First read: Adapter 1 ===

Sequence: GGAGGGTGCAAGCGTTAATC; Type: regular 5'; Length: 20; Trimmed: 3875 times

Minimum overlap: 3
No. of allowed errors:
1-9 bp: 0; 10-19 bp: 1; 20 bp: 2

Overview of removed sequences
length	count	expect	max.err	error counts
3	631	15340.9	0	631
4	256	3835.2	0	256
5	28	958.8	0	28
6	14	239.7	0	14
7	10	59.9	0	10
8	76	15.0	0	76
9	52	3.7	0	52
10	68	0.9	1	63 5
18	1	0.0	1	0 0 1
19	44	0.0	1	0 24 20
20	2491	0.0	2	182 1421 888
21	74	0.0	2	0 36 38
32	1	0.0	2	1
33	1	0.0	2	0 0 1
37	1	0.0	2	0 0 1
40	2	0.0	2	0 0 2
41	1	0.0	2	0 0 1
42	1	0.0	2	0 0 1
45	1	0.0	2	0 1
46	1	0.0	2	0 0 1
47	1	0.0	2	0 1
48	1	0.0	2	0 1
51	2	0.0	2	0 1 1
55	1	0.0	2	0 0 1
58	1	0.0	2	0 0 1
61	2	0.0	2	0 1 1
62	1	0.0	2	1
66	2	0.0	2	0 0 2
67	1	0.0	2	0 0 1
69	1	0.0	2	0 0 1
72	2	0.0	2	0 2
75	2	0.0	2	0 0 2
76	2	0.0	2	0 1 1
77	2	0.0	2	0 0 2
78	2	0.0	2	0 0 2
79	3	0.0	2	0 0 3
81	1	0.0	2	1
82	5	0.0	2	0 0 5
148	1	0.0	2	1
160	1	0.0	2	0 0 1
161	2	0.0	2	1 0 1
162	5	0.0	2	0 1 4
163	53	0.0	2	10 22 21
164	1	0.0	2	0 1
168	1	0.0	2	1
174	1	0.0	2	0 0 1
175	1	0.0	2	0 1
180	1	0.0	2	0 1
195	1	0.0	2	0 0 1
204	2	0.0	2	0 0 2
206	1	0.0	2	0 1
207	2	0.0	2	0 1 1
214	3	0.0	2	0 0 3
215	9	0.0	2	0 3 6
216	4	0.0	2	0 0 4


=== Second read: Adapter 2 ===

Sequence: TTAACCTTGCGGCCGTACTC; Type: regular 5'; Length: 20; Trimmed: 3692 times

Minimum overlap: 3
No. of allowed errors:
1-9 bp: 0; 10-19 bp: 1; 20 bp: 2

Overview of removed sequences
length	count	expect	max.err	error counts
3	556	15340.9	0	556
4	168	3835.2	0	168
5	7	958.8	0	7
6	1	239.7	0	1
12	1	0.1	1	1
15	1	0.0	1	1
16	2	0.0	1	2
17	5	0.0	1	5
18	14	0.0	1	11 3
19	347	0.0	1	323 24
20	2574	0.0	2	2503 57 14
21	3	0.0	2	2 1
30	1	0.0	2	1
32	1	0.0	2	1
77	1	0.0	2	0 0 1
97	1	0.0	2	1
123	1	0.0	2	0 0 1
147	1	0.0	2	0 0 1
163	6	0.0	2	5 0 1
225	1	0.0	2	0 0 1
