This is cutadapt 5.2 with Python 3.13.14
Command line parameters: -g GGAGGGTGCAAGCGTTAATC -G TTAACCTTGCGGCCGTACTC --discard-untrimmed -e 0.1 --minimum-length 50 -j 4 -o results/region/V4_V5/trimmed/RnDD_260801_27_RnDD-16S_n0_R1.fq.gz -p results/region/V4_V5/trimmed/RnDD_260801_27_RnDD-16S_n0_R2.fq.gz /media/genomed/DATA_15Tb/16s_3run/RnDD_260801_27_RnDD-16S_n0/202608012056_RA01230801023_5P251211086US292659BX_RnD_16S_260801_RnDD_260801_27_RnDD-16S_n0_L00_R1.fq.gz /media/genomed/DATA_15Tb/16s_3run/RnDD_260801_27_RnDD-16S_n0/202608012056_RA01230801023_5P251211086US292659BX_RnD_16S_260801_RnDD_260801_27_RnDD-16S_n0_L00_R2.fq.gz
Processing paired-end reads on 4 cores ...

=== Summary ===

Total read pairs processed:            451,931
  Read 1 with adapter:                  12,675 (2.8%)
  Read 2 with adapter:                   3,229 (0.7%)

== Read fate breakdown ==
Pairs that were too short:                   0 (0.0%)
Pairs discarded as untrimmed:          451,582 (99.9%)
Pairs written (passing filters):           349 (0.1%)

Total basepairs processed:   271,158,600 bp
  Read 1:   135,579,300 bp
  Read 2:   135,579,300 bp
Total written (filtered):        198,844 bp (0.1%)
  Read 1:        97,951 bp
  Read 2:       100,893 bp

=== First read: Adapter 1 ===

Sequence: GGAGGGTGCAAGCGTTAATC; Type: regular 5'; Length: 20; Trimmed: 12675 times

Minimum overlap: 3
No. of allowed errors:
1-9 bp: 0; 10-19 bp: 1; 20 bp: 2

Overview of removed sequences
length	count	expect	max.err	error counts
3	491	7061.4	0	491
4	66	1765.4	0	66
5	24	441.3	0	24
6	13	110.3	0	13
7	10	27.6	0	10
8	23	6.9	0	23
9	50	1.7	0	49 1
10	90	0.4	1	82 8
11	2	0.1	1	2
12	4	0.0	1	3 1
14	1	0.0	1	0 1
16	1	0.0	1	0 1
17	1	0.0	1	0 1
18	14	0.0	1	1 13
19	158	0.0	1	0 101 57
20	11160	0.0	2	932 6102 4126
21	262	0.0	2	4 103 155
22	2	0.0	2	0 0 2
24	1	0.0	2	0 1
27	1	0.0	2	0 1
30	4	0.0	2	2 2
31	1	0.0	2	0 0 1
33	6	0.0	2	0 4 2
34	11	0.0	2	2 9
35	1	0.0	2	0 1
36	2	0.0	2	0 1 1
37	3	0.0	2	0 3
38	1	0.0	2	0 1
40	3	0.0	2	1 2
41	3	0.0	2	2 1
42	4	0.0	2	0 3 1
43	4	0.0	2	0 3 1
44	4	0.0	2	0 2 2
45	1	0.0	2	0 1
46	1	0.0	2	0 1
47	4	0.0	2	1 3
48	7	0.0	2	0 3 4
49	2	0.0	2	1 0 1
51	4	0.0	2	2 2
52	4	0.0	2	2 2
53	2	0.0	2	0 0 2
54	5	0.0	2	1 3 1
55	3	0.0	2	0 3
56	4	0.0	2	1 2 1
58	6	0.0	2	2 4
61	1	0.0	2	1
63	1	0.0	2	0 1
65	1	0.0	2	0 1
66	5	0.0	2	1 3 1
67	7	0.0	2	5 2
68	3	0.0	2	0 3
69	11	0.0	2	1 6 4
70	1	0.0	2	0 1
71	1	0.0	2	0 1
72	2	0.0	2	0 2
73	3	0.0	2	1 2
75	2	0.0	2	0 2
76	1	0.0	2	0 1
77	2	0.0	2	0 2
80	4	0.0	2	1 1 2
81	2	0.0	2	0 2
82	2	0.0	2	0 2
84	1	0.0	2	0 0 1
89	1	0.0	2	0 1
90	1	0.0	2	0 0 1
95	1	0.0	2	0 1
96	4	0.0	2	0 1 3
97	1	0.0	2	0 1
98	1	0.0	2	0 1
99	1	0.0	2	0 1
100	1	0.0	2	0 1
101	1	0.0	2	0 1
102	8	0.0	2	1 4 3
103	7	0.0	2	1 3 3
104	7	0.0	2	2 5
105	5	0.0	2	2 3
106	2	0.0	2	1 1
107	2	0.0	2	0 2
108	2	0.0	2	0 2
109	3	0.0	2	1 1 1
110	5	0.0	2	1 1 3
111	1	0.0	2	1
112	3	0.0	2	0 2 1
113	1	0.0	2	0 1
114	3	0.0	2	0 2 1
116	4	0.0	2	0 4
117	1	0.0	2	0 1
122	6	0.0	2	0 5 1
125	2	0.0	2	0 2
126	2	0.0	2	0 1 1
127	1	0.0	2	0 0 1
130	2	0.0	2	1 1
132	1	0.0	2	0 1
133	4	0.0	2	4
134	3	0.0	2	0 1 2
150	1	0.0	2	0 1
155	1	0.0	2	0 1
162	2	0.0	2	1 1
163	8	0.0	2	1 4 3
173	1	0.0	2	0 1
174	1	0.0	2	0 1
179	1	0.0	2	0 1
180	1	0.0	2	0 1
181	1	0.0	2	0 1
198	2	0.0	2	0 1 1
200	1	0.0	2	0 1
201	4	0.0	2	0 3 1
202	1	0.0	2	0 0 1
204	15	0.0	2	2 3 10
205	2	0.0	2	0 1 1
206	1	0.0	2	0 0 1
207	16	0.0	2	2 5 9
208	2	0.0	2	0 1 1
210	2	0.0	2	0 0 2
212	1	0.0	2	0 1
213	1	0.0	2	0 0 1
214	3	0.0	2	0 1 2
215	1	0.0	2	0 0 1
216	3	0.0	2	0 0 3
220	1	0.0	2	0 0 1
228	1	0.0	2	0 0 1


=== Second read: Adapter 2 ===

Sequence: TTAACCTTGCGGCCGTACTC; Type: regular 5'; Length: 20; Trimmed: 3229 times

Minimum overlap: 3
No. of allowed errors:
1-9 bp: 0; 10-19 bp: 1; 20 bp: 2

Overview of removed sequences
length	count	expect	max.err	error counts
3	409	7061.4	0	409
4	62	1765.4	0	62
5	13	441.3	0	13
6	1	110.3	0	1
7	1	27.6	0	1
10	2	0.4	1	2
12	1	0.0	1	0 1
13	1	0.0	1	0 1
15	5	0.0	1	5
16	5	0.0	1	5
17	3	0.0	1	3
18	6	0.0	1	4 0 2
19	276	0.0	1	267 9
20	2420	0.0	2	2353 59 8
21	7	0.0	2	0 7
33	1	0.0	2	1
65	1	0.0	2	1
131	1	0.0	2	1
133	1	0.0	2	1
137	1	0.0	2	1
147	1	0.0	2	1
151	1	0.0	2	1
160	1	0.0	2	1
162	2	0.0	2	2
163	5	0.0	2	3 2
171	1	0.0	2	1
201	1	0.0	2	1
