This is cutadapt 5.2 with Python 3.13.14
Command line parameters: -g GGAGGGTGCAAGCGTTAATC -G TTAACCTTGCGGCCGTACTC --discard-untrimmed -e 0.1 --minimum-length 50 -j 4 -o results/region/V4_V5/trimmed/RnDD_260713_3_RnDD-16S_n0_R1.fq.gz -p results/region/V4_V5/trimmed/RnDD_260713_3_RnDD-16S_n0_R2.fq.gz data/raw/RnDD_260713_3_RnDD-16S_n0/202607132008_RA01230801023_5P260413092US292662D3_RnD_SRSLY_16S_NPO_260713_RnDD_260713_3_RnDD-16S_n0_L00_R1.fq.gz data/raw/RnDD_260713_3_RnDD-16S_n0/202607132008_RA01230801023_5P260413092US292662D3_RnD_SRSLY_16S_NPO_260713_RnDD_260713_3_RnDD-16S_n0_L00_R2.fq.gz
Processing paired-end reads on 4 cores ...

=== Summary ===

Total read pairs processed:            169,673
  Read 1 with adapter:                  20,457 (12.1%)
  Read 2 with adapter:                   7,608 (4.5%)

== Read fate breakdown ==
Pairs that were too short:                  14 (0.0%)
Pairs discarded as untrimmed:          164,098 (96.7%)
Pairs written (passing filters):         5,561 (3.3%)

Total basepairs processed:    50,901,900 bp
  Read 1:    25,450,950 bp
  Read 2:    25,450,950 bp
Total written (filtered):      1,451,955 bp (2.9%)
  Read 1:       723,897 bp
  Read 2:       728,058 bp

=== First read: Adapter 1 ===

Sequence: GGAGGGTGCAAGCGTTAATC; Type: regular 5'; Length: 20; Trimmed: 20457 times

Minimum overlap: 3
No. of allowed errors:
1-9 bp: 0; 10-19 bp: 1; 20 bp: 2

Overview of removed sequences
length	count	expect	max.err	error counts
3	274	2651.1	0	274
4	132	662.8	0	132
5	20	165.7	0	20
6	12	41.4	0	12
7	14	10.4	0	14
8	28	2.6	0	28
9	26	0.6	0	26
10	23	0.2	1	23
11	3	0.0	1	3
12	16	0.0	1	16
13	16	0.0	1	16
14	2	0.0	1	2
15	45	0.0	1	43 2
16	52	0.0	1	49 3
17	72	0.0	1	69 3
18	75	0.0	1	72 3
19	188	0.0	1	130 55 3
20	19348	0.0	2	18786 522 40
21	53	0.0	2	12 39 2
22	1	0.0	2	1
23	1	0.0	2	1
26	1	0.0	2	1
27	1	0.0	2	1
30	4	0.0	2	4
31	1	0.0	2	0 0 1
33	3	0.0	2	3
34	1	0.0	2	1
40	1	0.0	2	1
41	1	0.0	2	1
42	2	0.0	2	2
46	1	0.0	2	1
48	2	0.0	2	2
49	3	0.0	2	3
51	3	0.0	2	3
53	2	0.0	2	2
54	3	0.0	2	3
56	4	0.0	2	4
63	1	0.0	2	1
67	3	0.0	2	3
69	2	0.0	2	2
74	1	0.0	2	1
81	1	0.0	2	1
89	2	0.0	2	2
91	2	0.0	2	2
93	1	0.0	2	1
95	1	0.0	2	1
100	1	0.0	2	0 1
101	1	0.0	2	1
102	1	0.0	2	1
109	1	0.0	2	1
110	1	0.0	2	1
112	1	0.0	2	1
124	1	0.0	2	1
127	1	0.0	2	1
134	1	0.0	2	1


=== Second read: Adapter 2 ===

Sequence: TTAACCTTGCGGCCGTACTC; Type: regular 5'; Length: 20; Trimmed: 7608 times

Minimum overlap: 3
No. of allowed errors:
1-9 bp: 0; 10-19 bp: 1; 20 bp: 2

Overview of removed sequences
length	count	expect	max.err	error counts
3	527	2651.1	0	527
4	56	662.8	0	56
5	2	165.7	0	2
6	1	41.4	0	1
8	2	2.6	0	2
9	3	0.6	0	3
10	13	0.2	1	13
12	1	0.0	1	1
14	2	0.0	1	0 2
15	4	0.0	1	4
16	20	0.0	1	20
17	17	0.0	1	15 2
18	17	0.0	1	14 3
19	1565	0.0	1	1531 34
20	5346	0.0	2	5213 121 12
21	15	0.0	2	1 11 3
26	1	0.0	2	1
28	2	0.0	2	2
29	1	0.0	2	1
39	1	0.0	2	1
40	1	0.0	2	1
41	1	0.0	2	1
42	1	0.0	2	1
43	1	0.0	2	1
48	1	0.0	2	1
58	1	0.0	2	1
101	1	0.0	2	1
109	1	0.0	2	1
111	1	0.0	2	1
112	1	0.0	2	0 1
115	1	0.0	2	1
150	1	0.0	2	0 0 1
