This is cutadapt 5.2 with Python 3.13.14
Command line parameters: -g GGAGGGTGCAAGCGTTAATC -G TTAACCTTGCGGCCGTACTC --discard-untrimmed -e 0.1 --minimum-length 50 -j 4 -o results/region/V4_V5/trimmed/RnDD_260713_16_RnDD-16S_n0_R1.fq.gz -p results/region/V4_V5/trimmed/RnDD_260713_16_RnDD-16S_n0_R2.fq.gz data/raw/RnDD_260713_16_RnDD-16S_n0/202607132008_RA01230801023_5P260413092US292662D3_RnD_SRSLY_16S_NPO_260713_RnDD_260713_16_RnDD-16S_n0_L00_R1.fq.gz data/raw/RnDD_260713_16_RnDD-16S_n0/202607132008_RA01230801023_5P260413092US292662D3_RnD_SRSLY_16S_NPO_260713_RnDD_260713_16_RnDD-16S_n0_L00_R2.fq.gz
Processing paired-end reads on 4 cores ...

=== Summary ===

Total read pairs processed:            412,557
  Read 1 with adapter:                  59,557 (14.4%)
  Read 2 with adapter:                   3,139 (0.8%)

== Read fate breakdown ==
Pairs that were too short:                  10 (0.0%)
Pairs discarded as untrimmed:          410,761 (99.6%)
Pairs written (passing filters):         1,786 (0.4%)

Total basepairs processed:   123,767,100 bp
  Read 1:    61,883,550 bp
  Read 2:    61,883,550 bp
Total written (filtered):        468,740 bp (0.4%)
  Read 1:       232,768 bp
  Read 2:       235,972 bp

=== First read: Adapter 1 ===

Sequence: GGAGGGTGCAAGCGTTAATC; Type: regular 5'; Length: 20; Trimmed: 59557 times

Minimum overlap: 3
No. of allowed errors:
1-9 bp: 0; 10-19 bp: 1; 20 bp: 2

Overview of removed sequences
length	count	expect	max.err	error counts
3	310	6446.2	0	310
4	252	1611.6	0	252
5	24	402.9	0	24
6	27	100.7	0	27
7	49	25.2	0	49
8	136	6.3	0	136
9	56	1.6	0	56
10	64	0.4	1	64
11	8	0.1	1	6 2
12	10	0.0	1	10
13	49	0.0	1	47 2
14	17	0.0	1	17
15	157	0.0	1	155 2
16	170	0.0	1	164 6
17	374	0.0	1	363 11
18	46	0.0	1	41 5
19	348	0.0	1	282 66
20	57232	0.0	2	55696 1409 127
21	113	0.0	2	40 72 1
22	1	0.0	2	0 0 1
24	2	0.0	2	1 0 1
25	2	0.0	2	2
26	2	0.0	2	0 0 2
27	2	0.0	2	0 0 2
30	7	0.0	2	6 0 1
32	4	0.0	2	4
33	2	0.0	2	1 0 1
34	1	0.0	2	0 0 1
35	1	0.0	2	0 0 1
36	1	0.0	2	0 0 1
37	2	0.0	2	2
39	3	0.0	2	1 0 2
40	3	0.0	2	1 0 2
42	1	0.0	2	0 0 1
43	1	0.0	2	0 0 1
48	3	0.0	2	2 0 1
49	44	0.0	2	3 5 36
51	2	0.0	2	0 0 2
52	1	0.0	2	0 0 1
54	1	0.0	2	0 0 1
55	1	0.0	2	0 0 1
56	2	0.0	2	0 0 2
60	1	0.0	2	0 0 1
65	1	0.0	2	0 0 1
67	1	0.0	2	1
68	1	0.0	2	0 0 1
69	1	0.0	2	0 0 1
70	3	0.0	2	0 0 3
72	1	0.0	2	0 0 1
73	1	0.0	2	0 0 1
74	1	0.0	2	0 0 1
84	1	0.0	2	0 0 1
87	1	0.0	2	0 0 1
88	1	0.0	2	0 0 1
91	1	0.0	2	0 0 1
94	1	0.0	2	0 0 1
101	2	0.0	2	0 0 2
113	1	0.0	2	0 0 1
114	1	0.0	2	0 0 1
121	1	0.0	2	0 0 1
127	1	0.0	2	1
134	1	0.0	2	0 0 1
140	1	0.0	2	0 0 1
143	1	0.0	2	0 1
146	1	0.0	2	1


=== Second read: Adapter 2 ===

Sequence: TTAACCTTGCGGCCGTACTC; Type: regular 5'; Length: 20; Trimmed: 3139 times

Minimum overlap: 3
No. of allowed errors:
1-9 bp: 0; 10-19 bp: 1; 20 bp: 2

Overview of removed sequences
length	count	expect	max.err	error counts
3	385	6446.2	0	385
4	62	1611.6	0	62
5	6	402.9	0	6
16	5	0.0	1	5
17	3	0.0	1	3
18	2	0.0	1	1 1
19	287	0.0	1	276 11
20	2382	0.0	2	2327 47 8
21	7	0.0	2	0 7
