This is cutadapt 5.2 with Python 3.13.14
Command line parameters: -g GGAGGGTGCAAGCGTTAATC -G TTAACCTTGCGGCCGTACTC --discard-untrimmed -e 0.1 --minimum-length 50 -j 4 -o results/region/V4_V5/trimmed/RnDD_260801_9_RnDD-16S_n0_R1.fq.gz -p results/region/V4_V5/trimmed/RnDD_260801_9_RnDD-16S_n0_R2.fq.gz /media/genomed/DATA_15Tb/16s_3run/RnDD_260801_9_RnDD-16S_n0/202608012056_RA01230801023_5P251211086US292659BX_RnD_16S_260801_RnDD_260801_9_RnDD-16S_n0_L00_R1.fq.gz /media/genomed/DATA_15Tb/16s_3run/RnDD_260801_9_RnDD-16S_n0/202608012056_RA01230801023_5P251211086US292659BX_RnD_16S_260801_RnDD_260801_9_RnDD-16S_n0_L00_R2.fq.gz
Processing paired-end reads on 4 cores ...

=== Summary ===

Total read pairs processed:            321,845
  Read 1 with adapter:                   5,662 (1.8%)
  Read 2 with adapter:                   7,634 (2.4%)

== Read fate breakdown ==
Pairs that were too short:                  10 (0.0%)
Pairs discarded as untrimmed:          321,015 (99.7%)
Pairs written (passing filters):           820 (0.3%)

Total basepairs processed:   193,107,000 bp
  Read 1:    96,553,500 bp
  Read 2:    96,553,500 bp
Total written (filtered):        467,136 bp (0.2%)
  Read 1:       234,404 bp
  Read 2:       232,732 bp

=== First read: Adapter 1 ===

Sequence: GGAGGGTGCAAGCGTTAATC; Type: regular 5'; Length: 20; Trimmed: 5662 times

Minimum overlap: 3
No. of allowed errors:
1-9 bp: 0; 10-19 bp: 1; 20 bp: 2

Overview of removed sequences
length	count	expect	max.err	error counts
3	587	5028.8	0	587
4	56	1257.2	0	56
5	18	314.3	0	18
6	29	78.6	0	29
7	10	19.6	0	10
8	96	4.9	0	96
9	101	1.2	0	101
10	240	0.3	1	214 26
11	11	0.1	1	7 4
12	7	0.0	1	5 2
15	1	0.0	1	0 1
16	3	0.0	1	0 3
18	4	0.0	1	2 1 1
19	32	0.0	1	1 21 10
20	4266	0.0	2	307 2631 1328
21	46	0.0	2	1 9 36
23	1	0.0	2	0 0 1
27	3	0.0	2	0 2 1
28	1	0.0	2	0 1
30	1	0.0	2	0 1
32	1	0.0	2	0 0 1
33	3	0.0	2	0 2 1
34	1	0.0	2	0 1
36	1	0.0	2	0 0 1
38	1	0.0	2	1
39	1	0.0	2	0 1
40	1	0.0	2	0 1
42	2	0.0	2	0 2
43	1	0.0	2	0 1
44	1	0.0	2	0 0 1
45	1	0.0	2	0 1
47	1	0.0	2	0 1
48	2	0.0	2	0 2
51	1	0.0	2	0 1
52	4	0.0	2	0 4
53	2	0.0	2	1 0 1
54	4	0.0	2	1 3
66	3	0.0	2	0 3
67	2	0.0	2	0 1 1
68	3	0.0	2	0 3
69	1	0.0	2	0 1
72	2	0.0	2	0 1 1
73	2	0.0	2	0 1 1
76	1	0.0	2	1
79	1	0.0	2	1
82	2	0.0	2	1 0 1
89	2	0.0	2	0 1 1
92	1	0.0	2	1
95	1	0.0	2	0 1
96	1	0.0	2	1
97	1	0.0	2	0 1
98	1	0.0	2	0 1
100	1	0.0	2	1
101	2	0.0	2	0 2
102	7	0.0	2	1 5 1
103	3	0.0	2	0 3
104	1	0.0	2	0 1
105	4	0.0	2	3 1
109	2	0.0	2	1 0 1
110	1	0.0	2	1
111	5	0.0	2	1 3 1
112	3	0.0	2	0 1 2
113	1	0.0	2	1
114	2	0.0	2	0 2
117	3	0.0	2	1 1 1
122	1	0.0	2	0 1
124	1	0.0	2	0 0 1
126	1	0.0	2	1
131	1	0.0	2	0 1
132	2	0.0	2	0 1 1
133	1	0.0	2	0 1
140	1	0.0	2	0 1
150	1	0.0	2	0 0 1
162	1	0.0	2	1
163	3	0.0	2	0 2 1
168	1	0.0	2	0 1
176	1	0.0	2	0 0 1
197	1	0.0	2	1
198	2	0.0	2	0 1 1
201	2	0.0	2	0 1 1
204	2	0.0	2	0 1 1
205	2	0.0	2	0 0 2
206	3	0.0	2	0 0 3
207	9	0.0	2	2 5 2
208	5	0.0	2	2 1 2
209	2	0.0	2	0 0 2
212	1	0.0	2	0 0 1
213	2	0.0	2	0 0 2
214	4	0.0	2	1 1 2
215	5	0.0	2	1 1 3
216	7	0.0	2	0 1 6


=== Second read: Adapter 2 ===

Sequence: TTAACCTTGCGGCCGTACTC; Type: regular 5'; Length: 20; Trimmed: 7634 times

Minimum overlap: 3
No. of allowed errors:
1-9 bp: 0; 10-19 bp: 1; 20 bp: 2

Overview of removed sequences
length	count	expect	max.err	error counts
3	955	5028.8	0	955
4	83	1257.2	0	83
5	3	314.3	0	3
6	1	78.6	0	1
9	4	1.2	0	4
10	2	0.3	1	2
14	1	0.0	1	1
15	3	0.0	1	3
16	4	0.0	1	4
17	8	0.0	1	8
18	18	0.0	1	15 3
19	913	0.0	1	873 40
20	5519	0.0	2	5401 98 20
21	11	0.0	2	1 10
26	1	0.0	2	1
34	1	0.0	2	1
37	1	0.0	2	0 1
38	1	0.0	2	1
39	1	0.0	2	1
40	1	0.0	2	1
58	1	0.0	2	1
60	1	0.0	2	1
61	1	0.0	2	1
64	1	0.0	2	1
78	3	0.0	2	2 1
79	1	0.0	2	1
85	2	0.0	2	2
94	2	0.0	2	1 1
97	4	0.0	2	4
98	1	0.0	2	1
101	1	0.0	2	1
104	1	0.0	2	1
108	1	0.0	2	1
111	1	0.0	2	1
118	1	0.0	2	1
123	1	0.0	2	1
133	1	0.0	2	1
137	1	0.0	2	1
138	1	0.0	2	1
139	1	0.0	2	1
143	1	0.0	2	0 0 1
145	1	0.0	2	1
146	1	0.0	2	1
148	1	0.0	2	1
149	2	0.0	2	1 1
155	2	0.0	2	2
158	2	0.0	2	2
161	3	0.0	2	3
162	2	0.0	2	2
163	7	0.0	2	6 1
164	3	0.0	2	3
166	1	0.0	2	1
169	3	0.0	2	3
170	1	0.0	2	1
171	1	0.0	2	1
172	1	0.0	2	1
173	1	0.0	2	1
179	1	0.0	2	1
181	1	0.0	2	0 0 1
182	1	0.0	2	1
184	1	0.0	2	1
185	1	0.0	2	1
191	1	0.0	2	0 1
192	1	0.0	2	1
196	2	0.0	2	2
202	1	0.0	2	1
203	4	0.0	2	2 2
204	1	0.0	2	0 1
205	1	0.0	2	1
206	1	0.0	2	0 0 1
209	1	0.0	2	1
212	1	0.0	2	0 1
215	1	0.0	2	1
219	2	0.0	2	1 1
220	1	0.0	2	1
225	1	0.0	2	1
228	1	0.0	2	1
229	1	0.0	2	1
244	3	0.0	2	1 2
247	3	0.0	2	1 1 1
248	1	0.0	2	1
256	1	0.0	2	1
257	1	0.0	2	0 0 1
258	1	0.0	2	1
266	1	0.0	2	1
275	1	0.0	2	1
285	1	0.0	2	1
288	1	0.0	2	1
292	1	0.0	2	0 1
298	1	0.0	2	1
300	1	0.0	2	1
