This is cutadapt 5.2 with Python 3.13.14
Command line parameters: -g GGAGGGTGCAAGCGTTAATC -G TTAACCTTGCGGCCGTACTC --discard-untrimmed -e 0.1 --minimum-length 50 -j 4 -o results/region/V4_V5/trimmed/RnDD_260801_20_RnDD-16S_n0_R1.fq.gz -p results/region/V4_V5/trimmed/RnDD_260801_20_RnDD-16S_n0_R2.fq.gz /media/genomed/DATA_15Tb/16s_3run/RnDD_260801_20_RnDD-16S_n0/202608012056_RA01230801023_5P251211086US292659BX_RnD_16S_260801_RnDD_260801_20_RnDD-16S_n0_L00_R1.fq.gz /media/genomed/DATA_15Tb/16s_3run/RnDD_260801_20_RnDD-16S_n0/202608012056_RA01230801023_5P251211086US292659BX_RnD_16S_260801_RnDD_260801_20_RnDD-16S_n0_L00_R2.fq.gz
Processing paired-end reads on 4 cores ...

=== Summary ===

Total read pairs processed:            611,218
  Read 1 with adapter:                   5,135 (0.8%)
  Read 2 with adapter:                   6,928 (1.1%)

== Read fate breakdown ==
Pairs that were too short:                   0 (0.0%)
Pairs discarded as untrimmed:          611,111 (100.0%)
Pairs written (passing filters):           107 (0.0%)

Total basepairs processed:   366,730,800 bp
  Read 1:   183,365,400 bp
  Read 2:   183,365,400 bp
Total written (filtered):         60,858 bp (0.0%)
  Read 1:        30,065 bp
  Read 2:        30,793 bp

=== First read: Adapter 1 ===

Sequence: GGAGGGTGCAAGCGTTAATC; Type: regular 5'; Length: 20; Trimmed: 5135 times

Minimum overlap: 3
No. of allowed errors:
1-9 bp: 0; 10-19 bp: 1; 20 bp: 2

Overview of removed sequences
length	count	expect	max.err	error counts
3	916	9550.3	0	916
4	504	2387.6	0	504
5	59	596.9	0	59
6	47	149.2	0	47
7	17	37.3	0	17
8	136	9.3	0	136
9	66	2.3	0	66
10	64	0.6	1	59 5
11	1	0.1	1	1
12	2	0.0	1	1 1
15	1	0.0	1	0 1
17	2	0.0	1	0 2
18	2	0.0	1	0 1 1
19	74	0.0	1	0 47 27
20	3004	0.0	2	209 1766 1029
21	80	0.0	2	0 42 38
22	2	0.0	2	1 0 1
24	2	0.0	2	0 2
33	1	0.0	2	0 0 1
39	1	0.0	2	0 1
40	3	0.0	2	1 0 2
42	2	0.0	2	0 2
43	2	0.0	2	0 1 1
44	1	0.0	2	0 1
48	2	0.0	2	0 2
49	1	0.0	2	0 1
51	3	0.0	2	0 0 3
52	3	0.0	2	0 0 3
53	2	0.0	2	0 0 2
55	2	0.0	2	0 0 2
56	2	0.0	2	0 0 2
60	1	0.0	2	0 0 1
61	1	0.0	2	0 0 1
62	2	0.0	2	0 0 2
64	2	0.0	2	0 0 2
65	1	0.0	2	0 0 1
66	3	0.0	2	0 0 3
67	1	0.0	2	0 0 1
70	5	0.0	2	0 0 5
71	1	0.0	2	0 0 1
72	3	0.0	2	0 0 3
73	6	0.0	2	0 2 4
74	2	0.0	2	0 0 2
77	1	0.0	2	0 0 1
78	1	0.0	2	0 0 1
80	5	0.0	2	0 0 5
81	1	0.0	2	0 0 1
82	5	0.0	2	0 1 4
83	2	0.0	2	0 0 2
85	4	0.0	2	0 0 4
111	1	0.0	2	0 0 1
132	1	0.0	2	0 0 1
156	1	0.0	2	0 0 1
162	2	0.0	2	0 0 2
163	13	0.0	2	1 6 6
164	1	0.0	2	0 0 1
169	1	0.0	2	0 0 1
171	1	0.0	2	0 0 1
174	2	0.0	2	0 1 1
190	1	0.0	2	0 0 1
198	1	0.0	2	0 0 1
200	1	0.0	2	0 0 1
201	1	0.0	2	1
206	1	0.0	2	1
207	6	0.0	2	0 4 2
208	4	0.0	2	0 0 4
211	1	0.0	2	0 0 1
212	3	0.0	2	0 1 2
213	1	0.0	2	0 0 1
214	15	0.0	2	1 2 12
215	14	0.0	2	0 3 11
216	10	0.0	2	0 1 9
228	2	0.0	2	0 0 2


=== Second read: Adapter 2 ===

Sequence: TTAACCTTGCGGCCGTACTC; Type: regular 5'; Length: 20; Trimmed: 6928 times

Minimum overlap: 3
No. of allowed errors:
1-9 bp: 0; 10-19 bp: 1; 20 bp: 2

Overview of removed sequences
length	count	expect	max.err	error counts
3	574	9550.3	0	574
4	278	2387.6	0	278
5	7	596.9	0	7
6	1	149.2	0	1
13	1	0.0	1	1
16	4	0.0	1	4
17	3	0.0	1	2 1
18	10	0.0	1	10
19	576	0.0	1	543 33
20	5442	0.0	2	5312 110 20
21	6	0.0	2	0 5 1
26	1	0.0	2	0 1
28	1	0.0	2	0 0 1
37	2	0.0	2	0 0 2
38	2	0.0	2	1 0 1
57	1	0.0	2	0 0 1
63	1	0.0	2	0 0 1
65	1	0.0	2	0 0 1
126	3	0.0	2	2 0 1
143	1	0.0	2	1
147	1	0.0	2	1
150	1	0.0	2	1
156	1	0.0	2	0 0 1
163	5	0.0	2	4 0 1
169	2	0.0	2	2
182	1	0.0	2	0 0 1
228	1	0.0	2	0 0 1
245	1	0.0	2	0 0 1
