This is cutadapt 5.2 with Python 3.13.14
Command line parameters: -g GGAGGGTGCAAGCGTTAATC -G TTAACCTTGCGGCCGTACTC --discard-untrimmed -e 0.1 --minimum-length 50 -j 4 -o results/region/V4_V5/trimmed/RnDD_260713_2_RnDD-16S_n0_R1.fq.gz -p results/region/V4_V5/trimmed/RnDD_260713_2_RnDD-16S_n0_R2.fq.gz data/raw/RnDD_260713_2_RnDD-16S_n0/202607132008_RA01230801023_5P260413092US292662D3_RnD_SRSLY_16S_NPO_260713_RnDD_260713_2_RnDD-16S_n0_L00_R1.fq.gz data/raw/RnDD_260713_2_RnDD-16S_n0/202607132008_RA01230801023_5P260413092US292662D3_RnD_SRSLY_16S_NPO_260713_RnDD_260713_2_RnDD-16S_n0_L00_R2.fq.gz
Processing paired-end reads on 4 cores ...

=== Summary ===

Total read pairs processed:            180,954
  Read 1 with adapter:                  34,950 (19.3%)
  Read 2 with adapter:                   5,591 (3.1%)

== Read fate breakdown ==
Pairs that were too short:                  16 (0.0%)
Pairs discarded as untrimmed:          176,693 (97.6%)
Pairs written (passing filters):         4,245 (2.3%)

Total basepairs processed:    54,286,200 bp
  Read 1:    27,143,100 bp
  Read 2:    27,143,100 bp
Total written (filtered):      1,110,486 bp (2.0%)
  Read 1:       552,214 bp
  Read 2:       558,272 bp

=== First read: Adapter 1 ===

Sequence: GGAGGGTGCAAGCGTTAATC; Type: regular 5'; Length: 20; Trimmed: 34950 times

Minimum overlap: 3
No. of allowed errors:
1-9 bp: 0; 10-19 bp: 1; 20 bp: 2

Overview of removed sequences
length	count	expect	max.err	error counts
3	435	2827.4	0	435
4	342	706.9	0	342
5	51	176.7	0	51
6	5	44.2	0	5
7	9	11.0	0	9
8	25	2.8	0	25
9	26	0.7	0	26
10	18	0.2	1	18
11	7	0.0	1	7
12	12	0.0	1	11 1
13	13	0.0	1	12 1
14	8	0.0	1	8
15	65	0.0	1	64 1
16	105	0.0	1	97 8
17	128	0.0	1	123 5
18	221	0.0	1	208 13
19	390	0.0	1	235 152 3
20	32919	0.0	2	31807 1049 63
21	85	0.0	2	25 57 3
23	1	0.0	2	1
24	1	0.0	2	1
26	1	0.0	2	1
27	2	0.0	2	2
28	2	0.0	2	2
29	1	0.0	2	1
30	3	0.0	2	3
31	1	0.0	2	1
32	3	0.0	2	3
33	5	0.0	2	4 0 1
34	1	0.0	2	1
39	3	0.0	2	2 1
40	2	0.0	2	2
41	1	0.0	2	1
42	1	0.0	2	1
43	1	0.0	2	1
44	4	0.0	2	4
45	1	0.0	2	1
46	1	0.0	2	1
48	4	0.0	2	4
49	5	0.0	2	4 1
50	2	0.0	2	2
51	1	0.0	2	1
52	2	0.0	2	2
53	1	0.0	2	1
55	4	0.0	2	4
56	1	0.0	2	1
57	1	0.0	2	1
63	2	0.0	2	1 0 1
66	1	0.0	2	1
67	1	0.0	2	1
69	1	0.0	2	0 1
77	1	0.0	2	1
78	1	0.0	2	1
86	1	0.0	2	1
88	2	0.0	2	2
89	1	0.0	2	1
97	2	0.0	2	2
100	1	0.0	2	1
101	1	0.0	2	1
102	2	0.0	2	2
103	3	0.0	2	3
104	1	0.0	2	1
107	2	0.0	2	2
110	1	0.0	2	1
113	1	0.0	2	1
133	1	0.0	2	1
139	1	0.0	2	1
140	1	0.0	2	1
143	1	0.0	2	1
149	1	0.0	2	1


=== Second read: Adapter 2 ===

Sequence: TTAACCTTGCGGCCGTACTC; Type: regular 5'; Length: 20; Trimmed: 5591 times

Minimum overlap: 3
No. of allowed errors:
1-9 bp: 0; 10-19 bp: 1; 20 bp: 2

Overview of removed sequences
length	count	expect	max.err	error counts
3	504	2827.4	0	504
4	97	706.9	0	97
5	7	176.7	0	7
6	3	44.2	0	3
7	1	11.0	0	1
8	2	2.8	0	2
9	4	0.7	0	4
10	21	0.2	1	19 2
11	6	0.0	1	6
12	2	0.0	1	2
13	2	0.0	1	2
14	2	0.0	1	2
15	8	0.0	1	8
16	22	0.0	1	22
17	17	0.0	1	16 1
18	21	0.0	1	15 6
19	1204	0.0	1	1164 40
20	3662	0.0	2	3554 100 8
21	5	0.0	2	1 3 1
96	1	0.0	2	1
