This is cutadapt 5.2 with Python 3.13.14
Command line parameters: -g GGAGGGTGCAAGCGTTAATC -G TTAACCTTGCGGCCGTACTC --discard-untrimmed -e 0.1 --minimum-length 50 -j 4 -o results/region/V4_V5/trimmed/RnDD_260801_17_RnDD-16S_n0_R1.fq.gz -p results/region/V4_V5/trimmed/RnDD_260801_17_RnDD-16S_n0_R2.fq.gz /media/genomed/DATA_15Tb/16s_3run/RnDD_260801_17_RnDD-16S_n0/202608012056_RA01230801023_5P251211086US292659BX_RnD_16S_260801_RnDD_260801_17_RnDD-16S_n0_L00_R1.fq.gz /media/genomed/DATA_15Tb/16s_3run/RnDD_260801_17_RnDD-16S_n0/202608012056_RA01230801023_5P251211086US292659BX_RnD_16S_260801_RnDD_260801_17_RnDD-16S_n0_L00_R2.fq.gz
Processing paired-end reads on 4 cores ...

=== Summary ===

Total read pairs processed:            137,853
  Read 1 with adapter:                   7,124 (5.2%)
  Read 2 with adapter:                     297 (0.2%)

== Read fate breakdown ==
Pairs that were too short:                   0 (0.0%)
Pairs discarded as untrimmed:          137,777 (99.9%)
Pairs written (passing filters):            76 (0.1%)

Total basepairs processed:    82,711,800 bp
  Read 1:    41,355,900 bp
  Read 2:    41,355,900 bp
Total written (filtered):         43,446 bp (0.1%)
  Read 1:        21,168 bp
  Read 2:        22,278 bp

=== First read: Adapter 1 ===

Sequence: GGAGGGTGCAAGCGTTAATC; Type: regular 5'; Length: 20; Trimmed: 7124 times

Minimum overlap: 3
No. of allowed errors:
1-9 bp: 0; 10-19 bp: 1; 20 bp: 2

Overview of removed sequences
length	count	expect	max.err	error counts
3	150	2154.0	0	150
4	22	538.5	0	22
5	12	134.6	0	12
6	6	33.7	0	6
7	3	8.4	0	3
8	16	2.1	0	16
9	18	0.5	0	17 1
10	40	0.1	1	35 5
11	1	0.0	1	0 1
12	2	0.0	1	1 1
16	1	0.0	1	0 1
17	2	0.0	1	0 2
18	16	0.0	1	2 8 6
19	105	0.0	1	0 69 36
20	6599	0.0	2	565 3643 2391
21	122	0.0	2	4 49 69
30	1	0.0	2	0 1
46	1	0.0	2	1
50	1	0.0	2	0 0 1
52	1	0.0	2	0 0 1
95	1	0.0	2	0 1
162	1	0.0	2	0 0 1
163	2	0.0	2	2
210	1	0.0	2	0 0 1


=== Second read: Adapter 2 ===

Sequence: TTAACCTTGCGGCCGTACTC; Type: regular 5'; Length: 20; Trimmed: 297 times

Minimum overlap: 3
No. of allowed errors:
1-9 bp: 0; 10-19 bp: 1; 20 bp: 2

Overview of removed sequences
length	count	expect	max.err	error counts
3	146	2154.0	0	146
4	45	538.5	0	45
5	3	134.6	0	3
17	1	0.0	1	1
18	1	0.0	1	1
19	5	0.0	1	5
20	96	0.0	2	78 16 2
