This is cutadapt 5.2 with Python 3.13.14
Command line parameters: -g AGAGTTTGATCMTGGCTCAG -G GGACCGTGTCTCAGTTCCAG --discard-untrimmed -e 0.1 --minimum-length 50 -j 4 -o results/region/V1_V2/trimmed/RnDD_260801_6_RnDD-16S_n0_R1.fq.gz -p results/region/V1_V2/trimmed/RnDD_260801_6_RnDD-16S_n0_R2.fq.gz /media/genomed/DATA_15Tb/16s_3run/RnDD_260801_6_RnDD-16S_n0/202608012056_RA01230801023_5P251211086US292659BX_RnD_16S_260801_RnDD_260801_6_RnDD-16S_n0_L00_R1.fq.gz /media/genomed/DATA_15Tb/16s_3run/RnDD_260801_6_RnDD-16S_n0/202608012056_RA01230801023_5P251211086US292659BX_RnD_16S_260801_RnDD_260801_6_RnDD-16S_n0_L00_R2.fq.gz
Processing paired-end reads on 4 cores ...

=== Summary ===

Total read pairs processed:            246,509
  Read 1 with adapter:                  21,240 (8.6%)
  Read 2 with adapter:                  21,800 (8.8%)

== Read fate breakdown ==
Pairs that were too short:                   2 (0.0%)
Pairs discarded as untrimmed:          226,548 (91.9%)
Pairs written (passing filters):        19,959 (8.1%)

Total basepairs processed:   147,905,400 bp
  Read 1:    73,952,700 bp
  Read 2:    73,952,700 bp
Total written (filtered):     11,178,335 bp (7.6%)
  Read 1:     5,589,775 bp
  Read 2:     5,588,560 bp

=== First read: Adapter 1 ===

Sequence: AGAGTTTGATCMTGGCTCAG; Type: regular 5'; Length: 20; Trimmed: 21240 times

Minimum overlap: 3
No. of allowed errors:
1-9 bp: 0; 10-19 bp: 1; 20 bp: 2

Overview of removed sequences
length	count	expect	max.err	error counts
3	277	3851.7	0	277
4	18	962.9	0	18
5	13	240.7	0	13
6	4	60.2	0	4
7	56	15.0	0	56
9	2	0.9	0	2
10	10	0.2	1	5 5
11	1	0.1	1	0 1
12	8	0.0	1	8
13	5	0.0	1	1 4
14	5	0.0	1	1 4
15	7	0.0	1	4 3
16	3	0.0	1	0 3
17	54	0.0	1	20 34
18	61	0.0	1	42 17 2
19	134	0.0	1	18 100 16
20	20541	0.0	2	10772 8163 1606
21	34	0.0	2	4 24 6
31	2	0.0	2	0 2
32	2	0.0	2	0 0 2
163	2	0.0	2	1 0 1
251	1	0.0	2	0 0 1


=== Second read: Adapter 2 ===

Sequence: GGACCGTGTCTCAGTTCCAG; Type: regular 5'; Length: 20; Trimmed: 21800 times

Minimum overlap: 3
No. of allowed errors:
1-9 bp: 0; 10-19 bp: 1; 20 bp: 2

Overview of removed sequences
length	count	expect	max.err	error counts
3	264	3851.7	0	264
4	676	962.9	0	676
5	42	240.7	0	42
6	7	60.2	0	7
7	7	15.0	0	7
8	7	3.8	0	7
9	32	0.9	0	32
11	3	0.1	1	3
12	1	0.0	1	1
13	14	0.0	1	14
14	6	0.0	1	6
15	17	0.0	1	15 2
16	25	0.0	1	21 4
17	97	0.0	1	90 7
18	178	0.0	1	169 5 4
19	254	0.0	1	202 49 3
20	19899	0.0	2	18929 825 145
21	246	0.0	2	204 41 1
24	1	0.0	2	1
26	1	0.0	2	1
30	2	0.0	2	2
31	1	0.0	2	1
32	1	0.0	2	1
40	1	0.0	2	1
85	1	0.0	2	1
126	1	0.0	2	1
134	1	0.0	2	1
156	1	0.0	2	1
158	1	0.0	2	0 0 1
162	2	0.0	2	2
163	9	0.0	2	9
213	1	0.0	2	1
291	1	0.0	2	0 0 1
