This is cutadapt 5.2 with Python 3.13.14
Command line parameters: -g AGAGTTTGATCMTGGCTCAG -G GGACCGTGTCTCAGTTCCAG --discard-untrimmed -e 0.1 --minimum-length 50 -j 4 -o results/region/V1_V2/trimmed/RnDD_260801_3_RnDD-16S_n0_R1.fq.gz -p results/region/V1_V2/trimmed/RnDD_260801_3_RnDD-16S_n0_R2.fq.gz /media/genomed/DATA_15Tb/16s_3run/RnDD_260801_3_RnDD-16S_n0/202608012056_RA01230801023_5P251211086US292659BX_RnD_16S_260801_RnDD_260801_3_RnDD-16S_n0_L00_R1.fq.gz /media/genomed/DATA_15Tb/16s_3run/RnDD_260801_3_RnDD-16S_n0/202608012056_RA01230801023_5P251211086US292659BX_RnD_16S_260801_RnDD_260801_3_RnDD-16S_n0_L00_R2.fq.gz
Processing paired-end reads on 4 cores ...

=== Summary ===

Total read pairs processed:            420,884
  Read 1 with adapter:                  33,810 (8.0%)
  Read 2 with adapter:                  34,143 (8.1%)

== Read fate breakdown ==
Pairs that were too short:                   3 (0.0%)
Pairs discarded as untrimmed:          389,175 (92.5%)
Pairs written (passing filters):        31,706 (7.5%)

Total basepairs processed:   252,530,400 bp
  Read 1:   126,265,200 bp
  Read 2:   126,265,200 bp
Total written (filtered):     17,756,677 bp (7.0%)
  Read 1:     8,879,141 bp
  Read 2:     8,877,536 bp

=== First read: Adapter 1 ===

Sequence: AGAGTTTGATCMTGGCTCAG; Type: regular 5'; Length: 20; Trimmed: 33810 times

Minimum overlap: 3
No. of allowed errors:
1-9 bp: 0; 10-19 bp: 1; 20 bp: 2

Overview of removed sequences
length	count	expect	max.err	error counts
3	602	6576.3	0	602
4	31	1644.1	0	31
5	38	411.0	0	38
6	40	102.8	0	40
7	86	25.7	0	86
8	3	6.4	0	3
9	3	1.6	0	3
10	18	0.4	1	7 11
11	4	0.1	1	3 1
12	7	0.0	1	7
13	1	0.0	1	0 1
14	3	0.0	1	2 1
15	1	0.0	1	1
16	1	0.0	1	0 1
17	37	0.0	1	10 27
18	39	0.0	1	28 10 1
19	137	0.0	1	24 104 9
20	32703	0.0	2	16889 13264 2550
21	45	0.0	2	16 26 3
24	4	0.0	2	1 1 2
32	1	0.0	2	1
51	2	0.0	2	1 1
111	1	0.0	2	0 1
163	3	0.0	2	2 0 1


=== Second read: Adapter 2 ===

Sequence: GGACCGTGTCTCAGTTCCAG; Type: regular 5'; Length: 20; Trimmed: 34143 times

Minimum overlap: 3
No. of allowed errors:
1-9 bp: 0; 10-19 bp: 1; 20 bp: 2

Overview of removed sequences
length	count	expect	max.err	error counts
3	485	6576.3	0	485
4	585	1644.1	0	585
5	154	411.0	0	154
6	8	102.8	0	8
7	9	25.7	0	9
8	12	6.4	0	12
9	30	1.6	0	29 1
10	1	0.4	1	0 1
11	2	0.1	1	2
12	5	0.0	1	3 2
13	8	0.0	1	7 1
14	3	0.0	1	3
15	10	0.0	1	10
16	11	0.0	1	11
17	154	0.0	1	148 6
18	152	0.0	1	138 3 11
19	397	0.0	1	315 81 1
20	31894	0.0	2	30928 835 131
21	194	0.0	2	147 45 2
24	2	0.0	2	0 2
30	1	0.0	2	1
43	1	0.0	2	1
44	1	0.0	2	1
46	1	0.0	2	1
55	1	0.0	2	1
115	1	0.0	2	1
129	1	0.0	2	1
130	2	0.0	2	2
131	1	0.0	2	1
156	1	0.0	2	1
161	1	0.0	2	1
162	2	0.0	2	2
163	5	0.0	2	4 1
164	1	0.0	2	1
187	1	0.0	2	1
191	1	0.0	2	1
195	1	0.0	2	0 0 1
210	1	0.0	2	0 1
256	1	0.0	2	0 1
288	1	0.0	2	1
291	1	0.0	2	0 0 1
