This is cutadapt 5.2 with Python 3.13.14
Command line parameters: -g AGAGTTTGATCMTGGCTCAG -G GGACCGTGTCTCAGTTCCAG --discard-untrimmed -e 0.1 --minimum-length 50 -j 4 -o results/region/V1_V2/trimmed/RnDD_260713_3_RnDD-16S_n0_R1.fq.gz -p results/region/V1_V2/trimmed/RnDD_260713_3_RnDD-16S_n0_R2.fq.gz data/raw/RnDD_260713_3_RnDD-16S_n0/202607132008_RA01230801023_5P260413092US292662D3_RnD_SRSLY_16S_NPO_260713_RnDD_260713_3_RnDD-16S_n0_L00_R1.fq.gz data/raw/RnDD_260713_3_RnDD-16S_n0/202607132008_RA01230801023_5P260413092US292662D3_RnD_SRSLY_16S_NPO_260713_RnDD_260713_3_RnDD-16S_n0_L00_R2.fq.gz
Processing paired-end reads on 4 cores ...

=== Summary ===

Total read pairs processed:            169,673
  Read 1 with adapter:                   4,781 (2.8%)
  Read 2 with adapter:                   4,906 (2.9%)

== Read fate breakdown ==
Pairs that were too short:                   2 (0.0%)
Pairs discarded as untrimmed:          165,379 (97.5%)
Pairs written (passing filters):         4,292 (2.5%)

Total basepairs processed:    50,901,900 bp
  Read 1:    25,450,950 bp
  Read 2:    25,450,950 bp
Total written (filtered):      1,116,638 bp (2.2%)
  Read 1:       558,426 bp
  Read 2:       558,212 bp

=== First read: Adapter 1 ===

Sequence: AGAGTTTGATCMTGGCTCAG; Type: regular 5'; Length: 20; Trimmed: 4781 times

Minimum overlap: 3
No. of allowed errors:
1-9 bp: 0; 10-19 bp: 1; 20 bp: 2

Overview of removed sequences
length	count	expect	max.err	error counts
3	213	2651.1	0	213
4	19	662.8	0	19
5	19	165.7	0	19
6	21	41.4	0	21
7	19	10.4	0	19
8	1	2.6	0	1
9	2	0.6	0	2
10	4	0.2	1	4
15	1	0.0	1	1
16	1	0.0	1	1
17	12	0.0	1	12
18	9	0.0	1	8 1
19	31	0.0	1	15 16
20	4423	0.0	2	4301 113 9
21	4	0.0	2	2 2
30	1	0.0	2	1
32	1	0.0	2	1


=== Second read: Adapter 2 ===

Sequence: GGACCGTGTCTCAGTTCCAG; Type: regular 5'; Length: 20; Trimmed: 4906 times

Minimum overlap: 3
No. of allowed errors:
1-9 bp: 0; 10-19 bp: 1; 20 bp: 2

Overview of removed sequences
length	count	expect	max.err	error counts
3	230	2651.1	0	230
4	166	662.8	0	166
5	72	165.7	0	72
6	5	41.4	0	5
7	2	10.4	0	2
8	1	2.6	0	1
9	5	0.6	0	5
13	2	0.0	1	2
15	1	0.0	1	1
16	1	0.0	1	1
17	19	0.0	1	19
18	15	0.0	1	14 1
19	45	0.0	1	35 9 1
20	4313	0.0	2	4159 139 15
21	25	0.0	2	19 6
26	1	0.0	2	1
33	1	0.0	2	1
126	1	0.0	2	1
132	1	0.0	2	1
