This is cutadapt 5.2 with Python 3.13.14
Command line parameters: -g AGAGTTTGATCMTGGCTCAG -G GGACCGTGTCTCAGTTCCAG --discard-untrimmed -e 0.1 --minimum-length 50 -j 4 -o results/region/V1_V2/trimmed/RnDD_260801_25_RnDD-16S_n0_R1.fq.gz -p results/region/V1_V2/trimmed/RnDD_260801_25_RnDD-16S_n0_R2.fq.gz /media/genomed/DATA_15Tb/16s_3run/RnDD_260801_25_RnDD-16S_n0/202608012056_RA01230801023_5P251211086US292659BX_RnD_16S_260801_RnDD_260801_25_RnDD-16S_n0_L00_R1.fq.gz /media/genomed/DATA_15Tb/16s_3run/RnDD_260801_25_RnDD-16S_n0/202608012056_RA01230801023_5P251211086US292659BX_RnD_16S_260801_RnDD_260801_25_RnDD-16S_n0_L00_R2.fq.gz
Processing paired-end reads on 4 cores ...

=== Summary ===

Total read pairs processed:            824,901
  Read 1 with adapter:                  68,808 (8.3%)
  Read 2 with adapter:                  70,476 (8.5%)

== Read fate breakdown ==
Pairs that were too short:                   1 (0.0%)
Pairs discarded as untrimmed:          757,779 (91.9%)
Pairs written (passing filters):        67,121 (8.1%)

Total basepairs processed:   494,940,600 bp
  Read 1:   247,470,300 bp
  Read 2:   247,470,300 bp
Total written (filtered):     37,584,055 bp (7.6%)
  Read 1:    18,795,123 bp
  Read 2:    18,788,932 bp

=== First read: Adapter 1 ===

Sequence: AGAGTTTGATCMTGGCTCAG; Type: regular 5'; Length: 20; Trimmed: 68808 times

Minimum overlap: 3
No. of allowed errors:
1-9 bp: 0; 10-19 bp: 1; 20 bp: 2

Overview of removed sequences
length	count	expect	max.err	error counts
3	260	12889.1	0	260
4	35	3222.3	0	35
5	7	805.6	0	7
6	5	201.4	0	5
7	39	50.3	0	39
8	3	12.6	0	3
9	3	3.1	0	3
10	10	0.8	1	6 4
11	3	0.2	1	2 1
12	3	0.0	1	1 2
13	1	0.0	1	1
14	1	0.0	1	0 1
16	3	0.0	1	1 2
17	87	0.0	1	28 59
18	99	0.0	1	59 37 3
19	377	0.0	1	57 272 48
20	67768	0.0	2	35687 26937 5144
21	95	0.0	2	25 49 21
24	3	0.0	2	2 1
30	2	0.0	2	0 1 1
162	1	0.0	2	0 1
163	3	0.0	2	1 0 2


=== Second read: Adapter 2 ===

Sequence: GGACCGTGTCTCAGTTCCAG; Type: regular 5'; Length: 20; Trimmed: 70476 times

Minimum overlap: 3
No. of allowed errors:
1-9 bp: 0; 10-19 bp: 1; 20 bp: 2

Overview of removed sequences
length	count	expect	max.err	error counts
3	422	12889.1	0	422
4	735	3222.3	0	735
5	18	805.6	0	18
7	14	50.3	0	14
8	6	12.6	0	6
9	40	3.1	0	39 1
11	3	0.2	1	3
12	5	0.0	1	5
13	14	0.0	1	14
14	4	0.0	1	4
15	12	0.0	1	11 1
16	22	0.0	1	21 1
17	126	0.0	1	119 7
18	214	0.0	1	197 8 9
19	736	0.0	1	552 183 1
20	67698	0.0	2	65451 2015 232
21	315	0.0	2	189 119 7
22	2	0.0	2	2
23	1	0.0	2	1
24	4	0.0	2	4
25	1	0.0	2	1
26	1	0.0	2	1
28	1	0.0	2	0 1
30	8	0.0	2	7 1
32	2	0.0	2	2
33	3	0.0	2	3
40	1	0.0	2	1
52	1	0.0	2	0 1
53	1	0.0	2	0 0 1
61	1	0.0	2	1
62	2	0.0	2	1 0 1
63	3	0.0	2	3
71	1	0.0	2	0 1
116	1	0.0	2	1
162	6	0.0	2	5 1
163	47	0.0	2	39 8
164	2	0.0	2	1 0 1
197	1	0.0	2	1
233	1	0.0	2	1
290	1	0.0	2	1
