This is cutadapt 5.2 with Python 3.13.14
Command line parameters: -g AGAGTTTGATCMTGGCTCAG -G GGACCGTGTCTCAGTTCCAG --discard-untrimmed -e 0.1 --minimum-length 50 -j 4 -o results/region/V1_V2/trimmed/RnDD_260801_26_RnDD-16S_n0_R1.fq.gz -p results/region/V1_V2/trimmed/RnDD_260801_26_RnDD-16S_n0_R2.fq.gz /media/genomed/DATA_15Tb/16s_3run/RnDD_260801_26_RnDD-16S_n0/202608012056_RA01230801023_5P251211086US292659BX_RnD_16S_260801_RnDD_260801_26_RnDD-16S_n0_L00_R1.fq.gz /media/genomed/DATA_15Tb/16s_3run/RnDD_260801_26_RnDD-16S_n0/202608012056_RA01230801023_5P251211086US292659BX_RnD_16S_260801_RnDD_260801_26_RnDD-16S_n0_L00_R2.fq.gz
Processing paired-end reads on 4 cores ...

=== Summary ===

Total read pairs processed:            767,889
  Read 1 with adapter:                  66,824 (8.7%)
  Read 2 with adapter:                  67,729 (8.8%)

== Read fate breakdown ==
Pairs that were too short:                   2 (0.0%)
Pairs discarded as untrimmed:          702,886 (91.5%)
Pairs written (passing filters):        65,001 (8.5%)

Total basepairs processed:   460,733,400 bp
  Read 1:   230,366,700 bp
  Read 2:   230,366,700 bp
Total written (filtered):     36,395,632 bp (7.9%)
  Read 1:    18,200,299 bp
  Read 2:    18,195,333 bp

=== First read: Adapter 1 ===

Sequence: AGAGTTTGATCMTGGCTCAG; Type: regular 5'; Length: 20; Trimmed: 66824 times

Minimum overlap: 3
No. of allowed errors:
1-9 bp: 0; 10-19 bp: 1; 20 bp: 2

Overview of removed sequences
length	count	expect	max.err	error counts
3	278	11998.3	0	278
4	44	2999.6	0	44
5	9	749.9	0	9
6	5	187.5	0	5
7	46	46.9	0	46
8	4	11.7	0	4
9	1	2.9	0	1
10	6	0.7	1	3 3
11	1	0.2	1	0 1
12	3	0.0	1	3
13	5	0.0	1	5
14	1	0.0	1	1
15	3	0.0	1	3
16	2	0.0	1	1 1
17	85	0.0	1	34 51
18	75	0.0	1	53 22
19	324	0.0	1	52 231 41
20	65812	0.0	2	33193 27129 5490
21	104	0.0	2	20 54 30
24	3	0.0	2	1 2
39	1	0.0	2	0 0 1
67	1	0.0	2	0 1
160	2	0.0	2	0 0 2
162	2	0.0	2	1 0 1
163	6	0.0	2	2 3 1
182	1	0.0	2	0 0 1


=== Second read: Adapter 2 ===

Sequence: GGACCGTGTCTCAGTTCCAG; Type: regular 5'; Length: 20; Trimmed: 67729 times

Minimum overlap: 3
No. of allowed errors:
1-9 bp: 0; 10-19 bp: 1; 20 bp: 2

Overview of removed sequences
length	count	expect	max.err	error counts
3	372	11998.3	0	372
4	111	2999.6	0	111
5	17	749.9	0	17
6	2	187.5	0	2
7	16	46.9	0	16
8	8	11.7	0	8
9	38	2.9	0	38
10	1	0.7	1	1
11	2	0.2	1	2
12	2	0.0	1	2
13	7	0.0	1	7
14	5	0.0	1	5
15	11	0.0	1	9 2
16	24	0.0	1	21 3
17	153	0.0	1	146 7
18	202	0.0	1	172 15 15
19	634	0.0	1	467 160 7
20	65746	0.0	2	63485 2000 261
21	289	0.0	2	162 124 3
22	2	0.0	2	2
24	2	0.0	2	2
25	2	0.0	2	2
26	1	0.0	2	1
27	1	0.0	2	0 1
28	1	0.0	2	1
30	8	0.0	2	8
32	1	0.0	2	0 1
33	2	0.0	2	2
36	1	0.0	2	1
44	1	0.0	2	1
46	1	0.0	2	0 1
55	1	0.0	2	1
61	1	0.0	2	1
64	1	0.0	2	0 1
65	1	0.0	2	0 1
67	1	0.0	2	1
68	1	0.0	2	1
70	1	0.0	2	1
71	1	0.0	2	1
72	1	0.0	2	1
73	1	0.0	2	1
122	1	0.0	2	1
161	2	0.0	2	2
163	50	0.0	2	44 5 1
214	1	0.0	2	0 1
290	2	0.0	2	1 1
