This is cutadapt 5.2 with Python 3.13.14
Command line parameters: -g AGAGTTTGATCMTGGCTCAG -G GGACCGTGTCTCAGTTCCAG --discard-untrimmed -e 0.1 --minimum-length 50 -j 4 -o results/region/V1_V2/trimmed/RnDD_260801_16_RnDD-16S_n0_R1.fq.gz -p results/region/V1_V2/trimmed/RnDD_260801_16_RnDD-16S_n0_R2.fq.gz /media/genomed/DATA_15Tb/16s_3run/RnDD_260801_16_RnDD-16S_n0/202608012056_RA01230801023_5P251211086US292659BX_RnD_16S_260801_RnDD_260801_16_RnDD-16S_n0_L00_R1.fq.gz /media/genomed/DATA_15Tb/16s_3run/RnDD_260801_16_RnDD-16S_n0/202608012056_RA01230801023_5P251211086US292659BX_RnD_16S_260801_RnDD_260801_16_RnDD-16S_n0_L00_R2.fq.gz
Processing paired-end reads on 4 cores ...

=== Summary ===

Total read pairs processed:            948,553
  Read 1 with adapter:                 161,439 (17.0%)
  Read 2 with adapter:                 164,203 (17.3%)

== Read fate breakdown ==
Pairs that were too short:                   1 (0.0%)
Pairs discarded as untrimmed:          790,483 (83.3%)
Pairs written (passing filters):       158,069 (16.7%)

Total basepairs processed:   569,131,800 bp
  Read 1:   284,565,900 bp
  Read 2:   284,565,900 bp
Total written (filtered):     88,509,947 bp (15.6%)
  Read 1:    44,257,852 bp
  Read 2:    44,252,095 bp

=== First read: Adapter 1 ===

Sequence: AGAGTTTGATCMTGGCTCAG; Type: regular 5'; Length: 20; Trimmed: 161439 times

Minimum overlap: 3
No. of allowed errors:
1-9 bp: 0; 10-19 bp: 1; 20 bp: 2

Overview of removed sequences
length	count	expect	max.err	error counts
3	406	14821.1	0	406
4	53	3705.3	0	53
5	12	926.3	0	12
6	4	231.6	0	4
7	37	57.9	0	37
8	3	14.5	0	3
10	2	0.9	1	0 2
11	2	0.2	1	1 1
12	5	0.1	1	5
13	3	0.0	1	2 1
14	4	0.0	1	2 2
15	2	0.0	1	2
16	1	0.0	1	1
17	116	0.0	1	39 77
18	135	0.0	1	86 45 4
19	705	0.0	1	68 450 187
20	159689	0.0	2	81069 65930 12690
21	219	0.0	2	63 114 42
24	11	0.0	2	7 3 1
25	1	0.0	2	1
32	1	0.0	2	0 1
40	1	0.0	2	1
51	1	0.0	2	0 0 1
110	1	0.0	2	0 0 1
118	1	0.0	2	0 0 1
130	1	0.0	2	1
162	1	0.0	2	1
163	19	0.0	2	5 10 4
164	1	0.0	2	0 1
188	1	0.0	2	0 1
282	1	0.0	2	0 1


=== Second read: Adapter 2 ===

Sequence: GGACCGTGTCTCAGTTCCAG; Type: regular 5'; Length: 20; Trimmed: 164203 times

Minimum overlap: 3
No. of allowed errors:
1-9 bp: 0; 10-19 bp: 1; 20 bp: 2

Overview of removed sequences
length	count	expect	max.err	error counts
3	2192	14821.1	0	2192
4	483	3705.3	0	483
5	5	926.3	0	5
6	2	231.6	0	2
7	7	57.9	0	7
8	1	14.5	0	1
9	6	3.6	0	6
11	7	0.2	1	6 1
12	5	0.1	1	5
13	21	0.0	1	21
14	6	0.0	1	5 1
15	17	0.0	1	16 1
16	24	0.0	1	22 2
17	131	0.0	1	128 3
18	213	0.0	1	187 13 13
19	993	0.0	1	695 295 3
20	159308	0.0	2	154693 4036 579
21	672	0.0	2	498 166 8
24	5	0.0	2	4 1
25	3	0.0	2	3
26	1	0.0	2	1
30	12	0.0	2	11 1
31	2	0.0	2	2
32	4	0.0	2	4
33	4	0.0	2	4
35	1	0.0	2	1
40	1	0.0	2	0 0 1
137	1	0.0	2	1
161	1	0.0	2	0 1
162	8	0.0	2	7 0 1
163	65	0.0	2	53 11 1
164	2	0.0	2	2
