This is cutadapt 5.2 with Python 3.13.14
Command line parameters: -g AGAGTTTGATCMTGGCTCAG -G GGACCGTGTCTCAGTTCCAG --discard-untrimmed -e 0.1 --minimum-length 50 -j 4 -o results/region/V1_V2/trimmed/RnDD_260801_24_RnDD-16S_n0_R1.fq.gz -p results/region/V1_V2/trimmed/RnDD_260801_24_RnDD-16S_n0_R2.fq.gz /media/genomed/DATA_15Tb/16s_3run/RnDD_260801_24_RnDD-16S_n0/202608012056_RA01230801023_5P251211086US292659BX_RnD_16S_260801_RnDD_260801_24_RnDD-16S_n0_L00_R1.fq.gz /media/genomed/DATA_15Tb/16s_3run/RnDD_260801_24_RnDD-16S_n0/202608012056_RA01230801023_5P251211086US292659BX_RnD_16S_260801_RnDD_260801_24_RnDD-16S_n0_L00_R2.fq.gz
Processing paired-end reads on 4 cores ...

=== Summary ===

Total read pairs processed:            365,781
  Read 1 with adapter:                  24,639 (6.7%)
  Read 2 with adapter:                  25,280 (6.9%)

== Read fate breakdown ==
Pairs that were too short:                   6 (0.0%)
Pairs discarded as untrimmed:          341,882 (93.5%)
Pairs written (passing filters):        23,893 (6.5%)

Total basepairs processed:   219,468,600 bp
  Read 1:   109,734,300 bp
  Read 2:   109,734,300 bp
Total written (filtered):     13,382,405 bp (6.1%)
  Read 1:     6,691,863 bp
  Read 2:     6,690,542 bp

=== First read: Adapter 1 ===

Sequence: AGAGTTTGATCMTGGCTCAG; Type: regular 5'; Length: 20; Trimmed: 24639 times

Minimum overlap: 3
No. of allowed errors:
1-9 bp: 0; 10-19 bp: 1; 20 bp: 2

Overview of removed sequences
length	count	expect	max.err	error counts
3	207	5715.3	0	207
4	14	1428.8	0	14
5	6	357.2	0	6
6	3	89.3	0	3
7	72	22.3	0	72
8	3	5.6	0	3
9	3	1.4	0	3
10	15	0.3	1	13 2
11	1	0.1	1	1
12	4	0.0	1	4
14	5	0.0	1	2 3
15	3	0.0	1	2 1
16	7	0.0	1	1 6
17	47	0.0	1	15 32
18	50	0.0	1	35 14 1
19	156	0.0	1	30 112 14
20	24000	0.0	2	12725 9460 1815
21	39	0.0	2	16 18 5
24	1	0.0	2	1
30	1	0.0	2	0 1
32	1	0.0	2	1
163	1	0.0	2	0 0 1


=== Second read: Adapter 2 ===

Sequence: GGACCGTGTCTCAGTTCCAG; Type: regular 5'; Length: 20; Trimmed: 25280 times

Minimum overlap: 3
No. of allowed errors:
1-9 bp: 0; 10-19 bp: 1; 20 bp: 2

Overview of removed sequences
length	count	expect	max.err	error counts
3	178	5715.3	0	178
4	366	1428.8	0	366
5	12	357.2	0	12
6	1	89.3	0	1
7	11	22.3	0	11
8	19	5.6	0	19
9	25	1.4	0	25
11	2	0.1	1	1 1
12	1	0.0	1	1
13	8	0.0	1	8
14	7	0.0	1	7
15	6	0.0	1	6
16	20	0.0	1	19 1
17	56	0.0	1	52 4
18	122	0.0	1	101 13 8
19	260	0.0	1	193 64 3
20	24031	0.0	2	22920 1001 110
21	133	0.0	2	82 48 3
22	1	0.0	2	0 1
24	2	0.0	2	2
26	1	0.0	2	1
33	1	0.0	2	0 1
61	1	0.0	2	1
160	1	0.0	2	0 1
163	9	0.0	2	6 2 1
291	5	0.0	2	0 0 5
292	1	0.0	2	0 0 1
