This is cutadapt 5.2 with Python 3.13.14
Command line parameters: -g AGAGTTTGATCMTGGCTCAG -G GGACCGTGTCTCAGTTCCAG --discard-untrimmed -e 0.1 --minimum-length 50 -j 4 -o results/region/V1_V2/trimmed/RnDD_260801_27_RnDD-16S_n0_R1.fq.gz -p results/region/V1_V2/trimmed/RnDD_260801_27_RnDD-16S_n0_R2.fq.gz /media/genomed/DATA_15Tb/16s_3run/RnDD_260801_27_RnDD-16S_n0/202608012056_RA01230801023_5P251211086US292659BX_RnD_16S_260801_RnDD_260801_27_RnDD-16S_n0_L00_R1.fq.gz /media/genomed/DATA_15Tb/16s_3run/RnDD_260801_27_RnDD-16S_n0/202608012056_RA01230801023_5P251211086US292659BX_RnD_16S_260801_RnDD_260801_27_RnDD-16S_n0_L00_R2.fq.gz
Processing paired-end reads on 4 cores ...

=== Summary ===

Total read pairs processed:            451,931
  Read 1 with adapter:                  75,209 (16.6%)
  Read 2 with adapter:                  75,993 (16.8%)

== Read fate breakdown ==
Pairs that were too short:                   2 (0.0%)
Pairs discarded as untrimmed:          378,613 (83.8%)
Pairs written (passing filters):        73,316 (16.2%)

Total basepairs processed:   271,158,600 bp
  Read 1:   135,579,300 bp
  Read 2:   135,579,300 bp
Total written (filtered):     41,064,346 bp (15.1%)
  Read 1:    20,536,522 bp
  Read 2:    20,527,824 bp

=== First read: Adapter 1 ===

Sequence: AGAGTTTGATCMTGGCTCAG; Type: regular 5'; Length: 20; Trimmed: 75209 times

Minimum overlap: 3
No. of allowed errors:
1-9 bp: 0; 10-19 bp: 1; 20 bp: 2

Overview of removed sequences
length	count	expect	max.err	error counts
3	305	7061.4	0	305
4	36	1765.4	0	36
5	32	441.3	0	32
6	58	110.3	0	58
7	502	27.6	0	502
8	9	6.9	0	9
9	15	1.7	0	15
10	64	0.4	1	38 26
11	3	0.1	1	1 2
12	10	0.0	1	8 2
13	8	0.0	1	6 2
14	8	0.0	1	5 3
15	8	0.0	1	7 1
16	3	0.0	1	0 3
17	120	0.0	1	52 68
18	147	0.0	1	102 43 2
19	331	0.0	1	64 228 39
20	73408	0.0	2	37572 29723 6113
21	124	0.0	2	22 62 40
22	1	0.0	2	0 0 1
24	3	0.0	2	1 2
29	1	0.0	2	1
30	1	0.0	2	0 1
32	1	0.0	2	0 1
131	1	0.0	2	0 1
162	1	0.0	2	1
163	7	0.0	2	2 5
164	1	0.0	2	1
255	1	0.0	2	0 0 1


=== Second read: Adapter 2 ===

Sequence: GGACCGTGTCTCAGTTCCAG; Type: regular 5'; Length: 20; Trimmed: 75993 times

Minimum overlap: 3
No. of allowed errors:
1-9 bp: 0; 10-19 bp: 1; 20 bp: 2

Overview of removed sequences
length	count	expect	max.err	error counts
3	185	7061.4	0	185
4	266	1765.4	0	266
5	73	441.3	0	73
6	12	110.3	0	12
7	66	27.6	0	66
8	19	6.9	0	19
9	55	1.7	0	55
10	1	0.4	1	1
11	4	0.1	1	4
12	3	0.0	1	3
13	22	0.0	1	20 2
14	13	0.0	1	13
15	28	0.0	1	27 1
16	53	0.0	1	51 2
17	164	0.0	1	154 10
18	368	0.0	1	336 18 14
19	736	0.0	1	547 186 3
20	73522	0.0	2	70842 2382 298
21	348	0.0	2	241 104 3
23	1	0.0	2	1
24	1	0.0	2	1
26	1	0.0	2	1
28	2	0.0	2	2
30	3	0.0	2	3
31	3	0.0	2	1 2
32	2	0.0	2	1 1
33	1	0.0	2	0 0 1
36	1	0.0	2	1
154	1	0.0	2	1
155	1	0.0	2	1
157	1	0.0	2	1
160	2	0.0	2	0 0 2
161	1	0.0	2	0 0 1
162	1	0.0	2	1
163	29	0.0	2	26 3
164	2	0.0	2	2
210	1	0.0	2	1
291	1	0.0	2	0 0 1
