This is cutadapt 5.2 with Python 3.13.14
Command line parameters: -g AGAGTTTGATCMTGGCTCAG -G GGACCGTGTCTCAGTTCCAG --discard-untrimmed -e 0.1 --minimum-length 50 -j 4 -o results/region/V1_V2/trimmed/RnDD_260713_15_RnDD-16S_n0_R1.fq.gz -p results/region/V1_V2/trimmed/RnDD_260713_15_RnDD-16S_n0_R2.fq.gz data/raw/RnDD_260713_15_RnDD-16S_n0/202607132008_RA01230801023_5P260413092US292662D3_RnD_SRSLY_16S_NPO_260713_RnDD_260713_15_RnDD-16S_n0_L00_R1.fq.gz data/raw/RnDD_260713_15_RnDD-16S_n0/202607132008_RA01230801023_5P260413092US292662D3_RnD_SRSLY_16S_NPO_260713_RnDD_260713_15_RnDD-16S_n0_L00_R2.fq.gz
Processing paired-end reads on 4 cores ...

=== Summary ===

Total read pairs processed:            379,155
  Read 1 with adapter:                  24,632 (6.5%)
  Read 2 with adapter:                  24,648 (6.5%)

== Read fate breakdown ==
Pairs that were too short:                   1 (0.0%)
Pairs discarded as untrimmed:          355,752 (93.8%)
Pairs written (passing filters):        23,402 (6.2%)

Total basepairs processed:   113,746,500 bp
  Read 1:    56,873,250 bp
  Read 2:    56,873,250 bp
Total written (filtered):      6,085,525 bp (5.4%)
  Read 1:     3,042,999 bp
  Read 2:     3,042,526 bp

=== First read: Adapter 1 ===

Sequence: AGAGTTTGATCMTGGCTCAG; Type: regular 5'; Length: 20; Trimmed: 24632 times

Minimum overlap: 3
No. of allowed errors:
1-9 bp: 0; 10-19 bp: 1; 20 bp: 2

Overview of removed sequences
length	count	expect	max.err	error counts
3	640	5924.3	0	640
4	38	1481.1	0	38
5	8	370.3	0	8
6	2	92.6	0	2
7	13	23.1	0	13
8	1	5.8	0	1
10	1	0.4	1	1
12	2	0.0	1	2
14	1	0.0	1	1
16	5	0.0	1	5
17	57	0.0	1	57
18	21	0.0	1	20 0 1
19	148	0.0	1	53 94 1
20	23640	0.0	2	23108 503 29
21	50	0.0	2	11 37 2
22	1	0.0	2	1
30	2	0.0	2	2
31	1	0.0	2	1
36	1	0.0	2	1


=== Second read: Adapter 2 ===

Sequence: GGACCGTGTCTCAGTTCCAG; Type: regular 5'; Length: 20; Trimmed: 24648 times

Minimum overlap: 3
No. of allowed errors:
1-9 bp: 0; 10-19 bp: 1; 20 bp: 2

Overview of removed sequences
length	count	expect	max.err	error counts
3	694	5924.3	0	694
4	63	1481.1	0	63
5	1	370.3	0	1
8	2	5.8	0	2
9	1	1.4	0	1
12	1	0.0	1	1
13	2	0.0	1	2
15	2	0.0	1	2
16	2	0.0	1	2
17	19	0.0	1	19
18	32	0.0	1	25 5 2
19	160	0.0	1	104 52 4
20	23564	0.0	2	22768 719 77
21	100	0.0	2	70 27 3
26	1	0.0	2	1
31	1	0.0	2	1
35	1	0.0	2	1
70	1	0.0	2	0 1
137	1	0.0	2	1
