This is cutadapt 5.2 with Python 3.13.14
Command line parameters: -g AGAGTTTGATCMTGGCTCAG -G GGACCGTGTCTCAGTTCCAG --discard-untrimmed -e 0.1 --minimum-length 50 -j 4 -o results/region/V1_V2/trimmed/RnDD_260801_15_RnDD-16S_n0_R1.fq.gz -p results/region/V1_V2/trimmed/RnDD_260801_15_RnDD-16S_n0_R2.fq.gz /media/genomed/DATA_15Tb/16s_3run/RnDD_260801_15_RnDD-16S_n0/202608012056_RA01230801023_5P251211086US292659BX_RnD_16S_260801_RnDD_260801_15_RnDD-16S_n0_L00_R1.fq.gz /media/genomed/DATA_15Tb/16s_3run/RnDD_260801_15_RnDD-16S_n0/202608012056_RA01230801023_5P251211086US292659BX_RnD_16S_260801_RnDD_260801_15_RnDD-16S_n0_L00_R2.fq.gz
Processing paired-end reads on 4 cores ...

=== Summary ===

Total read pairs processed:            981,816
  Read 1 with adapter:                 154,193 (15.7%)
  Read 2 with adapter:                 156,767 (16.0%)

== Read fate breakdown ==
Pairs that were too short:                   3 (0.0%)
Pairs discarded as untrimmed:          831,329 (84.7%)
Pairs written (passing filters):       150,484 (15.3%)

Total basepairs processed:   589,089,600 bp
  Read 1:   294,544,800 bp
  Read 2:   294,544,800 bp
Total written (filtered):     84,260,889 bp (14.3%)
  Read 1:    42,134,206 bp
  Read 2:    42,126,683 bp

=== First read: Adapter 1 ===

Sequence: AGAGTTTGATCMTGGCTCAG; Type: regular 5'; Length: 20; Trimmed: 154193 times

Minimum overlap: 3
No. of allowed errors:
1-9 bp: 0; 10-19 bp: 1; 20 bp: 2

Overview of removed sequences
length	count	expect	max.err	error counts
3	532	15340.9	0	532
4	64	3835.2	0	64
5	16	958.8	0	16
6	4	239.7	0	4
7	37	59.9	0	37
8	2	15.0	0	2
9	3	3.7	0	3
10	5	0.9	1	2 3
12	4	0.1	1	4
13	1	0.0	1	1
14	3	0.0	1	1 2
15	3	0.0	1	3
16	2	0.0	1	0 2
17	94	0.0	1	22 72
18	138	0.0	1	84 50 4
19	646	0.0	1	93 405 148
20	152414	0.0	2	76955 63198 12261
21	180	0.0	2	54 95 31
22	1	0.0	2	0 1
24	14	0.0	2	6 8
30	1	0.0	2	0 1
32	3	0.0	2	2 1
46	1	0.0	2	0 0 1
136	1	0.0	2	0 0 1
148	1	0.0	2	0 1
161	2	0.0	2	1 1
162	1	0.0	2	0 1
163	18	0.0	2	7 5 6
214	1	0.0	2	0 0 1
218	1	0.0	2	0 1


=== Second read: Adapter 2 ===

Sequence: GGACCGTGTCTCAGTTCCAG; Type: regular 5'; Length: 20; Trimmed: 156767 times

Minimum overlap: 3
No. of allowed errors:
1-9 bp: 0; 10-19 bp: 1; 20 bp: 2

Overview of removed sequences
length	count	expect	max.err	error counts
3	2029	15340.9	0	2029
4	415	3835.2	0	415
5	5	958.8	0	5
7	13	59.9	0	13
8	1	15.0	0	1
9	7	3.7	0	7
10	1	0.9	1	1
11	3	0.2	1	2 1
12	3	0.1	1	3
13	15	0.0	1	15
14	9	0.0	1	8 1
15	21	0.0	1	21
16	25	0.0	1	25
17	146	0.0	1	144 2
18	220	0.0	1	193 11 16
19	901	0.0	1	611 286 4
20	152141	0.0	2	147676 3837 628
21	696	0.0	2	524 163 9
22	1	0.0	2	1
24	5	0.0	2	5
25	1	0.0	2	1
26	1	0.0	2	1
27	1	0.0	2	1
28	1	0.0	2	1
30	13	0.0	2	12 0 1
32	1	0.0	2	1
33	2	0.0	2	2
35	1	0.0	2	1
40	1	0.0	2	1
46	1	0.0	2	1
56	1	0.0	2	1
108	1	0.0	2	1
113	1	0.0	2	1
145	1	0.0	2	1
149	1	0.0	2	1
158	1	0.0	2	1
161	1	0.0	2	1
162	12	0.0	2	9 2 1
163	60	0.0	2	57 3
164	1	0.0	2	1
167	1	0.0	2	0 0 1
188	1	0.0	2	0 1
192	1	0.0	2	1
243	1	0.0	2	0 0 1
252	1	0.0	2	0 1
291	2	0.0	2	0 0 2
