This is cutadapt 5.2 with Python 3.13.14
Command line parameters: -g AGAGTTTGATCMTGGCTCAG -G GGACCGTGTCTCAGTTCCAG --discard-untrimmed -e 0.1 --minimum-length 50 -j 4 -o results/region/V1_V2/trimmed/RnDD_260713_17_RnDD-16S_n0_R1.fq.gz -p results/region/V1_V2/trimmed/RnDD_260713_17_RnDD-16S_n0_R2.fq.gz data/raw/RnDD_260713_17_RnDD-16S_n0/202607132008_RA01230801023_5P260413092US292662D3_RnD_SRSLY_16S_NPO_260713_RnDD_260713_17_RnDD-16S_n0_L00_R1.fq.gz data/raw/RnDD_260713_17_RnDD-16S_n0/202607132008_RA01230801023_5P260413092US292662D3_RnD_SRSLY_16S_NPO_260713_RnDD_260713_17_RnDD-16S_n0_L00_R2.fq.gz
Processing paired-end reads on 4 cores ...

=== Summary ===

Total read pairs processed:             77,432
  Read 1 with adapter:                   1,899 (2.5%)
  Read 2 with adapter:                   1,972 (2.5%)

== Read fate breakdown ==
Pairs that were too short:                   0 (0.0%)
Pairs discarded as untrimmed:           75,642 (97.7%)
Pairs written (passing filters):         1,790 (2.3%)

Total basepairs processed:    23,229,600 bp
  Read 1:    11,614,800 bp
  Read 2:    11,614,800 bp
Total written (filtered):        465,798 bp (2.0%)
  Read 1:       232,984 bp
  Read 2:       232,814 bp

=== First read: Adapter 1 ===

Sequence: AGAGTTTGATCMTGGCTCAG; Type: regular 5'; Length: 20; Trimmed: 1899 times

Minimum overlap: 3
No. of allowed errors:
1-9 bp: 0; 10-19 bp: 1; 20 bp: 2

Overview of removed sequences
length	count	expect	max.err	error counts
3	64	1209.9	0	64
4	1	302.5	0	1
5	2	75.6	0	2
6	2	18.9	0	2
7	9	4.7	0	9
8	1	1.2	0	1
9	2	0.3	0	2
10	1	0.1	1	1
11	1	0.0	1	1
16	4	0.0	1	4
17	13	0.0	1	13
18	4	0.0	1	4
19	21	0.0	1	8 12 1
20	1766	0.0	2	1706 56 4
21	5	0.0	2	0 5
22	1	0.0	2	0 1
28	1	0.0	2	0 1
30	1	0.0	2	1


=== Second read: Adapter 2 ===

Sequence: GGACCGTGTCTCAGTTCCAG; Type: regular 5'; Length: 20; Trimmed: 1972 times

Minimum overlap: 3
No. of allowed errors:
1-9 bp: 0; 10-19 bp: 1; 20 bp: 2

Overview of removed sequences
length	count	expect	max.err	error counts
3	71	1209.9	0	71
4	16	302.5	0	16
5	3	75.6	0	3
9	2	0.3	0	2
12	1	0.0	1	1
13	2	0.0	1	2
15	2	0.0	1	2
16	1	0.0	1	0 1
17	3	0.0	1	2 1
18	16	0.0	1	14 1 1
19	22	0.0	1	17 5
20	1805	0.0	2	1648 135 22
21	27	0.0	2	19 8
91	1	0.0	2	1
