This is cutadapt 5.2 with Python 3.13.14
Command line parameters: -g AGAGTTTGATCMTGGCTCAG -G GGACCGTGTCTCAGTTCCAG --discard-untrimmed -e 0.1 --minimum-length 50 -j 4 -o results/region/V1_V2/trimmed/RnDD_260713_1_RnDD-16S_n0_R1.fq.gz -p results/region/V1_V2/trimmed/RnDD_260713_1_RnDD-16S_n0_R2.fq.gz data/raw/RnDD_260713_1_RnDD-16S_n0/202607132008_RA01230801023_5P260413092US292662D3_RnD_SRSLY_16S_NPO_260713_RnDD_260713_1_RnDD-16S_n0_L00_R1.fq.gz data/raw/RnDD_260713_1_RnDD-16S_n0/202607132008_RA01230801023_5P260413092US292662D3_RnD_SRSLY_16S_NPO_260713_RnDD_260713_1_RnDD-16S_n0_L00_R2.fq.gz
Processing paired-end reads on 4 cores ...

=== Summary ===

Total read pairs processed:            168,195
  Read 1 with adapter:                   8,035 (4.8%)
  Read 2 with adapter:                   8,289 (4.9%)

== Read fate breakdown ==
Pairs that were too short:                   2 (0.0%)
Pairs discarded as untrimmed:          160,911 (95.7%)
Pairs written (passing filters):         7,282 (4.3%)

Total basepairs processed:    50,458,500 bp
  Read 1:    25,229,250 bp
  Read 2:    25,229,250 bp
Total written (filtered):      1,895,338 bp (3.8%)
  Read 1:       947,926 bp
  Read 2:       947,412 bp

=== First read: Adapter 1 ===

Sequence: AGAGTTTGATCMTGGCTCAG; Type: regular 5'; Length: 20; Trimmed: 8035 times

Minimum overlap: 3
No. of allowed errors:
1-9 bp: 0; 10-19 bp: 1; 20 bp: 2

Overview of removed sequences
length	count	expect	max.err	error counts
3	284	2628.0	0	284
4	29	657.0	0	29
5	21	164.3	0	21
6	23	41.1	0	23
7	49	10.3	0	49
8	2	2.6	0	2
10	13	0.2	1	13
12	3	0.0	1	3
13	1	0.0	1	0 1
14	3	0.0	1	3
15	1	0.0	1	1
16	7	0.0	1	5 2
17	36	0.0	1	33 3
18	24	0.0	1	23 1
19	75	0.0	1	33 41 1
20	7446	0.0	2	7222 215 9
21	17	0.0	2	5 12
28	1	0.0	2	1


=== Second read: Adapter 2 ===

Sequence: GGACCGTGTCTCAGTTCCAG; Type: regular 5'; Length: 20; Trimmed: 8289 times

Minimum overlap: 3
No. of allowed errors:
1-9 bp: 0; 10-19 bp: 1; 20 bp: 2

Overview of removed sequences
length	count	expect	max.err	error counts
3	295	2628.0	0	295
4	172	657.0	0	172
5	106	164.3	0	106
6	5	41.1	0	5
7	5	10.3	0	5
8	6	2.6	0	6
9	7	0.6	0	7
12	1	0.0	1	1
13	3	0.0	1	3
14	3	0.0	1	3
15	8	0.0	1	8
16	5	0.0	1	4 1
17	60	0.0	1	60
18	59	0.0	1	55 1 3
19	115	0.0	1	86 29
20	7394	0.0	2	7052 317 25
21	41	0.0	2	30 11
30	1	0.0	2	1
60	1	0.0	2	1
103	1	0.0	2	1
140	1	0.0	2	0 1
