This is cutadapt 5.2 with Python 3.13.14
Command line parameters: -g AGAGTTTGATCMTGGCTCAG -G GGACCGTGTCTCAGTTCCAG --discard-untrimmed -e 0.1 --minimum-length 50 -j 4 -o results/region/V1_V2/trimmed/RnDD_260801_17_RnDD-16S_n0_R1.fq.gz -p results/region/V1_V2/trimmed/RnDD_260801_17_RnDD-16S_n0_R2.fq.gz /media/genomed/DATA_15Tb/16s_3run/RnDD_260801_17_RnDD-16S_n0/202608012056_RA01230801023_5P251211086US292659BX_RnD_16S_260801_RnDD_260801_17_RnDD-16S_n0_L00_R1.fq.gz /media/genomed/DATA_15Tb/16s_3run/RnDD_260801_17_RnDD-16S_n0/202608012056_RA01230801023_5P251211086US292659BX_RnD_16S_260801_RnDD_260801_17_RnDD-16S_n0_L00_R2.fq.gz
Processing paired-end reads on 4 cores ...

=== Summary ===

Total read pairs processed:            137,853
  Read 1 with adapter:                  12,970 (9.4%)
  Read 2 with adapter:                  13,240 (9.6%)

== Read fate breakdown ==
Pairs that were too short:                   1 (0.0%)
Pairs discarded as untrimmed:          125,361 (90.9%)
Pairs written (passing filters):        12,491 (9.1%)

Total basepairs processed:    82,711,800 bp
  Read 1:    41,355,900 bp
  Read 2:    41,355,900 bp
Total written (filtered):      6,996,005 bp (8.5%)
  Read 1:     3,498,439 bp
  Read 2:     3,497,566 bp

=== First read: Adapter 1 ===

Sequence: AGAGTTTGATCMTGGCTCAG; Type: regular 5'; Length: 20; Trimmed: 12970 times

Minimum overlap: 3
No. of allowed errors:
1-9 bp: 0; 10-19 bp: 1; 20 bp: 2

Overview of removed sequences
length	count	expect	max.err	error counts
3	101	2154.0	0	101
4	12	538.5	0	12
5	4	134.6	0	4
6	3	33.7	0	3
7	39	8.4	0	39
8	2	2.1	0	2
9	1	0.5	0	1
10	4	0.1	1	4
11	2	0.0	1	1 1
12	2	0.0	1	1 1
13	4	0.0	1	4
14	6	0.0	1	5 1
15	1	0.0	1	1
16	2	0.0	1	0 2
17	26	0.0	1	7 19
18	36	0.0	1	25 10 1
19	79	0.0	1	17 54 8
20	12623	0.0	2	6570 5024 1029
21	22	0.0	2	5 14 3
27	1	0.0	2	0 0 1


=== Second read: Adapter 2 ===

Sequence: GGACCGTGTCTCAGTTCCAG; Type: regular 5'; Length: 20; Trimmed: 13240 times

Minimum overlap: 3
No. of allowed errors:
1-9 bp: 0; 10-19 bp: 1; 20 bp: 2

Overview of removed sequences
length	count	expect	max.err	error counts
3	120	2154.0	0	120
4	227	538.5	0	227
5	8	134.6	0	8
6	2	33.7	0	2
7	5	8.4	0	5
8	7	2.1	0	7
9	19	0.5	0	19
11	1	0.0	1	1
12	2	0.0	1	2
13	7	0.0	1	7
14	1	0.0	1	1
15	6	0.0	1	6
16	10	0.0	1	8 2
17	34	0.0	1	33 1
18	94	0.0	1	88 3 3
19	158	0.0	1	106 50 2
20	12372	0.0	2	11661 606 105
21	157	0.0	2	122 33 2
24	1	0.0	2	1
26	1	0.0	2	1
161	1	0.0	2	1
162	1	0.0	2	1
163	3	0.0	2	3
164	1	0.0	2	1
245	1	0.0	2	0 1
291	1	0.0	2	0 0 1
