This is cutadapt 5.2 with Python 3.13.14
Command line parameters: -g AGAGTTTGATCMTGGCTCAG -G GGACCGTGTCTCAGTTCCAG --discard-untrimmed -e 0.1 --minimum-length 50 -j 4 -o results/region/V1_V2/trimmed/RnDD_260801_5_RnDD-16S_n0_R1.fq.gz -p results/region/V1_V2/trimmed/RnDD_260801_5_RnDD-16S_n0_R2.fq.gz /media/genomed/DATA_15Tb/16s_3run/RnDD_260801_5_RnDD-16S_n0/202608012056_RA01230801023_5P251211086US292659BX_RnD_16S_260801_RnDD_260801_5_RnDD-16S_n0_L00_R1.fq.gz /media/genomed/DATA_15Tb/16s_3run/RnDD_260801_5_RnDD-16S_n0/202608012056_RA01230801023_5P251211086US292659BX_RnD_16S_260801_RnDD_260801_5_RnDD-16S_n0_L00_R2.fq.gz
Processing paired-end reads on 4 cores ...

=== Summary ===

Total read pairs processed:            276,271
  Read 1 with adapter:                  22,589 (8.2%)
  Read 2 with adapter:                  23,283 (8.4%)

== Read fate breakdown ==
Pairs that were too short:                   2 (0.0%)
Pairs discarded as untrimmed:          255,191 (92.4%)
Pairs written (passing filters):        21,078 (7.6%)

Total basepairs processed:   165,762,600 bp
  Read 1:    82,881,300 bp
  Read 2:    82,881,300 bp
Total written (filtered):     11,804,357 bp (7.1%)
  Read 1:     5,903,027 bp
  Read 2:     5,901,330 bp

=== First read: Adapter 1 ===

Sequence: AGAGTTTGATCMTGGCTCAG; Type: regular 5'; Length: 20; Trimmed: 22589 times

Minimum overlap: 3
No. of allowed errors:
1-9 bp: 0; 10-19 bp: 1; 20 bp: 2

Overview of removed sequences
length	count	expect	max.err	error counts
3	375	4316.7	0	375
4	22	1079.2	0	22
5	18	269.8	0	18
6	7	67.4	0	7
7	61	16.9	0	61
8	2	4.2	0	2
9	7	1.1	0	7
10	9	0.3	1	3 6
11	5	0.1	1	1 4
12	6	0.0	1	6
13	5	0.0	1	4 1
14	10	0.0	1	5 5
15	1	0.0	1	1
16	5	0.0	1	2 3
17	67	0.0	1	31 36
18	69	0.0	1	48 20 1
19	154	0.0	1	26 112 16
20	21717	0.0	2	11320 8738 1659
21	42	0.0	2	6 26 10
32	3	0.0	2	2 0 1
135	1	0.0	2	0 1
163	2	0.0	2	0 2
165	1	0.0	2	0 0 1


=== Second read: Adapter 2 ===

Sequence: GGACCGTGTCTCAGTTCCAG; Type: regular 5'; Length: 20; Trimmed: 23283 times

Minimum overlap: 3
No. of allowed errors:
1-9 bp: 0; 10-19 bp: 1; 20 bp: 2

Overview of removed sequences
length	count	expect	max.err	error counts
3	286	4316.7	0	286
4	856	1079.2	0	856
5	45	269.8	0	45
6	4	67.4	0	4
7	13	16.9	0	13
8	13	4.2	0	13
9	38	1.1	0	37 1
11	4	0.1	1	4
12	1	0.0	1	1
13	14	0.0	1	14
14	10	0.0	1	10
15	10	0.0	1	8 2
16	17	0.0	1	16 1
17	102	0.0	1	100 2
18	190	0.0	1	174 9 7
19	277	0.0	1	203 72 2
20	21103	0.0	2	20053 888 162
21	270	0.0	2	229 38 3
23	1	0.0	2	1
24	1	0.0	2	1
26	1	0.0	2	1
30	1	0.0	2	0 1
33	1	0.0	2	1
34	1	0.0	2	1
39	1	0.0	2	1
61	1	0.0	2	1
98	1	0.0	2	1
154	1	0.0	2	1
162	2	0.0	2	2
163	16	0.0	2	14 2
291	2	0.0	2	0 1 1
