This is cutadapt 5.2 with Python 3.13.14
Command line parameters: -g AGAGTTTGATCMTGGCTCAG -G GGACCGTGTCTCAGTTCCAG --discard-untrimmed -e 0.1 --minimum-length 50 -j 4 -o results/region/V1_V2/trimmed/RnDD_260801_7_RnDD-16S_n0_R1.fq.gz -p results/region/V1_V2/trimmed/RnDD_260801_7_RnDD-16S_n0_R2.fq.gz /media/genomed/DATA_15Tb/16s_3run/RnDD_260801_7_RnDD-16S_n0/202608012056_RA01230801023_5P251211086US292659BX_RnD_16S_260801_RnDD_260801_7_RnDD-16S_n0_L00_R1.fq.gz /media/genomed/DATA_15Tb/16s_3run/RnDD_260801_7_RnDD-16S_n0/202608012056_RA01230801023_5P251211086US292659BX_RnD_16S_260801_RnDD_260801_7_RnDD-16S_n0_L00_R2.fq.gz
Processing paired-end reads on 4 cores ...

=== Summary ===

Total read pairs processed:            408,293
  Read 1 with adapter:                  57,575 (14.1%)
  Read 2 with adapter:                  57,763 (14.1%)

== Read fate breakdown ==
Pairs that were too short:                   1 (0.0%)
Pairs discarded as untrimmed:          353,011 (86.5%)
Pairs written (passing filters):        55,281 (13.5%)

Total basepairs processed:   244,975,800 bp
  Read 1:   122,487,900 bp
  Read 2:   122,487,900 bp
Total written (filtered):     30,958,097 bp (12.6%)
  Read 1:    15,480,531 bp
  Read 2:    15,477,566 bp

=== First read: Adapter 1 ===

Sequence: AGAGTTTGATCMTGGCTCAG; Type: regular 5'; Length: 20; Trimmed: 57575 times

Minimum overlap: 3
No. of allowed errors:
1-9 bp: 0; 10-19 bp: 1; 20 bp: 2

Overview of removed sequences
length	count	expect	max.err	error counts
3	390	6379.6	0	390
4	22	1594.9	0	22
5	25	398.7	0	25
6	22	99.7	0	22
7	93	24.9	0	93
8	5	6.2	0	5
9	5	1.6	0	5
10	12	0.4	1	4 8
11	3	0.1	1	3
12	4	0.0	1	4
13	2	0.0	1	1 1
14	5	0.0	1	3 2
16	2	0.0	1	0 2
17	50	0.0	1	16 34
18	67	0.0	1	45 20 2
19	208	0.0	1	35 146 27
20	56560	0.0	2	29571 22640 4349
21	92	0.0	2	31 39 22
24	3	0.0	2	2 0 1
32	1	0.0	2	0 1
44	1	0.0	2	1
51	1	0.0	2	0 1
142	1	0.0	2	0 1
163	1	0.0	2	0 1


=== Second read: Adapter 2 ===

Sequence: GGACCGTGTCTCAGTTCCAG; Type: regular 5'; Length: 20; Trimmed: 57763 times

Minimum overlap: 3
No. of allowed errors:
1-9 bp: 0; 10-19 bp: 1; 20 bp: 2

Overview of removed sequences
length	count	expect	max.err	error counts
3	305	6379.6	0	305
4	314	1594.9	0	314
5	92	398.7	0	92
6	4	99.7	0	4
7	19	24.9	0	19
8	23	6.2	0	23
9	28	1.6	0	28
11	5	0.1	1	4 1
12	1	0.0	1	1
13	5	0.0	1	5
14	5	0.0	1	5
15	15	0.0	1	15
16	21	0.0	1	19 2
17	137	0.0	1	133 4
18	180	0.0	1	161 15 4
19	532	0.0	1	412 118 2
20	55770	0.0	2	54160 1400 210
21	268	0.0	2	185 80 3
22	1	0.0	2	1
24	3	0.0	2	3
30	2	0.0	2	2
32	4	0.0	2	4
35	1	0.0	2	1
36	1	0.0	2	1
44	1	0.0	2	1
67	1	0.0	2	1
125	1	0.0	2	1
141	1	0.0	2	1
142	1	0.0	2	1
162	3	0.0	2	3
163	17	0.0	2	15 1 1
197	1	0.0	2	1
291	1	0.0	2	0 0 1
