This is cutadapt 5.2 with Python 3.13.14
Command line parameters: -g AGAGTTTGATCMTGGCTCAG -G GGACCGTGTCTCAGTTCCAG --discard-untrimmed -e 0.1 --minimum-length 50 -j 4 -o results/region/V1_V2/trimmed/RnDD_260801_4_RnDD-16S_n0_R1.fq.gz -p results/region/V1_V2/trimmed/RnDD_260801_4_RnDD-16S_n0_R2.fq.gz /media/genomed/DATA_15Tb/16s_3run/RnDD_260801_4_RnDD-16S_n0/202608012056_RA01230801023_5P251211086US292659BX_RnD_16S_260801_RnDD_260801_4_RnDD-16S_n0_L00_R1.fq.gz /media/genomed/DATA_15Tb/16s_3run/RnDD_260801_4_RnDD-16S_n0/202608012056_RA01230801023_5P251211086US292659BX_RnD_16S_260801_RnDD_260801_4_RnDD-16S_n0_L00_R2.fq.gz
Processing paired-end reads on 4 cores ...

=== Summary ===

Total read pairs processed:            486,736
  Read 1 with adapter:                  42,091 (8.6%)
  Read 2 with adapter:                  42,607 (8.8%)

== Read fate breakdown ==
Pairs that were too short:                   1 (0.0%)
Pairs discarded as untrimmed:          447,026 (91.8%)
Pairs written (passing filters):        39,709 (8.2%)

Total basepairs processed:   292,041,600 bp
  Read 1:   146,020,800 bp
  Read 2:   146,020,800 bp
Total written (filtered):     22,239,627 bp (7.6%)
  Read 1:    11,120,840 bp
  Read 2:    11,118,787 bp

=== First read: Adapter 1 ===

Sequence: AGAGTTTGATCMTGGCTCAG; Type: regular 5'; Length: 20; Trimmed: 42091 times

Minimum overlap: 3
No. of allowed errors:
1-9 bp: 0; 10-19 bp: 1; 20 bp: 2

Overview of removed sequences
length	count	expect	max.err	error counts
3	621	7605.2	0	621
4	60	1901.3	0	60
5	56	475.3	0	56
6	54	118.8	0	54
7	94	29.7	0	94
8	2	7.4	0	2
9	10	1.9	0	10
10	11	0.5	1	4 7
12	6	0.0	1	4 2
13	1	0.0	1	0 1
14	2	0.0	1	1 1
15	3	0.0	1	2 1
17	39	0.0	1	18 21
18	55	0.0	1	34 21
19	168	0.0	1	33 116 19
20	40843	0.0	2	21187 16320 3336
21	65	0.0	2	17 33 15
24	1	0.0	2	1


=== Second read: Adapter 2 ===

Sequence: GGACCGTGTCTCAGTTCCAG; Type: regular 5'; Length: 20; Trimmed: 42607 times

Minimum overlap: 3
No. of allowed errors:
1-9 bp: 0; 10-19 bp: 1; 20 bp: 2

Overview of removed sequences
length	count	expect	max.err	error counts
3	557	7605.2	0	557
4	700	1901.3	0	700
5	160	475.3	0	160
6	9	118.8	0	9
7	18	29.7	0	18
8	19	7.4	0	19
9	41	1.9	0	41
10	2	0.5	1	1 1
11	2	0.1	1	2
12	1	0.0	1	1
13	14	0.0	1	14
14	7	0.0	1	7
15	5	0.0	1	5
16	30	0.0	1	28 2
17	180	0.0	1	174 6
18	173	0.0	1	155 10 8
19	440	0.0	1	359 76 5
20	39986	0.0	2	38730 1110 146
21	225	0.0	2	162 60 3
24	2	0.0	2	2
26	1	0.0	2	1
27	1	0.0	2	1
30	4	0.0	2	4
38	1	0.0	2	1
45	1	0.0	2	1
60	1	0.0	2	1
79	1	0.0	2	1
80	1	0.0	2	1
87	1	0.0	2	1
90	1	0.0	2	1
92	1	0.0	2	1
118	1	0.0	2	0 1
123	1	0.0	2	1
162	3	0.0	2	2 1
163	11	0.0	2	9 2
169	1	0.0	2	0 1
174	1	0.0	2	1
178	1	0.0	2	1
185	1	0.0	2	0 1
206	1	0.0	2	1
291	1	0.0	2	0 1
