This is cutadapt 5.2 with Python 3.13.14
Command line parameters: -g AGAGTTTGATCMTGGCTCAG -G GGACCGTGTCTCAGTTCCAG --discard-untrimmed -e 0.1 --minimum-length 50 -j 4 -o results/region/V1_V2/trimmed/RnDD_260801_10_RnDD-16S_n0_R1.fq.gz -p results/region/V1_V2/trimmed/RnDD_260801_10_RnDD-16S_n0_R2.fq.gz /media/genomed/DATA_15Tb/16s_3run/RnDD_260801_10_RnDD-16S_n0/202608012056_RA01230801023_5P251211086US292659BX_RnD_16S_260801_RnDD_260801_10_RnDD-16S_n0_L00_R1.fq.gz /media/genomed/DATA_15Tb/16s_3run/RnDD_260801_10_RnDD-16S_n0/202608012056_RA01230801023_5P251211086US292659BX_RnD_16S_260801_RnDD_260801_10_RnDD-16S_n0_L00_R2.fq.gz
Processing paired-end reads on 4 cores ...

=== Summary ===

Total read pairs processed:            319,260
  Read 1 with adapter:                  42,866 (13.4%)
  Read 2 with adapter:                  43,113 (13.5%)

== Read fate breakdown ==
Pairs that were too short:                   1 (0.0%)
Pairs discarded as untrimmed:          278,069 (87.1%)
Pairs written (passing filters):        41,190 (12.9%)

Total basepairs processed:   191,556,000 bp
  Read 1:    95,778,000 bp
  Read 2:    95,778,000 bp
Total written (filtered):     23,066,183 bp (12.0%)
  Read 1:    11,534,296 bp
  Read 2:    11,531,887 bp

=== First read: Adapter 1 ===

Sequence: AGAGTTTGATCMTGGCTCAG; Type: regular 5'; Length: 20; Trimmed: 42866 times

Minimum overlap: 3
No. of allowed errors:
1-9 bp: 0; 10-19 bp: 1; 20 bp: 2

Overview of removed sequences
length	count	expect	max.err	error counts
3	364	4988.4	0	364
4	23	1247.1	0	23
5	31	311.8	0	31
6	40	77.9	0	40
7	38	19.5	0	38
8	3	4.9	0	3
10	12	0.3	1	6 6
11	1	0.1	1	1
12	3	0.0	1	2 1
14	1	0.0	1	0 1
15	1	0.0	1	1
16	4	0.0	1	1 3
17	25	0.0	1	5 20
18	21	0.0	1	14 7
19	128	0.0	1	25 89 14
20	42120	0.0	2	22402 16504 3214
21	49	0.0	2	13 26 10
24	1	0.0	2	1
32	1	0.0	2	0 0 1


=== Second read: Adapter 2 ===

Sequence: GGACCGTGTCTCAGTTCCAG; Type: regular 5'; Length: 20; Trimmed: 43113 times

Minimum overlap: 3
No. of allowed errors:
1-9 bp: 0; 10-19 bp: 1; 20 bp: 2

Overview of removed sequences
length	count	expect	max.err	error counts
3	287	4988.4	0	287
4	512	1247.1	0	512
5	86	311.8	0	86
6	3	77.9	0	3
7	11	19.5	0	11
8	9	4.9	0	9
9	16	1.2	0	16
11	1	0.1	1	1
12	2	0.0	1	2
13	8	0.0	1	8
14	2	0.0	1	2
15	1	0.0	1	1
16	10	0.0	1	10
17	47	0.0	1	46 1
18	79	0.0	1	76 1 2
19	259	0.0	1	192 65 2
20	41538	0.0	2	40547 858 133
21	213	0.0	2	161 50 2
24	1	0.0	2	1
30	3	0.0	2	3
33	1	0.0	2	1
102	1	0.0	2	1
104	1	0.0	2	1
157	1	0.0	2	0 1
159	1	0.0	2	1
160	2	0.0	2	0 2
162	3	0.0	2	3
163	8	0.0	2	8
164	1	0.0	2	1
168	1	0.0	2	1
169	1	0.0	2	1
177	1	0.0	2	1
185	1	0.0	2	1
216	1	0.0	2	1
291	1	0.0	2	0 0 1
