This is cutadapt 5.2 with Python 3.13.14
Command line parameters: -g AGAGTTTGATCMTGGCTCAG -G GGACCGTGTCTCAGTTCCAG --discard-untrimmed -e 0.1 --minimum-length 50 -j 4 -o results/region/V1_V2/trimmed/RnDD_260801_20_RnDD-16S_n0_R1.fq.gz -p results/region/V1_V2/trimmed/RnDD_260801_20_RnDD-16S_n0_R2.fq.gz /media/genomed/DATA_15Tb/16s_3run/RnDD_260801_20_RnDD-16S_n0/202608012056_RA01230801023_5P251211086US292659BX_RnD_16S_260801_RnDD_260801_20_RnDD-16S_n0_L00_R1.fq.gz /media/genomed/DATA_15Tb/16s_3run/RnDD_260801_20_RnDD-16S_n0/202608012056_RA01230801023_5P251211086US292659BX_RnD_16S_260801_RnDD_260801_20_RnDD-16S_n0_L00_R2.fq.gz
Processing paired-end reads on 4 cores ...

=== Summary ===

Total read pairs processed:            611,218
  Read 1 with adapter:                  79,830 (13.1%)
  Read 2 with adapter:                  81,047 (13.3%)

== Read fate breakdown ==
Pairs that were too short:                   0 (0.0%)
Pairs discarded as untrimmed:          533,766 (87.3%)
Pairs written (passing filters):        77,452 (12.7%)

Total basepairs processed:   366,730,800 bp
  Read 1:   183,365,400 bp
  Read 2:   183,365,400 bp
Total written (filtered):     43,373,614 bp (11.8%)
  Read 1:    21,687,324 bp
  Read 2:    21,686,290 bp

=== First read: Adapter 1 ===

Sequence: AGAGTTTGATCMTGGCTCAG; Type: regular 5'; Length: 20; Trimmed: 79830 times

Minimum overlap: 3
No. of allowed errors:
1-9 bp: 0; 10-19 bp: 1; 20 bp: 2

Overview of removed sequences
length	count	expect	max.err	error counts
3	567	9550.3	0	567
4	91	2387.6	0	91
5	8	596.9	0	8
6	7	149.2	0	7
7	41	37.3	0	41
8	3	9.3	0	3
9	3	2.3	0	2 1
10	4	0.6	1	4
11	3	0.1	1	0 3
12	2	0.0	1	2
13	1	0.0	1	1
14	4	0.0	1	3 1
15	1	0.0	1	0 1
17	49	0.0	1	9 40
18	48	0.0	1	31 17
19	284	0.0	1	39 200 45
20	78617	0.0	2	39917 32261 6439
21	82	0.0	2	25 35 22
24	6	0.0	2	6
30	1	0.0	2	0 0 1
32	1	0.0	2	1
163	6	0.0	2	1 5
214	1	0.0	2	0 0 1


=== Second read: Adapter 2 ===

Sequence: GGACCGTGTCTCAGTTCCAG; Type: regular 5'; Length: 20; Trimmed: 81047 times

Minimum overlap: 3
No. of allowed errors:
1-9 bp: 0; 10-19 bp: 1; 20 bp: 2

Overview of removed sequences
length	count	expect	max.err	error counts
3	1487	9550.3	0	1487
4	243	2387.6	0	243
5	15	596.9	0	15
6	1	149.2	0	1
7	12	37.3	0	12
8	9	9.3	0	9
9	16	2.3	0	16
11	2	0.1	1	2
13	11	0.0	1	11
14	7	0.0	1	7
15	10	0.0	1	10
16	15	0.0	1	13 2
17	82	0.0	1	78 4
18	136	0.0	1	118 7 11
19	542	0.0	1	380 158 4
20	78070	0.0	2	75625 2147 298
21	360	0.0	2	257 99 4
24	1	0.0	2	1
26	1	0.0	2	1
30	2	0.0	2	1 0 1
31	1	0.0	2	1
32	5	0.0	2	5
33	2	0.0	2	2
50	1	0.0	2	0 0 1
101	1	0.0	2	0 0 1
143	1	0.0	2	0 0 1
162	1	0.0	2	0 0 1
163	9	0.0	2	7 2
177	1	0.0	2	1
180	1	0.0	2	1
195	1	0.0	2	0 1
215	1	0.0	2	0 0 1
