This is cutadapt 5.2 with Python 3.13.14
Command line parameters: -g AGAGTTTGATCMTGGCTCAG -G GGACCGTGTCTCAGTTCCAG --discard-untrimmed -e 0.1 --minimum-length 50 -j 4 -o results/region/V1_V2/trimmed/RnDD_260801_21_RnDD-16S_n0_R1.fq.gz -p results/region/V1_V2/trimmed/RnDD_260801_21_RnDD-16S_n0_R2.fq.gz /media/genomed/DATA_15Tb/16s_3run/RnDD_260801_21_RnDD-16S_n0/202608012056_RA01230801023_5P251211086US292659BX_RnD_16S_260801_RnDD_260801_21_RnDD-16S_n0_L00_R1.fq.gz /media/genomed/DATA_15Tb/16s_3run/RnDD_260801_21_RnDD-16S_n0/202608012056_RA01230801023_5P251211086US292659BX_RnD_16S_260801_RnDD_260801_21_RnDD-16S_n0_L00_R2.fq.gz
Processing paired-end reads on 4 cores ...

=== Summary ===

Total read pairs processed:            856,880
  Read 1 with adapter:                 140,267 (16.4%)
  Read 2 with adapter:                 141,370 (16.5%)

== Read fate breakdown ==
Pairs that were too short:                   0 (0.0%)
Pairs discarded as untrimmed:          720,403 (84.1%)
Pairs written (passing filters):       136,477 (15.9%)

Total basepairs processed:   514,128,000 bp
  Read 1:   257,064,000 bp
  Read 2:   257,064,000 bp
Total written (filtered):     76,422,195 bp (14.9%)
  Read 1:    38,213,781 bp
  Read 2:    38,208,414 bp

=== First read: Adapter 1 ===

Sequence: AGAGTTTGATCMTGGCTCAG; Type: regular 5'; Length: 20; Trimmed: 140267 times

Minimum overlap: 3
No. of allowed errors:
1-9 bp: 0; 10-19 bp: 1; 20 bp: 2

Overview of removed sequences
length	count	expect	max.err	error counts
3	592	13388.8	0	592
4	74	3347.2	0	74
5	12	836.8	0	12
6	6	209.2	0	6
7	40	52.3	0	40
9	1	3.3	0	1
10	1	0.8	1	0 1
13	1	0.0	1	1
14	2	0.0	1	1 1
16	5	0.0	1	1 4
17	47	0.0	1	15 32
18	51	0.0	1	28 22 1
19	483	0.0	1	35 287 161
20	138794	0.0	2	69362 58299 11133
21	132	0.0	2	34 65 33
24	12	0.0	2	5 5 2
30	1	0.0	2	0 1
32	1	0.0	2	1
121	1	0.0	2	0 1
160	1	0.0	2	0 0 1
162	1	0.0	2	1
163	9	0.0	2	2 3 4


=== Second read: Adapter 2 ===

Sequence: GGACCGTGTCTCAGTTCCAG; Type: regular 5'; Length: 20; Trimmed: 141370 times

Minimum overlap: 3
No. of allowed errors:
1-9 bp: 0; 10-19 bp: 1; 20 bp: 2

Overview of removed sequences
length	count	expect	max.err	error counts
3	1305	13388.8	0	1305
4	180	3347.2	0	180
5	3	836.8	0	3
6	1	209.2	0	1
7	7	52.3	0	7
8	8	13.1	0	8
9	9	3.3	0	9
10	4	0.8	1	3 1
11	9	0.2	1	9
12	4	0.1	1	4
13	21	0.0	1	21
14	4	0.0	1	3 1
15	12	0.0	1	12
16	22	0.0	1	21 1
17	75	0.0	1	72 3
18	126	0.0	1	114 6 6
19	632	0.0	1	392 230 10
20	138301	0.0	2	134319 3407 575
21	561	0.0	2	427 130 4
22	3	0.0	2	2 1
24	3	0.0	2	3
25	1	0.0	2	1
26	3	0.0	2	3
27	1	0.0	2	1
28	2	0.0	2	2
30	11	0.0	2	11
32	2	0.0	2	2
33	2	0.0	2	2
34	1	0.0	2	1
36	1	0.0	2	1
38	1	0.0	2	1
41	1	0.0	2	1
42	1	0.0	2	1
45	1	0.0	2	1
48	1	0.0	2	1
53	1	0.0	2	0 0 1
64	1	0.0	2	1
69	1	0.0	2	1
102	1	0.0	2	1
111	1	0.0	2	0 0 1
124	1	0.0	2	0 0 1
144	1	0.0	2	1
157	1	0.0	2	0 1
161	1	0.0	2	1
162	1	0.0	2	1
163	36	0.0	2	31 5
164	1	0.0	2	1
175	1	0.0	2	1
202	1	0.0	2	1
204	1	0.0	2	0 1
215	1	0.0	2	0 1
