This is cutadapt 5.2 with Python 3.13.14
Command line parameters: -g AGAGTTTGATCMTGGCTCAG -G GGACCGTGTCTCAGTTCCAG --discard-untrimmed -e 0.1 --minimum-length 50 -j 4 -o results/region/V1_V2/trimmed/RnDD_260713_2_RnDD-16S_n0_R1.fq.gz -p results/region/V1_V2/trimmed/RnDD_260713_2_RnDD-16S_n0_R2.fq.gz data/raw/RnDD_260713_2_RnDD-16S_n0/202607132008_RA01230801023_5P260413092US292662D3_RnD_SRSLY_16S_NPO_260713_RnDD_260713_2_RnDD-16S_n0_L00_R1.fq.gz data/raw/RnDD_260713_2_RnDD-16S_n0/202607132008_RA01230801023_5P260413092US292662D3_RnD_SRSLY_16S_NPO_260713_RnDD_260713_2_RnDD-16S_n0_L00_R2.fq.gz
Processing paired-end reads on 4 cores ...

=== Summary ===

Total read pairs processed:            180,954
  Read 1 with adapter:                   8,416 (4.7%)
  Read 2 with adapter:                   8,717 (4.8%)

== Read fate breakdown ==
Pairs that were too short:                   0 (0.0%)
Pairs discarded as untrimmed:          173,322 (95.8%)
Pairs written (passing filters):         7,632 (4.2%)

Total basepairs processed:    54,286,200 bp
  Read 1:    27,143,100 bp
  Read 2:    27,143,100 bp
Total written (filtered):      1,986,699 bp (3.7%)
  Read 1:       993,433 bp
  Read 2:       993,266 bp

=== First read: Adapter 1 ===

Sequence: AGAGTTTGATCMTGGCTCAG; Type: regular 5'; Length: 20; Trimmed: 8416 times

Minimum overlap: 3
No. of allowed errors:
1-9 bp: 0; 10-19 bp: 1; 20 bp: 2

Overview of removed sequences
length	count	expect	max.err	error counts
3	279	2827.4	0	279
4	28	706.9	0	28
5	18	176.7	0	18
6	22	44.2	0	22
7	46	11.0	0	46
8	2	2.8	0	2
9	9	0.7	0	9
10	8	0.2	1	7 1
11	2	0.0	1	1 1
12	3	0.0	1	3
13	1	0.0	1	1
14	1	0.0	1	1
15	2	0.0	1	2
16	5	0.0	1	4 1
17	35	0.0	1	33 2
18	19	0.0	1	18 1
19	63	0.0	1	26 37
20	7852	0.0	2	7609 234 9
21	17	0.0	2	4 12 1
22	1	0.0	2	1
30	1	0.0	2	1
32	1	0.0	2	1
43	1	0.0	2	1


=== Second read: Adapter 2 ===

Sequence: GGACCGTGTCTCAGTTCCAG; Type: regular 5'; Length: 20; Trimmed: 8717 times

Minimum overlap: 3
No. of allowed errors:
1-9 bp: 0; 10-19 bp: 1; 20 bp: 2

Overview of removed sequences
length	count	expect	max.err	error counts
3	327	2827.4	0	327
4	219	706.9	0	219
5	107	176.7	0	107
6	10	44.2	0	10
7	9	11.0	0	9
8	4	2.8	0	4
9	18	0.7	0	18
10	1	0.2	1	0 1
13	5	0.0	1	5
15	6	0.0	1	4 2
16	6	0.0	1	6
17	66	0.0	1	65 1
18	74	0.0	1	69 2 3
19	131	0.0	1	100 30 1
20	7698	0.0	2	7381 276 41
21	34	0.0	2	20 14
26	2	0.0	2	2
