This is cutadapt 5.2 with Python 3.13.14
Command line parameters: -g AGAGTTTGATCMTGGCTCAG -G GGACCGTGTCTCAGTTCCAG --discard-untrimmed -e 0.1 --minimum-length 50 -j 4 -o results/region/V1_V2/trimmed/RnDD_260801_19_RnDD-16S_n0_R1.fq.gz -p results/region/V1_V2/trimmed/RnDD_260801_19_RnDD-16S_n0_R2.fq.gz /media/genomed/DATA_15Tb/16s_3run/RnDD_260801_19_RnDD-16S_n0/202608012056_RA01230801023_5P251211086US292659BX_RnD_16S_260801_RnDD_260801_19_RnDD-16S_n0_L00_R1.fq.gz /media/genomed/DATA_15Tb/16s_3run/RnDD_260801_19_RnDD-16S_n0/202608012056_RA01230801023_5P251211086US292659BX_RnD_16S_260801_RnDD_260801_19_RnDD-16S_n0_L00_R2.fq.gz
Processing paired-end reads on 4 cores ...

=== Summary ===

Total read pairs processed:            518,869
  Read 1 with adapter:                  70,580 (13.6%)
  Read 2 with adapter:                  71,662 (13.8%)

== Read fate breakdown ==
Pairs that were too short:                   1 (0.0%)
Pairs discarded as untrimmed:          450,437 (86.8%)
Pairs written (passing filters):        68,431 (13.2%)

Total basepairs processed:   311,321,400 bp
  Read 1:   155,660,700 bp
  Read 2:   155,660,700 bp
Total written (filtered):     38,319,322 bp (12.3%)
  Read 1:    19,161,756 bp
  Read 2:    19,157,566 bp

=== First read: Adapter 1 ===

Sequence: AGAGTTTGATCMTGGCTCAG; Type: regular 5'; Length: 20; Trimmed: 70580 times

Minimum overlap: 3
No. of allowed errors:
1-9 bp: 0; 10-19 bp: 1; 20 bp: 2

Overview of removed sequences
length	count	expect	max.err	error counts
3	490	8107.3	0	490
4	80	2026.8	0	80
5	8	506.7	0	8
6	3	126.7	0	3
7	51	31.7	0	51
8	6	7.9	0	6
9	1	2.0	0	1
10	6	0.5	1	3 3
11	2	0.1	1	1 1
14	2	0.0	1	2
15	1	0.0	1	1
16	1	0.0	1	0 1
17	37	0.0	1	7 30
18	46	0.0	1	31 14 1
19	220	0.0	1	36 140 44
20	69524	0.0	2	35194 28696 5634
21	90	0.0	2	31 39 20
24	7	0.0	2	5 2
30	1	0.0	2	0 0 1
32	1	0.0	2	1
121	1	0.0	2	1
146	1	0.0	2	0 0 1
163	1	0.0	2	0 0 1


=== Second read: Adapter 2 ===

Sequence: GGACCGTGTCTCAGTTCCAG; Type: regular 5'; Length: 20; Trimmed: 71662 times

Minimum overlap: 3
No. of allowed errors:
1-9 bp: 0; 10-19 bp: 1; 20 bp: 2

Overview of removed sequences
length	count	expect	max.err	error counts
3	1241	8107.3	0	1241
4	260	2026.8	0	260
5	5	506.7	0	5
6	2	126.7	0	2
7	8	31.7	0	8
8	4	7.9	0	4
9	18	2.0	0	18
11	4	0.1	1	3 1
12	2	0.0	1	2
13	11	0.0	1	11
14	5	0.0	1	5
15	10	0.0	1	10
16	14	0.0	1	14
17	76	0.0	1	75 1
18	114	0.0	1	100 9 5
19	443	0.0	1	308 131 4
20	69055	0.0	2	66811 1963 281
21	345	0.0	2	243 99 3
25	1	0.0	2	1
27	1	0.0	2	1
30	2	0.0	2	2
31	1	0.0	2	1
32	1	0.0	2	1
35	1	0.0	2	1
56	1	0.0	2	0 0 1
63	1	0.0	2	0 0 1
72	1	0.0	2	0 0 1
114	1	0.0	2	1
118	1	0.0	2	1
123	1	0.0	2	1
124	1	0.0	2	0 0 1
146	1	0.0	2	1
147	1	0.0	2	1
157	1	0.0	2	1
161	1	0.0	2	0 0 1
163	24	0.0	2	21 3
164	1	0.0	2	1
191	1	0.0	2	0 1
253	1	0.0	2	0 1
