This is cutadapt 5.2 with Python 3.13.14
Command line parameters: -g AGAGTTTGATCMTGGCTCAG -G GGACCGTGTCTCAGTTCCAG --discard-untrimmed -e 0.1 --minimum-length 50 -j 4 -o results/region/V1_V2/trimmed/RnDD_260801_9_RnDD-16S_n0_R1.fq.gz -p results/region/V1_V2/trimmed/RnDD_260801_9_RnDD-16S_n0_R2.fq.gz /media/genomed/DATA_15Tb/16s_3run/RnDD_260801_9_RnDD-16S_n0/202608012056_RA01230801023_5P251211086US292659BX_RnD_16S_260801_RnDD_260801_9_RnDD-16S_n0_L00_R1.fq.gz /media/genomed/DATA_15Tb/16s_3run/RnDD_260801_9_RnDD-16S_n0/202608012056_RA01230801023_5P251211086US292659BX_RnD_16S_260801_RnDD_260801_9_RnDD-16S_n0_L00_R2.fq.gz
Processing paired-end reads on 4 cores ...

=== Summary ===

Total read pairs processed:            321,845
  Read 1 with adapter:                  37,761 (11.7%)
  Read 2 with adapter:                  38,061 (11.8%)

== Read fate breakdown ==
Pairs that were too short:                   1 (0.0%)
Pairs discarded as untrimmed:          285,640 (88.8%)
Pairs written (passing filters):        36,204 (11.2%)

Total basepairs processed:   193,107,000 bp
  Read 1:    96,553,500 bp
  Read 2:    96,553,500 bp
Total written (filtered):     20,275,284 bp (10.5%)
  Read 1:    10,138,126 bp
  Read 2:    10,137,158 bp

=== First read: Adapter 1 ===

Sequence: AGAGTTTGATCMTGGCTCAG; Type: regular 5'; Length: 20; Trimmed: 37761 times

Minimum overlap: 3
No. of allowed errors:
1-9 bp: 0; 10-19 bp: 1; 20 bp: 2

Overview of removed sequences
length	count	expect	max.err	error counts
3	393	5028.8	0	393
4	31	1257.2	0	31
5	45	314.3	0	45
6	27	78.6	0	27
7	41	19.6	0	41
8	3	4.9	0	3
9	2	1.2	0	2
10	8	0.3	1	3 5
11	1	0.1	1	1
12	1	0.0	1	1
14	1	0.0	1	1
17	25	0.0	1	9 16
18	17	0.0	1	15 2
19	95	0.0	1	21 64 10
20	37028	0.0	2	19692 14603 2733
21	39	0.0	2	14 19 6
24	3	0.0	2	0 3
32	1	0.0	2	0 0 1


=== Second read: Adapter 2 ===

Sequence: GGACCGTGTCTCAGTTCCAG; Type: regular 5'; Length: 20; Trimmed: 38061 times

Minimum overlap: 3
No. of allowed errors:
1-9 bp: 0; 10-19 bp: 1; 20 bp: 2

Overview of removed sequences
length	count	expect	max.err	error counts
3	275	5028.8	0	275
4	529	1257.2	0	529
5	59	314.3	0	59
6	3	78.6	0	3
7	10	19.6	0	10
8	3	4.9	0	3
9	17	1.2	0	17
10	1	0.3	1	1
12	4	0.0	1	4
13	6	0.0	1	6
15	7	0.0	1	6 1
16	4	0.0	1	4
17	30	0.0	1	30
18	67	0.0	1	59 7 1
19	230	0.0	1	184 45 1
20	36607	0.0	2	35661 801 145
21	193	0.0	2	156 34 3
22	1	0.0	2	1
30	1	0.0	2	1
32	1	0.0	2	1
37	1	0.0	2	1
67	2	0.0	2	2
162	1	0.0	2	1
163	7	0.0	2	6 0 1
235	1	0.0	2	1
291	1	0.0	2	0 0 1
