This is cutadapt 5.2 with Python 3.13.14
Command line parameters: -g AGAGTTTGATCMTGGCTCAG -G GGACCGTGTCTCAGTTCCAG --discard-untrimmed -e 0.1 --minimum-length 50 -j 4 -o results/region/V1_V2/trimmed/RnDD_260801_1_RnDD-16S_n0_R1.fq.gz -p results/region/V1_V2/trimmed/RnDD_260801_1_RnDD-16S_n0_R2.fq.gz /media/genomed/DATA_15Tb/16s_3run/RnDD_260801_1_RnDD-16S_n0/202608012056_RA01230801023_5P251211086US292659BX_RnD_16S_260801_RnDD_260801_1_RnDD-16S_n0_L00_R1.fq.gz /media/genomed/DATA_15Tb/16s_3run/RnDD_260801_1_RnDD-16S_n0/202608012056_RA01230801023_5P251211086US292659BX_RnD_16S_260801_RnDD_260801_1_RnDD-16S_n0_L00_R2.fq.gz
Processing paired-end reads on 4 cores ...

=== Summary ===

Total read pairs processed:            387,969
  Read 1 with adapter:                  60,252 (15.5%)
  Read 2 with adapter:                  61,094 (15.7%)

== Read fate breakdown ==
Pairs that were too short:                   5 (0.0%)
Pairs discarded as untrimmed:          330,965 (85.3%)
Pairs written (passing filters):        56,999 (14.7%)

Total basepairs processed:   232,781,400 bp
  Read 1:   116,390,700 bp
  Read 2:   116,390,700 bp
Total written (filtered):     31,927,104 bp (13.7%)
  Read 1:    15,964,946 bp
  Read 2:    15,962,158 bp

=== First read: Adapter 1 ===

Sequence: AGAGTTTGATCMTGGCTCAG; Type: regular 5'; Length: 20; Trimmed: 60252 times

Minimum overlap: 3
No. of allowed errors:
1-9 bp: 0; 10-19 bp: 1; 20 bp: 2

Overview of removed sequences
length	count	expect	max.err	error counts
3	655	6062.0	0	655
4	25	1515.5	0	25
5	40	378.9	0	40
6	46	94.7	0	46
7	246	23.7	0	246
8	10	5.9	0	10
9	17	1.5	0	17
10	27	0.4	1	15 12
11	6	0.1	1	5 1
12	7	0.0	1	5 2
13	8	0.0	1	7 1
14	8	0.0	1	6 2
15	7	0.0	1	6 1
16	7	0.0	1	1 6
17	96	0.0	1	36 60
18	130	0.0	1	91 37 2
19	366	0.0	1	59 266 41
20	58430	0.0	2	30077 23646 4707
21	111	0.0	2	32 50 29
24	6	0.0	2	4 1 1
30	2	0.0	2	1 1
32	1	0.0	2	0 1
190	1	0.0	2	1


=== Second read: Adapter 2 ===

Sequence: GGACCGTGTCTCAGTTCCAG; Type: regular 5'; Length: 20; Trimmed: 61094 times

Minimum overlap: 3
No. of allowed errors:
1-9 bp: 0; 10-19 bp: 1; 20 bp: 2

Overview of removed sequences
length	count	expect	max.err	error counts
3	512	6062.0	0	512
4	891	1515.5	0	891
5	181	378.9	0	181
6	12	94.7	0	12
7	43	23.7	0	43
8	24	5.9	0	24
9	77	1.5	0	77
10	2	0.4	1	1 1
11	7	0.1	1	7
12	2	0.0	1	2
13	24	0.0	1	23 1
14	11	0.0	1	11
15	30	0.0	1	29 1
16	69	0.0	1	64 5
17	445	0.0	1	432 13
18	442	0.0	1	406 25 11
19	924	0.0	1	754 165 5
20	56992	0.0	2	55183 1589 220
21	358	0.0	2	265 91 2
26	3	0.0	2	2 1
30	2	0.0	2	2
32	1	0.0	2	1
39	1	0.0	2	1
41	1	0.0	2	1
47	1	0.0	2	1
83	1	0.0	2	1
110	1	0.0	2	1
120	1	0.0	2	0 1
123	1	0.0	2	1
139	1	0.0	2	1
159	1	0.0	2	1
160	1	0.0	2	0 1
162	3	0.0	2	2 1
163	20	0.0	2	17 1 2
177	1	0.0	2	1
192	1	0.0	2	1
194	1	0.0	2	1
246	1	0.0	2	1
268	1	0.0	2	1
283	1	0.0	2	1
290	1	0.0	2	0 1
291	2	0.0	2	0 0 2
