This is cutadapt 5.2 with Python 3.13.14
Command line parameters: -g AGAGTTTGATCMTGGCTCAG -G GGACCGTGTCTCAGTTCCAG --discard-untrimmed -e 0.1 --minimum-length 50 -j 4 -o results/region/V1_V2/trimmed/RnDD_260801_11_RnDD-16S_n0_R1.fq.gz -p results/region/V1_V2/trimmed/RnDD_260801_11_RnDD-16S_n0_R2.fq.gz /media/genomed/DATA_15Tb/16s_3run/RnDD_260801_11_RnDD-16S_n0/202608012056_RA01230801023_5P251211086US292659BX_RnD_16S_260801_RnDD_260801_11_RnDD-16S_n0_L00_R1.fq.gz /media/genomed/DATA_15Tb/16s_3run/RnDD_260801_11_RnDD-16S_n0/202608012056_RA01230801023_5P251211086US292659BX_RnD_16S_260801_RnDD_260801_11_RnDD-16S_n0_L00_R2.fq.gz
Processing paired-end reads on 4 cores ...

=== Summary ===

Total read pairs processed:            391,085
  Read 1 with adapter:                  30,863 (7.9%)
  Read 2 with adapter:                  31,470 (8.0%)

== Read fate breakdown ==
Pairs that were too short:                   2 (0.0%)
Pairs discarded as untrimmed:          361,592 (92.5%)
Pairs written (passing filters):        29,491 (7.5%)

Total basepairs processed:   234,651,000 bp
  Read 1:   117,325,500 bp
  Read 2:   117,325,500 bp
Total written (filtered):     16,517,328 bp (7.0%)
  Read 1:     8,260,000 bp
  Read 2:     8,257,328 bp

=== First read: Adapter 1 ===

Sequence: AGAGTTTGATCMTGGCTCAG; Type: regular 5'; Length: 20; Trimmed: 30863 times

Minimum overlap: 3
No. of allowed errors:
1-9 bp: 0; 10-19 bp: 1; 20 bp: 2

Overview of removed sequences
length	count	expect	max.err	error counts
3	288	6110.7	0	288
4	13	1527.7	0	13
5	7	381.9	0	7
6	14	95.5	0	14
7	116	23.9	0	116
8	4	6.0	0	4
9	2	1.5	0	2
10	16	0.4	1	10 6
12	4	0.0	1	4
13	5	0.0	1	5
14	4	0.0	1	4
15	3	0.0	1	3
16	7	0.0	1	0 7
17	38	0.0	1	11 27
18	67	0.0	1	52 12 3
19	187	0.0	1	22 139 26
20	30030	0.0	2	15316 12249 2465
21	56	0.0	2	14 30 12
22	1	0.0	2	0 0 1
24	1	0.0	2	0 0 1


=== Second read: Adapter 2 ===

Sequence: GGACCGTGTCTCAGTTCCAG; Type: regular 5'; Length: 20; Trimmed: 31470 times

Minimum overlap: 3
No. of allowed errors:
1-9 bp: 0; 10-19 bp: 1; 20 bp: 2

Overview of removed sequences
length	count	expect	max.err	error counts
3	291	6110.7	0	291
4	357	1527.7	0	357
5	52	381.9	0	52
6	3	95.5	0	3
7	18	23.9	0	18
8	29	6.0	0	29
9	38	1.5	0	38
10	2	0.4	1	2
11	1	0.1	1	1
12	1	0.0	1	1
13	5	0.0	1	5
14	4	0.0	1	3 1
15	9	0.0	1	9
16	23	0.0	1	22 1
17	246	0.0	1	240 6
18	231	0.0	1	211 12 8
19	411	0.0	1	328 79 4
20	29564	0.0	2	28378 1055 131
21	151	0.0	2	91 56 4
22	1	0.0	2	0 0 1
26	1	0.0	2	0 1
30	3	0.0	2	2 1
32	1	0.0	2	1
41	1	0.0	2	1
141	1	0.0	2	1
152	1	0.0	2	1
160	1	0.0	2	0 0 1
161	2	0.0	2	1 1
162	1	0.0	2	1
163	17	0.0	2	13 4
179	1	0.0	2	1
181	1	0.0	2	0 0 1
291	2	0.0	2	0 0 2
