This is cutadapt 5.2 with Python 3.13.14
Command line parameters: -g AGAGTTTGATCMTGGCTCAG -G GGACCGTGTCTCAGTTCCAG --discard-untrimmed -e 0.1 --minimum-length 50 -j 4 -o results/region/V1_V2/trimmed/RnDD_260801_12_RnDD-16S_n0_R1.fq.gz -p results/region/V1_V2/trimmed/RnDD_260801_12_RnDD-16S_n0_R2.fq.gz /media/genomed/DATA_15Tb/16s_3run/RnDD_260801_12_RnDD-16S_n0/202608012056_RA01230801023_5P251211086US292659BX_RnD_16S_260801_RnDD_260801_12_RnDD-16S_n0_L00_R1.fq.gz /media/genomed/DATA_15Tb/16s_3run/RnDD_260801_12_RnDD-16S_n0/202608012056_RA01230801023_5P251211086US292659BX_RnD_16S_260801_RnDD_260801_12_RnDD-16S_n0_L00_R2.fq.gz
Processing paired-end reads on 4 cores ...

=== Summary ===

Total read pairs processed:            411,704
  Read 1 with adapter:                  31,354 (7.6%)
  Read 2 with adapter:                  31,878 (7.7%)

== Read fate breakdown ==
Pairs that were too short:                   5 (0.0%)
Pairs discarded as untrimmed:          381,787 (92.7%)
Pairs written (passing filters):        29,912 (7.3%)

Total basepairs processed:   247,022,400 bp
  Read 1:   123,511,200 bp
  Read 2:   123,511,200 bp
Total written (filtered):     16,752,431 bp (6.8%)
  Read 1:     8,377,604 bp
  Read 2:     8,374,827 bp

=== First read: Adapter 1 ===

Sequence: AGAGTTTGATCMTGGCTCAG; Type: regular 5'; Length: 20; Trimmed: 31354 times

Minimum overlap: 3
No. of allowed errors:
1-9 bp: 0; 10-19 bp: 1; 20 bp: 2

Overview of removed sequences
length	count	expect	max.err	error counts
3	327	6432.9	0	327
4	12	1608.2	0	12
5	14	402.1	0	14
6	12	100.5	0	12
7	101	25.1	0	101
8	10	6.3	0	10
9	3	1.6	0	3
10	17	0.4	1	11 6
11	5	0.1	1	3 2
12	9	0.0	1	9
13	3	0.0	1	2 1
14	7	0.0	1	5 2
15	2	0.0	1	2
16	5	0.0	1	1 4
17	49	0.0	1	15 34
18	68	0.0	1	47 20 1
19	193	0.0	1	21 139 33
20	30450	0.0	2	15912 12202 2336
21	60	0.0	2	19 23 18
24	1	0.0	2	0 1
32	1	0.0	2	0 1
163	5	0.0	2	2 3


=== Second read: Adapter 2 ===

Sequence: GGACCGTGTCTCAGTTCCAG; Type: regular 5'; Length: 20; Trimmed: 31878 times

Minimum overlap: 3
No. of allowed errors:
1-9 bp: 0; 10-19 bp: 1; 20 bp: 2

Overview of removed sequences
length	count	expect	max.err	error counts
3	294	6432.9	0	294
4	358	1608.2	0	358
5	59	402.1	0	59
6	5	100.5	0	5
7	19	25.1	0	19
8	20	6.3	0	20
9	33	1.6	0	33
10	1	0.4	1	1
11	4	0.1	1	4
12	1	0.0	1	0 1
13	15	0.0	1	14 1
14	4	0.0	1	4
15	10	0.0	1	9 1
16	23	0.0	1	23
17	253	0.0	1	242 11
18	215	0.0	1	198 12 5
19	443	0.0	1	353 88 2
20	29919	0.0	2	28745 1044 130
21	161	0.0	2	90 67 4
23	2	0.0	2	2
24	3	0.0	2	3
30	3	0.0	2	3
32	2	0.0	2	2
39	1	0.0	2	1
159	1	0.0	2	1
162	2	0.0	2	1 1
163	21	0.0	2	17 4
164	1	0.0	2	1
290	1	0.0	2	0 0 1
291	4	0.0	2	0 0 4
