This is cutadapt 5.2 with Python 3.13.14
Command line parameters: -g AGAGTTTGATCMTGGCTCAG -G GGACCGTGTCTCAGTTCCAG --discard-untrimmed -e 0.1 --minimum-length 50 -j 4 -o results/region/V1_V2/trimmed/RnDD_260801_14_RnDD-16S_n0_R1.fq.gz -p results/region/V1_V2/trimmed/RnDD_260801_14_RnDD-16S_n0_R2.fq.gz /media/genomed/DATA_15Tb/16s_3run/RnDD_260801_14_RnDD-16S_n0/202608012056_RA01230801023_5P251211086US292659BX_RnD_16S_260801_RnDD_260801_14_RnDD-16S_n0_L00_R1.fq.gz /media/genomed/DATA_15Tb/16s_3run/RnDD_260801_14_RnDD-16S_n0/202608012056_RA01230801023_5P251211086US292659BX_RnD_16S_260801_RnDD_260801_14_RnDD-16S_n0_L00_R2.fq.gz
Processing paired-end reads on 4 cores ...

=== Summary ===

Total read pairs processed:              1,473
  Read 1 with adapter:                     208 (14.1%)
  Read 2 with adapter:                     205 (13.9%)

== Read fate breakdown ==
Pairs that were too short:                   0 (0.0%)
Pairs discarded as untrimmed:            1,274 (86.5%)
Pairs written (passing filters):           199 (13.5%)

Total basepairs processed:       883,800 bp
  Read 1:       441,900 bp
  Read 2:       441,900 bp
Total written (filtered):        111,461 bp (12.6%)
  Read 1:        55,731 bp
  Read 2:        55,730 bp

=== First read: Adapter 1 ===

Sequence: AGAGTTTGATCMTGGCTCAG; Type: regular 5'; Length: 20; Trimmed: 208 times

Minimum overlap: 3
No. of allowed errors:
1-9 bp: 0; 10-19 bp: 1; 20 bp: 2

Overview of removed sequences
length	count	expect	max.err	error counts
3	2	23.0	0	2
9	1	0.0	0	1
19	1	0.0	1	0 1
20	203	0.0	2	100 85 18
21	1	0.0	2	0 1


=== Second read: Adapter 2 ===

Sequence: GGACCGTGTCTCAGTTCCAG; Type: regular 5'; Length: 20; Trimmed: 205 times

Minimum overlap: 3
No. of allowed errors:
1-9 bp: 0; 10-19 bp: 1; 20 bp: 2

Overview of removed sequences
length	count	expect	max.err	error counts
3	2	23.0	0	2
8	1	0.0	0	1
13	1	0.0	1	0 1
16	1	0.0	1	1
19	1	0.0	1	0 1
20	197	0.0	2	186 10 1
21	2	0.0	2	2
