This is cutadapt 5.2 with Python 3.13.14
Command line parameters: -g CCTACGGGNGGCWGCAG -G GGACTACHVGGGTATCTAATCC --discard-untrimmed -e 0.1 --minimum-length 50 -j 4 -o results/region/V3_V4/trimmed/RnDD_260713_3_RnDD-16S_n0_R1.fq.gz -p results/region/V3_V4/trimmed/RnDD_260713_3_RnDD-16S_n0_R2.fq.gz data/raw/RnDD_260713_3_RnDD-16S_n0/202607132008_RA01230801023_5P260413092US292662D3_RnD_SRSLY_16S_NPO_260713_RnDD_260713_3_RnDD-16S_n0_L00_R1.fq.gz data/raw/RnDD_260713_3_RnDD-16S_n0/202607132008_RA01230801023_5P260413092US292662D3_RnD_SRSLY_16S_NPO_260713_RnDD_260713_3_RnDD-16S_n0_L00_R2.fq.gz
Processing paired-end reads on 4 cores ...

=== Summary ===

Total read pairs processed:            169,673
  Read 1 with adapter:                     917 (0.5%)
  Read 2 with adapter:                  19,933 (11.7%)

== Read fate breakdown ==
Pairs that were too short:               6,875 (4.1%)
Pairs discarded as untrimmed:          162,638 (95.9%)
Pairs written (passing filters):           160 (0.1%)

Total basepairs processed:    50,901,900 bp
  Read 1:    25,450,950 bp
  Read 2:    25,450,950 bp
Total written (filtered):         42,968 bp (0.1%)
  Read 1:        22,061 bp
  Read 2:        20,907 bp

=== First read: Adapter 1 ===

Sequence: CCTACGGGNGGCWGCAG; Type: regular 5'; Length: 17; Trimmed: 917 times

Minimum overlap: 3
No. of allowed errors:
1-9 bp: 0; 10-16 bp: 1

Overview of removed sequences
length	count	expect	max.err	error counts
3	212	2651.1	0	212
4	74	662.8	0	74
5	25	165.7	0	25
7	3	10.4	0	3
8	6	2.6	0	6
9	5	0.6	0	5
10	2	0.2	1	1 1
11	39	0.0	1	0 39
12	2	0.0	1	2
13	5	0.0	1	4 1
14	5	0.0	1	4 1
15	8	0.0	1	4 4
16	24	0.0	1	12 12
17	507	0.0	1	493 14


=== Second read: Adapter 2 ===

Sequence: GGACTACHVGGGTATCTAATCC; Type: regular 5'; Length: 22; Trimmed: 19933 times

Minimum overlap: 3
No. of allowed errors:
1-9 bp: 0; 10-19 bp: 1; 20-22 bp: 2

Overview of removed sequences
length	count	expect	max.err	error counts
3	285	2651.1	0	285
4	66	662.8	0	66
5	67	165.7	0	67
6	9	41.4	0	9
7	19	10.4	0	19
8	32	2.6	0	32
9	35	0.6	0	35
10	9	0.2	1	9
11	37	0.0	1	36 1
12	61	0.0	1	61
13	13	0.0	1	13
14	28	0.0	1	28
15	19	0.0	1	19
16	25	0.0	1	20 5
17	52	0.0	1	48 4
18	44	0.0	1	39 5
19	89	0.0	1	65 11 13
20	440	0.0	2	121 313 6
21	11333	0.0	2	11023 295 15
22	40	0.0	2	11 24 5
23	13	0.0	2	10 1 2
24	20	0.0	2	16 1 3
25	5	0.0	2	5
26	16	0.0	2	13 3
27	6	0.0	2	6
28	8	0.0	2	5 2 1
29	9	0.0	2	7 2
30	2	0.0	2	0 2
31	3	0.0	2	1 2
32	5	0.0	2	3 2
33	1	0.0	2	1
34	3	0.0	2	2 0 1
35	4	0.0	2	3 1
36	2	0.0	2	2
37	7	0.0	2	5 2
38	5	0.0	2	4 1
39	12	0.0	2	9 3
40	9	0.0	2	8 1
41	4	0.0	2	3 1
42	5	0.0	2	5
43	12	0.0	2	10 2
44	3	0.0	2	2 1
45	5	0.0	2	5
46	9	0.0	2	8 1
47	3	0.0	2	1 2
48	11	0.0	2	10 1
49	16	0.0	2	14 2
50	8	0.0	2	7 1
51	1	0.0	2	1
52	7	0.0	2	6 0 1
53	3	0.0	2	2 1
54	11	0.0	2	10 1
55	7	0.0	2	7
56	5	0.0	2	5
57	4	0.0	2	4
58	3	0.0	2	3
59	3	0.0	2	3
60	4	0.0	2	4
63	5	0.0	2	5
64	3	0.0	2	1 2
65	4	0.0	2	4
66	5	0.0	2	4 1
67	5	0.0	2	4 1
68	3	0.0	2	2 1
69	4	0.0	2	2 2
70	1	0.0	2	1
71	3	0.0	2	3
72	5	0.0	2	5
73	2	0.0	2	2
74	1	0.0	2	1
75	8	0.0	2	8
77	3	0.0	2	3
80	1	0.0	2	0 1
81	2	0.0	2	2
83	2	0.0	2	2
84	1	0.0	2	1
85	4	0.0	2	4
86	2	0.0	2	2
88	6	0.0	2	5 1
89	1	0.0	2	1
91	2	0.0	2	2
92	5	0.0	2	4 1
93	3	0.0	2	3
94	2	0.0	2	2
95	9	0.0	2	8 1
96	5	0.0	2	5
97	2	0.0	2	2
98	1	0.0	2	1
99	1	0.0	2	1
101	2	0.0	2	2
102	3	0.0	2	3
103	1	0.0	2	1
104	11	0.0	2	11
105	1	0.0	2	1
106	1	0.0	2	1
107	1	0.0	2	1
108	1	0.0	2	1
109	1	0.0	2	1
111	3	0.0	2	2 1
112	2	0.0	2	2
113	13	0.0	2	13
115	1	0.0	2	1
117	1	0.0	2	1
118	4	0.0	2	4
119	20	0.0	2	19 1
120	17	0.0	2	17
121	29	0.0	2	17 12
122	1547	0.0	2	1481 58 8
123	5195	0.0	2	5004 168 23
124	13	0.0	2	11 1 1
129	1	0.0	2	1
131	2	0.0	2	2
132	1	0.0	2	1
142	1	0.0	2	1
143	1	0.0	2	1
144	1	0.0	2	1
145	1	0.0	2	1
