This is cutadapt 5.2 with Python 3.13.14
Command line parameters: -g CCTACGGGNGGCWGCAG -G GGACTACHVGGGTATCTAATCC --discard-untrimmed -e 0.1 --minimum-length 50 -j 4 -o results/region/V3_V4/trimmed/RnDD_260801_2_RnDD-16S_n0_R1.fq.gz -p results/region/V3_V4/trimmed/RnDD_260801_2_RnDD-16S_n0_R2.fq.gz /media/genomed/DATA_15Tb/16s_3run/RnDD_260801_2_RnDD-16S_n0/202608012056_RA01230801023_5P251211086US292659BX_RnD_16S_260801_RnDD_260801_2_RnDD-16S_n0_L00_R1.fq.gz /media/genomed/DATA_15Tb/16s_3run/RnDD_260801_2_RnDD-16S_n0/202608012056_RA01230801023_5P251211086US292659BX_RnD_16S_260801_RnDD_260801_2_RnDD-16S_n0_L00_R2.fq.gz
Processing paired-end reads on 4 cores ...

=== Summary ===

Total read pairs processed:            386,455
  Read 1 with adapter:                   1,438 (0.4%)
  Read 2 with adapter:                  19,651 (5.1%)

== Read fate breakdown ==
Pairs that were too short:                   3 (0.0%)
Pairs discarded as untrimmed:          386,037 (99.9%)
Pairs written (passing filters):           415 (0.1%)

Total basepairs processed:   231,873,000 bp
  Read 1:   115,936,500 bp
  Read 2:   115,936,500 bp
Total written (filtered):        232,372 bp (0.1%)
  Read 1:       121,428 bp
  Read 2:       110,944 bp

=== First read: Adapter 1 ===

Sequence: CCTACGGGNGGCWGCAG; Type: regular 5'; Length: 17; Trimmed: 1438 times

Minimum overlap: 3
No. of allowed errors:
1-9 bp: 0; 10-16 bp: 1

Overview of removed sequences
length	count	expect	max.err	error counts
3	638	6038.4	0	638
4	60	1509.6	0	60
5	48	377.4	0	48
6	8	94.3	0	8
7	13	23.6	0	13
8	46	5.9	0	46
9	18	1.5	0	18
10	12	0.4	1	12
11	111	0.1	1	17 94
12	18	0.0	1	9 9
13	23	0.0	1	17 6
14	26	0.0	1	20 6
15	44	0.0	1	29 15
16	66	0.0	1	44 22
17	294	0.0	1	135 159
18	1	0.0	1	0 1
30	1	0.0	1	0 1
47	1	0.0	1	1
74	7	0.0	1	0 7
185	1	0.0	1	0 1
188	1	0.0	1	0 1
195	1	0.0	1	0 1


=== Second read: Adapter 2 ===

Sequence: GGACTACHVGGGTATCTAATCC; Type: regular 5'; Length: 22; Trimmed: 19651 times

Minimum overlap: 3
No. of allowed errors:
1-9 bp: 0; 10-19 bp: 1; 20-22 bp: 2

Overview of removed sequences
length	count	expect	max.err	error counts
3	907	6038.4	0	907
4	168	1509.6	0	168
5	109	377.4	0	109
6	14	94.3	0	14
7	36	23.6	0	36
8	53	5.9	0	53
9	48	1.5	0	47 1
10	30	0.4	1	25 5
11	79	0.1	1	79
12	100	0.0	1	97 3
13	13	0.0	1	12 1
14	22	0.0	1	21 1
15	35	0.0	1	34 1
16	40	0.0	1	33 7
17	67	0.0	1	61 6
18	61	0.0	1	44 17
19	134	0.0	1	82 25 27
20	660	0.0	2	188 468 4
21	13628	0.0	2	13328 255 45
22	26	0.0	2	3 21 2
23	3	0.0	2	0 0 3
24	10	0.0	2	2 1 7
25	2	0.0	2	1 1
26	2	0.0	2	1 1
28	3	0.0	2	3
29	1	0.0	2	1
30	3	0.0	2	0 2 1
31	1	0.0	2	0 1
32	1	0.0	2	1
33	1	0.0	2	1
34	1	0.0	2	0 1
37	1	0.0	2	0 1
38	3	0.0	2	3
39	2	0.0	2	2
40	1	0.0	2	1
43	1	0.0	2	1
45	3	0.0	2	2 1
46	3	0.0	2	3
47	1	0.0	2	0 1
48	4	0.0	2	3 1
49	3	0.0	2	3
50	1	0.0	2	1
52	1	0.0	2	1
54	2	0.0	2	2
55	2	0.0	2	2
56	3	0.0	2	3
57	3	0.0	2	3
59	4	0.0	2	4
63	2	0.0	2	2
64	3	0.0	2	3
65	3	0.0	2	2 0 1
66	1	0.0	2	1
68	2	0.0	2	2
72	1	0.0	2	1
75	3	0.0	2	3
77	5	0.0	2	5
78	2	0.0	2	2
79	1	0.0	2	1
84	2	0.0	2	1 1
85	1	0.0	2	1
86	1	0.0	2	0 1
91	2	0.0	2	2
92	2	0.0	2	2
93	2	0.0	2	2
95	4	0.0	2	4
96	2	0.0	2	2
97	3	0.0	2	3
98	1	0.0	2	1
101	2	0.0	2	2
102	1	0.0	2	1
103	1	0.0	2	1
104	4	0.0	2	3 1
109	1	0.0	2	1
110	1	0.0	2	1
111	1	0.0	2	1
112	6	0.0	2	4 2
113	9	0.0	2	8 1
114	2	0.0	2	2
115	1	0.0	2	1
116	2	0.0	2	2
117	1	0.0	2	0 1
118	5	0.0	2	4 1
119	15	0.0	2	12 3
120	8	0.0	2	6 2
121	20	0.0	2	14 6
122	816	0.0	2	727 77 12
123	2403	0.0	2	2120 239 44
124	2	0.0	2	1 0 1
138	1	0.0	2	0 1
163	1	0.0	2	1
164	2	0.0	2	2
170	1	0.0	2	1
195	1	0.0	2	1
200	1	0.0	2	1
249	1	0.0	2	1
266	1	0.0	2	1
267	1	0.0	2	0 0 1
286	1	0.0	2	1
