This is cutadapt 5.2 with Python 3.13.14
Command line parameters: -g CCTACGGGNGGCWGCAG -G GGACTACHVGGGTATCTAATCC --discard-untrimmed -e 0.1 --minimum-length 50 -j 4 -o results/region/V3_V4/trimmed/RnDD_260713_15_RnDD-16S_n0_R1.fq.gz -p results/region/V3_V4/trimmed/RnDD_260713_15_RnDD-16S_n0_R2.fq.gz data/raw/RnDD_260713_15_RnDD-16S_n0/202607132008_RA01230801023_5P260413092US292662D3_RnD_SRSLY_16S_NPO_260713_RnDD_260713_15_RnDD-16S_n0_L00_R1.fq.gz data/raw/RnDD_260713_15_RnDD-16S_n0/202607132008_RA01230801023_5P260413092US292662D3_RnD_SRSLY_16S_NPO_260713_RnDD_260713_15_RnDD-16S_n0_L00_R2.fq.gz
Processing paired-end reads on 4 cores ...

=== Summary ===

Total read pairs processed:            379,155
  Read 1 with adapter:                   2,131 (0.6%)
  Read 2 with adapter:                  58,462 (15.4%)

== Read fate breakdown ==
Pairs that were too short:               2,286 (0.6%)
Pairs discarded as untrimmed:          375,361 (99.0%)
Pairs written (passing filters):         1,508 (0.4%)

Total basepairs processed:   113,746,500 bp
  Read 1:    56,873,250 bp
  Read 2:    56,873,250 bp
Total written (filtered):        409,207 bp (0.4%)
  Read 1:       215,087 bp
  Read 2:       194,120 bp

=== First read: Adapter 1 ===

Sequence: CCTACGGGNGGCWGCAG; Type: regular 5'; Length: 17; Trimmed: 2131 times

Minimum overlap: 3
No. of allowed errors:
1-9 bp: 0; 10-16 bp: 1

Overview of removed sequences
length	count	expect	max.err	error counts
3	637	5924.3	0	637
4	492	1481.1	0	492
5	105	370.3	0	105
6	2	92.6	0	2
8	1	5.8	0	1
11	67	0.1	1	1 66
12	1	0.0	1	0 1
13	1	0.0	1	1
14	6	0.0	1	5 1
15	5	0.0	1	4 1
16	35	0.0	1	27 8
17	777	0.0	1	747 30
18	1	0.0	1	0 1
29	1	0.0	1	1


=== Second read: Adapter 2 ===

Sequence: GGACTACHVGGGTATCTAATCC; Type: regular 5'; Length: 22; Trimmed: 58462 times

Minimum overlap: 3
No. of allowed errors:
1-9 bp: 0; 10-19 bp: 1; 20-22 bp: 2

Overview of removed sequences
length	count	expect	max.err	error counts
3	294	5924.3	0	294
4	53	1481.1	0	53
5	21	370.3	0	21
6	13	92.6	0	13
7	7	23.1	0	7
8	16	5.8	0	16
9	32	1.4	0	32
10	13	0.4	1	12 1
11	32	0.1	1	32
12	33	0.0	1	32 1
13	7	0.0	1	7
14	18	0.0	1	17 1
15	11	0.0	1	11
16	27	0.0	1	27
17	87	0.0	1	79 8
18	79	0.0	1	61 18
19	204	0.0	1	146 32 26
20	1946	0.0	2	538 1391 17
21	53054	0.0	2	51988 990 76
22	45	0.0	2	7 32 6
23	9	0.0	2	1 1 7
24	16	0.0	2	2 0 14
25	4	0.0	2	1 3
26	5	0.0	2	3 2
27	4	0.0	2	4
28	1	0.0	2	1
29	1	0.0	2	1
30	5	0.0	2	1 2 2
31	2	0.0	2	1 1
33	1	0.0	2	1
34	1	0.0	2	0 1
35	1	0.0	2	0 0 1
37	2	0.0	2	1 1
38	2	0.0	2	1 1
39	2	0.0	2	2
44	1	0.0	2	1
46	1	0.0	2	1
47	6	0.0	2	5 1
49	3	0.0	2	3
50	2	0.0	2	2
51	9	0.0	2	5 4
52	11	0.0	2	9 2
53	8	0.0	2	6 2
54	2	0.0	2	2
55	1	0.0	2	1
60	2	0.0	2	2
67	3	0.0	2	2 1
68	3	0.0	2	2 1
69	5	0.0	2	5
70	1	0.0	2	1
71	1	0.0	2	1
72	3	0.0	2	3
73	1	0.0	2	1
74	3	0.0	2	1 2
75	2	0.0	2	2
76	1	0.0	2	1
77	3	0.0	2	3
78	1	0.0	2	1
79	4	0.0	2	4
80	1	0.0	2	1
84	2	0.0	2	1 1
85	12	0.0	2	12
86	3	0.0	2	3
87	3	0.0	2	3
88	3	0.0	2	3
90	1	0.0	2	1
91	5	0.0	2	4 1
92	5	0.0	2	5
94	1	0.0	2	1
95	4	0.0	2	3 1
96	8	0.0	2	6 2
97	1	0.0	2	1
98	1	0.0	2	1
100	1	0.0	2	1
101	1	0.0	2	1
102	2	0.0	2	2
103	1	0.0	2	1
104	1	0.0	2	1
110	1	0.0	2	1
115	2	0.0	2	2
116	1	0.0	2	1
117	1	0.0	2	1
119	1	0.0	2	1
120	7	0.0	2	7
121	13	0.0	2	5 8
122	330	0.0	2	284 45 1
123	1916	0.0	2	1864 50 2
124	6	0.0	2	6
129	1	0.0	2	1
131	1	0.0	2	0 1
148	1	0.0	2	1
