This is cutadapt 5.2 with Python 3.13.14
Command line parameters: -g CCTACGGGNGGCWGCAG -G GGACTACHVGGGTATCTAATCC --discard-untrimmed -e 0.1 --minimum-length 50 -j 4 -o results/region/V3_V4/trimmed/RnDD_260801_23_RnDD-16S_n0_R1.fq.gz -p results/region/V3_V4/trimmed/RnDD_260801_23_RnDD-16S_n0_R2.fq.gz /media/genomed/DATA_15Tb/16s_3run/RnDD_260801_23_RnDD-16S_n0/202608012056_RA01230801023_5P251211086US292659BX_RnD_16S_260801_RnDD_260801_23_RnDD-16S_n0_L00_R1.fq.gz /media/genomed/DATA_15Tb/16s_3run/RnDD_260801_23_RnDD-16S_n0/202608012056_RA01230801023_5P251211086US292659BX_RnD_16S_260801_RnDD_260801_23_RnDD-16S_n0_L00_R2.fq.gz
Processing paired-end reads on 4 cores ...

=== Summary ===

Total read pairs processed:            424,204
  Read 1 with adapter:                     803 (0.2%)
  Read 2 with adapter:                  16,038 (3.8%)

== Read fate breakdown ==
Pairs that were too short:                   0 (0.0%)
Pairs discarded as untrimmed:          423,984 (99.9%)
Pairs written (passing filters):           220 (0.1%)

Total basepairs processed:   254,522,400 bp
  Read 1:   127,261,200 bp
  Read 2:   127,261,200 bp
Total written (filtered):        124,579 bp (0.0%)
  Read 1:        63,680 bp
  Read 2:        60,899 bp

=== First read: Adapter 1 ===

Sequence: CCTACGGGNGGCWGCAG; Type: regular 5'; Length: 17; Trimmed: 803 times

Minimum overlap: 3
No. of allowed errors:
1-9 bp: 0; 10-16 bp: 1

Overview of removed sequences
length	count	expect	max.err	error counts
3	222	6628.2	0	222
4	19	1657.0	0	19
5	13	414.3	0	13
6	5	103.6	0	5
7	4	25.9	0	4
8	13	6.5	0	13
9	7	1.6	0	7
10	6	0.4	1	6
11	119	0.1	1	10 109
12	9	0.0	1	5 4
13	18	0.0	1	12 6
14	22	0.0	1	15 7
15	35	0.0	1	27 8
16	55	0.0	1	37 18
17	177	0.0	1	78 99
74	9	0.0	1	0 9
160	2	0.0	1	1 1
187	1	0.0	1	0 1
188	49	0.0	1	0 49
194	1	0.0	1	0 1
195	3	0.0	1	0 3
196	14	0.0	1	0 14


=== Second read: Adapter 2 ===

Sequence: GGACTACHVGGGTATCTAATCC; Type: regular 5'; Length: 22; Trimmed: 16038 times

Minimum overlap: 3
No. of allowed errors:
1-9 bp: 0; 10-19 bp: 1; 20-22 bp: 2

Overview of removed sequences
length	count	expect	max.err	error counts
3	311	6628.2	0	311
4	64	1657.0	0	64
5	118	414.3	0	118
6	27	103.6	0	27
7	37	25.9	0	37
8	76	6.5	0	76
9	39	1.6	0	39
10	25	0.4	1	24 1
11	104	0.1	1	103 1
12	133	0.0	1	133
13	13	0.0	1	13
14	52	0.0	1	49 3
15	45	0.0	1	44 1
16	71	0.0	1	61 10
17	74	0.0	1	68 6
18	95	0.0	1	72 23
19	198	0.0	1	132 32 34
20	725	0.0	2	236 479 10
21	13670	0.0	2	13458 183 29
22	23	0.0	2	0 22 1
23	2	0.0	2	0 1 1
24	3	0.0	2	0 1 2
26	1	0.0	2	0 1
30	2	0.0	2	0 0 2
31	3	0.0	2	0 3
35	1	0.0	2	0 1
88	1	0.0	2	1
119	1	0.0	2	1
120	2	0.0	2	2
122	11	0.0	2	6 4 1
123	105	0.0	2	92 12 1
124	6	0.0	2	6
