This is cutadapt 5.2 with Python 3.13.14
Command line parameters: -g CCTACGGGNGGCWGCAG -G GGACTACHVGGGTATCTAATCC --discard-untrimmed -e 0.1 --minimum-length 50 -j 4 -o results/region/V3_V4/trimmed/RnDD_260801_19_RnDD-16S_n0_R1.fq.gz -p results/region/V3_V4/trimmed/RnDD_260801_19_RnDD-16S_n0_R2.fq.gz /media/genomed/DATA_15Tb/16s_3run/RnDD_260801_19_RnDD-16S_n0/202608012056_RA01230801023_5P251211086US292659BX_RnD_16S_260801_RnDD_260801_19_RnDD-16S_n0_L00_R1.fq.gz /media/genomed/DATA_15Tb/16s_3run/RnDD_260801_19_RnDD-16S_n0/202608012056_RA01230801023_5P251211086US292659BX_RnD_16S_260801_RnDD_260801_19_RnDD-16S_n0_L00_R2.fq.gz
Processing paired-end reads on 4 cores ...

=== Summary ===

Total read pairs processed:            518,869
  Read 1 with adapter:                   2,025 (0.4%)
  Read 2 with adapter:                  22,522 (4.3%)

== Read fate breakdown ==
Pairs that were too short:                   6 (0.0%)
Pairs discarded as untrimmed:          517,465 (99.7%)
Pairs written (passing filters):         1,398 (0.3%)

Total basepairs processed:   311,321,400 bp
  Read 1:   155,660,700 bp
  Read 2:   155,660,700 bp
Total written (filtered):        778,020 bp (0.2%)
  Read 1:       412,014 bp
  Read 2:       366,006 bp

=== First read: Adapter 1 ===

Sequence: CCTACGGGNGGCWGCAG; Type: regular 5'; Length: 17; Trimmed: 2025 times

Minimum overlap: 3
No. of allowed errors:
1-9 bp: 0; 10-16 bp: 1

Overview of removed sequences
length	count	expect	max.err	error counts
3	487	8107.3	0	487
4	685	2026.8	0	685
5	174	506.7	0	174
6	7	126.7	0	7
7	5	31.7	0	5
8	34	7.9	0	34
9	11	2.0	0	11
10	8	0.5	1	8
11	52	0.1	1	11 41
12	2	0.0	1	2
13	14	0.0	1	9 5
14	45	0.0	1	35 10
15	57	0.0	1	38 19
16	126	0.0	1	75 51
17	309	0.0	1	150 159
74	2	0.0	1	0 2
188	5	0.0	1	0 5
196	2	0.0	1	0 2


=== Second read: Adapter 2 ===

Sequence: GGACTACHVGGGTATCTAATCC; Type: regular 5'; Length: 22; Trimmed: 22522 times

Minimum overlap: 3
No. of allowed errors:
1-9 bp: 0; 10-19 bp: 1; 20-22 bp: 2

Overview of removed sequences
length	count	expect	max.err	error counts
3	461	8107.3	0	461
4	85	2026.8	0	85
5	31	506.7	0	31
6	6	126.7	0	6
7	7	31.7	0	7
8	7	7.9	0	7
9	16	2.0	0	16
10	3	0.5	1	3
11	20	0.1	1	20
12	19	0.0	1	19
14	5	0.0	1	5
15	3	0.0	1	3
16	2	0.0	1	1 1
17	5	0.0	1	5
18	5	0.0	1	5
19	32	0.0	1	30 0 2
20	386	0.0	2	96 280 10
21	16328	0.0	2	16045 245 38
22	15	0.0	2	3 10 2
23	5	0.0	2	1 1 3
24	13	0.0	2	1 3 9
26	4	0.0	2	1 3
27	3	0.0	2	2 0 1
28	3	0.0	2	2 1
29	2	0.0	2	1 1
30	1	0.0	2	0 1
33	1	0.0	2	0 1
36	1	0.0	2	1
37	1	0.0	2	1
40	1	0.0	2	1
41	1	0.0	2	0 1
42	1	0.0	2	1
43	1	0.0	2	1
45	2	0.0	2	2
46	1	0.0	2	1
47	4	0.0	2	4
48	1	0.0	2	1
49	2	0.0	2	2
50	1	0.0	2	1
51	3	0.0	2	3
52	3	0.0	2	3
53	1	0.0	2	1
54	3	0.0	2	3
56	5	0.0	2	3 2
57	1	0.0	2	1
62	1	0.0	2	1
64	2	0.0	2	2
68	1	0.0	2	1
69	2	0.0	2	2
70	4	0.0	2	3 1
71	1	0.0	2	1
72	1	0.0	2	1
73	1	0.0	2	1
74	1	0.0	2	1
77	1	0.0	2	1
79	1	0.0	2	0 1
81	1	0.0	2	1
83	1	0.0	2	1
85	3	0.0	2	3
86	2	0.0	2	2
87	3	0.0	2	3
88	2	0.0	2	2
90	1	0.0	2	0 1
91	1	0.0	2	1
95	3	0.0	2	3
96	3	0.0	2	3
97	1	0.0	2	1
104	2	0.0	2	2
105	1	0.0	2	1
109	1	0.0	2	1
110	2	0.0	2	2
112	2	0.0	2	2
117	1	0.0	2	0 0 1
119	2	0.0	2	1 1
120	5	0.0	2	3 1 1
121	23	0.0	2	8 14 1
122	534	0.0	2	443 76 15
123	4380	0.0	2	3948 366 66
124	6	0.0	2	6
126	1	0.0	2	1
130	1	0.0	2	1
140	1	0.0	2	1
144	1	0.0	2	1
148	1	0.0	2	1
163	2	0.0	2	1 1
164	5	0.0	2	3 2
165	1	0.0	2	0 0 1
194	1	0.0	2	1
197	1	0.0	2	0 1
200	1	0.0	2	0 1
211	1	0.0	2	1
224	1	0.0	2	1
238	1	0.0	2	1
266	4	0.0	2	4
273	1	0.0	2	0 1
295	1	0.0	2	1
