This is cutadapt 5.2 with Python 3.13.14
Command line parameters: -g CCTACGGGNGGCWGCAG -G GGACTACHVGGGTATCTAATCC --discard-untrimmed -e 0.1 --minimum-length 50 -j 4 -o results/region/V3_V4/trimmed/RnDD_260801_20_RnDD-16S_n0_R1.fq.gz -p results/region/V3_V4/trimmed/RnDD_260801_20_RnDD-16S_n0_R2.fq.gz /media/genomed/DATA_15Tb/16s_3run/RnDD_260801_20_RnDD-16S_n0/202608012056_RA01230801023_5P251211086US292659BX_RnD_16S_260801_RnDD_260801_20_RnDD-16S_n0_L00_R1.fq.gz /media/genomed/DATA_15Tb/16s_3run/RnDD_260801_20_RnDD-16S_n0/202608012056_RA01230801023_5P251211086US292659BX_RnD_16S_260801_RnDD_260801_20_RnDD-16S_n0_L00_R2.fq.gz
Processing paired-end reads on 4 cores ...

=== Summary ===

Total read pairs processed:            611,218
  Read 1 with adapter:                   2,451 (0.4%)
  Read 2 with adapter:                  26,591 (4.4%)

== Read fate breakdown ==
Pairs that were too short:                   9 (0.0%)
Pairs discarded as untrimmed:          609,514 (99.7%)
Pairs written (passing filters):         1,695 (0.3%)

Total basepairs processed:   366,730,800 bp
  Read 1:   183,365,400 bp
  Read 2:   183,365,400 bp
Total written (filtered):        943,974 bp (0.3%)
  Read 1:       499,003 bp
  Read 2:       444,971 bp

=== First read: Adapter 1 ===

Sequence: CCTACGGGNGGCWGCAG; Type: regular 5'; Length: 17; Trimmed: 2451 times

Minimum overlap: 3
No. of allowed errors:
1-9 bp: 0; 10-16 bp: 1

Overview of removed sequences
length	count	expect	max.err	error counts
3	565	9550.3	0	565
4	824	2387.6	0	824
5	190	596.9	0	190
6	5	149.2	0	5
7	6	37.3	0	6
8	30	9.3	0	30
9	19	2.3	0	19
10	11	0.6	1	11
11	62	0.1	1	9 53
12	9	0.0	1	7 2
13	30	0.0	1	24 6
14	49	0.0	1	39 10
15	82	0.0	1	58 24
16	139	0.0	1	82 57
17	419	0.0	1	199 220
18	1	0.0	1	0 1
19	1	0.0	1	1
21	1	0.0	1	1
73	1	0.0	1	1
74	1	0.0	1	0 1
160	1	0.0	1	1
188	5	0.0	1	0 5


=== Second read: Adapter 2 ===

Sequence: GGACTACHVGGGTATCTAATCC; Type: regular 5'; Length: 22; Trimmed: 26591 times

Minimum overlap: 3
No. of allowed errors:
1-9 bp: 0; 10-19 bp: 1; 20-22 bp: 2

Overview of removed sequences
length	count	expect	max.err	error counts
3	538	9550.3	0	538
4	87	2387.6	0	87
5	47	596.9	0	47
6	7	149.2	0	7
7	5	37.3	0	5
8	4	9.3	0	4
9	14	2.3	0	14
10	8	0.6	1	8
11	17	0.1	1	17
12	15	0.0	1	15
13	4	0.0	1	4
14	5	0.0	1	5
15	3	0.0	1	3
16	1	0.0	1	1
17	12	0.0	1	11 1
18	6	0.0	1	5 1
19	40	0.0	1	30 4 6
20	438	0.0	2	124 311 3
21	19410	0.0	2	19089 279 42
22	18	0.0	2	5 13
23	6	0.0	2	2 0 4
24	10	0.0	2	2 0 8
25	2	0.0	2	0 2
26	7	0.0	2	1 6
27	1	0.0	2	1
28	4	0.0	2	3 1
31	5	0.0	2	0 4 1
34	1	0.0	2	1
37	2	0.0	2	1 1
39	1	0.0	2	1
43	1	0.0	2	1
46	4	0.0	2	3 1
47	4	0.0	2	4
48	1	0.0	2	1
51	3	0.0	2	3
52	5	0.0	2	4 0 1
53	6	0.0	2	6
54	3	0.0	2	2 1
55	1	0.0	2	0 1
62	1	0.0	2	1
63	2	0.0	2	2
64	2	0.0	2	2
65	1	0.0	2	1
69	3	0.0	2	2 1
70	4	0.0	2	4
71	3	0.0	2	3
72	1	0.0	2	1
73	1	0.0	2	1
74	2	0.0	2	2
77	2	0.0	2	2
78	2	0.0	2	2
84	1	0.0	2	1
85	6	0.0	2	6
86	3	0.0	2	3
87	1	0.0	2	1
92	1	0.0	2	1
93	2	0.0	2	2
95	2	0.0	2	2
96	5	0.0	2	5
97	1	0.0	2	1
99	1	0.0	2	1
101	1	0.0	2	1
102	3	0.0	2	3
104	1	0.0	2	1
116	1	0.0	2	1
119	4	0.0	2	3 1
120	3	0.0	2	3
121	24	0.0	2	11 11 2
122	611	0.0	2	503 99 9
123	5114	0.0	2	4610 437 67
124	10	0.0	2	6 0 4
129	1	0.0	2	0 0 1
131	1	0.0	2	1
140	2	0.0	2	2
141	2	0.0	2	2
161	1	0.0	2	1
164	3	0.0	2	1 2
166	1	0.0	2	0 1
168	1	0.0	2	1
195	1	0.0	2	0 0 1
229	3	0.0	2	1 1 1
250	1	0.0	2	1
259	1	0.0	2	0 0 1
266	4	0.0	2	3 1
272	2	0.0	2	1 0 1
274	1	0.0	2	0 1
282	1	0.0	2	1
