This is cutadapt 5.2 with Python 3.13.14
Command line parameters: -g CCTACGGGNGGCWGCAG -G GGACTACHVGGGTATCTAATCC --discard-untrimmed -e 0.1 --minimum-length 50 -j 4 -o results/region/V3_V4/trimmed/RnDD_260801_9_RnDD-16S_n0_R1.fq.gz -p results/region/V3_V4/trimmed/RnDD_260801_9_RnDD-16S_n0_R2.fq.gz /media/genomed/DATA_15Tb/16s_3run/RnDD_260801_9_RnDD-16S_n0/202608012056_RA01230801023_5P251211086US292659BX_RnD_16S_260801_RnDD_260801_9_RnDD-16S_n0_L00_R1.fq.gz /media/genomed/DATA_15Tb/16s_3run/RnDD_260801_9_RnDD-16S_n0/202608012056_RA01230801023_5P251211086US292659BX_RnD_16S_260801_RnDD_260801_9_RnDD-16S_n0_L00_R2.fq.gz
Processing paired-end reads on 4 cores ...

=== Summary ===

Total read pairs processed:            321,845
  Read 1 with adapter:                     939 (0.3%)
  Read 2 with adapter:                  10,329 (3.2%)

== Read fate breakdown ==
Pairs that were too short:                  27 (0.0%)
Pairs discarded as untrimmed:          321,656 (99.9%)
Pairs written (passing filters):           162 (0.1%)

Total basepairs processed:   193,107,000 bp
  Read 1:    96,553,500 bp
  Read 2:    96,553,500 bp
Total written (filtered):         84,019 bp (0.0%)
  Read 1:        47,560 bp
  Read 2:        36,459 bp

=== First read: Adapter 1 ===

Sequence: CCTACGGGNGGCWGCAG; Type: regular 5'; Length: 17; Trimmed: 939 times

Minimum overlap: 3
No. of allowed errors:
1-9 bp: 0; 10-16 bp: 1

Overview of removed sequences
length	count	expect	max.err	error counts
3	392	5028.8	0	392
4	29	1257.2	0	29
5	26	314.3	0	26
6	4	78.6	0	4
7	7	19.6	0	7
8	20	4.9	0	20
9	10	1.2	0	10
10	4	0.3	1	4
11	23	0.1	1	2 21
12	5	0.0	1	3 2
13	7	0.0	1	5 2
14	18	0.0	1	16 2
15	21	0.0	1	12 9
16	54	0.0	1	34 20
17	313	0.0	1	145 168
74	4	0.0	1	0 4
195	1	0.0	1	0 1
279	1	0.0	1	0 1


=== Second read: Adapter 2 ===

Sequence: GGACTACHVGGGTATCTAATCC; Type: regular 5'; Length: 22; Trimmed: 10329 times

Minimum overlap: 3
No. of allowed errors:
1-9 bp: 0; 10-19 bp: 1; 20-22 bp: 2

Overview of removed sequences
length	count	expect	max.err	error counts
3	378	5028.8	0	378
4	139	1257.2	0	139
5	50	314.3	0	50
6	8	78.6	0	8
7	7	19.6	0	7
8	6	4.9	0	6
9	15	1.2	0	15
10	5	0.3	1	5
11	19	0.1	1	17 2
12	19	0.0	1	19
13	2	0.0	1	2
14	3	0.0	1	2 1
15	5	0.0	1	5
16	8	0.0	1	8
17	15	0.0	1	14 1
18	3	0.0	1	1 2
19	23	0.0	1	18 2 3
20	85	0.0	2	28 57
21	3140	0.0	2	3090 37 13
22	5	0.0	2	2 3
23	1	0.0	2	1
24	10	0.0	2	5 1 4
25	3	0.0	2	2 1
26	4	0.0	2	4
27	7	0.0	2	7
28	7	0.0	2	6 1
29	3	0.0	2	2 1
30	1	0.0	2	0 1
31	1	0.0	2	1
33	2	0.0	2	2
34	2	0.0	2	1 1
35	3	0.0	2	2 0 1
36	5	0.0	2	3 2
37	4	0.0	2	4
38	7	0.0	2	5 2
39	4	0.0	2	4
40	3	0.0	2	3
41	2	0.0	2	2
42	5	0.0	2	3 2
43	8	0.0	2	5 2 1
44	2	0.0	2	1 1
45	2	0.0	2	2
46	3	0.0	2	3
47	4	0.0	2	3 1
48	13	0.0	2	11 2
49	8	0.0	2	5 2 1
51	1	0.0	2	1
52	3	0.0	2	3
53	2	0.0	2	1 1
54	1	0.0	2	1
55	10	0.0	2	10
56	9	0.0	2	8 1
57	9	0.0	2	9
58	4	0.0	2	4
59	2	0.0	2	2
60	4	0.0	2	3 1
62	3	0.0	2	2 1
63	2	0.0	2	2
65	2	0.0	2	2
67	3	0.0	2	3
68	1	0.0	2	1
69	3	0.0	2	2 1
70	3	0.0	2	3
71	1	0.0	2	1
73	1	0.0	2	1
74	1	0.0	2	1
75	8	0.0	2	8
76	2	0.0	2	2
77	6	0.0	2	5 0 1
78	4	0.0	2	4
79	1	0.0	2	1
82	1	0.0	2	1
83	5	0.0	2	5
84	2	0.0	2	1 1
85	4	0.0	2	3 1
86	1	0.0	2	1
87	2	0.0	2	2
88	2	0.0	2	2
89	1	0.0	2	0 1
91	8	0.0	2	8
92	5	0.0	2	5
93	4	0.0	2	4
95	10	0.0	2	9 1
96	8	0.0	2	7 1
97	1	0.0	2	1
98	2	0.0	2	2
99	1	0.0	2	1
100	1	0.0	2	1
101	1	0.0	2	0 1
102	6	0.0	2	4 2
103	3	0.0	2	2 1
104	11	0.0	2	11
105	2	0.0	2	2
106	2	0.0	2	2
107	1	0.0	2	1
109	2	0.0	2	1 0 1
112	4	0.0	2	4
113	2	0.0	2	2
117	2	0.0	2	0 2
118	2	0.0	2	2
119	4	0.0	2	4
120	8	0.0	2	7 1
121	28	0.0	2	19 8 1
122	897	0.0	2	754 130 13
123	5090	0.0	2	4561 445 84
124	14	0.0	2	11 1 2
129	1	0.0	2	1
136	1	0.0	2	0 1
141	1	0.0	2	1
142	1	0.0	2	1
143	1	0.0	2	1
161	1	0.0	2	1
163	1	0.0	2	1
167	1	0.0	2	1
181	3	0.0	2	3
182	1	0.0	2	1
188	2	0.0	2	1 0 1
197	3	0.0	2	2 1
200	2	0.0	2	1 0 1
201	1	0.0	2	1
204	1	0.0	2	1
207	1	0.0	2	0 1
211	1	0.0	2	0 1
221	1	0.0	2	0 1
226	1	0.0	2	1
236	1	0.0	2	1
240	1	0.0	2	1
241	1	0.0	2	1
242	1	0.0	2	1
248	1	0.0	2	0 0 1
249	1	0.0	2	0 1
251	1	0.0	2	0 1
252	1	0.0	2	1
258	1	0.0	2	1
261	1	0.0	2	0 0 1
264	1	0.0	2	1
265	3	0.0	2	2 1
266	3	0.0	2	2 1
267	1	0.0	2	0 1
269	1	0.0	2	0 1
272	3	0.0	2	2 1
273	1	0.0	2	1
274	1	0.0	2	0 1
275	1	0.0	2	1
276	1	0.0	2	0 1
282	1	0.0	2	0 0 1
287	1	0.0	2	0 1
288	1	0.0	2	1
295	1	0.0	2	1
299	2	0.0	2	2
