This is cutadapt 5.2 with Python 3.13.14
Command line parameters: -g CCTACGGGNGGCWGCAG -G GGACTACHVGGGTATCTAATCC --discard-untrimmed -e 0.1 --minimum-length 50 -j 4 -o results/region/V3_V4/trimmed/RnDD_260801_21_RnDD-16S_n0_R1.fq.gz -p results/region/V3_V4/trimmed/RnDD_260801_21_RnDD-16S_n0_R2.fq.gz /media/genomed/DATA_15Tb/16s_3run/RnDD_260801_21_RnDD-16S_n0/202608012056_RA01230801023_5P251211086US292659BX_RnD_16S_260801_RnDD_260801_21_RnDD-16S_n0_L00_R1.fq.gz /media/genomed/DATA_15Tb/16s_3run/RnDD_260801_21_RnDD-16S_n0/202608012056_RA01230801023_5P251211086US292659BX_RnD_16S_260801_RnDD_260801_21_RnDD-16S_n0_L00_R2.fq.gz
Processing paired-end reads on 4 cores ...

=== Summary ===

Total read pairs processed:            856,880
  Read 1 with adapter:                   2,224 (0.3%)
  Read 2 with adapter:                  26,645 (3.1%)

== Read fate breakdown ==
Pairs that were too short:                  10 (0.0%)
Pairs discarded as untrimmed:          855,394 (99.8%)
Pairs written (passing filters):         1,476 (0.2%)

Total basepairs processed:   514,128,000 bp
  Read 1:   257,064,000 bp
  Read 2:   257,064,000 bp
Total written (filtered):        779,277 bp (0.2%)
  Read 1:       435,730 bp
  Read 2:       343,547 bp

=== First read: Adapter 1 ===

Sequence: CCTACGGGNGGCWGCAG; Type: regular 5'; Length: 17; Trimmed: 2224 times

Minimum overlap: 3
No. of allowed errors:
1-9 bp: 0; 10-16 bp: 1

Overview of removed sequences
length	count	expect	max.err	error counts
3	591	13388.8	0	591
4	789	3347.2	0	789
5	179	836.8	0	179
6	1	209.2	0	1
7	5	52.3	0	5
8	14	13.1	0	14
9	10	3.3	0	10
10	5	0.8	1	5
11	54	0.2	1	2 52
12	5	0.1	1	2 3
13	7	0.0	1	4 3
14	27	0.0	1	22 5
15	34	0.0	1	25 9
16	107	0.0	1	71 36
17	391	0.0	1	192 199
85	1	0.0	1	0 1
158	1	0.0	1	0 1
160	1	0.0	1	1
172	1	0.0	1	0 1
188	1	0.0	1	0 1


=== Second read: Adapter 2 ===

Sequence: GGACTACHVGGGTATCTAATCC; Type: regular 5'; Length: 22; Trimmed: 26645 times

Minimum overlap: 3
No. of allowed errors:
1-9 bp: 0; 10-19 bp: 1; 20-22 bp: 2

Overview of removed sequences
length	count	expect	max.err	error counts
3	869	13388.8	0	869
4	103	3347.2	0	103
5	29	836.8	0	29
6	5	209.2	0	5
7	5	52.3	0	5
8	7	13.1	0	7
9	10	3.3	0	10
10	2	0.8	1	2
11	9	0.2	1	9
12	4	0.1	1	4
13	1	0.0	1	1
14	4	0.0	1	3 1
15	2	0.0	1	2
16	8	0.0	1	7 1
17	8	0.0	1	7 1
18	8	0.0	1	7 1
19	24	0.0	1	19 3 2
20	374	0.0	2	83 288 3
21	13781	0.0	2	13548 204 29
22	9	0.0	2	3 6
23	3	0.0	2	2 0 1
24	6	0.0	2	3 0 3
25	8	0.0	2	2 5 1
26	6	0.0	2	1 5
27	2	0.0	2	2
28	2	0.0	2	0 1 1
30	2	0.0	2	0 1 1
31	1	0.0	2	0 1
32	1	0.0	2	1
33	2	0.0	2	0 2
34	1	0.0	2	0 0 1
35	1	0.0	2	0 1
36	2	0.0	2	1 1
37	3	0.0	2	2 1
39	4	0.0	2	3 1
42	2	0.0	2	0 1 1
43	1	0.0	2	1
44	2	0.0	2	0 2
45	1	0.0	2	0 1
46	6	0.0	2	4 2
47	5	0.0	2	4 1
48	2	0.0	2	1 1
49	3	0.0	2	3
50	1	0.0	2	1
51	6	0.0	2	5 1
52	9	0.0	2	7 2
53	6	0.0	2	5 0 1
54	2	0.0	2	1 1
55	1	0.0	2	1
56	1	0.0	2	1
57	1	0.0	2	0 1
59	1	0.0	2	0 1
61	1	0.0	2	0 1
62	2	0.0	2	2
63	1	0.0	2	1
67	1	0.0	2	1
69	2	0.0	2	1 1
70	3	0.0	2	3
72	4	0.0	2	3 1
73	3	0.0	2	1 2
75	2	0.0	2	2
77	2	0.0	2	2
78	3	0.0	2	3
79	3	0.0	2	2 1
82	1	0.0	2	1
83	4	0.0	2	3 1
84	1	0.0	2	1
85	11	0.0	2	8 2 1
86	4	0.0	2	3 1
87	2	0.0	2	2
88	1	0.0	2	0 1
90	2	0.0	2	0 2
91	3	0.0	2	3
93	3	0.0	2	2 1
94	3	0.0	2	2 1
95	6	0.0	2	4 2
96	4	0.0	2	3 0 1
97	2	0.0	2	2
98	1	0.0	2	1
99	1	0.0	2	1
100	1	0.0	2	1
101	3	0.0	2	2 1
102	2	0.0	2	2
103	1	0.0	2	1
104	5	0.0	2	4 1
105	1	0.0	2	1
107	2	0.0	2	2
109	2	0.0	2	1 1
110	1	0.0	2	1
111	1	0.0	2	1
112	3	0.0	2	2 1
113	2	0.0	2	2
115	2	0.0	2	1 0 1
116	2	0.0	2	2
117	2	0.0	2	2
118	1	0.0	2	1
119	15	0.0	2	14 1
120	19	0.0	2	17 2
121	65	0.0	2	20 39 6
122	1350	0.0	2	994 327 29
123	9683	0.0	2	8867 669 147
124	21	0.0	2	15 3 3
126	1	0.0	2	1
128	1	0.0	2	0 0 1
131	1	0.0	2	1
133	1	0.0	2	1
135	2	0.0	2	2
136	1	0.0	2	1
155	1	0.0	2	1
163	2	0.0	2	2
164	8	0.0	2	2 5 1
205	1	0.0	2	1
265	2	0.0	2	2
266	8	0.0	2	5 2 1
