This is cutadapt 5.2 with Python 3.13.14
Command line parameters: -g CCTACGGGNGGCWGCAG -G GGACTACHVGGGTATCTAATCC --discard-untrimmed -e 0.1 --minimum-length 50 -j 4 -o results/region/V3_V4/trimmed/RnDD_260801_24_RnDD-16S_n0_R1.fq.gz -p results/region/V3_V4/trimmed/RnDD_260801_24_RnDD-16S_n0_R2.fq.gz /media/genomed/DATA_15Tb/16s_3run/RnDD_260801_24_RnDD-16S_n0/202608012056_RA01230801023_5P251211086US292659BX_RnD_16S_260801_RnDD_260801_24_RnDD-16S_n0_L00_R1.fq.gz /media/genomed/DATA_15Tb/16s_3run/RnDD_260801_24_RnDD-16S_n0/202608012056_RA01230801023_5P251211086US292659BX_RnD_16S_260801_RnDD_260801_24_RnDD-16S_n0_L00_R2.fq.gz
Processing paired-end reads on 4 cores ...

=== Summary ===

Total read pairs processed:            365,781
  Read 1 with adapter:                     741 (0.2%)
  Read 2 with adapter:                  19,033 (5.2%)

== Read fate breakdown ==
Pairs that were too short:                   0 (0.0%)
Pairs discarded as untrimmed:          365,614 (100.0%)
Pairs written (passing filters):           167 (0.0%)

Total basepairs processed:   219,468,600 bp
  Read 1:   109,734,300 bp
  Read 2:   109,734,300 bp
Total written (filtered):         94,846 bp (0.0%)
  Read 1:        48,433 bp
  Read 2:        46,413 bp

=== First read: Adapter 1 ===

Sequence: CCTACGGGNGGCWGCAG; Type: regular 5'; Length: 17; Trimmed: 741 times

Minimum overlap: 3
No. of allowed errors:
1-9 bp: 0; 10-16 bp: 1

Overview of removed sequences
length	count	expect	max.err	error counts
3	208	5715.3	0	208
4	25	1428.8	0	25
5	14	357.2	0	14
6	4	89.3	0	4
7	1	22.3	0	1
8	15	5.6	0	15
9	7	1.4	0	7
10	10	0.3	1	10
11	99	0.1	1	17 82
12	5	0.0	1	3 2
13	24	0.0	1	14 10
14	12	0.0	1	11 1
15	34	0.0	1	17 17
16	49	0.0	1	27 22
17	185	0.0	1	91 94
21	1	0.0	1	1
74	6	0.0	1	0 6
88	1	0.0	1	0 1
151	1	0.0	1	1
160	1	0.0	1	1
188	25	0.0	1	0 25
195	1	0.0	1	0 1
196	13	0.0	1	0 13


=== Second read: Adapter 2 ===

Sequence: GGACTACHVGGGTATCTAATCC; Type: regular 5'; Length: 22; Trimmed: 19033 times

Minimum overlap: 3
No. of allowed errors:
1-9 bp: 0; 10-19 bp: 1; 20-22 bp: 2

Overview of removed sequences
length	count	expect	max.err	error counts
3	139	5715.3	0	139
4	68	1428.8	0	68
5	149	357.2	0	149
6	19	89.3	0	19
7	46	22.3	0	46
8	90	5.6	0	90
9	48	1.4	0	48
10	40	0.3	1	37 3
11	131	0.1	1	131
12	148	0.0	1	147 1
13	25	0.0	1	23 2
14	61	0.0	1	60 1
15	62	0.0	1	62
16	71	0.0	1	56 15
17	76	0.0	1	70 6
18	108	0.0	1	82 26
19	235	0.0	1	154 43 38
20	881	0.0	2	268 609 4
21	16479	0.0	2	16236 206 37
22	35	0.0	2	2 33
23	2	0.0	2	0 1 1
24	2	0.0	2	1 0 1
30	4	0.0	2	0 1 3
31	1	0.0	2	0 1
33	1	0.0	2	0 1
34	1	0.0	2	0 1
53	1	0.0	2	1
120	1	0.0	2	1
122	19	0.0	2	13 4 2
123	81	0.0	2	67 13 1
124	6	0.0	2	3 1 2
125	2	0.0	2	0 2
162	1	0.0	2	0 0 1
