This is cutadapt 5.2 with Python 3.13.14
Command line parameters: -g CCTACGGGNGGCWGCAG -G GGACTACHVGGGTATCTAATCC --discard-untrimmed -e 0.1 --minimum-length 50 -j 4 -o results/region/V3_V4/trimmed/RnDD_260801_12_RnDD-16S_n0_R1.fq.gz -p results/region/V3_V4/trimmed/RnDD_260801_12_RnDD-16S_n0_R2.fq.gz /media/genomed/DATA_15Tb/16s_3run/RnDD_260801_12_RnDD-16S_n0/202608012056_RA01230801023_5P251211086US292659BX_RnD_16S_260801_RnDD_260801_12_RnDD-16S_n0_L00_R1.fq.gz /media/genomed/DATA_15Tb/16s_3run/RnDD_260801_12_RnDD-16S_n0/202608012056_RA01230801023_5P251211086US292659BX_RnD_16S_260801_RnDD_260801_12_RnDD-16S_n0_L00_R2.fq.gz
Processing paired-end reads on 4 cores ...

=== Summary ===

Total read pairs processed:            411,704
  Read 1 with adapter:                     874 (0.2%)
  Read 2 with adapter:                  18,776 (4.6%)

== Read fate breakdown ==
Pairs that were too short:                   3 (0.0%)
Pairs discarded as untrimmed:          411,502 (100.0%)
Pairs written (passing filters):           199 (0.0%)

Total basepairs processed:   247,022,400 bp
  Read 1:   123,511,200 bp
  Read 2:   123,511,200 bp
Total written (filtered):        112,611 bp (0.0%)
  Read 1:        57,710 bp
  Read 2:        54,901 bp

=== First read: Adapter 1 ===

Sequence: CCTACGGGNGGCWGCAG; Type: regular 5'; Length: 17; Trimmed: 874 times

Minimum overlap: 3
No. of allowed errors:
1-9 bp: 0; 10-16 bp: 1

Overview of removed sequences
length	count	expect	max.err	error counts
3	323	6432.9	0	323
4	21	1608.2	0	21
5	27	402.1	0	27
6	6	100.5	0	6
7	7	25.1	0	7
8	18	6.3	0	18
9	2	1.6	0	2
10	10	0.4	1	9 1
11	131	0.1	1	15 116
12	14	0.0	1	10 4
13	12	0.0	1	9 3
14	19	0.0	1	15 4
15	24	0.0	1	15 9
16	56	0.0	1	34 22
17	145	0.0	1	61 84
18	1	0.0	1	0 1
21	1	0.0	1	1
74	6	0.0	1	0 6
122	1	0.0	1	0 1
159	2	0.0	1	0 2
160	5	0.0	1	3 2
175	1	0.0	1	0 1
188	32	0.0	1	0 32
195	1	0.0	1	0 1
196	9	0.0	1	0 9


=== Second read: Adapter 2 ===

Sequence: GGACTACHVGGGTATCTAATCC; Type: regular 5'; Length: 22; Trimmed: 18776 times

Minimum overlap: 3
No. of allowed errors:
1-9 bp: 0; 10-19 bp: 1; 20-22 bp: 2

Overview of removed sequences
length	count	expect	max.err	error counts
3	618	6432.9	0	618
4	70	1608.2	0	70
5	165	402.1	0	165
6	33	100.5	0	33
7	60	25.1	0	60
8	102	6.3	0	102
9	55	1.6	0	55
10	38	0.4	1	36 2
11	138	0.1	1	136 2
12	163	0.0	1	160 3
13	25	0.0	1	25
14	44	0.0	1	42 2
15	54	0.0	1	50 4
16	49	0.0	1	41 8
17	74	0.0	1	63 11
18	81	0.0	1	66 15
19	191	0.0	1	133 34 24
20	819	0.0	2	245 569 5
21	15148	0.0	2	14931 192 25
22	26	0.0	2	1 23 2
24	4	0.0	2	1 1 2
25	1	0.0	2	1
26	1	0.0	2	1
27	1	0.0	2	1
30	3	0.0	2	0 1 2
36	1	0.0	2	1
38	1	0.0	2	1
39	1	0.0	2	1
42	1	0.0	2	1
43	1	0.0	2	0 1
45	1	0.0	2	0 1
46	3	0.0	2	2 1
54	1	0.0	2	1
55	1	0.0	2	1
56	1	0.0	2	1
61	1	0.0	2	0 1
63	2	0.0	2	2
71	1	0.0	2	1
78	1	0.0	2	0 0 1
91	1	0.0	2	0 1
92	1	0.0	2	1
95	2	0.0	2	2
97	1	0.0	2	0 1
99	1	0.0	2	1
104	1	0.0	2	1
109	2	0.0	2	2
113	1	0.0	2	1
114	4	0.0	2	3 0 1
116	1	0.0	2	0 1
118	2	0.0	2	2
119	4	0.0	2	4
120	1	0.0	2	1
121	10	0.0	2	7 3
122	183	0.0	2	166 16 1
123	563	0.0	2	512 44 7
124	11	0.0	2	10 0 1
125	1	0.0	2	0 1
164	3	0.0	2	2 1
266	3	0.0	2	2 1
