This is cutadapt 5.2 with Python 3.13.14
Command line parameters: -g CCTACGGGNGGCWGCAG -G GGACTACHVGGGTATCTAATCC --discard-untrimmed -e 0.1 --minimum-length 50 -j 4 -o results/region/V3_V4/trimmed/RnDD_260801_5_RnDD-16S_n0_R1.fq.gz -p results/region/V3_V4/trimmed/RnDD_260801_5_RnDD-16S_n0_R2.fq.gz /media/genomed/DATA_15Tb/16s_3run/RnDD_260801_5_RnDD-16S_n0/202608012056_RA01230801023_5P251211086US292659BX_RnD_16S_260801_RnDD_260801_5_RnDD-16S_n0_L00_R1.fq.gz /media/genomed/DATA_15Tb/16s_3run/RnDD_260801_5_RnDD-16S_n0/202608012056_RA01230801023_5P251211086US292659BX_RnD_16S_260801_RnDD_260801_5_RnDD-16S_n0_L00_R2.fq.gz
Processing paired-end reads on 4 cores ...

=== Summary ===

Total read pairs processed:            276,271
  Read 1 with adapter:                     868 (0.3%)
  Read 2 with adapter:                  13,199 (4.8%)

== Read fate breakdown ==
Pairs that were too short:                   1 (0.0%)
Pairs discarded as untrimmed:          276,105 (99.9%)
Pairs written (passing filters):           165 (0.1%)

Total basepairs processed:   165,762,600 bp
  Read 1:    82,881,300 bp
  Read 2:    82,881,300 bp
Total written (filtered):         92,752 bp (0.1%)
  Read 1:        47,912 bp
  Read 2:        44,840 bp

=== First read: Adapter 1 ===

Sequence: CCTACGGGNGGCWGCAG; Type: regular 5'; Length: 17; Trimmed: 868 times

Minimum overlap: 3
No. of allowed errors:
1-9 bp: 0; 10-16 bp: 1

Overview of removed sequences
length	count	expect	max.err	error counts
3	373	4316.7	0	373
4	38	1079.2	0	38
5	28	269.8	0	28
6	5	67.4	0	5
7	7	16.9	0	7
8	21	4.2	0	21
9	9	1.1	0	9
10	18	0.3	1	16 2
11	113	0.1	1	24 89
12	9	0.0	1	6 3
13	15	0.0	1	9 6
14	20	0.0	1	16 4
15	22	0.0	1	11 11
16	32	0.0	1	22 10
17	119	0.0	1	58 61
49	1	0.0	1	0 1
74	4	0.0	1	0 4
160	1	0.0	1	0 1
162	1	0.0	1	0 1
169	1	0.0	1	0 1
188	23	0.0	1	0 23
196	8	0.0	1	0 8


=== Second read: Adapter 2 ===

Sequence: GGACTACHVGGGTATCTAATCC; Type: regular 5'; Length: 22; Trimmed: 13199 times

Minimum overlap: 3
No. of allowed errors:
1-9 bp: 0; 10-19 bp: 1; 20-22 bp: 2

Overview of removed sequences
length	count	expect	max.err	error counts
3	302	4316.7	0	302
4	78	1079.2	0	78
5	110	269.8	0	110
6	12	67.4	0	12
7	48	16.9	0	48
8	65	4.2	0	65
9	43	1.1	0	43
10	24	0.3	1	24
11	138	0.1	1	137 1
12	186	0.0	1	178 8
13	80	0.0	1	77 3
14	99	0.0	1	97 2
15	106	0.0	1	100 6
16	98	0.0	1	76 22
17	153	0.0	1	135 18
18	98	0.0	1	75 23
19	253	0.0	1	161 43 49
20	687	0.0	2	213 462 12
21	9896	0.0	2	9676 179 41
22	46	0.0	2	0 46
24	2	0.0	2	1 0 1
26	1	0.0	2	1
30	2	0.0	2	0 0 2
43	1	0.0	2	0 0 1
46	1	0.0	2	1
47	1	0.0	2	1
48	1	0.0	2	1
54	1	0.0	2	1
56	2	0.0	2	1 1
57	1	0.0	2	1
64	1	0.0	2	1
70	1	0.0	2	1
83	1	0.0	2	1
84	1	0.0	2	1
91	2	0.0	2	2
95	2	0.0	2	2
99	2	0.0	2	2
104	1	0.0	2	1
105	1	0.0	2	1
110	1	0.0	2	1
111	1	0.0	2	1
113	2	0.0	2	2
118	1	0.0	2	1
119	4	0.0	2	3 1
120	2	0.0	2	1 1
121	6	0.0	2	5 1
122	112	0.0	2	103 7 2
123	502	0.0	2	441 51 10
124	15	0.0	2	15
132	1	0.0	2	1
134	1	0.0	2	1
146	1	0.0	2	1
164	2	0.0	2	1 1
260	1	0.0	2	1
