This is cutadapt 5.2 with Python 3.13.14
Command line parameters: -g CCTACGGGNGGCWGCAG -G GGACTACHVGGGTATCTAATCC --discard-untrimmed -e 0.1 --minimum-length 50 -j 4 -o results/region/V3_V4/trimmed/RnDD_260713_17_RnDD-16S_n0_R1.fq.gz -p results/region/V3_V4/trimmed/RnDD_260713_17_RnDD-16S_n0_R2.fq.gz data/raw/RnDD_260713_17_RnDD-16S_n0/202607132008_RA01230801023_5P260413092US292662D3_RnD_SRSLY_16S_NPO_260713_RnDD_260713_17_RnDD-16S_n0_L00_R1.fq.gz data/raw/RnDD_260713_17_RnDD-16S_n0/202607132008_RA01230801023_5P260413092US292662D3_RnD_SRSLY_16S_NPO_260713_RnDD_260713_17_RnDD-16S_n0_L00_R2.fq.gz
Processing paired-end reads on 4 cores ...

=== Summary ===

Total read pairs processed:             77,432
  Read 1 with adapter:                     420 (0.5%)
  Read 2 with adapter:                  18,041 (23.3%)

== Read fate breakdown ==
Pairs that were too short:                 247 (0.3%)
Pairs discarded as untrimmed:           77,099 (99.6%)
Pairs written (passing filters):            86 (0.1%)

Total basepairs processed:    23,229,600 bp
  Read 1:    11,614,800 bp
  Read 2:    11,614,800 bp
Total written (filtered):         23,246 bp (0.1%)
  Read 1:        12,030 bp
  Read 2:        11,216 bp

=== First read: Adapter 1 ===

Sequence: CCTACGGGNGGCWGCAG; Type: regular 5'; Length: 17; Trimmed: 420 times

Minimum overlap: 3
No. of allowed errors:
1-9 bp: 0; 10-16 bp: 1

Overview of removed sequences
length	count	expect	max.err	error counts
3	65	1209.9	0	65
4	50	302.5	0	50
5	11	75.6	0	11
6	1	18.9	0	1
7	2	4.7	0	2
9	1	0.3	0	1
10	5	0.1	1	5
11	37	0.0	1	4 33
12	7	0.0	1	6 1
13	3	0.0	1	3
14	2	0.0	1	2
15	6	0.0	1	2 4
16	26	0.0	1	13 13
17	203	0.0	1	195 8
18	1	0.0	1	0 1


=== Second read: Adapter 2 ===

Sequence: GGACTACHVGGGTATCTAATCC; Type: regular 5'; Length: 22; Trimmed: 18041 times

Minimum overlap: 3
No. of allowed errors:
1-9 bp: 0; 10-19 bp: 1; 20-22 bp: 2

Overview of removed sequences
length	count	expect	max.err	error counts
3	52	1209.9	0	52
4	30	302.5	0	30
5	103	75.6	0	103
6	14	18.9	0	14
7	56	4.7	0	56
8	92	1.2	0	92
9	35	0.3	0	35
10	34	0.1	1	34
11	165	0.0	1	163 2
12	243	0.0	1	230 13
13	94	0.0	1	93 1
14	147	0.0	1	143 4
15	149	0.0	1	141 8
16	140	0.0	1	115 25
17	167	0.0	1	142 25
18	209	0.0	1	148 61
19	411	0.0	1	277 61 73
20	1080	0.0	2	349 717 14
21	14485	0.0	2	13935 490 60
22	79	0.0	2	3 71 5
23	2	0.0	2	0 0 2
25	1	0.0	2	0 1
30	1	0.0	2	0 1
34	1	0.0	2	0 1
36	1	0.0	2	0 0 1
49	1	0.0	2	0 0 1
77	1	0.0	2	1
96	1	0.0	2	1
111	1	0.0	2	1
117	1	0.0	2	1
119	2	0.0	2	2
122	34	0.0	2	32 2
123	205	0.0	2	195 9 1
124	4	0.0	2	4
