This is cutadapt 5.2 with Python 3.13.14
Command line parameters: -g CCTACGGGNGGCWGCAG -G GGACTACHVGGGTATCTAATCC --discard-untrimmed -e 0.1 --minimum-length 50 -j 4 -o results/region/V3_V4/trimmed/RnDD_260801_16_RnDD-16S_n0_R1.fq.gz -p results/region/V3_V4/trimmed/RnDD_260801_16_RnDD-16S_n0_R2.fq.gz /media/genomed/DATA_15Tb/16s_3run/RnDD_260801_16_RnDD-16S_n0/202608012056_RA01230801023_5P251211086US292659BX_RnD_16S_260801_RnDD_260801_16_RnDD-16S_n0_L00_R1.fq.gz /media/genomed/DATA_15Tb/16s_3run/RnDD_260801_16_RnDD-16S_n0/202608012056_RA01230801023_5P251211086US292659BX_RnD_16S_260801_RnDD_260801_16_RnDD-16S_n0_L00_R2.fq.gz
Processing paired-end reads on 4 cores ...

=== Summary ===

Total read pairs processed:            948,553
  Read 1 with adapter:                   1,675 (0.2%)
  Read 2 with adapter:                  19,735 (2.1%)

== Read fate breakdown ==
Pairs that were too short:                   8 (0.0%)
Pairs discarded as untrimmed:          947,235 (99.9%)
Pairs written (passing filters):         1,310 (0.1%)

Total basepairs processed:   569,131,800 bp
  Read 1:   284,565,900 bp
  Read 2:   284,565,900 bp
Total written (filtered):        727,206 bp (0.1%)
  Read 1:       386,725 bp
  Read 2:       340,481 bp

=== First read: Adapter 1 ===

Sequence: CCTACGGGNGGCWGCAG; Type: regular 5'; Length: 17; Trimmed: 1675 times

Minimum overlap: 3
No. of allowed errors:
1-9 bp: 0; 10-16 bp: 1

Overview of removed sequences
length	count	expect	max.err	error counts
3	403	14821.1	0	403
4	770	3705.3	0	770
5	182	926.3	0	182
6	3	231.6	0	3
7	1	57.9	0	1
8	6	14.5	0	6
9	1	3.6	0	1
10	1	0.9	1	1
11	39	0.2	1	2 37
12	2	0.1	1	2
13	8	0.0	1	6 2
14	13	0.0	1	9 4
15	30	0.0	1	22 8
16	72	0.0	1	50 22
17	141	0.0	1	74 67
188	3	0.0	1	0 3


=== Second read: Adapter 2 ===

Sequence: GGACTACHVGGGTATCTAATCC; Type: regular 5'; Length: 22; Trimmed: 19735 times

Minimum overlap: 3
No. of allowed errors:
1-9 bp: 0; 10-19 bp: 1; 20-22 bp: 2

Overview of removed sequences
length	count	expect	max.err	error counts
3	708	14821.1	0	708
4	71	3705.3	0	71
5	27	926.3	0	27
6	3	231.6	0	3
7	1	57.9	0	1
8	2	14.5	0	2
9	1	3.6	0	1
10	1	0.9	1	1
11	4	0.2	1	4
12	8	0.1	1	8
14	2	0.0	1	2
15	2	0.0	1	2
16	4	0.0	1	4
17	10	0.0	1	10
18	11	0.0	1	10 1
19	32	0.0	1	16 7 9
20	475	0.0	2	112 362 1
21	15351	0.0	2	15045 260 46
22	8	0.0	2	1 6 1
23	1	0.0	2	0 1
24	10	0.0	2	2 0 8
25	1	0.0	2	0 1
26	3	0.0	2	0 2 1
28	1	0.0	2	1
30	3	0.0	2	0 2 1
31	1	0.0	2	0 1
35	1	0.0	2	1
38	1	0.0	2	0 1
39	1	0.0	2	1
40	1	0.0	2	1
42	2	0.0	2	1 1
43	1	0.0	2	1
45	1	0.0	2	1
46	2	0.0	2	0 2
47	2	0.0	2	2
49	2	0.0	2	1 1
50	1	0.0	2	1
51	5	0.0	2	5
52	4	0.0	2	4
53	4	0.0	2	4
54	2	0.0	2	1 1
55	2	0.0	2	1 1
58	1	0.0	2	0 1
64	2	0.0	2	2
66	1	0.0	2	1
67	2	0.0	2	1 1
68	2	0.0	2	2
69	1	0.0	2	1
70	3	0.0	2	3
71	4	0.0	2	3 1
72	6	0.0	2	6
73	1	0.0	2	1
74	1	0.0	2	1
75	4	0.0	2	3 1
76	1	0.0	2	1
77	2	0.0	2	1 1
79	7	0.0	2	7
83	2	0.0	2	2
84	3	0.0	2	3
85	8	0.0	2	8
86	5	0.0	2	5
87	2	0.0	2	2
88	2	0.0	2	1 1
89	1	0.0	2	1
90	1	0.0	2	0 1
91	3	0.0	2	3
92	4	0.0	2	3 0 1
96	7	0.0	2	7
97	1	0.0	2	1
98	1	0.0	2	1
101	2	0.0	2	1 1
102	1	0.0	2	1
103	3	0.0	2	2 0 1
104	2	0.0	2	2
106	2	0.0	2	2
114	1	0.0	2	1
117	1	0.0	2	0 1
118	1	0.0	2	0 1
119	4	0.0	2	4
120	3	0.0	2	1 2
121	31	0.0	2	11 18 2
122	415	0.0	2	291 113 11
123	2390	0.0	2	2161 191 38
124	7	0.0	2	7
125	1	0.0	2	1
135	1	0.0	2	0 1
162	1	0.0	2	0 1
164	7	0.0	2	1 6
200	1	0.0	2	1
202	1	0.0	2	0 1
238	1	0.0	2	0 0 1
263	1	0.0	2	0 1
265	1	0.0	2	0 1
266	6	0.0	2	4 2
