This is cutadapt 5.2 with Python 3.13.14
Command line parameters: -g CCTACGGGNGGCWGCAG -G GGACTACHVGGGTATCTAATCC --discard-untrimmed -e 0.1 --minimum-length 50 -j 4 -o results/region/V3_V4/trimmed/RnDD_260801_25_RnDD-16S_n0_R1.fq.gz -p results/region/V3_V4/trimmed/RnDD_260801_25_RnDD-16S_n0_R2.fq.gz /media/genomed/DATA_15Tb/16s_3run/RnDD_260801_25_RnDD-16S_n0/202608012056_RA01230801023_5P251211086US292659BX_RnD_16S_260801_RnDD_260801_25_RnDD-16S_n0_L00_R1.fq.gz /media/genomed/DATA_15Tb/16s_3run/RnDD_260801_25_RnDD-16S_n0/202608012056_RA01230801023_5P251211086US292659BX_RnD_16S_260801_RnDD_260801_25_RnDD-16S_n0_L00_R2.fq.gz
Processing paired-end reads on 4 cores ...

=== Summary ===

Total read pairs processed:            824,901
  Read 1 with adapter:                   1,186 (0.1%)
  Read 2 with adapter:                  19,246 (2.3%)

== Read fate breakdown ==
Pairs that were too short:                   2 (0.0%)
Pairs discarded as untrimmed:          824,633 (100.0%)
Pairs written (passing filters):           266 (0.0%)

Total basepairs processed:   494,940,600 bp
  Read 1:   247,470,300 bp
  Read 2:   247,470,300 bp
Total written (filtered):        150,818 bp (0.0%)
  Read 1:        77,593 bp
  Read 2:        73,225 bp

=== First read: Adapter 1 ===

Sequence: CCTACGGGNGGCWGCAG; Type: regular 5'; Length: 17; Trimmed: 1186 times

Minimum overlap: 3
No. of allowed errors:
1-9 bp: 0; 10-16 bp: 1

Overview of removed sequences
length	count	expect	max.err	error counts
3	258	12889.1	0	258
4	54	3222.3	0	54
5	17	805.6	0	17
6	2	201.4	0	2
7	2	50.3	0	2
8	8	12.6	0	8
9	6	3.1	0	6
10	9	0.8	1	9
11	106	0.2	1	2 104
12	9	0.0	1	4 5
13	40	0.0	1	25 15
14	32	0.0	1	22 10
15	34	0.0	1	25 9
16	85	0.0	1	28 57
17	485	0.0	1	239 246
19	2	0.0	1	2
36	1	0.0	1	0 1
37	1	0.0	1	0 1
42	1	0.0	1	1
44	1	0.0	1	0 1
46	2	0.0	1	0 2
48	1	0.0	1	0 1
54	1	0.0	1	0 1
55	1	0.0	1	1
57	2	0.0	1	0 2
58	2	0.0	1	0 2
59	1	0.0	1	0 1
64	1	0.0	1	0 1
68	1	0.0	1	0 1
70	1	0.0	1	0 1
71	9	0.0	1	3 6
74	1	0.0	1	0 1
160	1	0.0	1	0 1
187	1	0.0	1	0 1
188	2	0.0	1	0 2
195	2	0.0	1	0 2
196	2	0.0	1	0 2
216	1	0.0	1	0 1
290	1	0.0	1	0 1


=== Second read: Adapter 2 ===

Sequence: GGACTACHVGGGTATCTAATCC; Type: regular 5'; Length: 22; Trimmed: 19246 times

Minimum overlap: 3
No. of allowed errors:
1-9 bp: 0; 10-19 bp: 1; 20-22 bp: 2

Overview of removed sequences
length	count	expect	max.err	error counts
3	248	12889.1	0	248
4	42	3222.3	0	42
5	50	805.6	0	50
6	11	201.4	0	11
7	24	50.3	0	24
8	33	12.6	0	33
9	26	3.1	0	26
10	11	0.8	1	11
11	45	0.2	1	44 1
12	40	0.0	1	40
13	5	0.0	1	5
14	12	0.0	1	12
15	22	0.0	1	21 1
16	19	0.0	1	15 4
17	36	0.0	1	31 5
18	34	0.0	1	27 7
19	116	0.0	1	86 13 17
20	662	0.0	2	202 454 6
21	17330	0.0	2	17091 210 29
22	18	0.0	2	2 14 2
23	7	0.0	2	0 2 5
24	1	0.0	2	0 0 1
25	3	0.0	2	0 3
26	1	0.0	2	0 1
30	2	0.0	2	0 1 1
31	2	0.0	2	0 2
36	1	0.0	2	0 1
64	1	0.0	2	1
70	1	0.0	2	1
119	2	0.0	2	2
121	2	0.0	2	1 1
122	52	0.0	2	40 12
123	382	0.0	2	346 30 6
124	1	0.0	2	0 1
163	1	0.0	2	1
164	2	0.0	2	0 2
266	1	0.0	2	1
