This is cutadapt 5.2 with Python 3.13.14
Command line parameters: -g CCTACGGGNGGCWGCAG -G GGACTACHVGGGTATCTAATCC --discard-untrimmed -e 0.1 --minimum-length 50 -j 4 -o results/region/V3_V4/trimmed/RnDD_260801_26_RnDD-16S_n0_R1.fq.gz -p results/region/V3_V4/trimmed/RnDD_260801_26_RnDD-16S_n0_R2.fq.gz /media/genomed/DATA_15Tb/16s_3run/RnDD_260801_26_RnDD-16S_n0/202608012056_RA01230801023_5P251211086US292659BX_RnD_16S_260801_RnDD_260801_26_RnDD-16S_n0_L00_R1.fq.gz /media/genomed/DATA_15Tb/16s_3run/RnDD_260801_26_RnDD-16S_n0/202608012056_RA01230801023_5P251211086US292659BX_RnD_16S_260801_RnDD_260801_26_RnDD-16S_n0_L00_R2.fq.gz
Processing paired-end reads on 4 cores ...

=== Summary ===

Total read pairs processed:            767,889
  Read 1 with adapter:                   1,141 (0.1%)
  Read 2 with adapter:                  15,432 (2.0%)

== Read fate breakdown ==
Pairs that were too short:                   1 (0.0%)
Pairs discarded as untrimmed:          767,649 (100.0%)
Pairs written (passing filters):           239 (0.0%)

Total basepairs processed:   460,733,400 bp
  Read 1:   230,366,700 bp
  Read 2:   230,366,700 bp
Total written (filtered):        135,478 bp (0.0%)
  Read 1:        69,696 bp
  Read 2:        65,782 bp

=== First read: Adapter 1 ===

Sequence: CCTACGGGNGGCWGCAG; Type: regular 5'; Length: 17; Trimmed: 1141 times

Minimum overlap: 3
No. of allowed errors:
1-9 bp: 0; 10-16 bp: 1

Overview of removed sequences
length	count	expect	max.err	error counts
3	273	11998.3	0	273
4	42	2999.6	0	42
5	17	749.9	0	17
6	5	187.5	0	5
7	4	46.9	0	4
8	11	11.7	0	11
9	5	2.9	0	5
10	6	0.7	1	6
11	114	0.2	1	15 99
12	9	0.0	1	7 2
13	25	0.0	1	20 5
14	31	0.0	1	24 7
15	37	0.0	1	24 13
16	96	0.0	1	43 53
17	423	0.0	1	226 197
21	1	0.0	1	1
31	1	0.0	1	0 1
39	1	0.0	1	0 1
43	1	0.0	1	0 1
44	2	0.0	1	0 2
45	1	0.0	1	1
48	3	0.0	1	1 2
52	3	0.0	1	0 3
53	1	0.0	1	0 1
54	2	0.0	1	0 2
55	2	0.0	1	0 2
57	1	0.0	1	0 1
63	1	0.0	1	0 1
68	1	0.0	1	0 1
70	1	0.0	1	1
71	8	0.0	1	2 6
160	3	0.0	1	2 1
188	8	0.0	1	0 8
196	2	0.0	1	0 2


=== Second read: Adapter 2 ===

Sequence: GGACTACHVGGGTATCTAATCC; Type: regular 5'; Length: 22; Trimmed: 15432 times

Minimum overlap: 3
No. of allowed errors:
1-9 bp: 0; 10-19 bp: 1; 20-22 bp: 2

Overview of removed sequences
length	count	expect	max.err	error counts
3	676	11998.3	0	676
4	35	2999.6	0	35
5	49	749.9	0	49
6	5	187.5	0	5
7	13	46.9	0	13
8	19	11.7	0	19
9	10	2.9	0	10
10	5	0.7	1	5
11	37	0.2	1	37
12	25	0.0	1	25
13	3	0.0	1	3
14	12	0.0	1	12
15	22	0.0	1	21 1
16	20	0.0	1	17 3
17	33	0.0	1	30 3
18	29	0.0	1	21 8
19	80	0.0	1	52 17 11
20	505	0.0	2	155 346 4
21	13394	0.0	2	13182 188 24
22	11	0.0	2	0 9 2
24	1	0.0	2	0 0 1
29	1	0.0	2	0 1
30	1	0.0	2	0 0 1
34	1	0.0	2	0 1
49	1	0.0	2	1
56	1	0.0	2	1
78	1	0.0	2	0 1
109	1	0.0	2	0 0 1
118	1	0.0	2	1
119	2	0.0	2	2
121	1	0.0	2	0 1
122	51	0.0	2	44 6 1
123	380	0.0	2	347 28 5
124	2	0.0	2	2
146	1	0.0	2	1
164	2	0.0	2	1 1
266	1	0.0	2	0 1
