This is cutadapt 5.2 with Python 3.13.14
Command line parameters: -g CCTACGGGNGGCWGCAG -G GGACTACHVGGGTATCTAATCC --discard-untrimmed -e 0.1 --minimum-length 50 -j 4 -o results/region/V3_V4/trimmed/RnDD_260801_27_RnDD-16S_n0_R1.fq.gz -p results/region/V3_V4/trimmed/RnDD_260801_27_RnDD-16S_n0_R2.fq.gz /media/genomed/DATA_15Tb/16s_3run/RnDD_260801_27_RnDD-16S_n0/202608012056_RA01230801023_5P251211086US292659BX_RnD_16S_260801_RnDD_260801_27_RnDD-16S_n0_L00_R1.fq.gz /media/genomed/DATA_15Tb/16s_3run/RnDD_260801_27_RnDD-16S_n0/202608012056_RA01230801023_5P251211086US292659BX_RnD_16S_260801_RnDD_260801_27_RnDD-16S_n0_L00_R2.fq.gz
Processing paired-end reads on 4 cores ...

=== Summary ===

Total read pairs processed:            451,931
  Read 1 with adapter:                   1,494 (0.3%)
  Read 2 with adapter:                  18,854 (4.2%)

== Read fate breakdown ==
Pairs that were too short:                   7 (0.0%)
Pairs discarded as untrimmed:          451,287 (99.9%)
Pairs written (passing filters):           637 (0.1%)

Total basepairs processed:   271,158,600 bp
  Read 1:   135,579,300 bp
  Read 2:   135,579,300 bp
Total written (filtered):        358,524 bp (0.1%)
  Read 1:       185,920 bp
  Read 2:       172,604 bp

=== First read: Adapter 1 ===

Sequence: CCTACGGGNGGCWGCAG; Type: regular 5'; Length: 17; Trimmed: 1494 times

Minimum overlap: 3
No. of allowed errors:
1-9 bp: 0; 10-16 bp: 1

Overview of removed sequences
length	count	expect	max.err	error counts
3	298	7061.4	0	298
4	44	1765.4	0	44
5	201	441.3	0	201
6	23	110.3	0	23
7	43	27.6	0	43
8	184	6.9	0	184
9	40	1.7	0	40
10	17	0.4	1	17
11	121	0.1	1	9 112
12	12	0.0	1	6 6
13	33	0.0	1	22 11
14	31	0.0	1	25 6
15	50	0.0	1	28 22
16	77	0.0	1	43 34
17	303	0.0	1	139 164
21	1	0.0	1	0 1
24	1	0.0	1	0 1
47	1	0.0	1	1
74	2	0.0	1	0 2
160	1	0.0	1	0 1
188	5	0.0	1	0 5
196	6	0.0	1	0 6


=== Second read: Adapter 2 ===

Sequence: GGACTACHVGGGTATCTAATCC; Type: regular 5'; Length: 22; Trimmed: 18854 times

Minimum overlap: 3
No. of allowed errors:
1-9 bp: 0; 10-19 bp: 1; 20-22 bp: 2

Overview of removed sequences
length	count	expect	max.err	error counts
3	548	7061.4	0	548
4	84	1765.4	0	84
5	194	441.3	0	194
6	14	110.3	0	14
7	35	27.6	0	35
8	58	6.9	0	58
9	39	1.7	0	39
10	29	0.4	1	27 2
11	108	0.1	1	108
12	218	0.0	1	212 6
13	10	0.0	1	9 1
14	26	0.0	1	25 1
15	19	0.0	1	19
16	18	0.0	1	15 3
17	52	0.0	1	46 6
18	54	0.0	1	48 6
19	121	0.0	1	87 16 18
20	565	0.0	2	140 418 7
21	14077	0.0	2	13767 274 36
22	14	0.0	2	0 14
23	3	0.0	2	1 0 2
24	9	0.0	2	3 1 5
25	2	0.0	2	0 2
26	4	0.0	2	2 2
27	2	0.0	2	1 1
29	1	0.0	2	0 1
30	2	0.0	2	0 2
31	3	0.0	2	1 2
33	1	0.0	2	1
34	1	0.0	2	0 1
36	2	0.0	2	2
38	2	0.0	2	1 1
40	1	0.0	2	1
42	1	0.0	2	0 1
55	1	0.0	2	1
57	1	0.0	2	1
64	2	0.0	2	2
65	1	0.0	2	1
72	1	0.0	2	1
73	1	0.0	2	0 1
81	1	0.0	2	1
82	2	0.0	2	2
88	1	0.0	2	1
91	1	0.0	2	1
96	1	0.0	2	1
99	1	0.0	2	1
105	1	0.0	2	1
110	1	0.0	2	1
113	2	0.0	2	2
116	1	0.0	2	1
118	6	0.0	2	4 2
119	3	0.0	2	3
120	3	0.0	2	2 1
121	5	0.0	2	4 0 1
122	270	0.0	2	240 26 4
123	2208	0.0	2	1971 200 37
124	10	0.0	2	8 2
136	1	0.0	2	0 0 1
163	1	0.0	2	1
168	1	0.0	2	1
234	1	0.0	2	0 1
236	1	0.0	2	1
249	1	0.0	2	0 1
254	1	0.0	2	0 1
263	1	0.0	2	1
266	4	0.0	2	1 3
274	1	0.0	2	0 1
