This is cutadapt 5.2 with Python 3.13.14
Command line parameters: -g CCTACGGGNGGCWGCAG -G GGACTACHVGGGTATCTAATCC --discard-untrimmed -e 0.1 --minimum-length 50 -j 4 -o results/region/V3_V4/trimmed/RnDD_260801_22_RnDD-16S_n0_R1.fq.gz -p results/region/V3_V4/trimmed/RnDD_260801_22_RnDD-16S_n0_R2.fq.gz /media/genomed/DATA_15Tb/16s_3run/RnDD_260801_22_RnDD-16S_n0/202608012056_RA01230801023_5P251211086US292659BX_RnD_16S_260801_RnDD_260801_22_RnDD-16S_n0_L00_R1.fq.gz /media/genomed/DATA_15Tb/16s_3run/RnDD_260801_22_RnDD-16S_n0/202608012056_RA01230801023_5P251211086US292659BX_RnD_16S_260801_RnDD_260801_22_RnDD-16S_n0_L00_R2.fq.gz
Processing paired-end reads on 4 cores ...

=== Summary ===

Total read pairs processed:            732,515
  Read 1 with adapter:                   1,886 (0.3%)
  Read 2 with adapter:                  22,778 (3.1%)

== Read fate breakdown ==
Pairs that were too short:                  15 (0.0%)
Pairs discarded as untrimmed:          731,214 (99.8%)
Pairs written (passing filters):         1,286 (0.2%)

Total basepairs processed:   439,509,000 bp
  Read 1:   219,754,500 bp
  Read 2:   219,754,500 bp
Total written (filtered):        680,460 bp (0.2%)
  Read 1:       379,430 bp
  Read 2:       301,030 bp

=== First read: Adapter 1 ===

Sequence: CCTACGGGNGGCWGCAG; Type: regular 5'; Length: 17; Trimmed: 1886 times

Minimum overlap: 3
No. of allowed errors:
1-9 bp: 0; 10-16 bp: 1

Overview of removed sequences
length	count	expect	max.err	error counts
3	494	11445.5	0	494
4	677	2861.4	0	677
5	156	715.3	0	156
6	3	178.8	0	3
7	2	44.7	0	2
8	13	11.2	0	13
9	6	2.8	0	6
10	2	0.7	1	2
11	51	0.2	1	4 47
12	1	0.0	1	1
13	10	0.0	1	9 1
14	31	0.0	1	26 5
15	38	0.0	1	24 14
16	82	0.0	1	54 28
17	309	0.0	1	151 158
21	1	0.0	1	0 1
35	1	0.0	1	1
83	1	0.0	1	1
159	1	0.0	1	0 1
160	2	0.0	1	2
188	2	0.0	1	0 2
196	1	0.0	1	0 1
234	1	0.0	1	0 1
279	1	0.0	1	0 1


=== Second read: Adapter 2 ===

Sequence: GGACTACHVGGGTATCTAATCC; Type: regular 5'; Length: 22; Trimmed: 22778 times

Minimum overlap: 3
No. of allowed errors:
1-9 bp: 0; 10-19 bp: 1; 20-22 bp: 2

Overview of removed sequences
length	count	expect	max.err	error counts
3	645	11445.5	0	645
4	100	2861.4	0	100
5	34	715.3	0	34
6	10	178.8	0	10
7	5	44.7	0	5
8	1	11.2	0	1
9	14	2.8	0	14
10	2	0.7	1	2
11	10	0.2	1	10
12	4	0.0	1	4
13	1	0.0	1	1
15	1	0.0	1	1
16	2	0.0	1	1 1
17	12	0.0	1	12
18	3	0.0	1	3
19	12	0.0	1	11 1
20	290	0.0	2	65 219 6
21	11724	0.0	2	11524 175 25
22	10	0.0	2	1 9
23	1	0.0	2	0 0 1
24	3	0.0	2	0 0 3
25	3	0.0	2	0 3
26	5	0.0	2	3 2
27	6	0.0	2	5 1
28	2	0.0	2	1 1
29	6	0.0	2	4 2
30	2	0.0	2	0 2
31	5	0.0	2	0 4 1
33	1	0.0	2	0 1
35	1	0.0	2	0 1
36	1	0.0	2	0 1
37	1	0.0	2	1
39	1	0.0	2	0 1
41	1	0.0	2	0 1
42	3	0.0	2	2 1
43	3	0.0	2	3
45	2	0.0	2	0 2
46	1	0.0	2	0 1
47	6	0.0	2	5 1
48	2	0.0	2	1 1
50	4	0.0	2	2 2
51	4	0.0	2	4
52	7	0.0	2	6 1
53	2	0.0	2	2
54	1	0.0	2	1
55	3	0.0	2	3
56	1	0.0	2	1
57	1	0.0	2	1
62	1	0.0	2	1
63	1	0.0	2	0 1
64	1	0.0	2	1
65	1	0.0	2	0 1
66	1	0.0	2	0 1
67	1	0.0	2	1
68	1	0.0	2	1
69	1	0.0	2	1
70	4	0.0	2	4
72	4	0.0	2	3 1
73	3	0.0	2	3
74	1	0.0	2	0 1
75	3	0.0	2	2 1
76	2	0.0	2	2
77	1	0.0	2	1
78	1	0.0	2	1
79	2	0.0	2	2
84	1	0.0	2	1
85	1	0.0	2	1
87	2	0.0	2	2
88	1	0.0	2	1
90	1	0.0	2	1
91	6	0.0	2	5 1
93	1	0.0	2	0 1
94	2	0.0	2	2
95	3	0.0	2	3
96	6	0.0	2	5 1
97	3	0.0	2	3
98	3	0.0	2	1 2
99	1	0.0	2	1
100	2	0.0	2	1 1
101	2	0.0	2	2
102	2	0.0	2	2
104	2	0.0	2	2
105	2	0.0	2	2
106	2	0.0	2	2
107	2	0.0	2	2
108	1	0.0	2	1
111	1	0.0	2	1
112	2	0.0	2	2
113	1	0.0	2	1
116	1	0.0	2	1
118	2	0.0	2	1 1
119	11	0.0	2	9 2
120	11	0.0	2	7 3 1
121	56	0.0	2	21 33 2
122	1207	0.0	2	890 298 19
123	8404	0.0	2	7790 510 104
124	22	0.0	2	19 1 2
133	1	0.0	2	1
135	1	0.0	2	1
164	8	0.0	2	3 5
215	1	0.0	2	0 0 1
236	1	0.0	2	0 1
258	1	0.0	2	1
260	1	0.0	2	0 0 1
265	1	0.0	2	1
266	8	0.0	2	4 3 1
267	1	0.0	2	0 0 1
270	1	0.0	2	0 1
275	1	0.0	2	0 1
