This is cutadapt 5.2 with Python 3.13.14
Command line parameters: -g CCTACGGGNGGCWGCAG -G GGACTACHVGGGTATCTAATCC --discard-untrimmed -e 0.1 --minimum-length 50 -j 4 -o results/region/V3_V4/trimmed/RnDD_260713_1_RnDD-16S_n0_R1.fq.gz -p results/region/V3_V4/trimmed/RnDD_260713_1_RnDD-16S_n0_R2.fq.gz data/raw/RnDD_260713_1_RnDD-16S_n0/202607132008_RA01230801023_5P260413092US292662D3_RnD_SRSLY_16S_NPO_260713_RnDD_260713_1_RnDD-16S_n0_L00_R1.fq.gz data/raw/RnDD_260713_1_RnDD-16S_n0/202607132008_RA01230801023_5P260413092US292662D3_RnD_SRSLY_16S_NPO_260713_RnDD_260713_1_RnDD-16S_n0_L00_R2.fq.gz
Processing paired-end reads on 4 cores ...

=== Summary ===

Total read pairs processed:            168,195
  Read 1 with adapter:                   1,018 (0.6%)
  Read 2 with adapter:                  30,129 (17.9%)

== Read fate breakdown ==
Pairs that were too short:               4,311 (2.6%)
Pairs discarded as untrimmed:          163,673 (97.3%)
Pairs written (passing filters):           211 (0.1%)

Total basepairs processed:    50,458,500 bp
  Read 1:    25,229,250 bp
  Read 2:    25,229,250 bp
Total written (filtered):         56,909 bp (0.1%)
  Read 1:        29,440 bp
  Read 2:        27,469 bp

=== First read: Adapter 1 ===

Sequence: CCTACGGGNGGCWGCAG; Type: regular 5'; Length: 17; Trimmed: 1018 times

Minimum overlap: 3
No. of allowed errors:
1-9 bp: 0; 10-16 bp: 1

Overview of removed sequences
length	count	expect	max.err	error counts
3	284	2628.0	0	284
4	90	657.0	0	90
5	26	164.3	0	26
6	2	41.1	0	2
7	10	10.3	0	10
8	11	2.6	0	11
9	3	0.6	0	3
10	1	0.2	1	1
11	59	0.0	1	4 55
12	7	0.0	1	5 2
13	11	0.0	1	8 3
14	7	0.0	1	6 1
15	14	0.0	1	9 5
16	26	0.0	1	10 16
17	467	0.0	1	444 23


=== Second read: Adapter 2 ===

Sequence: GGACTACHVGGGTATCTAATCC; Type: regular 5'; Length: 22; Trimmed: 30129 times

Minimum overlap: 3
No. of allowed errors:
1-9 bp: 0; 10-19 bp: 1; 20-22 bp: 2

Overview of removed sequences
length	count	expect	max.err	error counts
3	283	2628.0	0	283
4	104	657.0	0	104
5	217	164.3	0	217
6	30	41.1	0	30
7	83	10.3	0	83
8	150	2.6	0	150
9	79	0.6	0	79
10	42	0.2	1	41 1
11	180	0.0	1	175 5
12	259	0.0	1	250 9
13	42	0.0	1	40 2
14	76	0.0	1	72 4
15	72	0.0	1	68 4
16	87	0.0	1	75 12
17	144	0.0	1	130 14
18	121	0.0	1	91 30
19	335	0.0	1	241 44 50
20	1271	0.0	2	334 912 25
21	22040	0.0	2	21447 551 42
22	43	0.0	2	3 35 5
23	4	0.0	2	2 0 2
24	14	0.0	2	10 1 3
25	3	0.0	2	3
26	5	0.0	2	5
28	3	0.0	2	3
29	3	0.0	2	1 2
30	5	0.0	2	0 2 3
31	2	0.0	2	0 2
32	2	0.0	2	2
33	1	0.0	2	1
35	2	0.0	2	1 1
36	2	0.0	2	2
37	1	0.0	2	1
38	3	0.0	2	3
39	4	0.0	2	4
40	2	0.0	2	0 1 1
42	4	0.0	2	4
43	5	0.0	2	5
44	1	0.0	2	0 1
45	2	0.0	2	1 1
46	1	0.0	2	1
48	4	0.0	2	4
49	4	0.0	2	4
50	1	0.0	2	1
52	3	0.0	2	3
53	1	0.0	2	1
54	3	0.0	2	2 1
55	6	0.0	2	4 2
56	6	0.0	2	5 1
57	4	0.0	2	3 1
58	4	0.0	2	4
59	2	0.0	2	2
60	1	0.0	2	1
62	2	0.0	2	2
63	3	0.0	2	3
65	7	0.0	2	5 2
67	2	0.0	2	2
68	1	0.0	2	1
70	2	0.0	2	2
71	1	0.0	2	1
72	1	0.0	2	1
73	1	0.0	2	1
74	1	0.0	2	1
75	6	0.0	2	6
77	2	0.0	2	2
79	2	0.0	2	2
82	1	0.0	2	1
83	2	0.0	2	2
85	2	0.0	2	2
88	1	0.0	2	1
90	1	0.0	2	0 1
92	2	0.0	2	2
93	2	0.0	2	2
95	2	0.0	2	2
96	2	0.0	2	2
97	3	0.0	2	3
99	2	0.0	2	2
100	1	0.0	2	1
102	1	0.0	2	0 1
103	3	0.0	2	1 2
104	2	0.0	2	2
105	1	0.0	2	1
106	1	0.0	2	1
108	1	0.0	2	1
110	1	0.0	2	1
112	3	0.0	2	3
113	27	0.0	2	26 1
114	3	0.0	2	3
115	2	0.0	2	2
116	3	0.0	2	3
117	2	0.0	2	1 1
118	5	0.0	2	4 1
119	20	0.0	2	20
120	20	0.0	2	19 1
121	28	0.0	2	19 9
122	1055	0.0	2	997 52 6
123	3122	0.0	2	3016 98 8
124	7	0.0	2	7
132	1	0.0	2	0 1
136	1	0.0	2	0 1
140	1	0.0	2	1
142	1	0.0	2	1
