This is cutadapt 5.2 with Python 3.13.14
Command line parameters: -g CCTACGGGNGGCWGCAG -G GGACTACHVGGGTATCTAATCC --discard-untrimmed -e 0.1 --minimum-length 50 -j 4 -o results/region/V3_V4/trimmed/RnDD_260801_3_RnDD-16S_n0_R1.fq.gz -p results/region/V3_V4/trimmed/RnDD_260801_3_RnDD-16S_n0_R2.fq.gz /media/genomed/DATA_15Tb/16s_3run/RnDD_260801_3_RnDD-16S_n0/202608012056_RA01230801023_5P251211086US292659BX_RnD_16S_260801_RnDD_260801_3_RnDD-16S_n0_L00_R1.fq.gz /media/genomed/DATA_15Tb/16s_3run/RnDD_260801_3_RnDD-16S_n0/202608012056_RA01230801023_5P251211086US292659BX_RnD_16S_260801_RnDD_260801_3_RnDD-16S_n0_L00_R2.fq.gz
Processing paired-end reads on 4 cores ...

=== Summary ===

Total read pairs processed:            420,884
  Read 1 with adapter:                   1,282 (0.3%)
  Read 2 with adapter:                  15,923 (3.8%)

== Read fate breakdown ==
Pairs that were too short:                  15 (0.0%)
Pairs discarded as untrimmed:          420,563 (99.9%)
Pairs written (passing filters):           306 (0.1%)

Total basepairs processed:   252,530,400 bp
  Read 1:   126,265,200 bp
  Read 2:   126,265,200 bp
Total written (filtered):        166,193 bp (0.1%)
  Read 1:        89,786 bp
  Read 2:        76,407 bp

=== First read: Adapter 1 ===

Sequence: CCTACGGGNGGCWGCAG; Type: regular 5'; Length: 17; Trimmed: 1282 times

Minimum overlap: 3
No. of allowed errors:
1-9 bp: 0; 10-16 bp: 1

Overview of removed sequences
length	count	expect	max.err	error counts
3	600	6576.3	0	600
4	57	1644.1	0	57
5	42	411.0	0	42
6	6	102.8	0	6
7	14	25.7	0	14
8	34	6.4	0	34
9	14	1.6	0	14
10	10	0.4	1	10
11	48	0.1	1	5 43
12	15	0.0	1	13 2
13	17	0.0	1	11 6
14	22	0.0	1	17 5
15	39	0.0	1	24 15
16	67	0.0	1	31 36
17	287	0.0	1	140 147
18	1	0.0	1	1
58	1	0.0	1	0 1
74	5	0.0	1	0 5
159	1	0.0	1	1
162	1	0.0	1	1
224	1	0.0	1	1


=== Second read: Adapter 2 ===

Sequence: GGACTACHVGGGTATCTAATCC; Type: regular 5'; Length: 22; Trimmed: 15923 times

Minimum overlap: 3
No. of allowed errors:
1-9 bp: 0; 10-19 bp: 1; 20-22 bp: 2

Overview of removed sequences
length	count	expect	max.err	error counts
3	1050	6576.3	0	1050
4	170	1644.1	0	170
5	59	411.0	0	59
6	6	102.8	0	6
7	16	25.7	0	16
8	9	6.4	0	9
9	19	1.6	0	19
10	10	0.4	1	8 2
11	33	0.1	1	31 2
12	26	0.0	1	26
13	8	0.0	1	8
14	9	0.0	1	7 2
15	6	0.0	1	5 1
16	10	0.0	1	9 1
17	24	0.0	1	23 1
18	16	0.0	1	15 1
19	64	0.0	1	51 5 8
20	260	0.0	2	63 189 8
21	7628	0.0	2	7461 138 29
22	13	0.0	2	3 10
23	8	0.0	2	5 0 3
24	2	0.0	2	1 0 1
25	4	0.0	2	3 1
26	6	0.0	2	5 1
27	2	0.0	2	2
28	4	0.0	2	4
29	6	0.0	2	4 2
30	1	0.0	2	1
31	3	0.0	2	1 2
32	1	0.0	2	0 1
33	3	0.0	2	3
34	3	0.0	2	3
35	2	0.0	2	2
36	2	0.0	2	1 1
37	2	0.0	2	1 1
38	3	0.0	2	2 1
39	8	0.0	2	8
40	9	0.0	2	6 3
41	1	0.0	2	1
42	6	0.0	2	3 3
43	4	0.0	2	4
44	3	0.0	2	3
45	1	0.0	2	1
46	4	0.0	2	4
47	3	0.0	2	2 1
48	6	0.0	2	6
49	4	0.0	2	4
50	2	0.0	2	2
51	3	0.0	2	3
52	4	0.0	2	3 1
54	6	0.0	2	6
55	6	0.0	2	6
56	4	0.0	2	4
57	4	0.0	2	4
58	4	0.0	2	3 1
59	1	0.0	2	1
60	5	0.0	2	3 2
61	2	0.0	2	2
62	1	0.0	2	0 1
64	6	0.0	2	5 1
65	2	0.0	2	2
66	2	0.0	2	2
67	2	0.0	2	2
68	5	0.0	2	4 1
69	1	0.0	2	1
72	2	0.0	2	2
73	1	0.0	2	1
75	8	0.0	2	6 2
76	1	0.0	2	0 1
77	2	0.0	2	2
78	1	0.0	2	1
80	1	0.0	2	0 1
82	2	0.0	2	2
83	2	0.0	2	2
84	1	0.0	2	1
85	4	0.0	2	4
86	1	0.0	2	1
89	2	0.0	2	2
90	1	0.0	2	1
91	2	0.0	2	2
92	4	0.0	2	4
94	1	0.0	2	1
95	8	0.0	2	8
96	6	0.0	2	6
97	3	0.0	2	3
99	3	0.0	2	2 1
101	2	0.0	2	2
102	3	0.0	2	3
103	6	0.0	2	4 2
104	10	0.0	2	9 1
108	1	0.0	2	1
109	1	0.0	2	1
112	3	0.0	2	3
113	2	0.0	2	2
114	3	0.0	2	3
118	3	0.0	2	2 1
119	10	0.0	2	6 3 1
120	21	0.0	2	17 4
121	30	0.0	2	16 14
122	1366	0.0	2	1215 130 21
123	4762	0.0	2	4291 394 77
124	8	0.0	2	4 2 2
126	1	0.0	2	1
133	1	0.0	2	1
136	1	0.0	2	1
140	1	0.0	2	1
142	2	0.0	2	2
147	1	0.0	2	1
161	1	0.0	2	1
164	2	0.0	2	1 1
176	1	0.0	2	1
181	1	0.0	2	1
182	1	0.0	2	0 1
192	1	0.0	2	1
203	1	0.0	2	1
208	1	0.0	2	0 1
215	1	0.0	2	0 1
218	1	0.0	2	0 1
228	1	0.0	2	0 1
233	1	0.0	2	1
234	1	0.0	2	1
244	1	0.0	2	0 1
250	2	0.0	2	2
253	1	0.0	2	1
255	1	0.0	2	1
258	1	0.0	2	0 0 1
266	7	0.0	2	5 2
274	1	0.0	2	1
277	1	0.0	2	0 1
285	1	0.0	2	0 1
286	1	0.0	2	0 1
288	1	0.0	2	0 0 1
