This is cutadapt 5.2 with Python 3.13.14
Command line parameters: -g CCTACGGGNGGCWGCAG -G GGACTACHVGGGTATCTAATCC --discard-untrimmed -e 0.1 --minimum-length 50 -j 4 -o results/region/V3_V4/trimmed/RnDD_260801_1_RnDD-16S_n0_R1.fq.gz -p results/region/V3_V4/trimmed/RnDD_260801_1_RnDD-16S_n0_R2.fq.gz /media/genomed/DATA_15Tb/16s_3run/RnDD_260801_1_RnDD-16S_n0/202608012056_RA01230801023_5P251211086US292659BX_RnD_16S_260801_RnDD_260801_1_RnDD-16S_n0_L00_R1.fq.gz /media/genomed/DATA_15Tb/16s_3run/RnDD_260801_1_RnDD-16S_n0/202608012056_RA01230801023_5P251211086US292659BX_RnD_16S_260801_RnDD_260801_1_RnDD-16S_n0_L00_R2.fq.gz
Processing paired-end reads on 4 cores ...

=== Summary ===

Total read pairs processed:            387,969
  Read 1 with adapter:                   1,522 (0.4%)
  Read 2 with adapter:                  19,825 (5.1%)

== Read fate breakdown ==
Pairs that were too short:                   6 (0.0%)
Pairs discarded as untrimmed:          387,525 (99.9%)
Pairs written (passing filters):           438 (0.1%)

Total basepairs processed:   232,781,400 bp
  Read 1:   116,390,700 bp
  Read 2:   116,390,700 bp
Total written (filtered):        244,568 bp (0.1%)
  Read 1:       128,209 bp
  Read 2:       116,359 bp

=== First read: Adapter 1 ===

Sequence: CCTACGGGNGGCWGCAG; Type: regular 5'; Length: 17; Trimmed: 1522 times

Minimum overlap: 3
No. of allowed errors:
1-9 bp: 0; 10-16 bp: 1

Overview of removed sequences
length	count	expect	max.err	error counts
3	652	6062.0	0	652
4	64	1515.5	0	64
5	54	378.9	0	54
6	7	94.7	0	7
7	17	23.7	0	17
8	30	5.9	0	30
9	17	1.5	0	17
10	24	0.4	1	24
11	122	0.1	1	23 99
12	24	0.0	1	19 5
13	30	0.0	1	16 14
14	28	0.0	1	23 5
15	49	0.0	1	29 20
16	69	0.0	1	42 27
17	317	0.0	1	151 166
49	1	0.0	1	0 1
74	7	0.0	1	0 7
76	1	0.0	1	0 1
102	1	0.0	1	0 1
159	1	0.0	1	0 1
160	2	0.0	1	2
188	3	0.0	1	0 3
195	2	0.0	1	0 2


=== Second read: Adapter 2 ===

Sequence: GGACTACHVGGGTATCTAATCC; Type: regular 5'; Length: 22; Trimmed: 19825 times

Minimum overlap: 3
No. of allowed errors:
1-9 bp: 0; 10-19 bp: 1; 20-22 bp: 2

Overview of removed sequences
length	count	expect	max.err	error counts
3	652	6062.0	0	652
4	184	1515.5	0	184
5	128	378.9	0	128
6	13	94.7	0	13
7	47	23.7	0	47
8	52	5.9	0	52
9	42	1.5	0	42
10	21	0.4	1	18 3
11	77	0.1	1	77
12	104	0.0	1	104
13	22	0.0	1	22
14	33	0.0	1	31 2
15	32	0.0	1	31 1
16	43	0.0	1	33 10
17	70	0.0	1	63 7
18	71	0.0	1	54 17
19	168	0.0	1	109 30 29
20	683	0.0	2	157 516 10
21	13891	0.0	2	13611 227 53
22	32	0.0	2	2 27 3
23	6	0.0	2	2 0 4
24	7	0.0	2	5 2
25	3	0.0	2	0 3
26	6	0.0	2	4 2
27	1	0.0	2	1
30	6	0.0	2	0 4 2
31	1	0.0	2	0 1
33	2	0.0	2	2
38	1	0.0	2	0 1
39	2	0.0	2	2
42	1	0.0	2	0 1
43	1	0.0	2	1
46	1	0.0	2	1
47	2	0.0	2	1 1
49	1	0.0	2	1
50	2	0.0	2	1 1
51	1	0.0	2	0 1
53	3	0.0	2	3
54	5	0.0	2	5
55	1	0.0	2	1
56	5	0.0	2	5
57	3	0.0	2	3
59	2	0.0	2	2
61	1	0.0	2	1
62	2	0.0	2	2
64	1	0.0	2	1
67	1	0.0	2	1
68	1	0.0	2	0 1
69	1	0.0	2	1
72	2	0.0	2	2
75	2	0.0	2	1 1
77	2	0.0	2	2
78	1	0.0	2	1
82	1	0.0	2	1
87	1	0.0	2	0 0 1
88	1	0.0	2	1
91	1	0.0	2	0 1
92	2	0.0	2	2
94	1	0.0	2	1
95	6	0.0	2	6
96	3	0.0	2	3
97	1	0.0	2	0 1
99	1	0.0	2	1
104	2	0.0	2	1 0 1
110	1	0.0	2	1
111	1	0.0	2	1
112	4	0.0	2	2 2
113	9	0.0	2	9
114	3	0.0	2	3
115	1	0.0	2	1
116	2	0.0	2	1 0 1
117	2	0.0	2	2
118	3	0.0	2	3
119	10	0.0	2	9 0 1
120	12	0.0	2	10 1 1
121	24	0.0	2	18 6
122	836	0.0	2	752 68 16
123	2432	0.0	2	2175 214 43
124	5	0.0	2	3 0 2
129	1	0.0	2	1
131	1	0.0	2	1
134	1	0.0	2	1
140	1	0.0	2	0 1
163	2	0.0	2	0 1 1
164	2	0.0	2	1 1
186	1	0.0	2	0 1
187	1	0.0	2	1
189	1	0.0	2	1
242	1	0.0	2	0 1
264	1	0.0	2	0 1
265	1	0.0	2	0 0 1
266	4	0.0	2	3 1
