This is cutadapt 5.2 with Python 3.13.14
Command line parameters: -g CCTACGGGNGGCWGCAG -G GGACTACHVGGGTATCTAATCC --discard-untrimmed -e 0.1 --minimum-length 50 -j 4 -o results/region/V3_V4/trimmed/RnDD_260801_7_RnDD-16S_n0_R1.fq.gz -p results/region/V3_V4/trimmed/RnDD_260801_7_RnDD-16S_n0_R2.fq.gz /media/genomed/DATA_15Tb/16s_3run/RnDD_260801_7_RnDD-16S_n0/202608012056_RA01230801023_5P251211086US292659BX_RnD_16S_260801_RnDD_260801_7_RnDD-16S_n0_L00_R1.fq.gz /media/genomed/DATA_15Tb/16s_3run/RnDD_260801_7_RnDD-16S_n0/202608012056_RA01230801023_5P251211086US292659BX_RnD_16S_260801_RnDD_260801_7_RnDD-16S_n0_L00_R2.fq.gz
Processing paired-end reads on 4 cores ...

=== Summary ===

Total read pairs processed:            408,293
  Read 1 with adapter:                     832 (0.2%)
  Read 2 with adapter:                  11,613 (2.8%)

== Read fate breakdown ==
Pairs that were too short:                   2 (0.0%)
Pairs discarded as untrimmed:          408,117 (100.0%)
Pairs written (passing filters):           174 (0.0%)

Total basepairs processed:   244,975,800 bp
  Read 1:   122,487,900 bp
  Read 2:   122,487,900 bp
Total written (filtered):         94,263 bp (0.0%)
  Read 1:        50,949 bp
  Read 2:        43,314 bp

=== First read: Adapter 1 ===

Sequence: CCTACGGGNGGCWGCAG; Type: regular 5'; Length: 17; Trimmed: 832 times

Minimum overlap: 3
No. of allowed errors:
1-9 bp: 0; 10-16 bp: 1

Overview of removed sequences
length	count	expect	max.err	error counts
3	390	6379.6	0	390
4	32	1594.9	0	32
5	31	398.7	0	31
6	2	99.7	0	2
7	7	24.9	0	7
8	14	6.2	0	14
9	7	1.6	0	7
10	6	0.4	1	6
11	67	0.1	1	12 55
12	4	0.0	1	4
13	7	0.0	1	4 3
14	16	0.0	1	11 5
15	19	0.0	1	15 4
16	39	0.0	1	23 16
17	176	0.0	1	69 107
74	10	0.0	1	0 10
188	2	0.0	1	0 2
195	2	0.0	1	0 2
196	1	0.0	1	0 1


=== Second read: Adapter 2 ===

Sequence: GGACTACHVGGGTATCTAATCC; Type: regular 5'; Length: 22; Trimmed: 11613 times

Minimum overlap: 3
No. of allowed errors:
1-9 bp: 0; 10-19 bp: 1; 20-22 bp: 2

Overview of removed sequences
length	count	expect	max.err	error counts
3	693	6379.6	0	693
4	160	1594.9	0	160
5	45	398.7	0	45
6	3	99.7	0	3
7	13	24.9	0	13
8	4	6.2	0	4
9	10	1.6	0	10
10	7	0.4	1	7
11	22	0.1	1	21 1
12	28	0.0	1	28
13	4	0.0	1	4
14	7	0.0	1	7
15	3	0.0	1	3
16	6	0.0	1	6
17	13	0.0	1	12 1
18	9	0.0	1	8 1
19	30	0.0	1	25 2 3
20	210	0.0	2	73 136 1
21	6665	0.0	2	6539 108 18
22	12	0.0	2	2 10
23	2	0.0	2	2
24	2	0.0	2	1 1
25	2	0.0	2	2
26	2	0.0	2	1 1
27	1	0.0	2	1
28	3	0.0	2	2 1
29	1	0.0	2	1
30	1	0.0	2	0 1
31	1	0.0	2	0 1
34	1	0.0	2	1
36	3	0.0	2	2 0 1
37	1	0.0	2	1
38	1	0.0	2	0 1
41	1	0.0	2	1
42	3	0.0	2	0 2 1
43	5	0.0	2	5
44	1	0.0	2	0 1
46	2	0.0	2	2
47	4	0.0	2	1 3
48	1	0.0	2	1
49	3	0.0	2	3
50	5	0.0	2	3 2
51	3	0.0	2	2 1
52	1	0.0	2	1
54	1	0.0	2	1
55	5	0.0	2	5
57	2	0.0	2	2
58	3	0.0	2	3
62	3	0.0	2	2 1
63	1	0.0	2	1
64	3	0.0	2	3
65	2	0.0	2	0 2
66	1	0.0	2	1
68	2	0.0	2	2
69	2	0.0	2	2
74	1	0.0	2	1
75	3	0.0	2	2 1
76	1	0.0	2	1
77	3	0.0	2	3
78	1	0.0	2	1
82	1	0.0	2	1
83	1	0.0	2	1
91	2	0.0	2	2
92	3	0.0	2	2 1
94	1	0.0	2	1
95	1	0.0	2	1
96	2	0.0	2	2
97	3	0.0	2	3
98	3	0.0	2	3
101	2	0.0	2	1 1
102	1	0.0	2	1
103	3	0.0	2	1 2
104	10	0.0	2	10
106	1	0.0	2	1
107	2	0.0	2	2
109	2	0.0	2	2
117	1	0.0	2	1
118	2	0.0	2	2
119	2	0.0	2	1 1
120	7	0.0	2	6 1
121	26	0.0	2	17 7 2
122	734	0.0	2	643 77 14
123	2753	0.0	2	2413 285 55
124	12	0.0	2	9 1 2
174	1	0.0	2	0 1
190	1	0.0	2	0 0 1
199	1	0.0	2	0 0 1
202	1	0.0	2	1
215	1	0.0	2	0 1
219	1	0.0	2	1
243	1	0.0	2	1
249	1	0.0	2	0 1
266	2	0.0	2	1 0 1
