This is cutadapt 5.2 with Python 3.13.14
Command line parameters: -g CCTACGGGNGGCWGCAG -G GGACTACHVGGGTATCTAATCC --discard-untrimmed -e 0.1 --minimum-length 50 -j 4 -o results/region/V3_V4/trimmed/RnDD_260713_2_RnDD-16S_n0_R1.fq.gz -p results/region/V3_V4/trimmed/RnDD_260713_2_RnDD-16S_n0_R2.fq.gz data/raw/RnDD_260713_2_RnDD-16S_n0/202607132008_RA01230801023_5P260413092US292662D3_RnD_SRSLY_16S_NPO_260713_RnDD_260713_2_RnDD-16S_n0_L00_R1.fq.gz data/raw/RnDD_260713_2_RnDD-16S_n0/202607132008_RA01230801023_5P260413092US292662D3_RnD_SRSLY_16S_NPO_260713_RnDD_260713_2_RnDD-16S_n0_L00_R2.fq.gz
Processing paired-end reads on 4 cores ...

=== Summary ===

Total read pairs processed:            180,954
  Read 1 with adapter:                   1,073 (0.6%)
  Read 2 with adapter:                  33,231 (18.4%)

== Read fate breakdown ==
Pairs that were too short:               4,822 (2.7%)
Pairs discarded as untrimmed:          175,877 (97.2%)
Pairs written (passing filters):           255 (0.1%)

Total basepairs processed:    54,286,200 bp
  Read 1:    27,143,100 bp
  Read 2:    27,143,100 bp
Total written (filtered):         68,830 bp (0.1%)
  Read 1:        35,612 bp
  Read 2:        33,218 bp

=== First read: Adapter 1 ===

Sequence: CCTACGGGNGGCWGCAG; Type: regular 5'; Length: 17; Trimmed: 1073 times

Minimum overlap: 3
No. of allowed errors:
1-9 bp: 0; 10-16 bp: 1

Overview of removed sequences
length	count	expect	max.err	error counts
3	279	2827.4	0	279
4	109	706.9	0	109
5	26	176.7	0	26
6	1	44.2	0	1
7	5	11.0	0	5
8	6	2.8	0	6
9	5	0.7	0	5
10	4	0.2	1	4
11	73	0.0	1	8 65
12	4	0.0	1	3 1
13	6	0.0	1	6
14	10	0.0	1	7 3
15	9	0.0	1	2 7
16	42	0.0	1	19 23
17	492	0.0	1	473 19
51	1	0.0	1	1
138	1	0.0	1	1


=== Second read: Adapter 2 ===

Sequence: GGACTACHVGGGTATCTAATCC; Type: regular 5'; Length: 22; Trimmed: 33231 times

Minimum overlap: 3
No. of allowed errors:
1-9 bp: 0; 10-19 bp: 1; 20-22 bp: 2

Overview of removed sequences
length	count	expect	max.err	error counts
3	307	2827.4	0	307
4	80	706.9	0	80
5	255	176.7	0	255
6	30	44.2	0	30
7	93	11.0	0	93
8	163	2.8	0	163
9	67	0.7	0	67
10	60	0.2	1	59 1
11	206	0.0	1	203 3
12	330	0.0	1	318 12
13	62	0.0	1	59 3
14	94	0.0	1	89 5
15	73	0.0	1	71 2
16	103	0.0	1	83 20
17	141	0.0	1	130 11
18	134	0.0	1	102 31 1
19	375	0.0	1	245 62 68
20	1304	0.0	2	385 897 22
21	24306	0.0	2	23659 604 43
22	59	0.0	2	3 50 6
23	6	0.0	2	2 0 4
24	8	0.0	2	5 0 3
25	4	0.0	2	3 1
26	9	0.0	2	9
27	1	0.0	2	1
28	4	0.0	2	2 2
29	2	0.0	2	1 1
30	1	0.0	2	0 0 1
31	1	0.0	2	0 1
32	2	0.0	2	1 1
33	2	0.0	2	2
34	2	0.0	2	2
35	1	0.0	2	1
36	1	0.0	2	0 1
37	4	0.0	2	4
38	1	0.0	2	1
39	3	0.0	2	3
40	3	0.0	2	3
42	3	0.0	2	3
43	3	0.0	2	3
44	3	0.0	2	3
45	4	0.0	2	4
46	2	0.0	2	2
47	1	0.0	2	1
48	3	0.0	2	2 1
49	4	0.0	2	4
50	2	0.0	2	2
51	2	0.0	2	2
52	3	0.0	2	3
53	3	0.0	2	3
54	3	0.0	2	2 1
55	5	0.0	2	5
56	3	0.0	2	3
57	3	0.0	2	3
58	1	0.0	2	0 1
60	1	0.0	2	1
62	2	0.0	2	2
63	7	0.0	2	7
64	2	0.0	2	2
65	2	0.0	2	1 1
66	2	0.0	2	2
67	2	0.0	2	2
68	1	0.0	2	1
69	1	0.0	2	1
71	6	0.0	2	6
72	2	0.0	2	2
74	2	0.0	2	2
75	4	0.0	2	4
82	3	0.0	2	2 0 1
84	1	0.0	2	1
85	1	0.0	2	1
90	2	0.0	2	2
91	1	0.0	2	1
92	3	0.0	2	2 1
93	6	0.0	2	5 1
95	6	0.0	2	6
96	3	0.0	2	3
97	3	0.0	2	3
99	1	0.0	2	1
100	1	0.0	2	1
101	1	0.0	2	1
102	2	0.0	2	2
103	3	0.0	2	3
104	5	0.0	2	4 1
105	1	0.0	2	1
106	2	0.0	2	2
107	2	0.0	2	2
108	1	0.0	2	1
109	3	0.0	2	3
110	1	0.0	2	1
111	1	0.0	2	1
112	4	0.0	2	3 1
113	22	0.0	2	20 1 1
114	4	0.0	2	4
115	2	0.0	2	2
116	3	0.0	2	2 1
117	3	0.0	2	2 1
118	6	0.0	2	6
119	21	0.0	2	19 2
120	17	0.0	2	16 1
121	31	0.0	2	20 9 2
122	1175	0.0	2	1107 64 4
123	3502	0.0	2	3363 130 9
124	8	0.0	2	5 2 1
150	1	0.0	2	0 0 1
