This is cutadapt 5.2 with Python 3.13.14
Command line parameters: -g CCTACGGGNGGCWGCAG -G GGACTACHVGGGTATCTAATCC --discard-untrimmed -e 0.1 --minimum-length 50 -j 4 -o results/region/V3_V4/trimmed/RnDD_260801_4_RnDD-16S_n0_R1.fq.gz -p results/region/V3_V4/trimmed/RnDD_260801_4_RnDD-16S_n0_R2.fq.gz /media/genomed/DATA_15Tb/16s_3run/RnDD_260801_4_RnDD-16S_n0/202608012056_RA01230801023_5P251211086US292659BX_RnD_16S_260801_RnDD_260801_4_RnDD-16S_n0_L00_R1.fq.gz /media/genomed/DATA_15Tb/16s_3run/RnDD_260801_4_RnDD-16S_n0/202608012056_RA01230801023_5P251211086US292659BX_RnD_16S_260801_RnDD_260801_4_RnDD-16S_n0_L00_R2.fq.gz
Processing paired-end reads on 4 cores ...

=== Summary ===

Total read pairs processed:            486,736
  Read 1 with adapter:                   1,496 (0.3%)
  Read 2 with adapter:                  18,015 (3.7%)

== Read fate breakdown ==
Pairs that were too short:                  24 (0.0%)
Pairs discarded as untrimmed:          486,365 (99.9%)
Pairs written (passing filters):           347 (0.1%)

Total basepairs processed:   292,041,600 bp
  Read 1:   146,020,800 bp
  Read 2:   146,020,800 bp
Total written (filtered):        187,398 bp (0.1%)
  Read 1:       101,781 bp
  Read 2:        85,617 bp

=== First read: Adapter 1 ===

Sequence: CCTACGGGNGGCWGCAG; Type: regular 5'; Length: 17; Trimmed: 1496 times

Minimum overlap: 3
No. of allowed errors:
1-9 bp: 0; 10-16 bp: 1

Overview of removed sequences
length	count	expect	max.err	error counts
3	617	7605.2	0	617
4	64	1901.3	0	64
5	56	475.3	0	56
6	7	118.8	0	7
7	9	29.7	0	9
8	36	7.4	0	36
9	15	1.9	0	15
10	11	0.5	1	11
11	71	0.1	1	13 58
12	8	0.0	1	4 4
13	30	0.0	1	18 12
14	37	0.0	1	26 11
15	38	0.0	1	30 8
16	81	0.0	1	37 44
17	399	0.0	1	205 194
50	1	0.0	1	1
74	10	0.0	1	0 10
126	1	0.0	1	1
160	1	0.0	1	1
195	1	0.0	1	0 1
205	1	0.0	1	1
292	1	0.0	1	0 1
293	1	0.0	1	0 1


=== Second read: Adapter 2 ===

Sequence: GGACTACHVGGGTATCTAATCC; Type: regular 5'; Length: 22; Trimmed: 18015 times

Minimum overlap: 3
No. of allowed errors:
1-9 bp: 0; 10-19 bp: 1; 20-22 bp: 2

Overview of removed sequences
length	count	expect	max.err	error counts
3	1086	7605.2	0	1086
4	183	1901.3	0	183
5	57	475.3	0	57
6	13	118.8	0	13
7	11	29.7	0	11
8	8	7.4	0	8
9	29	1.9	0	29
10	15	0.5	1	12 3
11	34	0.1	1	34
12	32	0.0	1	32
13	6	0.0	1	6
14	14	0.0	1	14
15	11	0.0	1	9 2
16	8	0.0	1	7 1
17	27	0.0	1	25 2
18	12	0.0	1	11 1
19	60	0.0	1	42 7 11
20	270	0.0	2	79 189 2
21	8641	0.0	2	8434 181 26
22	13	0.0	2	1 12
23	4	0.0	2	4
24	10	0.0	2	5 2 3
25	3	0.0	2	2 1
26	7	0.0	2	7
27	1	0.0	2	1
28	2	0.0	2	1 1
29	2	0.0	2	2
31	1	0.0	2	1
33	2	0.0	2	1 1
34	2	0.0	2	2
35	2	0.0	2	1 1
36	4	0.0	2	3 1
37	1	0.0	2	0 1
38	6	0.0	2	4 2
39	7	0.0	2	7
40	3	0.0	2	3
41	1	0.0	2	0 1
42	2	0.0	2	2
43	4	0.0	2	4
44	3	0.0	2	2 1
45	2	0.0	2	2
46	2	0.0	2	1 1
48	6	0.0	2	5 1
49	3	0.0	2	3
50	2	0.0	2	2
52	2	0.0	2	2
54	2	0.0	2	2
55	5	0.0	2	5
56	10	0.0	2	10
57	3	0.0	2	3
59	2	0.0	2	2
60	1	0.0	2	1
62	3	0.0	2	2 1
63	2	0.0	2	2
64	5	0.0	2	5
66	1	0.0	2	1
67	1	0.0	2	1
68	3	0.0	2	3
70	2	0.0	2	2
72	2	0.0	2	2
73	2	0.0	2	2
75	7	0.0	2	6 1
76	1	0.0	2	1
77	4	0.0	2	3 1
78	1	0.0	2	1
79	1	0.0	2	1
81	1	0.0	2	1
82	2	0.0	2	1 1
83	3	0.0	2	1 2
84	1	0.0	2	1
85	2	0.0	2	2
86	3	0.0	2	3
88	3	0.0	2	3
91	3	0.0	2	3
92	3	0.0	2	3
93	2	0.0	2	2
95	8	0.0	2	8
96	5	0.0	2	5
97	4	0.0	2	3 1
98	3	0.0	2	3
99	1	0.0	2	1
100	1	0.0	2	1
101	1	0.0	2	1
102	2	0.0	2	2
103	4	0.0	2	4
104	10	0.0	2	10
106	3	0.0	2	3
107	1	0.0	2	1
109	7	0.0	2	6 0 1
112	3	0.0	2	3
113	6	0.0	2	5 1
114	3	0.0	2	3
115	2	0.0	2	2
117	1	0.0	2	1
118	2	0.0	2	2
119	24	0.0	2	22 1 1
120	25	0.0	2	21 4
121	37	0.0	2	28 8 1
122	1481	0.0	2	1297 155 29
123	5625	0.0	2	5063 478 84
124	14	0.0	2	8 3 3
133	1	0.0	2	1
139	1	0.0	2	1
143	2	0.0	2	2
150	1	0.0	2	1
152	1	0.0	2	1
161	1	0.0	2	1
164	1	0.0	2	0 0 1
168	1	0.0	2	1
173	1	0.0	2	1
188	1	0.0	2	1
189	1	0.0	2	0 1
195	1	0.0	2	0 1
197	2	0.0	2	2
214	1	0.0	2	1
217	2	0.0	2	1 1
218	1	0.0	2	1
230	1	0.0	2	1
235	1	0.0	2	0 1
239	1	0.0	2	0 1
243	2	0.0	2	1 1
250	1	0.0	2	1
251	1	0.0	2	0 0 1
252	1	0.0	2	1
264	2	0.0	2	0 1 1
265	3	0.0	2	1 2
266	9	0.0	2	3 4 2
272	1	0.0	2	1
274	1	0.0	2	0 0 1
280	1	0.0	2	0 1
292	1	0.0	2	1
295	1	0.0	2	0 0 1
299	1	0.0	2	0 1
