This is cutadapt 5.2 with Python 3.13.14
Command line parameters: -g CCTACGGGNGGCWGCAG -G GGACTACHVGGGTATCTAATCC --discard-untrimmed -e 0.1 --minimum-length 50 -j 4 -o results/region/V3_V4/trimmed/RnDD_260801_18_RnDD-16S_n0_R1.fq.gz -p results/region/V3_V4/trimmed/RnDD_260801_18_RnDD-16S_n0_R2.fq.gz /media/genomed/DATA_15Tb/16s_3run/RnDD_260801_18_RnDD-16S_n0/202608012056_RA01230801023_5P251211086US292659BX_RnD_16S_260801_RnDD_260801_18_RnDD-16S_n0_L00_R1.fq.gz /media/genomed/DATA_15Tb/16s_3run/RnDD_260801_18_RnDD-16S_n0/202608012056_RA01230801023_5P251211086US292659BX_RnD_16S_260801_RnDD_260801_18_RnDD-16S_n0_L00_R2.fq.gz
Processing paired-end reads on 4 cores ...

=== Summary ===

Total read pairs processed:            162,373
  Read 1 with adapter:                     389 (0.2%)
  Read 2 with adapter:                   7,079 (4.4%)

== Read fate breakdown ==
Pairs that were too short:                   0 (0.0%)
Pairs discarded as untrimmed:          162,272 (99.9%)
Pairs written (passing filters):           101 (0.1%)

Total basepairs processed:    97,423,800 bp
  Read 1:    48,711,900 bp
  Read 2:    48,711,900 bp
Total written (filtered):         57,423 bp (0.1%)
  Read 1:        29,235 bp
  Read 2:        28,188 bp

=== First read: Adapter 1 ===

Sequence: CCTACGGGNGGCWGCAG; Type: regular 5'; Length: 17; Trimmed: 389 times

Minimum overlap: 3
No. of allowed errors:
1-9 bp: 0; 10-16 bp: 1

Overview of removed sequences
length	count	expect	max.err	error counts
3	107	2537.1	0	107
4	17	634.3	0	17
5	5	158.6	0	5
6	3	39.6	0	3
7	4	9.9	0	4
8	10	2.5	0	10
9	5	0.6	0	5
10	7	0.2	1	7
11	60	0.0	1	12 48
12	8	0.0	1	7 1
13	9	0.0	1	8 1
14	12	0.0	1	7 5
15	14	0.0	1	9 5
16	19	0.0	1	11 8
17	76	0.0	1	37 39
74	2	0.0	1	0 2
188	28	0.0	1	0 28
196	2	0.0	1	0 2
197	1	0.0	1	0 1


=== Second read: Adapter 2 ===

Sequence: GGACTACHVGGGTATCTAATCC; Type: regular 5'; Length: 22; Trimmed: 7079 times

Minimum overlap: 3
No. of allowed errors:
1-9 bp: 0; 10-19 bp: 1; 20-22 bp: 2

Overview of removed sequences
length	count	expect	max.err	error counts
3	96	2537.1	0	96
4	16	634.3	0	16
5	36	158.6	0	36
6	8	39.6	0	8
7	24	9.9	0	24
8	35	2.5	0	35
9	22	0.6	0	22
10	23	0.2	1	23
11	69	0.0	1	67 2
12	88	0.0	1	86 2
13	40	0.0	1	39 1
14	58	0.0	1	58
15	55	0.0	1	55
16	52	0.0	1	47 5
17	70	0.0	1	59 11
18	71	0.0	1	51 20
19	172	0.0	1	114 21 37
20	442	0.0	2	144 293 5
21	5601	0.0	2	5461 110 30
22	29	0.0	2	0 28 1
27	1	0.0	2	0 0 1
33	1	0.0	2	0 1
47	1	0.0	2	0 0 1
53	1	0.0	2	1
55	1	0.0	2	0 1
121	2	0.0	2	2
122	11	0.0	2	10 1
123	53	0.0	2	46 6 1
124	1	0.0	2	1
