This is cutadapt 5.2 with Python 3.13.14
Command line parameters: -g CCTACGGGNGGCWGCAG -G GGACTACHVGGGTATCTAATCC --discard-untrimmed -e 0.1 --minimum-length 50 -j 4 -o results/region/V3_V4/trimmed/RnDD_260713_16_RnDD-16S_n0_R1.fq.gz -p results/region/V3_V4/trimmed/RnDD_260713_16_RnDD-16S_n0_R2.fq.gz data/raw/RnDD_260713_16_RnDD-16S_n0/202607132008_RA01230801023_5P260413092US292662D3_RnD_SRSLY_16S_NPO_260713_RnDD_260713_16_RnDD-16S_n0_L00_R1.fq.gz data/raw/RnDD_260713_16_RnDD-16S_n0/202607132008_RA01230801023_5P260413092US292662D3_RnD_SRSLY_16S_NPO_260713_RnDD_260713_16_RnDD-16S_n0_L00_R2.fq.gz
Processing paired-end reads on 4 cores ...

=== Summary ===

Total read pairs processed:            412,557
  Read 1 with adapter:                   2,337 (0.6%)
  Read 2 with adapter:                  66,267 (16.1%)

== Read fate breakdown ==
Pairs that were too short:               2,621 (0.6%)
Pairs discarded as untrimmed:          408,296 (99.0%)
Pairs written (passing filters):         1,640 (0.4%)

Total basepairs processed:   123,767,100 bp
  Read 1:    61,883,550 bp
  Read 2:    61,883,550 bp
Total written (filtered):        445,517 bp (0.4%)
  Read 1:       234,015 bp
  Read 2:       211,502 bp

=== First read: Adapter 1 ===

Sequence: CCTACGGGNGGCWGCAG; Type: regular 5'; Length: 17; Trimmed: 2337 times

Minimum overlap: 3
No. of allowed errors:
1-9 bp: 0; 10-16 bp: 1

Overview of removed sequences
length	count	expect	max.err	error counts
3	728	6446.2	0	728
4	503	1611.6	0	503
5	105	402.9	0	105
9	1	1.6	0	1
11	85	0.1	1	1 84
12	1	0.0	1	0 1
13	7	0.0	1	7
14	4	0.0	1	4
15	7	0.0	1	7
16	52	0.0	1	31 21
17	844	0.0	1	806 38


=== Second read: Adapter 2 ===

Sequence: GGACTACHVGGGTATCTAATCC; Type: regular 5'; Length: 22; Trimmed: 66267 times

Minimum overlap: 3
No. of allowed errors:
1-9 bp: 0; 10-19 bp: 1; 20-22 bp: 2

Overview of removed sequences
length	count	expect	max.err	error counts
3	350	6446.2	0	350
4	53	1611.6	0	53
5	30	402.9	0	30
6	10	100.7	0	10
7	9	25.2	0	9
8	18	6.3	0	18
9	26	1.6	0	26
10	10	0.4	1	10
11	43	0.1	1	42 1
12	23	0.0	1	23
13	3	0.0	1	3
14	20	0.0	1	20
15	20	0.0	1	19 1
16	38	0.0	1	34 4
17	90	0.0	1	85 5
18	89	0.0	1	76 13
19	229	0.0	1	172 37 20
20	2247	0.0	2	625 1600 22
21	60083	0.0	2	58816 1157 110
22	60	0.0	2	2 40 18
23	8	0.0	2	5 1 2
24	9	0.0	2	1 0 8
25	3	0.0	2	0 3
26	2	0.0	2	1 1
27	2	0.0	2	2
28	5	0.0	2	4 1
29	2	0.0	2	2
30	5	0.0	2	1 3 1
31	4	0.0	2	0 4
32	1	0.0	2	0 1
33	5	0.0	2	2 3
34	1	0.0	2	0 1
36	3	0.0	2	1 2
38	1	0.0	2	0 1
39	1	0.0	2	1
40	1	0.0	2	1
42	1	0.0	2	1
43	2	0.0	2	2
45	1	0.0	2	1
46	5	0.0	2	5
47	3	0.0	2	3
49	4	0.0	2	3 1
50	1	0.0	2	1
51	6	0.0	2	5 1
52	7	0.0	2	6 0 1
53	10	0.0	2	9 1
54	4	0.0	2	3 0 1
55	2	0.0	2	2
59	2	0.0	2	2
62	1	0.0	2	1
64	2	0.0	2	1 1
65	3	0.0	2	3
67	5	0.0	2	5
68	3	0.0	2	3
69	2	0.0	2	1 1
70	3	0.0	2	3
71	3	0.0	2	3
72	8	0.0	2	8
74	2	0.0	2	2
75	1	0.0	2	1
76	3	0.0	2	3
77	3	0.0	2	3
78	5	0.0	2	4 1
79	2	0.0	2	2
83	2	0.0	2	2
84	3	0.0	2	2 1
85	16	0.0	2	15 1
86	1	0.0	2	1
88	3	0.0	2	3
91	5	0.0	2	5
92	2	0.0	2	2
95	5	0.0	2	4 1
96	8	0.0	2	7 1
97	2	0.0	2	2
98	1	0.0	2	1
101	1	0.0	2	1
102	6	0.0	2	6
104	2	0.0	2	2
106	1	0.0	2	1
107	1	0.0	2	1
119	7	0.0	2	6 1
120	2	0.0	2	2
121	11	0.0	2	6 4 1
122	336	0.0	2	274 57 5
123	2247	0.0	2	2160 80 7
124	6	0.0	2	6
133	1	0.0	2	0 1
