This is cutadapt 5.2 with Python 3.13.14
Command line parameters: -g CCTACGGGNGGCWGCAG -G GGACTACHVGGGTATCTAATCC --discard-untrimmed -e 0.1 --minimum-length 50 -j 4 -o results/region/V3_V4/trimmed/RnDD_260801_15_RnDD-16S_n0_R1.fq.gz -p results/region/V3_V4/trimmed/RnDD_260801_15_RnDD-16S_n0_R2.fq.gz /media/genomed/DATA_15Tb/16s_3run/RnDD_260801_15_RnDD-16S_n0/202608012056_RA01230801023_5P251211086US292659BX_RnD_16S_260801_RnDD_260801_15_RnDD-16S_n0_L00_R1.fq.gz /media/genomed/DATA_15Tb/16s_3run/RnDD_260801_15_RnDD-16S_n0/202608012056_RA01230801023_5P251211086US292659BX_RnD_16S_260801_RnDD_260801_15_RnDD-16S_n0_L00_R2.fq.gz
Processing paired-end reads on 4 cores ...

=== Summary ===

Total read pairs processed:            981,816
  Read 1 with adapter:                   2,019 (0.2%)
  Read 2 with adapter:                  22,584 (2.3%)

== Read fate breakdown ==
Pairs that were too short:                   6 (0.0%)
Pairs discarded as untrimmed:          980,189 (99.8%)
Pairs written (passing filters):         1,621 (0.2%)

Total basepairs processed:   589,089,600 bp
  Read 1:   294,544,800 bp
  Read 2:   294,544,800 bp
Total written (filtered):        905,916 bp (0.2%)
  Read 1:       478,763 bp
  Read 2:       427,153 bp

=== First read: Adapter 1 ===

Sequence: CCTACGGGNGGCWGCAG; Type: regular 5'; Length: 17; Trimmed: 2019 times

Minimum overlap: 3
No. of allowed errors:
1-9 bp: 0; 10-16 bp: 1

Overview of removed sequences
length	count	expect	max.err	error counts
3	532	15340.9	0	532
4	946	3835.2	0	946
5	202	958.8	0	202
8	5	15.0	0	5
9	1	3.7	0	1
10	1	0.9	1	1
11	36	0.2	1	3 33
12	3	0.1	1	3
13	14	0.0	1	8 6
14	14	0.0	1	11 3
15	34	0.0	1	17 17
16	73	0.0	1	44 29
17	153	0.0	1	75 78
188	3	0.0	1	0 3
215	1	0.0	1	0 1
281	1	0.0	1	0 1


=== Second read: Adapter 2 ===

Sequence: GGACTACHVGGGTATCTAATCC; Type: regular 5'; Length: 22; Trimmed: 22584 times

Minimum overlap: 3
No. of allowed errors:
1-9 bp: 0; 10-19 bp: 1; 20-22 bp: 2

Overview of removed sequences
length	count	expect	max.err	error counts
3	797	15340.9	0	797
4	82	3835.2	0	82
5	28	958.8	0	28
6	2	239.7	0	2
7	1	59.9	0	1
9	4	3.7	0	4
10	1	0.9	1	1
11	4	0.2	1	4
12	9	0.1	1	8 1
13	3	0.0	1	2 1
14	2	0.0	1	2
15	3	0.0	1	3
16	3	0.0	1	1 2
17	20	0.0	1	19 1
18	8	0.0	1	8
19	37	0.0	1	30 6 1
20	501	0.0	2	152 342 7
21	18070	0.0	2	17753 271 46
22	14	0.0	2	2 11 1
23	4	0.0	2	1 0 3
24	5	0.0	2	1 1 3
25	2	0.0	2	0 2
26	5	0.0	2	2 3
27	2	0.0	2	2
30	2	0.0	2	1 1
31	4	0.0	2	0 4
33	2	0.0	2	1 1
37	1	0.0	2	0 1
39	1	0.0	2	0 1
42	1	0.0	2	0 1
43	3	0.0	2	3
45	1	0.0	2	0 1
46	2	0.0	2	2
47	4	0.0	2	4
48	1	0.0	2	1
49	2	0.0	2	2
50	1	0.0	2	0 1
51	5	0.0	2	5
52	4	0.0	2	3 1
53	5	0.0	2	5
54	1	0.0	2	1
55	1	0.0	2	1
56	1	0.0	2	1
60	1	0.0	2	1
67	3	0.0	2	3
68	1	0.0	2	1
69	1	0.0	2	1
70	2	0.0	2	2
71	3	0.0	2	2 1
72	1	0.0	2	1
73	2	0.0	2	2
74	1	0.0	2	0 1
75	3	0.0	2	3
76	2	0.0	2	2
77	2	0.0	2	2
78	3	0.0	2	3
79	2	0.0	2	2
80	1	0.0	2	1
82	1	0.0	2	1
83	1	0.0	2	1
85	9	0.0	2	9
86	4	0.0	2	4
87	1	0.0	2	1
88	1	0.0	2	1
91	5	0.0	2	4 1
92	3	0.0	2	3
95	3	0.0	2	3
96	4	0.0	2	3 1
97	5	0.0	2	5
99	1	0.0	2	0 1
101	2	0.0	2	2
102	3	0.0	2	3
104	2	0.0	2	2
105	1	0.0	2	0 1
115	1	0.0	2	1
118	2	0.0	2	1 1
119	1	0.0	2	1
120	6	0.0	2	5 1
121	27	0.0	2	9 17 1
122	414	0.0	2	293 110 11
123	2378	0.0	2	2136 196 46
124	6	0.0	2	4 1 1
133	1	0.0	2	1
135	1	0.0	2	1
163	4	0.0	2	4
164	7	0.0	2	2 4 1
174	1	0.0	2	0 1
180	1	0.0	2	0 1
198	1	0.0	2	0 0 1
200	1	0.0	2	1
217	1	0.0	2	1
226	1	0.0	2	1
228	1	0.0	2	1
249	1	0.0	2	0 1
266	5	0.0	2	4 0 1
