This is cutadapt 5.2 with Python 3.13.14
Command line parameters: -g CCTACGGGNGGCWGCAG -G GGACTACHVGGGTATCTAATCC --discard-untrimmed -e 0.1 --minimum-length 50 -j 4 -o results/region/V3_V4/trimmed/RnDD_260801_17_RnDD-16S_n0_R1.fq.gz -p results/region/V3_V4/trimmed/RnDD_260801_17_RnDD-16S_n0_R2.fq.gz /media/genomed/DATA_15Tb/16s_3run/RnDD_260801_17_RnDD-16S_n0/202608012056_RA01230801023_5P251211086US292659BX_RnD_16S_260801_RnDD_260801_17_RnDD-16S_n0_L00_R1.fq.gz /media/genomed/DATA_15Tb/16s_3run/RnDD_260801_17_RnDD-16S_n0/202608012056_RA01230801023_5P251211086US292659BX_RnD_16S_260801_RnDD_260801_17_RnDD-16S_n0_L00_R2.fq.gz
Processing paired-end reads on 4 cores ...

=== Summary ===

Total read pairs processed:            137,853
  Read 1 with adapter:                     386 (0.3%)
  Read 2 with adapter:                   7,258 (5.3%)

== Read fate breakdown ==
Pairs that were too short:                   0 (0.0%)
Pairs discarded as untrimmed:          137,752 (99.9%)
Pairs written (passing filters):           101 (0.1%)

Total basepairs processed:    82,711,800 bp
  Read 1:    41,355,900 bp
  Read 2:    41,355,900 bp
Total written (filtered):         57,077 bp (0.1%)
  Read 1:        29,042 bp
  Read 2:        28,035 bp

=== First read: Adapter 1 ===

Sequence: CCTACGGGNGGCWGCAG; Type: regular 5'; Length: 17; Trimmed: 386 times

Minimum overlap: 3
No. of allowed errors:
1-9 bp: 0; 10-16 bp: 1

Overview of removed sequences
length	count	expect	max.err	error counts
3	101	2154.0	0	101
4	11	538.5	0	11
5	4	134.6	0	4
6	1	33.7	0	1
7	2	8.4	0	2
8	8	2.1	0	8
9	12	0.5	0	12
10	7	0.1	1	6 1
11	68	0.0	1	13 55
12	4	0.0	1	3 1
13	9	0.0	1	3 6
14	14	0.0	1	11 3
15	11	0.0	1	6 5
16	28	0.0	1	12 16
17	70	0.0	1	32 38
18	1	0.0	1	0 1
74	2	0.0	1	0 2
188	24	0.0	1	0 24
195	2	0.0	1	0 2
196	7	0.0	1	0 7


=== Second read: Adapter 2 ===

Sequence: GGACTACHVGGGTATCTAATCC; Type: regular 5'; Length: 22; Trimmed: 7258 times

Minimum overlap: 3
No. of allowed errors:
1-9 bp: 0; 10-19 bp: 1; 20-22 bp: 2

Overview of removed sequences
length	count	expect	max.err	error counts
3	66	2154.0	0	66
4	18	538.5	0	18
5	33	134.6	0	33
6	11	33.7	0	11
7	34	8.4	0	34
8	32	2.1	0	32
9	14	0.5	0	14
10	13	0.1	1	13
11	76	0.0	1	73 3
12	79	0.0	1	77 2
13	31	0.0	1	31
14	63	0.0	1	63
15	77	0.0	1	75 2
16	67	0.0	1	59 8
17	67	0.0	1	60 7
18	63	0.0	1	40 23
19	132	0.0	1	91 18 23
20	427	0.0	2	118 303 6
21	5868	0.0	2	5683 150 35
22	20	0.0	2	0 19 1
24	1	0.0	2	0 0 1
34	1	0.0	2	0 1
45	1	0.0	2	0 1
120	1	0.0	2	1
122	5	0.0	2	4 0 1
123	58	0.0	2	51 7
