This is cutadapt 5.2 with Python 3.13.14
Command line parameters: -g CCTACGGGNGGCWGCAG -G GGACTACHVGGGTATCTAATCC --discard-untrimmed -e 0.1 --minimum-length 50 -j 4 -o results/region/V3_V4/trimmed/RnDD_260801_11_RnDD-16S_n0_R1.fq.gz -p results/region/V3_V4/trimmed/RnDD_260801_11_RnDD-16S_n0_R2.fq.gz /media/genomed/DATA_15Tb/16s_3run/RnDD_260801_11_RnDD-16S_n0/202608012056_RA01230801023_5P251211086US292659BX_RnD_16S_260801_RnDD_260801_11_RnDD-16S_n0_L00_R1.fq.gz /media/genomed/DATA_15Tb/16s_3run/RnDD_260801_11_RnDD-16S_n0/202608012056_RA01230801023_5P251211086US292659BX_RnD_16S_260801_RnDD_260801_11_RnDD-16S_n0_L00_R2.fq.gz
Processing paired-end reads on 4 cores ...

=== Summary ===

Total read pairs processed:            391,085
  Read 1 with adapter:                     787 (0.2%)
  Read 2 with adapter:                  16,522 (4.2%)

== Read fate breakdown ==
Pairs that were too short:                   0 (0.0%)
Pairs discarded as untrimmed:          390,882 (99.9%)
Pairs written (passing filters):           203 (0.1%)

Total basepairs processed:   234,651,000 bp
  Read 1:   117,325,500 bp
  Read 2:   117,325,500 bp
Total written (filtered):        113,734 bp (0.0%)
  Read 1:        58,921 bp
  Read 2:        54,813 bp

=== First read: Adapter 1 ===

Sequence: CCTACGGGNGGCWGCAG; Type: regular 5'; Length: 17; Trimmed: 787 times

Minimum overlap: 3
No. of allowed errors:
1-9 bp: 0; 10-16 bp: 1

Overview of removed sequences
length	count	expect	max.err	error counts
3	287	6110.7	0	287
4	20	1527.7	0	20
5	31	381.9	0	31
6	4	95.5	0	4
7	7	23.9	0	7
8	14	6.0	0	14
9	3	1.5	0	3
10	10	0.4	1	7 3
11	138	0.1	1	17 121
12	17	0.0	1	11 6
13	14	0.0	1	9 5
14	12	0.0	1	8 4
15	16	0.0	1	8 8
16	44	0.0	1	23 21
17	106	0.0	1	44 62
74	8	0.0	1	0 8
160	1	0.0	1	0 1
187	1	0.0	1	0 1
188	39	0.0	1	0 39
195	1	0.0	1	0 1
196	14	0.0	1	0 14


=== Second read: Adapter 2 ===

Sequence: GGACTACHVGGGTATCTAATCC; Type: regular 5'; Length: 22; Trimmed: 16522 times

Minimum overlap: 3
No. of allowed errors:
1-9 bp: 0; 10-19 bp: 1; 20-22 bp: 2

Overview of removed sequences
length	count	expect	max.err	error counts
3	535	6110.7	0	535
4	92	1527.7	0	92
5	130	381.9	0	130
6	15	95.5	0	15
7	44	23.9	0	44
8	93	6.0	0	93
9	39	1.5	0	39
10	24	0.4	1	24
11	120	0.1	1	119 1
12	145	0.0	1	142 3
13	25	0.0	1	24 1
14	38	0.0	1	36 2
15	38	0.0	1	37 1
16	45	0.0	1	39 6
17	87	0.0	1	77 10
18	74	0.0	1	52 22
19	169	0.0	1	115 25 29
20	725	0.0	2	199 521 5
21	13265	0.0	2	13064 173 28
22	15	0.0	2	1 14
23	2	0.0	2	0 1 1
24	3	0.0	2	0 1 2
25	1	0.0	2	1
26	2	0.0	2	2
27	1	0.0	2	0 1
30	2	0.0	2	0 1 1
31	2	0.0	2	0 2
32	1	0.0	2	1
34	1	0.0	2	0 1
43	1	0.0	2	0 0 1
46	1	0.0	2	1
48	1	0.0	2	1
50	1	0.0	2	1
53	1	0.0	2	0 1
54	1	0.0	2	1
57	2	0.0	2	2
62	1	0.0	2	1
63	1	0.0	2	1
67	1	0.0	2	1
69	1	0.0	2	1
75	1	0.0	2	1
82	1	0.0	2	1
84	1	0.0	2	1
95	1	0.0	2	1
96	1	0.0	2	1
98	1	0.0	2	1
101	1	0.0	2	1
104	1	0.0	2	1
107	1	0.0	2	1
111	1	0.0	2	1
113	2	0.0	2	2
114	1	0.0	2	1
116	1	0.0	2	1
119	1	0.0	2	1
120	6	0.0	2	6
121	12	0.0	2	8 4
122	203	0.0	2	171 26 6
123	533	0.0	2	467 56 10
124	5	0.0	2	4 1
133	1	0.0	2	1
157	1	0.0	2	0 0 1
235	1	0.0	2	0 0 1
