This is cutadapt 5.2 with Python 3.13.14
Command line parameters: -g CCTACGGGNGGCWGCAG -G GGACTACHVGGGTATCTAATCC --discard-untrimmed -e 0.1 --minimum-length 50 -j 4 -o results/region/V3_V4/trimmed/RnDD_260801_6_RnDD-16S_n0_R1.fq.gz -p results/region/V3_V4/trimmed/RnDD_260801_6_RnDD-16S_n0_R2.fq.gz /media/genomed/DATA_15Tb/16s_3run/RnDD_260801_6_RnDD-16S_n0/202608012056_RA01230801023_5P251211086US292659BX_RnD_16S_260801_RnDD_260801_6_RnDD-16S_n0_L00_R1.fq.gz /media/genomed/DATA_15Tb/16s_3run/RnDD_260801_6_RnDD-16S_n0/202608012056_RA01230801023_5P251211086US292659BX_RnD_16S_260801_RnDD_260801_6_RnDD-16S_n0_L00_R2.fq.gz
Processing paired-end reads on 4 cores ...

=== Summary ===

Total read pairs processed:            246,509
  Read 1 with adapter:                     703 (0.3%)
  Read 2 with adapter:                  10,119 (4.1%)

== Read fate breakdown ==
Pairs that were too short:                   1 (0.0%)
Pairs discarded as untrimmed:          246,362 (99.9%)
Pairs written (passing filters):           146 (0.1%)

Total basepairs processed:   147,905,400 bp
  Read 1:    73,952,700 bp
  Read 2:    73,952,700 bp
Total written (filtered):         82,004 bp (0.1%)
  Read 1:        42,429 bp
  Read 2:        39,575 bp

=== First read: Adapter 1 ===

Sequence: CCTACGGGNGGCWGCAG; Type: regular 5'; Length: 17; Trimmed: 703 times

Minimum overlap: 3
No. of allowed errors:
1-9 bp: 0; 10-16 bp: 1

Overview of removed sequences
length	count	expect	max.err	error counts
3	277	3851.7	0	277
4	25	962.9	0	25
5	21	240.7	0	21
6	2	60.2	0	2
7	4	15.0	0	4
8	23	3.8	0	23
9	5	0.9	0	5
10	14	0.2	1	13 1
11	92	0.1	1	13 79
12	4	0.0	1	3 1
13	10	0.0	1	6 4
14	15	0.0	1	12 3
15	16	0.0	1	11 5
16	42	0.0	1	24 18
17	108	0.0	1	64 44
74	2	0.0	1	0 2
127	1	0.0	1	1
159	1	0.0	1	1
160	2	0.0	1	1 1
186	1	0.0	1	0 1
188	29	0.0	1	0 29
195	2	0.0	1	0 2
196	6	0.0	1	0 6
203	1	0.0	1	0 1


=== Second read: Adapter 2 ===

Sequence: GGACTACHVGGGTATCTAATCC; Type: regular 5'; Length: 22; Trimmed: 10119 times

Minimum overlap: 3
No. of allowed errors:
1-9 bp: 0; 10-19 bp: 1; 20-22 bp: 2

Overview of removed sequences
length	count	expect	max.err	error counts
3	281	3851.7	0	281
4	53	962.9	0	53
5	85	240.7	0	85
6	17	60.2	0	17
7	35	15.0	0	35
8	37	3.8	0	37
9	41	0.9	0	41
10	18	0.2	1	18
11	116	0.1	1	116
12	171	0.0	1	168 3
13	58	0.0	1	54 4
14	70	0.0	1	68 2
15	91	0.0	1	88 3
16	51	0.0	1	40 11
17	104	0.0	1	95 9
18	82	0.0	1	55 27
19	184	0.0	1	115 40 29
20	571	0.0	2	187 379 5
21	7407	0.0	2	7232 137 38
22	29	0.0	2	0 29
24	2	0.0	2	0 1 1
26	1	0.0	2	0 0 1
27	1	0.0	2	1
28	1	0.0	2	1
29	1	0.0	2	1
30	2	0.0	2	0 2
37	1	0.0	2	1
42	1	0.0	2	1
43	1	0.0	2	0 0 1
56	1	0.0	2	1
57	2	0.0	2	1 0 1
69	1	0.0	2	1
72	1	0.0	2	1
77	1	0.0	2	1
95	1	0.0	2	0 1
104	1	0.0	2	0 1
108	1	0.0	2	1
110	2	0.0	2	2
113	1	0.0	2	1
115	1	0.0	2	1
119	1	0.0	2	0 1
120	1	0.0	2	1
121	8	0.0	2	6 2
122	117	0.0	2	103 12 2
123	446	0.0	2	395 38 13
124	12	0.0	2	10 0 2
125	2	0.0	2	1 1
132	1	0.0	2	1
134	2	0.0	2	2
146	1	0.0	2	1
163	1	0.0	2	1
164	1	0.0	2	1
266	1	0.0	2	1
