This is cutadapt 5.2 with Python 3.13.14
Command line parameters: -g CCTACGGGNGGCWGCAG -G GGACTACHVGGGTATCTAATCC --discard-untrimmed -e 0.1 --minimum-length 50 -j 4 -o results/region/V3_V4/trimmed/RnDD_260801_8_RnDD-16S_n0_R1.fq.gz -p results/region/V3_V4/trimmed/RnDD_260801_8_RnDD-16S_n0_R2.fq.gz /media/genomed/DATA_15Tb/16s_3run/RnDD_260801_8_RnDD-16S_n0/202608012056_RA01230801023_5P251211086US292659BX_RnD_16S_260801_RnDD_260801_8_RnDD-16S_n0_L00_R1.fq.gz /media/genomed/DATA_15Tb/16s_3run/RnDD_260801_8_RnDD-16S_n0/202608012056_RA01230801023_5P251211086US292659BX_RnD_16S_260801_RnDD_260801_8_RnDD-16S_n0_L00_R2.fq.gz
Processing paired-end reads on 4 cores ...

=== Summary ===

Total read pairs processed:            400,566
  Read 1 with adapter:                     793 (0.2%)
  Read 2 with adapter:                  10,825 (2.7%)

== Read fate breakdown ==
Pairs that were too short:                   1 (0.0%)
Pairs discarded as untrimmed:          400,382 (100.0%)
Pairs written (passing filters):           183 (0.0%)

Total basepairs processed:   240,339,600 bp
  Read 1:   120,169,800 bp
  Read 2:   120,169,800 bp
Total written (filtered):         98,118 bp (0.0%)
  Read 1:        53,538 bp
  Read 2:        44,580 bp

=== First read: Adapter 1 ===

Sequence: CCTACGGGNGGCWGCAG; Type: regular 5'; Length: 17; Trimmed: 793 times

Minimum overlap: 3
No. of allowed errors:
1-9 bp: 0; 10-16 bp: 1

Overview of removed sequences
length	count	expect	max.err	error counts
3	366	6258.8	0	366
4	40	1564.7	0	40
5	27	391.2	0	27
6	2	97.8	0	2
7	4	24.4	0	4
8	20	6.1	0	20
9	10	1.5	0	10
10	5	0.4	1	5
11	57	0.1	1	7 50
12	3	0.0	1	2 1
13	11	0.0	1	10 1
14	18	0.0	1	15 3
15	15	0.0	1	11 4
16	44	0.0	1	27 17
17	154	0.0	1	66 88
74	8	0.0	1	0 8
187	1	0.0	1	0 1
188	5	0.0	1	0 5
195	1	0.0	1	0 1
196	2	0.0	1	0 2


=== Second read: Adapter 2 ===

Sequence: GGACTACHVGGGTATCTAATCC; Type: regular 5'; Length: 22; Trimmed: 10825 times

Minimum overlap: 3
No. of allowed errors:
1-9 bp: 0; 10-19 bp: 1; 20-22 bp: 2

Overview of removed sequences
length	count	expect	max.err	error counts
3	652	6258.8	0	652
4	130	1564.7	0	130
5	43	391.2	0	43
6	8	97.8	0	8
7	9	24.4	0	9
8	8	6.1	0	8
9	13	1.5	0	13
10	10	0.4	1	8 2
11	28	0.1	1	26 2
12	22	0.0	1	21 1
13	3	0.0	1	3
14	6	0.0	1	6
15	2	0.0	1	2
16	6	0.0	1	6
17	16	0.0	1	16
18	3	0.0	1	1 2
19	31	0.0	1	26 4 1
20	203	0.0	2	52 147 4
21	5907	0.0	2	5803 81 23
22	10	0.0	2	1 8 1
23	2	0.0	2	1 0 1
24	7	0.0	2	2 0 5
25	1	0.0	2	0 1
26	4	0.0	2	4
27	1	0.0	2	1
31	1	0.0	2	0 1
32	4	0.0	2	4
33	2	0.0	2	0 2
35	2	0.0	2	2
36	3	0.0	2	2 1
37	3	0.0	2	3
38	1	0.0	2	1
39	3	0.0	2	2 1
40	2	0.0	2	2
41	3	0.0	2	3
42	4	0.0	2	3 1
43	2	0.0	2	2
45	1	0.0	2	1
46	2	0.0	2	2
48	6	0.0	2	4 2
49	4	0.0	2	3 1
50	1	0.0	2	0 1
51	1	0.0	2	1
53	1	0.0	2	1
54	1	0.0	2	1
55	2	0.0	2	1 1
56	6	0.0	2	6
57	2	0.0	2	2
58	2	0.0	2	2
59	1	0.0	2	1
60	1	0.0	2	1
62	2	0.0	2	1 1
63	5	0.0	2	5
64	2	0.0	2	2
65	2	0.0	2	1 1
66	2	0.0	2	2
67	1	0.0	2	1
68	2	0.0	2	1 1
69	1	0.0	2	1
70	1	0.0	2	1
73	1	0.0	2	1
75	4	0.0	2	3 1
76	1	0.0	2	1
77	2	0.0	2	1 1
78	1	0.0	2	1
79	1	0.0	2	1
82	1	0.0	2	1
86	1	0.0	2	1
89	1	0.0	2	1
91	4	0.0	2	2 2
92	1	0.0	2	1
94	1	0.0	2	0 1
95	6	0.0	2	6
96	4	0.0	2	4
98	1	0.0	2	1
102	1	0.0	2	1
103	4	0.0	2	4
104	6	0.0	2	5 1
111	1	0.0	2	0 1
115	1	0.0	2	1
116	1	0.0	2	1
118	3	0.0	2	2 1
119	10	0.0	2	9 1
120	8	0.0	2	8
121	19	0.0	2	10 8 1
122	747	0.0	2	641 94 12
123	2784	0.0	2	2495 252 37
124	3	0.0	2	2 0 1
162	1	0.0	2	1
164	1	0.0	2	1
266	1	0.0	2	0 1
