This is cutadapt 5.2 with Python 3.13.14
Command line parameters: -g CCTACGGGNGGCWGCAG -G GGACTACHVGGGTATCTAATCC --discard-untrimmed -e 0.1 --minimum-length 50 -j 4 -o results/region/V3_V4/trimmed/RnDD_260801_10_RnDD-16S_n0_R1.fq.gz -p results/region/V3_V4/trimmed/RnDD_260801_10_RnDD-16S_n0_R2.fq.gz /media/genomed/DATA_15Tb/16s_3run/RnDD_260801_10_RnDD-16S_n0/202608012056_RA01230801023_5P251211086US292659BX_RnD_16S_260801_RnDD_260801_10_RnDD-16S_n0_L00_R1.fq.gz /media/genomed/DATA_15Tb/16s_3run/RnDD_260801_10_RnDD-16S_n0/202608012056_RA01230801023_5P251211086US292659BX_RnD_16S_260801_RnDD_260801_10_RnDD-16S_n0_L00_R2.fq.gz
Processing paired-end reads on 4 cores ...

=== Summary ===

Total read pairs processed:            319,260
  Read 1 with adapter:                     857 (0.3%)
  Read 2 with adapter:                   9,893 (3.1%)

== Read fate breakdown ==
Pairs that were too short:                  26 (0.0%)
Pairs discarded as untrimmed:          319,069 (99.9%)
Pairs written (passing filters):           165 (0.1%)

Total basepairs processed:   191,556,000 bp
  Read 1:    95,778,000 bp
  Read 2:    95,778,000 bp
Total written (filtered):         84,932 bp (0.0%)
  Read 1:        48,526 bp
  Read 2:        36,406 bp

=== First read: Adapter 1 ===

Sequence: CCTACGGGNGGCWGCAG; Type: regular 5'; Length: 17; Trimmed: 857 times

Minimum overlap: 3
No. of allowed errors:
1-9 bp: 0; 10-16 bp: 1

Overview of removed sequences
length	count	expect	max.err	error counts
3	363	4988.4	0	363
4	42	1247.1	0	42
5	25	311.8	0	25
6	1	77.9	0	1
7	4	19.5	0	4
8	12	4.9	0	12
9	14	1.2	0	14
10	5	0.3	1	5
11	38	0.1	1	3 35
12	2	0.0	1	1 1
13	5	0.0	1	4 1
14	22	0.0	1	20 2
15	16	0.0	1	11 5
16	27	0.0	1	18 9
17	274	0.0	1	128 146
74	5	0.0	1	0 5
160	2	0.0	1	0 2


=== Second read: Adapter 2 ===

Sequence: GGACTACHVGGGTATCTAATCC; Type: regular 5'; Length: 22; Trimmed: 9893 times

Minimum overlap: 3
No. of allowed errors:
1-9 bp: 0; 10-19 bp: 1; 20-22 bp: 2

Overview of removed sequences
length	count	expect	max.err	error counts
3	400	4988.4	0	400
4	148	1247.1	0	148
5	39	311.8	0	39
6	8	77.9	0	8
7	8	19.5	0	8
8	2	4.9	0	2
9	18	1.2	0	18
10	7	0.3	1	4 3
11	17	0.1	1	16 1
12	17	0.0	1	16 1
13	3	0.0	1	3
14	2	0.0	1	2
15	3	0.0	1	3
16	8	0.0	1	8
17	14	0.0	1	13 1
18	2	0.0	1	2
19	22	0.0	1	22
20	54	0.0	2	24 30
21	2775	0.0	2	2726 43 6
22	4	0.0	2	1 3
23	2	0.0	2	2
24	6	0.0	2	4 1 1
25	2	0.0	2	2
26	7	0.0	2	7
28	3	0.0	2	3
29	3	0.0	2	3
30	2	0.0	2	0 2
31	3	0.0	2	0 3
32	1	0.0	2	0 1
33	4	0.0	2	3 1
35	2	0.0	2	2
36	6	0.0	2	4 2
37	2	0.0	2	2
38	3	0.0	2	2 1
39	7	0.0	2	5 2
40	1	0.0	2	1
41	2	0.0	2	1 1
42	4	0.0	2	2 1 1
43	5	0.0	2	4 1
44	3	0.0	2	2 1
45	3	0.0	2	2 1
46	3	0.0	2	3
47	2	0.0	2	1 1
48	5	0.0	2	5
49	6	0.0	2	5 1
50	3	0.0	2	3
51	2	0.0	2	2
52	1	0.0	2	1
54	4	0.0	2	4
55	6	0.0	2	5 1
56	3	0.0	2	3
57	3	0.0	2	3
58	3	0.0	2	2 1
59	1	0.0	2	1
60	3	0.0	2	2 1
61	1	0.0	2	1
62	3	0.0	2	3
63	1	0.0	2	1
64	2	0.0	2	2
65	2	0.0	2	2
66	2	0.0	2	2
67	4	0.0	2	2 2
68	1	0.0	2	1
69	5	0.0	2	4 1
70	4	0.0	2	4
71	1	0.0	2	1
72	1	0.0	2	0 1
73	2	0.0	2	2
75	8	0.0	2	8
76	2	0.0	2	2
77	4	0.0	2	4
78	3	0.0	2	3
79	1	0.0	2	0 1
82	2	0.0	2	1 1
83	1	0.0	2	1
84	2	0.0	2	2
85	3	0.0	2	3
86	1	0.0	2	1
88	2	0.0	2	2
89	1	0.0	2	1
91	6	0.0	2	6
92	4	0.0	2	3 1
93	4	0.0	2	3 1
94	2	0.0	2	2
95	3	0.0	2	3
96	6	0.0	2	5 0 1
97	3	0.0	2	2 1
98	2	0.0	2	2
99	2	0.0	2	1 1
101	2	0.0	2	2
102	7	0.0	2	6 1
103	3	0.0	2	2 1
104	11	0.0	2	11
106	1	0.0	2	1
107	1	0.0	2	1
108	1	0.0	2	1
109	5	0.0	2	4 1
112	2	0.0	2	2
113	2	0.0	2	2
115	1	0.0	2	1
116	1	0.0	2	1
117	1	0.0	2	1
118	4	0.0	2	4
119	9	0.0	2	9
120	3	0.0	2	3
121	32	0.0	2	19 10 3
122	893	0.0	2	774 96 23
123	5078	0.0	2	4547 455 76
124	14	0.0	2	11 2 1
144	1	0.0	2	1
145	1	0.0	2	1
147	2	0.0	2	2
148	1	0.0	2	1
160	1	0.0	2	1
161	2	0.0	2	2
164	1	0.0	2	0 1
169	1	0.0	2	1
172	2	0.0	2	1 1
181	1	0.0	2	1
183	1	0.0	2	1
187	1	0.0	2	1
188	1	0.0	2	1
194	1	0.0	2	0 1
200	1	0.0	2	0 1
209	1	0.0	2	1
213	1	0.0	2	1
214	3	0.0	2	2 0 1
226	1	0.0	2	0 1
228	3	0.0	2	3
231	1	0.0	2	1
233	1	0.0	2	0 1
243	3	0.0	2	1 1 1
246	1	0.0	2	1
248	2	0.0	2	0 2
249	3	0.0	2	1 0 2
253	1	0.0	2	1
263	2	0.0	2	1 1
264	1	0.0	2	1
265	1	0.0	2	0 0 1
266	6	0.0	2	5 1
267	2	0.0	2	1 1
268	2	0.0	2	0 2
272	1	0.0	2	0 0 1
274	1	0.0	2	1
276	1	0.0	2	1
279	1	0.0	2	0 0 1
282	1	0.0	2	0 1
283	1	0.0	2	1
286	2	0.0	2	1 0 1
294	1	0.0	2	0 1
297	2	0.0	2	0 0 2
