This is cutadapt 5.2 with Python 3.13.14
Command line parameters: -g TGCCACGGTGAATACGTTCC -G CCTTGTTACGACTTCACCCCA --discard-untrimmed -e 0.1 --minimum-length 50 -j 4 -o results/region/V9/trimmed/RnDD_260801_7_RnDD-16S_n0_R1.fq.gz -p results/region/V9/trimmed/RnDD_260801_7_RnDD-16S_n0_R2.fq.gz /media/genomed/DATA_15Tb/16s_3run/RnDD_260801_7_RnDD-16S_n0/202608012056_RA01230801023_5P251211086US292659BX_RnD_16S_260801_RnDD_260801_7_RnDD-16S_n0_L00_R1.fq.gz /media/genomed/DATA_15Tb/16s_3run/RnDD_260801_7_RnDD-16S_n0/202608012056_RA01230801023_5P251211086US292659BX_RnD_16S_260801_RnDD_260801_7_RnDD-16S_n0_L00_R2.fq.gz
Processing paired-end reads on 4 cores ...

=== Summary ===

Total read pairs processed:            408,293
  Read 1 with adapter:                  68,691 (16.8%)
  Read 2 with adapter:                  71,856 (17.6%)

== Read fate breakdown ==
Pairs that were too short:                   3 (0.0%)
Pairs discarded as untrimmed:          343,040 (84.0%)
Pairs written (passing filters):        65,250 (16.0%)

Total basepairs processed:   244,975,800 bp
  Read 1:   122,487,900 bp
  Read 2:   122,487,900 bp
Total written (filtered):     36,447,648 bp (14.9%)
  Read 1:    18,237,451 bp
  Read 2:    18,210,197 bp

=== First read: Adapter 1 ===

Sequence: TGCCACGGTGAATACGTTCC; Type: regular 5'; Length: 20; Trimmed: 68691 times

Minimum overlap: 3
No. of allowed errors:
1-9 bp: 0; 10-19 bp: 1; 20 bp: 2

Overview of removed sequences
length	count	expect	max.err	error counts
3	837	6379.6	0	837
4	146	1594.9	0	146
5	55	398.7	0	55
6	1	99.7	0	1
7	1	24.9	0	1
9	11	1.6	0	11
10	5	0.4	1	5
11	5	0.1	1	4 1
12	9	0.0	1	5 4
13	17	0.0	1	10 7
14	33	0.0	1	26 7
15	21	0.0	1	14 7
16	93	0.0	1	55 38
17	111	0.0	1	82 29
18	462	0.0	1	343 119
19	2150	0.0	1	1626 513 11
20	64282	0.0	2	39530 23748 1004
21	100	0.0	2	2 80 18
22	6	0.0	2	5 1
23	6	0.0	2	2 4
24	3	0.0	2	2 1
26	1	0.0	2	0 0 1
27	9	0.0	2	7 2
28	13	0.0	2	4 7 2
29	5	0.0	2	4 1
30	7	0.0	2	2 4 1
31	6	0.0	2	4 2
32	3	0.0	2	2 1
33	1	0.0	2	0 1
34	6	0.0	2	3 3
35	3	0.0	2	0 2 1
37	5	0.0	2	0 3 2
38	3	0.0	2	2 1
40	7	0.0	2	3 3 1
41	4	0.0	2	0 3 1
42	3	0.0	2	3
43	2	0.0	2	0 1 1
45	1	0.0	2	0 0 1
53	1	0.0	2	1
72	3	0.0	2	0 0 3
73	1	0.0	2	0 0 1
100	1	0.0	2	1
106	1	0.0	2	1
107	4	0.0	2	0 1 3
123	1	0.0	2	1
129	1	0.0	2	0 0 1
133	2	0.0	2	0 0 2
135	4	0.0	2	0 1 3
136	1	0.0	2	0 1
137	4	0.0	2	1 2 1
138	1	0.0	2	0 1
139	2	0.0	2	0 1 1
140	7	0.0	2	2 4 1
141	4	0.0	2	1 1 2
142	4	0.0	2	0 1 3
143	3	0.0	2	0 1 2
145	3	0.0	2	0 2 1
146	1	0.0	2	0 0 1
147	1	0.0	2	0 0 1
148	2	0.0	2	0 1 1
150	3	0.0	2	0 0 3
151	6	0.0	2	0 1 5
152	6	0.0	2	0 4 2
153	6	0.0	2	2 4
154	4	0.0	2	0 2 2
155	3	0.0	2	0 1 2
156	2	0.0	2	0 2
157	2	0.0	2	1 0 1
158	7	0.0	2	1 3 3
159	5	0.0	2	0 1 4
160	2	0.0	2	0 1 1
161	9	0.0	2	3 1 5
162	10	0.0	2	3 3 4
163	18	0.0	2	9 8 1
164	4	0.0	2	1 2 1
165	4	0.0	2	0 1 3
166	1	0.0	2	1
168	5	0.0	2	1 2 2
169	2	0.0	2	1 0 1
170	5	0.0	2	0 3 2
172	6	0.0	2	1 3 2
174	1	0.0	2	0 1
176	7	0.0	2	1 4 2
177	3	0.0	2	1 1 1
178	1	0.0	2	1
179	1	0.0	2	0 1
180	1	0.0	2	0 0 1
181	1	0.0	2	0 0 1
183	1	0.0	2	0 0 1
186	1	0.0	2	1
187	1	0.0	2	0 0 1
188	2	0.0	2	1 0 1
193	2	0.0	2	0 1 1
194	2	0.0	2	0 1 1
196	1	0.0	2	0 0 1
198	2	0.0	2	0 0 2
202	1	0.0	2	0 1
203	1	0.0	2	0 0 1
204	1	0.0	2	0 0 1
208	1	0.0	2	0 0 1
209	1	0.0	2	0 0 1
210	3	0.0	2	0 0 3
211	1	0.0	2	0 1
215	1	0.0	2	0 1
216	1	0.0	2	1
217	3	0.0	2	1 2
218	1	0.0	2	0 0 1
219	3	0.0	2	0 1 2
220	1	0.0	2	1
221	3	0.0	2	2 1
222	3	0.0	2	0 1 2
223	1	0.0	2	0 0 1
224	4	0.0	2	0 2 2
226	4	0.0	2	0 3 1
227	7	0.0	2	4 1 2
228	5	0.0	2	0 4 1
229	1	0.0	2	0 1
230	1	0.0	2	0 0 1
231	1	0.0	2	1
233	2	0.0	2	0 0 2
234	2	0.0	2	0 2
235	1	0.0	2	0 0 1
237	3	0.0	2	1 1 1
238	3	0.0	2	1 1 1
240	3	0.0	2	0 1 2
241	1	0.0	2	0 1
243	1	0.0	2	0 0 1
247	2	0.0	2	0 0 2
250	1	0.0	2	0 0 1
264	1	0.0	2	0 0 1


=== Second read: Adapter 2 ===

Sequence: CCTTGTTACGACTTCACCCCA; Type: regular 5'; Length: 21; Trimmed: 71856 times

Minimum overlap: 3
No. of allowed errors:
1-9 bp: 0; 10-19 bp: 1; 20-21 bp: 2

Overview of removed sequences
length	count	expect	max.err	error counts
3	2317	6379.6	0	2317
4	168	1594.9	0	168
5	169	398.7	0	169
6	12	99.7	0	12
7	7	24.9	0	7
8	4	6.2	0	4
9	2	1.6	0	2
10	9	0.4	1	9
11	8	0.1	1	8
12	6	0.0	1	6
13	9	0.0	1	9
14	29	0.0	1	26 3
15	60	0.0	1	60
16	32	0.0	1	29 3
17	46	0.0	1	43 3
18	97	0.0	1	84 12 1
19	188	0.0	1	102 56 30
20	1869	0.0	2	480 1375 14
21	66684	0.0	2	65619 973 92
22	76	0.0	2	17 58 1
23	1	0.0	2	1
25	5	0.0	2	5
26	2	0.0	2	2
29	2	0.0	2	2
30	5	0.0	2	3 2
31	30	0.0	2	29 1
34	2	0.0	2	2
36	1	0.0	2	1
37	1	0.0	2	1
44	2	0.0	2	1 1
75	1	0.0	2	1
80	1	0.0	2	1
103	1	0.0	2	1
122	1	0.0	2	1
137	1	0.0	2	1
152	1	0.0	2	1
179	1	0.0	2	0 1
182	1	0.0	2	1
211	1	0.0	2	0 1
220	1	0.0	2	1
223	1	0.0	2	1
277	1	0.0	2	0 0 1
290	1	0.0	2	1
