This is cutadapt 5.2 with Python 3.13.14
Command line parameters: -g TGCCACGGTGAATACGTTCC -G CCTTGTTACGACTTCACCCCA --discard-untrimmed -e 0.1 --minimum-length 50 -j 4 -o results/region/V9/trimmed/RnDD_260801_48_RnDD-16S_n0_R1.fq.gz -p results/region/V9/trimmed/RnDD_260801_48_RnDD-16S_n0_R2.fq.gz /media/genomed/DATA_15Tb/16s_3run/RnDD_260801_48_RnDD-16S_n0/202608012056_RA01230801023_5P251211086US292659BX_RnD_16S_260801_RnDD_260801_48_RnDD-16S_n0_L00_R1.fq.gz /media/genomed/DATA_15Tb/16s_3run/RnDD_260801_48_RnDD-16S_n0/202608012056_RA01230801023_5P251211086US292659BX_RnD_16S_260801_RnDD_260801_48_RnDD-16S_n0_L00_R2.fq.gz
Processing paired-end reads on 4 cores ...

=== Summary ===

Total read pairs processed:                114
  Read 1 with adapter:                      25 (21.9%)
  Read 2 with adapter:                      33 (28.9%)

== Read fate breakdown ==
Pairs that were too short:                   0 (0.0%)
Pairs discarded as untrimmed:               90 (78.9%)
Pairs written (passing filters):            24 (21.1%)

Total basepairs processed:        68,400 bp
  Read 1:        34,200 bp
  Read 2:        34,200 bp
Total written (filtered):         13,392 bp (19.6%)
  Read 1:         6,696 bp
  Read 2:         6,696 bp

=== First read: Adapter 1 ===

Sequence: TGCCACGGTGAATACGTTCC; Type: regular 5'; Length: 20; Trimmed: 25 times

Minimum overlap: 3
No. of allowed errors:
1-9 bp: 0; 10-19 bp: 1; 20 bp: 2

Overview of removed sequences
length	count	expect	max.err	error counts
19	1	0.0	1	0 1
20	22	0.0	2	9 12 1
23	1	0.0	2	0 1
41	1	0.0	2	1


=== Second read: Adapter 2 ===

Sequence: CCTTGTTACGACTTCACCCCA; Type: regular 5'; Length: 21; Trimmed: 33 times

Minimum overlap: 3
No. of allowed errors:
1-9 bp: 0; 10-19 bp: 1; 20-21 bp: 2

Overview of removed sequences
length	count	expect	max.err	error counts
3	2	1.8	0	2
4	1	0.4	0	1
21	30	0.0	2	30
