This is cutadapt 5.2 with Python 3.13.14
Command line parameters: -g TGCCACGGTGAATACGTTCC -G CCTTGTTACGACTTCACCCCA --discard-untrimmed -e 0.1 --minimum-length 50 -j 4 -o results/region/V9/trimmed/RnDD_260801_15_RnDD-16S_n0_R1.fq.gz -p results/region/V9/trimmed/RnDD_260801_15_RnDD-16S_n0_R2.fq.gz /media/genomed/DATA_15Tb/16s_3run/RnDD_260801_15_RnDD-16S_n0/202608012056_RA01230801023_5P251211086US292659BX_RnD_16S_260801_RnDD_260801_15_RnDD-16S_n0_L00_R1.fq.gz /media/genomed/DATA_15Tb/16s_3run/RnDD_260801_15_RnDD-16S_n0/202608012056_RA01230801023_5P251211086US292659BX_RnD_16S_260801_RnDD_260801_15_RnDD-16S_n0_L00_R2.fq.gz
Processing paired-end reads on 4 cores ...

=== Summary ===

Total read pairs processed:            981,816
  Read 1 with adapter:                 228,687 (23.3%)
  Read 2 with adapter:                 222,973 (22.7%)

== Read fate breakdown ==
Pairs that were too short:                 121 (0.0%)
Pairs discarded as untrimmed:          762,746 (77.7%)
Pairs written (passing filters):       218,949 (22.3%)

Total basepairs processed:   589,089,600 bp
  Read 1:   294,544,800 bp
  Read 2:   294,544,800 bp
Total written (filtered):    122,413,783 bp (20.8%)
  Read 1:    61,314,041 bp
  Read 2:    61,099,742 bp

=== First read: Adapter 1 ===

Sequence: TGCCACGGTGAATACGTTCC; Type: regular 5'; Length: 20; Trimmed: 228687 times

Minimum overlap: 3
No. of allowed errors:
1-9 bp: 0; 10-19 bp: 1; 20 bp: 2

Overview of removed sequences
length	count	expect	max.err	error counts
3	2550	15340.9	0	2550
4	130	3835.2	0	130
5	11	958.8	0	11
6	11	239.7	0	11
7	15	59.9	0	15
8	17	15.0	0	17
9	16	3.7	0	16
10	10	0.9	1	9 1
11	26	0.2	1	18 8
12	10	0.1	1	5 5
13	31	0.0	1	21 10
14	44	0.0	1	37 7
15	63	0.0	1	42 21
16	47	0.0	1	34 13
17	96	0.0	1	66 30
18	230	0.0	1	164 58 8
19	6374	0.0	1	4465 1849 60
20	218628	0.0	2	138535 74807 5286
21	324	0.0	2	3 260 61
22	5	0.0	2	3 0 2
24	5	0.0	2	5
25	6	0.0	2	5 1
28	3	0.0	2	1 1 1
30	10	0.0	2	6 3 1
31	2	0.0	2	1 0 1
32	11	0.0	2	6 2 3
38	1	0.0	2	1
43	1	0.0	2	0 1
45	1	0.0	2	0 1
64	1	0.0	2	1
98	1	0.0	2	0 1
119	1	0.0	2	0 0 1
125	1	0.0	2	0 1
132	1	0.0	2	1
143	1	0.0	2	0 0 1
146	1	0.0	2	0 1
149	1	0.0	2	0 0 1
194	1	0.0	2	0 0 1


=== Second read: Adapter 2 ===

Sequence: CCTTGTTACGACTTCACCCCA; Type: regular 5'; Length: 21; Trimmed: 222973 times

Minimum overlap: 3
No. of allowed errors:
1-9 bp: 0; 10-19 bp: 1; 20-21 bp: 2

Overview of removed sequences
length	count	expect	max.err	error counts
3	1317	15340.9	0	1317
4	43	3835.2	0	43
5	40	958.8	0	40
6	2	239.7	0	2
7	6	59.9	0	6
8	3	15.0	0	3
10	8	0.9	1	8
11	5	0.2	1	5
12	11	0.1	1	11
13	29	0.0	1	27 2
14	47	0.0	1	46 1
15	46	0.0	1	45 1
16	87	0.0	1	83 4
17	125	0.0	1	115 10
18	197	0.0	1	171 25 1
19	382	0.0	1	162 116 104
20	5339	0.0	2	1281 3984 74
21	214848	0.0	2	210427 3910 511
22	204	0.0	2	31 168 5
23	17	0.0	2	17
25	14	0.0	2	13 1
26	1	0.0	2	1
28	1	0.0	2	1
29	1	0.0	2	1
30	4	0.0	2	3 1
31	34	0.0	2	34
33	2	0.0	2	2
34	6	0.0	2	6
35	1	0.0	2	1
36	1	0.0	2	1
37	4	0.0	2	4
38	1	0.0	2	1
40	1	0.0	2	1
73	1	0.0	2	1
88	1	0.0	2	1
132	1	0.0	2	0 1
133	1	0.0	2	1
136	1	0.0	2	1
152	1	0.0	2	0 1
155	1	0.0	2	1
164	1	0.0	2	1
169	1	0.0	2	1
175	1	0.0	2	1
198	1	0.0	2	1
203	1	0.0	2	1
204	1	0.0	2	0 1
205	1	0.0	2	0 0 1
208	1	0.0	2	0 1
215	2	0.0	2	0 0 2
218	1	0.0	2	0 1
232	1	0.0	2	1
234	1	0.0	2	1
240	3	0.0	2	1 2
245	1	0.0	2	1
250	1	0.0	2	1
252	1	0.0	2	0 1
270	1	0.0	2	1
280	1	0.0	2	1
281	1	0.0	2	1
287	4	0.0	2	2 2
288	4	0.0	2	2 1 1
289	3	0.0	2	0 3
290	9	0.0	2	2 3 4
291	95	0.0	2	47 32 16
292	1	0.0	2	0 0 1
293	1	0.0	2	0 1
