This is cutadapt 5.2 with Python 3.13.14
Command line parameters: -g TGCCACGGTGAATACGTTCC -G CCTTGTTACGACTTCACCCCA --discard-untrimmed -e 0.1 --minimum-length 50 -j 4 -o results/region/V9/trimmed/RnDD_260801_14_RnDD-16S_n0_R1.fq.gz -p results/region/V9/trimmed/RnDD_260801_14_RnDD-16S_n0_R2.fq.gz /media/genomed/DATA_15Tb/16s_3run/RnDD_260801_14_RnDD-16S_n0/202608012056_RA01230801023_5P251211086US292659BX_RnD_16S_260801_RnDD_260801_14_RnDD-16S_n0_L00_R1.fq.gz /media/genomed/DATA_15Tb/16s_3run/RnDD_260801_14_RnDD-16S_n0/202608012056_RA01230801023_5P251211086US292659BX_RnD_16S_260801_RnDD_260801_14_RnDD-16S_n0_L00_R2.fq.gz
Processing paired-end reads on 4 cores ...

=== Summary ===

Total read pairs processed:              1,473
  Read 1 with adapter:                     313 (21.2%)
  Read 2 with adapter:                     311 (21.1%)

== Read fate breakdown ==
Pairs that were too short:                   0 (0.0%)
Pairs discarded as untrimmed:            1,170 (79.4%)
Pairs written (passing filters):           303 (20.6%)

Total basepairs processed:       883,800 bp
  Read 1:       441,900 bp
  Read 2:       441,900 bp
Total written (filtered):        169,398 bp (19.2%)
  Read 1:        84,850 bp
  Read 2:        84,548 bp

=== First read: Adapter 1 ===

Sequence: TGCCACGGTGAATACGTTCC; Type: regular 5'; Length: 20; Trimmed: 313 times

Minimum overlap: 3
No. of allowed errors:
1-9 bp: 0; 10-19 bp: 1; 20 bp: 2

Overview of removed sequences
length	count	expect	max.err	error counts
3	2	23.0	0	2
18	1	0.0	1	1
19	8	0.0	1	3 5
20	302	0.0	2	172 117 13


=== Second read: Adapter 2 ===

Sequence: CCTTGTTACGACTTCACCCCA; Type: regular 5'; Length: 21; Trimmed: 311 times

Minimum overlap: 3
No. of allowed errors:
1-9 bp: 0; 10-19 bp: 1; 20-21 bp: 2

Overview of removed sequences
length	count	expect	max.err	error counts
3	2	23.0	0	2
19	3	0.0	1	0 1 2
20	5	0.0	2	0 5
21	301	0.0	2	291 7 3
