This is cutadapt 5.2 with Python 3.13.14
Command line parameters: -g TGCCACGGTGAATACGTTCC -G CCTTGTTACGACTTCACCCCA --discard-untrimmed -e 0.1 --minimum-length 50 -j 4 -o results/region/V9/trimmed/RnDD_260801_38_RnDD-16S_n0_R1.fq.gz -p results/region/V9/trimmed/RnDD_260801_38_RnDD-16S_n0_R2.fq.gz /media/genomed/DATA_15Tb/16s_3run/RnDD_260801_38_RnDD-16S_n0/202608012056_RA01230801023_5P251211086US292659BX_RnD_16S_260801_RnDD_260801_38_RnDD-16S_n0_L00_R1.fq.gz /media/genomed/DATA_15Tb/16s_3run/RnDD_260801_38_RnDD-16S_n0/202608012056_RA01230801023_5P251211086US292659BX_RnD_16S_260801_RnDD_260801_38_RnDD-16S_n0_L00_R2.fq.gz
Processing paired-end reads on 4 cores ...

=== Summary ===

Total read pairs processed:                271
  Read 1 with adapter:                      77 (28.4%)
  Read 2 with adapter:                      78 (28.8%)

== Read fate breakdown ==
Pairs that were too short:                   0 (0.0%)
Pairs discarded as untrimmed:              194 (71.6%)
Pairs written (passing filters):            77 (28.4%)

Total basepairs processed:       162,600 bp
  Read 1:        81,300 bp
  Read 2:        81,300 bp
Total written (filtered):         43,047 bp (26.5%)
  Read 1:        21,561 bp
  Read 2:        21,486 bp

=== First read: Adapter 1 ===

Sequence: TGCCACGGTGAATACGTTCC; Type: regular 5'; Length: 20; Trimmed: 77 times

Minimum overlap: 3
No. of allowed errors:
1-9 bp: 0; 10-19 bp: 1; 20 bp: 2

Overview of removed sequences
length	count	expect	max.err	error counts
19	1	0.0	1	0 1
20	76	0.0	2	54 22


=== Second read: Adapter 2 ===

Sequence: CCTTGTTACGACTTCACCCCA; Type: regular 5'; Length: 21; Trimmed: 78 times

Minimum overlap: 3
No. of allowed errors:
1-9 bp: 0; 10-19 bp: 1; 20-21 bp: 2

Overview of removed sequences
length	count	expect	max.err	error counts
20	3	0.0	2	2 1
21	75	0.0	2	73 2
