This is cutadapt 5.2 with Python 3.13.14
Command line parameters: -g TGCCACGGTGAATACGTTCC -G CCTTGTTACGACTTCACCCCA --discard-untrimmed -e 0.1 --minimum-length 50 -j 4 -o results/region/V9/trimmed/RnDD_260801_8_RnDD-16S_n0_R1.fq.gz -p results/region/V9/trimmed/RnDD_260801_8_RnDD-16S_n0_R2.fq.gz /media/genomed/DATA_15Tb/16s_3run/RnDD_260801_8_RnDD-16S_n0/202608012056_RA01230801023_5P251211086US292659BX_RnD_16S_260801_RnDD_260801_8_RnDD-16S_n0_L00_R1.fq.gz /media/genomed/DATA_15Tb/16s_3run/RnDD_260801_8_RnDD-16S_n0/202608012056_RA01230801023_5P251211086US292659BX_RnD_16S_260801_RnDD_260801_8_RnDD-16S_n0_L00_R2.fq.gz
Processing paired-end reads on 4 cores ...

=== Summary ===

Total read pairs processed:            400,566
  Read 1 with adapter:                  67,098 (16.8%)
  Read 2 with adapter:                  70,252 (17.5%)

== Read fate breakdown ==
Pairs that were too short:                   2 (0.0%)
Pairs discarded as untrimmed:          337,076 (84.1%)
Pairs written (passing filters):        63,488 (15.8%)

Total basepairs processed:   240,339,600 bp
  Read 1:   120,169,800 bp
  Read 2:   120,169,800 bp
Total written (filtered):     35,469,263 bp (14.8%)
  Read 1:    17,748,223 bp
  Read 2:    17,721,040 bp

=== First read: Adapter 1 ===

Sequence: TGCCACGGTGAATACGTTCC; Type: regular 5'; Length: 20; Trimmed: 67098 times

Minimum overlap: 3
No. of allowed errors:
1-9 bp: 0; 10-19 bp: 1; 20 bp: 2

Overview of removed sequences
length	count	expect	max.err	error counts
3	852	6258.8	0	852
4	177	1564.7	0	177
5	52	391.2	0	52
6	2	97.8	0	2
7	3	24.4	0	3
9	22	1.5	0	22
10	4	0.4	1	4
11	1	0.1	1	1
12	6	0.0	1	2 4
13	17	0.0	1	9 8
14	37	0.0	1	31 6
15	22	0.0	1	12 10
16	69	0.0	1	46 23
17	109	0.0	1	80 29
18	482	0.0	1	358 124
19	2236	0.0	1	1696 531 9
20	62614	0.0	2	38333 23305 976
21	81	0.0	2	3 67 11
22	4	0.0	2	4
23	1	0.0	2	0 1
24	6	0.0	2	2 4
25	1	0.0	2	1
27	4	0.0	2	3 1
28	12	0.0	2	2 8 2
29	4	0.0	2	2 2
30	5	0.0	2	3 2
31	2	0.0	2	1 1
32	4	0.0	2	2 2
33	1	0.0	2	0 1
34	7	0.0	2	5 2
35	1	0.0	2	0 1
36	1	0.0	2	1
37	4	0.0	2	2 2
38	3	0.0	2	1 2
39	1	0.0	2	0 1
40	7	0.0	2	2 3 2
41	6	0.0	2	4 2
42	1	0.0	2	0 1
43	2	0.0	2	2
44	1	0.0	2	1
73	1	0.0	2	0 0 1
107	8	0.0	2	0 3 5
123	1	0.0	2	0 0 1
129	1	0.0	2	0 0 1
133	1	0.0	2	0 1
134	1	0.0	2	0 0 1
135	2	0.0	2	0 2
136	1	0.0	2	0 0 1
137	2	0.0	2	1 1
138	3	0.0	2	0 0 3
139	5	0.0	2	1 2 2
140	4	0.0	2	1 2 1
141	6	0.0	2	2 2 2
142	3	0.0	2	0 1 2
143	2	0.0	2	0 0 2
144	5	0.0	2	2 1 2
145	4	0.0	2	0 1 3
148	4	0.0	2	0 2 2
150	2	0.0	2	0 0 2
151	6	0.0	2	1 1 4
152	4	0.0	2	0 2 2
153	1	0.0	2	0 0 1
155	2	0.0	2	0 0 2
156	4	0.0	2	1 0 3
157	1	0.0	2	1
158	4	0.0	2	0 2 2
159	7	0.0	2	1 1 5
160	4	0.0	2	0 1 3
161	9	0.0	2	0 8 1
162	8	0.0	2	1 5 2
163	24	0.0	2	9 10 5
164	1	0.0	2	0 0 1
165	2	0.0	2	0 2
166	1	0.0	2	0 1
168	2	0.0	2	1 1
169	1	0.0	2	1
170	3	0.0	2	1 1 1
171	1	0.0	2	0 1
172	3	0.0	2	0 2 1
174	1	0.0	2	1
176	4	0.0	2	1 1 2
177	7	0.0	2	0 3 4
178	1	0.0	2	0 1
180	2	0.0	2	0 0 2
183	1	0.0	2	0 1
186	2	0.0	2	0 1 1
188	2	0.0	2	1 0 1
193	4	0.0	2	0 2 2
195	2	0.0	2	0 0 2
196	2	0.0	2	0 0 2
202	1	0.0	2	0 1
204	2	0.0	2	0 1 1
206	1	0.0	2	0 0 1
209	1	0.0	2	0 0 1
210	2	0.0	2	1 1
213	1	0.0	2	0 0 1
214	1	0.0	2	0 0 1
217	2	0.0	2	1 0 1
218	1	0.0	2	0 0 1
219	2	0.0	2	0 1 1
220	3	0.0	2	0 0 3
221	2	0.0	2	0 0 2
224	6	0.0	2	1 2 3
225	1	0.0	2	0 0 1
226	3	0.0	2	0 1 2
227	3	0.0	2	2 0 1
228	8	0.0	2	1 2 5
229	1	0.0	2	0 0 1
230	1	0.0	2	0 0 1
231	1	0.0	2	0 0 1
232	1	0.0	2	0 1
234	2	0.0	2	0 1 1
235	3	0.0	2	0 2 1
238	5	0.0	2	3 0 2
240	2	0.0	2	0 2
241	2	0.0	2	0 1 1
245	1	0.0	2	0 0 1
246	3	0.0	2	0 0 3


=== Second read: Adapter 2 ===

Sequence: CCTTGTTACGACTTCACCCCA; Type: regular 5'; Length: 21; Trimmed: 70252 times

Minimum overlap: 3
No. of allowed errors:
1-9 bp: 0; 10-19 bp: 1; 20-21 bp: 2

Overview of removed sequences
length	count	expect	max.err	error counts
3	2508	6258.8	0	2508
4	193	1564.7	0	193
5	165	391.2	0	165
6	9	97.8	0	9
7	10	24.4	0	10
8	6	6.1	0	6
9	2	1.5	0	2
10	13	0.4	1	13
11	7	0.1	1	6 1
12	8	0.0	1	8
13	13	0.0	1	13
14	29	0.0	1	29
15	55	0.0	1	54 1
16	27	0.0	1	23 4
17	58	0.0	1	56 2
18	88	0.0	1	80 7 1
19	172	0.0	1	92 37 43
20	1745	0.0	2	424 1306 15
21	65001	0.0	2	64048 875 78
22	86	0.0	2	18 67 1
23	5	0.0	2	4 1
25	7	0.0	2	7
29	2	0.0	2	0 1 1
30	4	0.0	2	0 4
31	22	0.0	2	22
32	1	0.0	2	1
33	1	0.0	2	1
34	2	0.0	2	2
35	1	0.0	2	1
36	1	0.0	2	1
45	1	0.0	2	1
62	1	0.0	2	1
92	1	0.0	2	1
97	1	0.0	2	0 1
102	1	0.0	2	1
130	1	0.0	2	1
182	2	0.0	2	2
241	1	0.0	2	1
270	1	0.0	2	0 1
291	1	0.0	2	0 1
