This is cutadapt 5.2 with Python 3.13.14
Command line parameters: -g TGCCACGGTGAATACGTTCC -G CCTTGTTACGACTTCACCCCA --discard-untrimmed -e 0.1 --minimum-length 50 -j 4 -o results/region/V9/trimmed/RnDD_260801_22_RnDD-16S_n0_R1.fq.gz -p results/region/V9/trimmed/RnDD_260801_22_RnDD-16S_n0_R2.fq.gz /media/genomed/DATA_15Tb/16s_3run/RnDD_260801_22_RnDD-16S_n0/202608012056_RA01230801023_5P251211086US292659BX_RnD_16S_260801_RnDD_260801_22_RnDD-16S_n0_L00_R1.fq.gz /media/genomed/DATA_15Tb/16s_3run/RnDD_260801_22_RnDD-16S_n0/202608012056_RA01230801023_5P251211086US292659BX_RnD_16S_260801_RnDD_260801_22_RnDD-16S_n0_L00_R2.fq.gz
Processing paired-end reads on 4 cores ...

=== Summary ===

Total read pairs processed:            732,515
  Read 1 with adapter:                 152,538 (20.8%)
  Read 2 with adapter:                 148,770 (20.3%)

== Read fate breakdown ==
Pairs that were too short:                  51 (0.0%)
Pairs discarded as untrimmed:          586,420 (80.1%)
Pairs written (passing filters):       146,044 (19.9%)

Total basepairs processed:   439,509,000 bp
  Read 1:   219,754,500 bp
  Read 2:   219,754,500 bp
Total written (filtered):     81,648,020 bp (18.6%)
  Read 1:    40,897,277 bp
  Read 2:    40,750,743 bp

=== First read: Adapter 1 ===

Sequence: TGCCACGGTGAATACGTTCC; Type: regular 5'; Length: 20; Trimmed: 152538 times

Minimum overlap: 3
No. of allowed errors:
1-9 bp: 0; 10-19 bp: 1; 20 bp: 2

Overview of removed sequences
length	count	expect	max.err	error counts
3	2011	11445.5	0	2011
4	102	2861.4	0	102
5	15	715.3	0	15
6	13	178.8	0	13
7	11	44.7	0	11
8	9	11.2	0	9
9	19	2.8	0	19
10	9	0.7	1	8 1
11	19	0.2	1	10 9
12	4	0.0	1	4
13	26	0.0	1	17 9
14	38	0.0	1	34 4
15	38	0.0	1	31 7
16	36	0.0	1	28 8
17	59	0.0	1	42 17
18	157	0.0	1	111 43 3
19	4092	0.0	1	2942 1104 46
20	145596	0.0	2	92053 50185 3358
21	250	0.0	2	4 203 43
22	2	0.0	2	2
24	4	0.0	2	3 1
25	1	0.0	2	0 0 1
28	2	0.0	2	0 2
29	1	0.0	2	0 1
30	5	0.0	2	2 3
32	7	0.0	2	3 3 1
36	1	0.0	2	1
96	1	0.0	2	0 1
107	2	0.0	2	0 1 1
120	1	0.0	2	1
122	1	0.0	2	0 1
125	1	0.0	2	0 1
134	1	0.0	2	0 1
136	1	0.0	2	1
171	1	0.0	2	0 0 1
196	1	0.0	2	0 0 1
239	1	0.0	2	0 1


=== Second read: Adapter 2 ===

Sequence: CCTTGTTACGACTTCACCCCA; Type: regular 5'; Length: 21; Trimmed: 148770 times

Minimum overlap: 3
No. of allowed errors:
1-9 bp: 0; 10-19 bp: 1; 20-21 bp: 2

Overview of removed sequences
length	count	expect	max.err	error counts
3	860	11445.5	0	860
4	50	2861.4	0	50
5	36	715.3	0	36
6	2	178.8	0	2
7	3	44.7	0	3
8	2	11.2	0	2
10	2	0.7	1	2
11	1	0.2	1	1
12	2	0.0	1	2
13	9	0.0	1	8 1
14	14	0.0	1	13 1
15	13	0.0	1	11 2
16	30	0.0	1	28 2
17	31	0.0	1	26 5
18	127	0.0	1	120 7
19	173	0.0	1	73 53 47
20	3195	0.0	2	534 2603 58
21	143919	0.0	2	141100 2494 325
22	130	0.0	2	32 94 4
23	9	0.0	2	9
24	1	0.0	2	1
25	12	0.0	2	11 1
26	4	0.0	2	4
27	1	0.0	2	1
28	1	0.0	2	1
30	10	0.0	2	5 5
31	33	0.0	2	32 1
32	2	0.0	2	2
33	2	0.0	2	2
34	7	0.0	2	7
35	1	0.0	2	1
36	1	0.0	2	1
37	3	0.0	2	3
38	1	0.0	2	0 1
40	1	0.0	2	1
42	1	0.0	2	1
47	1	0.0	2	1
48	1	0.0	2	1
77	1	0.0	2	1
99	1	0.0	2	1
107	1	0.0	2	0 1
108	1	0.0	2	1
153	1	0.0	2	1
168	1	0.0	2	1
169	1	0.0	2	1
178	1	0.0	2	1
184	1	0.0	2	1
189	3	0.0	2	2 0 1
190	1	0.0	2	1
210	1	0.0	2	1
219	1	0.0	2	1
220	1	0.0	2	1
223	1	0.0	2	0 1
228	2	0.0	2	0 1 1
231	1	0.0	2	0 0 1
235	1	0.0	2	0 1
236	1	0.0	2	1
240	1	0.0	2	1
242	1	0.0	2	1
243	2	0.0	2	1 1
246	2	0.0	2	2
253	1	0.0	2	1
254	1	0.0	2	0 1
259	1	0.0	2	1
261	1	0.0	2	1
262	1	0.0	2	1
264	1	0.0	2	1
266	1	0.0	2	0 1
276	1	0.0	2	1
278	1	0.0	2	0 0 1
279	1	0.0	2	1
280	2	0.0	2	2
281	1	0.0	2	0 1
286	1	0.0	2	0 0 1
289	2	0.0	2	0 1 1
290	3	0.0	2	1 2
291	32	0.0	2	15 14 3
