This is cutadapt 5.2 with Python 3.13.14
Command line parameters: -g TGCCACGGTGAATACGTTCC -G CCTTGTTACGACTTCACCCCA --discard-untrimmed -e 0.1 --minimum-length 50 -j 4 -o results/region/V9/trimmed/RnDD_260801_9_RnDD-16S_n0_R1.fq.gz -p results/region/V9/trimmed/RnDD_260801_9_RnDD-16S_n0_R2.fq.gz /media/genomed/DATA_15Tb/16s_3run/RnDD_260801_9_RnDD-16S_n0/202608012056_RA01230801023_5P251211086US292659BX_RnD_16S_260801_RnDD_260801_9_RnDD-16S_n0_L00_R1.fq.gz /media/genomed/DATA_15Tb/16s_3run/RnDD_260801_9_RnDD-16S_n0/202608012056_RA01230801023_5P251211086US292659BX_RnD_16S_260801_RnDD_260801_9_RnDD-16S_n0_L00_R2.fq.gz
Processing paired-end reads on 4 cores ...

=== Summary ===

Total read pairs processed:            321,845
  Read 1 with adapter:                  62,087 (19.3%)
  Read 2 with adapter:                  69,846 (21.7%)

== Read fate breakdown ==
Pairs that were too short:                   3 (0.0%)
Pairs discarded as untrimmed:          262,483 (81.6%)
Pairs written (passing filters):        59,359 (18.4%)

Total basepairs processed:   193,107,000 bp
  Read 1:    96,553,500 bp
  Read 2:    96,553,500 bp
Total written (filtered):     33,125,663 bp (17.2%)
  Read 1:    16,557,163 bp
  Read 2:    16,568,500 bp

=== First read: Adapter 1 ===

Sequence: TGCCACGGTGAATACGTTCC; Type: regular 5'; Length: 20; Trimmed: 62087 times

Minimum overlap: 3
No. of allowed errors:
1-9 bp: 0; 10-19 bp: 1; 20 bp: 2

Overview of removed sequences
length	count	expect	max.err	error counts
3	965	5028.8	0	965
4	136	1257.2	0	136
5	63	314.3	0	63
6	5	78.6	0	5
7	3	19.6	0	3
8	3	4.9	0	3
9	40	1.2	0	40
10	17	0.3	1	16 1
11	11	0.1	1	9 2
12	19	0.0	1	12 7
13	34	0.0	1	22 12
14	83	0.0	1	63 20
15	34	0.0	1	21 13
16	291	0.0	1	173 118
17	204	0.0	1	163 41
18	527	0.0	1	393 133 1
19	1616	0.0	1	1197 407 12
20	57342	0.0	2	35186 21207 949
21	89	0.0	2	3 73 13
22	1	0.0	2	1
23	6	0.0	2	2 3 1
24	11	0.0	2	2 5 4
27	9	0.0	2	5 4
28	21	0.0	2	3 16 2
29	6	0.0	2	2 1 3
30	8	0.0	2	3 4 1
31	3	0.0	2	2 1
33	2	0.0	2	1 0 1
34	18	0.0	2	6 8 4
35	4	0.0	2	0 4
36	2	0.0	2	1 1
37	7	0.0	2	3 4
38	4	0.0	2	1 2 1
40	6	0.0	2	1 5
41	4	0.0	2	0 3 1
42	3	0.0	2	3
43	1	0.0	2	0 0 1
44	4	0.0	2	1 2 1
51	1	0.0	2	0 0 1
53	1	0.0	2	1
87	4	0.0	2	0 1 3
107	9	0.0	2	0 1 8
115	1	0.0	2	0 1
119	4	0.0	2	0 0 4
123	1	0.0	2	0 0 1
124	3	0.0	2	0 2 1
127	1	0.0	2	0 0 1
128	1	0.0	2	0 0 1
132	4	0.0	2	1 2 1
133	5	0.0	2	0 2 3
135	4	0.0	2	1 2 1
136	2	0.0	2	0 0 2
137	7	0.0	2	1 5 1
138	5	0.0	2	3 0 2
139	8	0.0	2	1 2 5
140	9	0.0	2	3 3 3
141	3	0.0	2	0 2 1
142	1	0.0	2	0 0 1
143	5	0.0	2	0 2 3
144	6	0.0	2	2 3 1
145	5	0.0	2	0 2 3
146	2	0.0	2	0 1 1
147	6	0.0	2	1 2 3
148	2	0.0	2	0 0 2
149	3	0.0	2	0 2 1
150	3	0.0	2	1 1 1
151	9	0.0	2	2 2 5
152	10	0.0	2	0 3 7
153	10	0.0	2	3 1 6
154	6	0.0	2	0 1 5
155	2	0.0	2	0 0 2
156	6	0.0	2	1 1 4
157	3	0.0	2	0 1 2
158	3	0.0	2	0 2 1
159	6	0.0	2	2 0 4
160	6	0.0	2	1 2 3
161	17	0.0	2	0 10 7
162	16	0.0	2	7 5 4
163	50	0.0	2	26 17 7
164	14	0.0	2	2 8 4
165	4	0.0	2	0 2 2
166	6	0.0	2	2 3 1
167	1	0.0	2	0 0 1
168	9	0.0	2	2 3 4
169	3	0.0	2	2 1
170	4	0.0	2	2 2
171	4	0.0	2	0 2 2
172	3	0.0	2	0 2 1
173	2	0.0	2	1 1
174	3	0.0	2	0 3
176	4	0.0	2	0 1 3
177	11	0.0	2	1 6 4
178	1	0.0	2	0 1
179	3	0.0	2	1 1 1
180	3	0.0	2	0 1 2
183	3	0.0	2	0 0 3
184	2	0.0	2	0 2
186	5	0.0	2	1 2 2
187	3	0.0	2	0 2 1
188	2	0.0	2	0 0 2
189	1	0.0	2	0 0 1
192	1	0.0	2	0 0 1
193	3	0.0	2	0 1 2
194	1	0.0	2	0 0 1
196	1	0.0	2	0 0 1
198	1	0.0	2	0 0 1
199	4	0.0	2	0 0 4
200	2	0.0	2	0 0 2
201	1	0.0	2	0 1
202	1	0.0	2	0 1
205	1	0.0	2	0 1
207	1	0.0	2	0 0 1
209	2	0.0	2	0 0 2
210	4	0.0	2	1 0 3
211	1	0.0	2	0 0 1
212	1	0.0	2	0 1
213	1	0.0	2	0 0 1
214	3	0.0	2	0 1 2
215	2	0.0	2	0 0 2
216	2	0.0	2	0 1 1
217	6	0.0	2	1 3 2
218	7	0.0	2	1 3 3
219	2	0.0	2	0 2
220	9	0.0	2	1 4 4
221	6	0.0	2	0 0 6
222	2	0.0	2	1 0 1
223	1	0.0	2	0 0 1
224	8	0.0	2	0 3 5
225	2	0.0	2	0 0 2
226	4	0.0	2	0 0 4
227	12	0.0	2	1 6 5
228	10	0.0	2	2 4 4
229	3	0.0	2	0 1 2
231	1	0.0	2	0 1
233	7	0.0	2	0 6 1
234	4	0.0	2	1 3
235	2	0.0	2	1 0 1
236	2	0.0	2	0 0 2
238	5	0.0	2	0 0 5
239	3	0.0	2	1 0 2
240	7	0.0	2	1 3 3
241	1	0.0	2	0 1
242	1	0.0	2	0 0 1
245	1	0.0	2	0 1
246	1	0.0	2	0 0 1
247	1	0.0	2	0 1
250	2	0.0	2	0 0 2
254	1	0.0	2	0 0 1


=== Second read: Adapter 2 ===

Sequence: CCTTGTTACGACTTCACCCCA; Type: regular 5'; Length: 21; Trimmed: 69846 times

Minimum overlap: 3
No. of allowed errors:
1-9 bp: 0; 10-19 bp: 1; 20-21 bp: 2

Overview of removed sequences
length	count	expect	max.err	error counts
3	2193	5028.8	0	2193
4	122	1257.2	0	122
5	151	314.3	0	151
6	4	78.6	0	4
7	12	19.6	0	12
8	4	4.9	0	4
9	4	1.2	0	4
10	3	0.3	1	3
11	4	0.1	1	4
12	5	0.0	1	5
13	2	0.0	1	2
14	18	0.0	1	17 1
15	18	0.0	1	18
16	13	0.0	1	11 2
17	30	0.0	1	30
18	78	0.0	1	74 4
19	133	0.0	1	66 40 27
20	1675	0.0	2	402 1253 20
21	65239	0.0	2	64287 867 85
22	69	0.0	2	10 59
23	8	0.0	2	8
24	1	0.0	2	1
25	2	0.0	2	2
27	1	0.0	2	1
30	8	0.0	2	1 6 1
31	30	0.0	2	30
32	2	0.0	2	2
34	4	0.0	2	4
35	1	0.0	2	1
36	1	0.0	2	1
40	1	0.0	2	0 1
45	1	0.0	2	1
98	1	0.0	2	1
121	1	0.0	2	1
178	1	0.0	2	1
182	1	0.0	2	1
184	1	0.0	2	0 1
186	1	0.0	2	0 1
208	1	0.0	2	0 1
291	2	0.0	2	1 1
