This is cutadapt 5.2 with Python 3.13.14
Command line parameters: -g TGCCACGGTGAATACGTTCC -G CCTTGTTACGACTTCACCCCA --discard-untrimmed -e 0.1 --minimum-length 50 -j 4 -o results/region/V9/trimmed/RnDD_260801_3_RnDD-16S_n0_R1.fq.gz -p results/region/V9/trimmed/RnDD_260801_3_RnDD-16S_n0_R2.fq.gz /media/genomed/DATA_15Tb/16s_3run/RnDD_260801_3_RnDD-16S_n0/202608012056_RA01230801023_5P251211086US292659BX_RnD_16S_260801_RnDD_260801_3_RnDD-16S_n0_L00_R1.fq.gz /media/genomed/DATA_15Tb/16s_3run/RnDD_260801_3_RnDD-16S_n0/202608012056_RA01230801023_5P251211086US292659BX_RnD_16S_260801_RnDD_260801_3_RnDD-16S_n0_L00_R2.fq.gz
Processing paired-end reads on 4 cores ...

=== Summary ===

Total read pairs processed:            420,884
  Read 1 with adapter:                  98,428 (23.4%)
  Read 2 with adapter:                 102,663 (24.4%)

== Read fate breakdown ==
Pairs that were too short:                   4 (0.0%)
Pairs discarded as untrimmed:          328,665 (78.1%)
Pairs written (passing filters):        92,215 (21.9%)

Total basepairs processed:   252,530,400 bp
  Read 1:   126,265,200 bp
  Read 2:   126,265,200 bp
Total written (filtered):     51,520,619 bp (20.4%)
  Read 1:    25,780,887 bp
  Read 2:    25,739,732 bp

=== First read: Adapter 1 ===

Sequence: TGCCACGGTGAATACGTTCC; Type: regular 5'; Length: 20; Trimmed: 98428 times

Minimum overlap: 3
No. of allowed errors:
1-9 bp: 0; 10-19 bp: 1; 20 bp: 2

Overview of removed sequences
length	count	expect	max.err	error counts
3	1156	6576.3	0	1156
4	215	1644.1	0	215
5	92	411.0	0	92
6	1	102.8	0	1
7	2	25.7	0	2
8	7	6.4	0	7
9	19	1.6	0	19
10	9	0.4	1	9
11	13	0.1	1	10 3
12	12	0.0	1	6 6
13	42	0.0	1	25 17
14	53	0.0	1	41 12
15	29	0.0	1	16 13
16	117	0.0	1	66 51
17	211	0.0	1	170 41
18	790	0.0	1	581 208 1
19	3954	0.0	1	3029 915 10
20	91094	0.0	2	55492 34233 1369
21	145	0.0	2	4 107 34
22	6	0.0	2	2 4
23	3	0.0	2	0 3
24	7	0.0	2	0 7
25	1	0.0	2	0 1
27	7	0.0	2	4 1 2
28	16	0.0	2	5 10 1
29	6	0.0	2	2 3 1
30	7	0.0	2	1 2 4
31	7	0.0	2	6 1
32	6	0.0	2	4 2
33	1	0.0	2	1
34	13	0.0	2	8 4 1
35	5	0.0	2	1 4
36	2	0.0	2	1 1
37	3	0.0	2	2 0 1
38	2	0.0	2	1 1
40	6	0.0	2	2 4
41	9	0.0	2	4 3 2
42	4	0.0	2	3 1
43	2	0.0	2	0 2
44	4	0.0	2	2 2
45	1	0.0	2	0 0 1
49	1	0.0	2	0 1
57	1	0.0	2	0 0 1
63	1	0.0	2	0 0 1
72	2	0.0	2	0 1 1
85	1	0.0	2	1
87	1	0.0	2	0 0 1
106	1	0.0	2	0 1
107	8	0.0	2	0 0 8
115	2	0.0	2	0 1 1
118	1	0.0	2	1
120	1	0.0	2	0 0 1
123	2	0.0	2	0 1 1
124	2	0.0	2	0 1 1
132	1	0.0	2	0 0 1
133	3	0.0	2	0 0 3
135	3	0.0	2	0 0 3
136	3	0.0	2	0 0 3
138	1	0.0	2	0 0 1
139	8	0.0	2	1 5 2
140	6	0.0	2	0 4 2
141	7	0.0	2	1 1 5
142	4	0.0	2	2 0 2
143	9	0.0	2	1 3 5
144	2	0.0	2	0 1 1
145	5	0.0	2	0 2 3
146	3	0.0	2	0 2 1
147	5	0.0	2	1 1 3
149	2	0.0	2	0 0 2
150	1	0.0	2	0 0 1
151	6	0.0	2	0 5 1
152	6	0.0	2	1 1 4
153	5	0.0	2	1 3 1
154	5	0.0	2	1 1 3
155	1	0.0	2	0 0 1
156	1	0.0	2	1
157	2	0.0	2	0 0 2
158	3	0.0	2	0 1 2
159	15	0.0	2	1 2 12
160	1	0.0	2	0 0 1
161	11	0.0	2	2 8 1
162	11	0.0	2	5 4 2
163	26	0.0	2	10 8 8
164	14	0.0	2	2 6 6
166	5	0.0	2	2 2 1
168	4	0.0	2	0 3 1
169	4	0.0	2	0 3 1
170	4	0.0	2	1 2 1
171	2	0.0	2	0 0 2
172	5	0.0	2	2 1 2
174	3	0.0	2	0 1 2
176	14	0.0	2	1 7 6
177	10	0.0	2	2 3 5
178	1	0.0	2	0 0 1
179	1	0.0	2	0 0 1
180	1	0.0	2	0 1
181	2	0.0	2	2
183	3	0.0	2	1 2
184	2	0.0	2	0 1 1
186	1	0.0	2	0 0 1
187	2	0.0	2	0 1 1
189	2	0.0	2	0 0 2
190	1	0.0	2	0 0 1
191	2	0.0	2	0 1 1
192	1	0.0	2	0 1
193	3	0.0	2	1 1 1
198	1	0.0	2	0 0 1
209	4	0.0	2	1 1 2
210	1	0.0	2	0 1
211	1	0.0	2	0 1
213	1	0.0	2	0 0 1
214	1	0.0	2	0 0 1
216	1	0.0	2	0 1
217	2	0.0	2	0 1 1
218	1	0.0	2	0 0 1
219	4	0.0	2	0 1 3
220	4	0.0	2	0 2 2
221	6	0.0	2	0 1 5
222	2	0.0	2	0 1 1
224	5	0.0	2	1 1 3
225	2	0.0	2	0 1 1
226	5	0.0	2	1 1 3
227	3	0.0	2	0 1 2
228	5	0.0	2	3 1 1
229	2	0.0	2	0 0 2
230	1	0.0	2	0 0 1
233	1	0.0	2	0 1
234	2	0.0	2	0 0 2
235	4	0.0	2	1 1 2
237	1	0.0	2	0 0 1
238	5	0.0	2	2 1 2
239	6	0.0	2	0 2 4
240	4	0.0	2	0 1 3
241	3	0.0	2	2 0 1
244	1	0.0	2	0 0 1
245	1	0.0	2	0 0 1
247	1	0.0	2	0 0 1
289	1	0.0	2	0 0 1


=== Second read: Adapter 2 ===

Sequence: CCTTGTTACGACTTCACCCCA; Type: regular 5'; Length: 21; Trimmed: 102663 times

Minimum overlap: 3
No. of allowed errors:
1-9 bp: 0; 10-19 bp: 1; 20-21 bp: 2

Overview of removed sequences
length	count	expect	max.err	error counts
3	3638	6576.3	0	3638
4	282	1644.1	0	282
5	215	411.0	0	215
6	41	102.8	0	41
7	36	25.7	0	36
8	19	6.4	0	19
9	12	1.6	0	12
10	20	0.4	1	19 1
11	9	0.1	1	9
12	35	0.0	1	34 1
13	34	0.0	1	31 3
14	100	0.0	1	93 7
15	153	0.0	1	151 2
16	48	0.0	1	41 7
17	91	0.0	1	86 5
18	132	0.0	1	118 14
19	285	0.0	1	132 90 63
20	2927	0.0	2	708 2181 38
21	94370	0.0	2	92891 1373 106
22	116	0.0	2	18 94 4
23	4	0.0	2	4
25	3	0.0	2	3
26	1	0.0	2	0 1
29	3	0.0	2	1 2
30	3	0.0	2	1 2
31	44	0.0	2	42 2
32	1	0.0	2	0 1
33	1	0.0	2	0 1
34	4	0.0	2	4
36	1	0.0	2	0 1
37	1	0.0	2	1
43	1	0.0	2	0 0 1
44	1	0.0	2	0 1
45	2	0.0	2	2
52	1	0.0	2	1
90	1	0.0	2	1
97	1	0.0	2	1
99	1	0.0	2	1
113	1	0.0	2	1
127	1	0.0	2	0 1
132	1	0.0	2	1
139	1	0.0	2	0 1
145	2	0.0	2	1 1
146	1	0.0	2	1
151	1	0.0	2	1
152	1	0.0	2	1
164	1	0.0	2	1
172	1	0.0	2	1
175	1	0.0	2	1
188	1	0.0	2	0 0 1
192	1	0.0	2	1
197	1	0.0	2	0 1
214	1	0.0	2	1
215	1	0.0	2	1
217	1	0.0	2	1
223	2	0.0	2	2
245	1	0.0	2	1
248	1	0.0	2	1
250	1	0.0	2	1
289	1	0.0	2	1
291	2	0.0	2	0 2
