This is cutadapt 5.2 with Python 3.13.14
Command line parameters: -g TGCCACGGTGAATACGTTCC -G CCTTGTTACGACTTCACCCCA --discard-untrimmed -e 0.1 --minimum-length 50 -j 4 -o results/region/V9/trimmed/RnDD_260801_19_RnDD-16S_n0_R1.fq.gz -p results/region/V9/trimmed/RnDD_260801_19_RnDD-16S_n0_R2.fq.gz /media/genomed/DATA_15Tb/16s_3run/RnDD_260801_19_RnDD-16S_n0/202608012056_RA01230801023_5P251211086US292659BX_RnD_16S_260801_RnDD_260801_19_RnDD-16S_n0_L00_R1.fq.gz /media/genomed/DATA_15Tb/16s_3run/RnDD_260801_19_RnDD-16S_n0/202608012056_RA01230801023_5P251211086US292659BX_RnD_16S_260801_RnDD_260801_19_RnDD-16S_n0_L00_R2.fq.gz
Processing paired-end reads on 4 cores ...

=== Summary ===

Total read pairs processed:            518,869
  Read 1 with adapter:                  99,397 (19.2%)
  Read 2 with adapter:                  98,049 (18.9%)

== Read fate breakdown ==
Pairs that were too short:                  29 (0.0%)
Pairs discarded as untrimmed:          423,711 (81.7%)
Pairs written (passing filters):        95,129 (18.3%)

Total basepairs processed:   311,321,400 bp
  Read 1:   155,660,700 bp
  Read 2:   155,660,700 bp
Total written (filtered):     53,188,793 bp (17.1%)
  Read 1:    26,640,569 bp
  Read 2:    26,548,224 bp

=== First read: Adapter 1 ===

Sequence: TGCCACGGTGAATACGTTCC; Type: regular 5'; Length: 20; Trimmed: 99397 times

Minimum overlap: 3
No. of allowed errors:
1-9 bp: 0; 10-19 bp: 1; 20 bp: 2

Overview of removed sequences
length	count	expect	max.err	error counts
3	1441	8107.3	0	1441
4	162	2026.8	0	162
5	10	506.7	0	10
6	6	126.7	0	6
7	4	31.7	0	4
8	8	7.9	0	8
9	18	2.0	0	18
10	6	0.5	1	5 1
11	8	0.1	1	5 3
12	7	0.0	1	7
13	25	0.0	1	14 11
14	42	0.0	1	35 7
15	27	0.0	1	18 9
16	34	0.0	1	25 9
17	58	0.0	1	42 16
18	224	0.0	1	174 50
19	2555	0.0	1	1849 683 23
20	94589	0.0	2	59318 33075 2196
21	157	0.0	2	4 121 32
22	2	0.0	2	1 0 1
24	3	0.0	2	2 1
30	3	0.0	2	2 1
32	2	0.0	2	0 1 1
33	1	0.0	2	0 1
107	3	0.0	2	0 1 2
129	1	0.0	2	0 0 1
134	1	0.0	2	0 1


=== Second read: Adapter 2 ===

Sequence: CCTTGTTACGACTTCACCCCA; Type: regular 5'; Length: 21; Trimmed: 98049 times

Minimum overlap: 3
No. of allowed errors:
1-9 bp: 0; 10-19 bp: 1; 20-21 bp: 2

Overview of removed sequences
length	count	expect	max.err	error counts
3	945	8107.3	0	945
4	40	2026.8	0	40
5	32	506.7	0	32
6	2	126.7	0	2
7	9	31.7	0	9
8	9	7.9	0	9
9	4	2.0	0	4
10	10	0.5	1	10
11	6	0.1	1	5 1
12	8	0.0	1	8
13	16	0.0	1	16
14	30	0.0	1	26 4
15	48	0.0	1	44 4
16	48	0.0	1	41 7
17	46	0.0	1	43 3
18	107	0.0	1	99 8
19	220	0.0	1	87 68 65
20	2739	0.0	2	574 2127 38
21	93552	0.0	2	91688 1676 188
22	97	0.0	2	19 77 1
23	7	0.0	2	7
25	3	0.0	2	3
28	1	0.0	2	1
29	2	0.0	2	1 0 1
30	3	0.0	2	1 2
31	16	0.0	2	15 1
32	1	0.0	2	1
34	4	0.0	2	4
37	1	0.0	2	1
43	1	0.0	2	1
73	1	0.0	2	1
93	1	0.0	2	1
107	1	0.0	2	1
109	1	0.0	2	1
115	1	0.0	2	1
158	1	0.0	2	1
177	1	0.0	2	0 0 1
185	1	0.0	2	0 1
192	1	0.0	2	1
198	1	0.0	2	1
226	1	0.0	2	0 1
247	1	0.0	2	1
248	1	0.0	2	0 1
251	1	0.0	2	0 1
280	1	0.0	2	1
281	1	0.0	2	0 1
288	1	0.0	2	0 1
289	1	0.0	2	1
290	1	0.0	2	0 1
291	23	0.0	2	8 12 3
