This is cutadapt 5.2 with Python 3.13.14
Command line parameters: -g TGCCACGGTGAATACGTTCC -G CCTTGTTACGACTTCACCCCA --discard-untrimmed -e 0.1 --minimum-length 50 -j 4 -o results/region/V9/trimmed/RnDD_260801_16_RnDD-16S_n0_R1.fq.gz -p results/region/V9/trimmed/RnDD_260801_16_RnDD-16S_n0_R2.fq.gz /media/genomed/DATA_15Tb/16s_3run/RnDD_260801_16_RnDD-16S_n0/202608012056_RA01230801023_5P251211086US292659BX_RnD_16S_260801_RnDD_260801_16_RnDD-16S_n0_L00_R1.fq.gz /media/genomed/DATA_15Tb/16s_3run/RnDD_260801_16_RnDD-16S_n0/202608012056_RA01230801023_5P251211086US292659BX_RnD_16S_260801_RnDD_260801_16_RnDD-16S_n0_L00_R2.fq.gz
Processing paired-end reads on 4 cores ...

=== Summary ===

Total read pairs processed:            948,553
  Read 1 with adapter:                 218,806 (23.1%)
  Read 2 with adapter:                 213,070 (22.5%)

== Read fate breakdown ==
Pairs that were too short:                 125 (0.0%)
Pairs discarded as untrimmed:          738,719 (77.9%)
Pairs written (passing filters):       209,709 (22.1%)

Total basepairs processed:   569,131,800 bp
  Read 1:   284,565,900 bp
  Read 2:   284,565,900 bp
Total written (filtered):    117,243,989 bp (20.6%)
  Read 1:    58,723,966 bp
  Read 2:    58,520,023 bp

=== First read: Adapter 1 ===

Sequence: TGCCACGGTGAATACGTTCC; Type: regular 5'; Length: 20; Trimmed: 218806 times

Minimum overlap: 3
No. of allowed errors:
1-9 bp: 0; 10-19 bp: 1; 20 bp: 2

Overview of removed sequences
length	count	expect	max.err	error counts
3	2325	14821.1	0	2325
4	128	3705.3	0	128
5	5	926.3	0	5
6	9	231.6	0	9
7	5	57.9	0	5
8	14	14.5	0	14
9	20	3.6	0	20
10	2	0.9	1	1 1
11	18	0.2	1	13 5
12	10	0.1	1	8 2
13	22	0.0	1	16 6
14	43	0.0	1	29 14
15	64	0.0	1	43 21
16	40	0.0	1	33 7
17	83	0.0	1	55 28
18	195	0.0	1	135 55 5
19	5499	0.0	1	3934 1501 64
20	209947	0.0	2	132908 72040 4999
21	328	0.0	2	6 249 73
22	5	0.0	2	4 1
24	6	0.0	2	5 1
25	2	0.0	2	1 1
28	1	0.0	2	0 1
30	4	0.0	2	2 2
31	1	0.0	2	1
32	5	0.0	2	1 2 2
39	1	0.0	2	0 1
48	1	0.0	2	1
51	1	0.0	2	0 0 1
52	1	0.0	2	0 1
105	2	0.0	2	0 1 1
107	2	0.0	2	0 0 2
109	1	0.0	2	0 0 1
125	1	0.0	2	0 1
136	2	0.0	2	1 1
137	1	0.0	2	0 0 1
138	1	0.0	2	1
146	1	0.0	2	1
159	1	0.0	2	0 0 1
169	1	0.0	2	0 1
190	1	0.0	2	0 0 1
192	1	0.0	2	1
213	1	0.0	2	0 0 1
238	2	0.0	2	0 1 1
290	3	0.0	2	0 3


=== Second read: Adapter 2 ===

Sequence: CCTTGTTACGACTTCACCCCA; Type: regular 5'; Length: 21; Trimmed: 213070 times

Minimum overlap: 3
No. of allowed errors:
1-9 bp: 0; 10-19 bp: 1; 20-21 bp: 2

Overview of removed sequences
length	count	expect	max.err	error counts
3	1392	14821.1	0	1392
4	53	3705.3	0	53
5	59	926.3	0	59
6	4	231.6	0	4
7	4	57.9	0	4
8	3	14.5	0	3
10	4	0.9	1	4
11	2	0.2	1	2
12	11	0.1	1	11
13	32	0.0	1	30 2
14	50	0.0	1	46 4
15	41	0.0	1	38 3
16	61	0.0	1	56 5
17	123	0.0	1	114 9
18	198	0.0	1	177 19 2
19	371	0.0	1	167 124 80
20	5035	0.0	2	1194 3764 77
21	205201	0.0	2	201236 3477 488
22	183	0.0	2	39 142 2
23	4	0.0	2	3 0 1
25	8	0.0	2	8
26	3	0.0	2	3
28	1	0.0	2	0 1
29	1	0.0	2	1
30	6	0.0	2	3 3
31	43	0.0	2	41 2
32	1	0.0	2	1
33	1	0.0	2	1
34	6	0.0	2	6
36	1	0.0	2	0 0 1
37	1	0.0	2	1
38	1	0.0	2	0 1
44	1	0.0	2	1
47	1	0.0	2	1
78	1	0.0	2	0 1
98	1	0.0	2	1
108	1	0.0	2	1
129	1	0.0	2	1
138	1	0.0	2	1
144	1	0.0	2	1
148	2	0.0	2	2
150	1	0.0	2	0 0 1
155	1	0.0	2	1
158	1	0.0	2	1
167	1	0.0	2	1
172	1	0.0	2	1
174	1	0.0	2	0 1
176	2	0.0	2	1 1
177	1	0.0	2	1
180	1	0.0	2	1
184	1	0.0	2	1
186	1	0.0	2	1
194	1	0.0	2	1
195	1	0.0	2	1
197	1	0.0	2	1
198	1	0.0	2	0 1
199	1	0.0	2	0 1
200	1	0.0	2	0 1
203	1	0.0	2	1
216	1	0.0	2	0 1
221	1	0.0	2	0 1
228	1	0.0	2	0 1
234	3	0.0	2	1 2
236	1	0.0	2	0 0 1
237	1	0.0	2	1
240	1	0.0	2	1
243	1	0.0	2	1
244	1	0.0	2	1
246	3	0.0	2	1 1 1
250	1	0.0	2	1
259	1	0.0	2	0 1
263	1	0.0	2	0 1
265	1	0.0	2	0 0 1
269	1	0.0	2	1
270	1	0.0	2	0 1
274	1	0.0	2	0 1
279	1	0.0	2	0 0 1
280	1	0.0	2	0 1
281	2	0.0	2	2
287	2	0.0	2	2
289	4	0.0	2	0 1 3
290	17	0.0	2	7 5 5
291	84	0.0	2	37 25 22
292	4	0.0	2	1 3
298	1	0.0	2	0 1
