This is cutadapt 5.2 with Python 3.13.14
Command line parameters: -g TGCCACGGTGAATACGTTCC -G CCTTGTTACGACTTCACCCCA --discard-untrimmed -e 0.1 --minimum-length 50 -j 4 -o results/region/V9/trimmed/RnDD_260801_13_RnDD-16S_n0_R1.fq.gz -p results/region/V9/trimmed/RnDD_260801_13_RnDD-16S_n0_R2.fq.gz /media/genomed/DATA_15Tb/16s_3run/RnDD_260801_13_RnDD-16S_n0/202608012056_RA01230801023_5P251211086US292659BX_RnD_16S_260801_RnDD_260801_13_RnDD-16S_n0_L00_R1.fq.gz /media/genomed/DATA_15Tb/16s_3run/RnDD_260801_13_RnDD-16S_n0/202608012056_RA01230801023_5P251211086US292659BX_RnD_16S_260801_RnDD_260801_13_RnDD-16S_n0_L00_R2.fq.gz
Processing paired-end reads on 4 cores ...

=== Summary ===

Total read pairs processed:              2,369
  Read 1 with adapter:                     499 (21.1%)
  Read 2 with adapter:                     489 (20.6%)

== Read fate breakdown ==
Pairs that were too short:                   1 (0.0%)
Pairs discarded as untrimmed:            1,898 (80.1%)
Pairs written (passing filters):           470 (19.8%)

Total basepairs processed:     1,421,400 bp
  Read 1:       710,700 bp
  Read 2:       710,700 bp
Total written (filtered):        262,799 bp (18.5%)
  Read 1:       131,619 bp
  Read 2:       131,180 bp

=== First read: Adapter 1 ===

Sequence: TGCCACGGTGAATACGTTCC; Type: regular 5'; Length: 20; Trimmed: 499 times

Minimum overlap: 3
No. of allowed errors:
1-9 bp: 0; 10-19 bp: 1; 20 bp: 2

Overview of removed sequences
length	count	expect	max.err	error counts
3	7	37.0	0	7
4	1	9.3	0	1
14	1	0.0	1	1
18	2	0.0	1	1 1
19	12	0.0	1	6 6
20	473	0.0	2	306 160 7
21	2	0.0	2	0 1 1
107	1	0.0	2	0 0 1


=== Second read: Adapter 2 ===

Sequence: CCTTGTTACGACTTCACCCCA; Type: regular 5'; Length: 21; Trimmed: 489 times

Minimum overlap: 3
No. of allowed errors:
1-9 bp: 0; 10-19 bp: 1; 20-21 bp: 2

Overview of removed sequences
length	count	expect	max.err	error counts
3	6	37.0	0	6
19	1	0.0	1	0 1
20	12	0.0	2	4 8
21	469	0.0	2	461 8
290	1	0.0	2	0 0 1
