This is cutadapt 5.2 with Python 3.13.14
Command line parameters: -g TGCCACGGTGAATACGTTCC -G CCTTGTTACGACTTCACCCCA --discard-untrimmed -e 0.1 --minimum-length 50 -j 4 -o results/region/V9/trimmed/RnDD_260713_3_RnDD-16S_n0_R1.fq.gz -p results/region/V9/trimmed/RnDD_260713_3_RnDD-16S_n0_R2.fq.gz data/raw/RnDD_260713_3_RnDD-16S_n0/202607132008_RA01230801023_5P260413092US292662D3_RnD_SRSLY_16S_NPO_260713_RnDD_260713_3_RnDD-16S_n0_L00_R1.fq.gz data/raw/RnDD_260713_3_RnDD-16S_n0/202607132008_RA01230801023_5P260413092US292662D3_RnD_SRSLY_16S_NPO_260713_RnDD_260713_3_RnDD-16S_n0_L00_R2.fq.gz
Processing paired-end reads on 4 cores ...

=== Summary ===

Total read pairs processed:            169,673
  Read 1 with adapter:                  30,655 (18.1%)
  Read 2 with adapter:                  32,706 (19.3%)

== Read fate breakdown ==
Pairs that were too short:                 137 (0.1%)
Pairs discarded as untrimmed:          139,538 (82.2%)
Pairs written (passing filters):        29,998 (17.7%)

Total basepairs processed:    50,901,900 bp
  Read 1:    25,450,950 bp
  Read 2:    25,450,950 bp
Total written (filtered):      7,771,596 bp (15.3%)
  Read 1:     3,898,994 bp
  Read 2:     3,872,602 bp

=== First read: Adapter 1 ===

Sequence: TGCCACGGTGAATACGTTCC; Type: regular 5'; Length: 20; Trimmed: 30655 times

Minimum overlap: 3
No. of allowed errors:
1-9 bp: 0; 10-19 bp: 1; 20 bp: 2

Overview of removed sequences
length	count	expect	max.err	error counts
3	260	2651.1	0	260
4	72	662.8	0	72
5	38	165.7	0	38
6	15	41.4	0	15
7	7	10.4	0	7
8	9	2.6	0	9
9	15	0.6	0	15
10	9	0.2	1	9
11	13	0.0	1	13
12	3	0.0	1	3
13	31	0.0	1	31
14	31	0.0	1	31
15	15	0.0	1	15
16	35	0.0	1	35
17	91	0.0	1	86 5
18	327	0.0	1	315 11 1
19	1434	0.0	1	1349 84 1
20	27943	0.0	2	27227 664 52
21	38	0.0	2	6 30 2
23	2	0.0	2	2
24	1	0.0	2	1
27	4	0.0	2	4
28	5	0.0	2	4 1
29	3	0.0	2	3
30	3	0.0	2	3
31	1	0.0	2	0 1
32	3	0.0	2	3
34	1	0.0	2	1
35	1	0.0	2	1
36	3	0.0	2	3
37	1	0.0	2	1
38	1	0.0	2	1
39	1	0.0	2	0 0 1
40	3	0.0	2	3
41	6	0.0	2	6
42	2	0.0	2	2
43	2	0.0	2	2
44	1	0.0	2	1
46	1	0.0	2	1
49	3	0.0	2	2 1
50	4	0.0	2	4
51	2	0.0	2	2
52	1	0.0	2	1
56	3	0.0	2	3
57	9	0.0	2	9
58	1	0.0	2	1
60	2	0.0	2	2
61	3	0.0	2	3
65	2	0.0	2	2
70	2	0.0	2	2
72	4	0.0	2	4
73	1	0.0	2	1
74	2	0.0	2	2
78	1	0.0	2	1
79	5	0.0	2	5
80	3	0.0	2	3
82	3	0.0	2	3
83	1	0.0	2	1
84	3	0.0	2	3
85	4	0.0	2	4
86	1	0.0	2	1
87	1	0.0	2	1
91	1	0.0	2	1
94	1	0.0	2	1
95	2	0.0	2	2
96	1	0.0	2	1
98	4	0.0	2	3 1
100	17	0.0	2	17
102	5	0.0	2	5
103	1	0.0	2	1
104	4	0.0	2	3 1
105	9	0.0	2	9
106	1	0.0	2	0 0 1
107	42	0.0	2	3 38 1
109	1	0.0	2	1
111	4	0.0	2	4
112	1	0.0	2	1
113	5	0.0	2	5
114	4	0.0	2	4
116	1	0.0	2	1
117	2	0.0	2	2
118	1	0.0	2	1
119	6	0.0	2	6
121	1	0.0	2	1
122	2	0.0	2	2
123	3	0.0	2	3
124	2	0.0	2	2
128	1	0.0	2	1
129	1	0.0	2	1
130	1	0.0	2	1
131	1	0.0	2	1
133	3	0.0	2	3
135	1	0.0	2	1
137	1	0.0	2	1
138	4	0.0	2	3 1
139	4	0.0	2	2 2
140	5	0.0	2	5
141	4	0.0	2	3 1
142	2	0.0	2	2
143	2	0.0	2	2
144	1	0.0	2	0 1
145	3	0.0	2	2 0 1
146	1	0.0	2	1
147	1	0.0	2	1
150	6	0.0	2	2 3 1


=== Second read: Adapter 2 ===

Sequence: CCTTGTTACGACTTCACCCCA; Type: regular 5'; Length: 21; Trimmed: 32706 times

Minimum overlap: 3
No. of allowed errors:
1-9 bp: 0; 10-19 bp: 1; 20-21 bp: 2

Overview of removed sequences
length	count	expect	max.err	error counts
3	1052	2651.1	0	1052
4	106	662.8	0	106
5	112	165.7	0	112
6	12	41.4	0	12
7	13	10.4	0	13
8	6	2.6	0	6
9	2	0.6	0	2
10	8	0.2	1	7 1
11	4	0.0	1	4
12	1	0.0	1	1
13	9	0.0	1	8 1
14	23	0.0	1	23
15	63	0.0	1	63
16	24	0.0	1	21 3
17	31	0.0	1	30 1
18	49	0.0	1	44 5
19	91	0.0	1	47 21 23
20	879	0.0	2	194 662 23
21	30164	0.0	2	29425 675 64
22	33	0.0	2	4 26 3
23	2	0.0	2	2
25	2	0.0	2	1 1
27	1	0.0	2	1
28	1	0.0	2	1
29	1	0.0	2	1
30	1	0.0	2	0 1
31	11	0.0	2	9 1 1
32	1	0.0	2	0 1
34	1	0.0	2	1
36	1	0.0	2	1
44	1	0.0	2	0 1
72	1	0.0	2	1
