This is cutadapt 5.2 with Python 3.13.14
Command line parameters: -g TGCCACGGTGAATACGTTCC -G CCTTGTTACGACTTCACCCCA --discard-untrimmed -e 0.1 --minimum-length 50 -j 4 -o results/region/V9/trimmed/RnDD_260801_27_RnDD-16S_n0_R1.fq.gz -p results/region/V9/trimmed/RnDD_260801_27_RnDD-16S_n0_R2.fq.gz /media/genomed/DATA_15Tb/16s_3run/RnDD_260801_27_RnDD-16S_n0/202608012056_RA01230801023_5P251211086US292659BX_RnD_16S_260801_RnDD_260801_27_RnDD-16S_n0_L00_R1.fq.gz /media/genomed/DATA_15Tb/16s_3run/RnDD_260801_27_RnDD-16S_n0/202608012056_RA01230801023_5P251211086US292659BX_RnD_16S_260801_RnDD_260801_27_RnDD-16S_n0_L00_R2.fq.gz
Processing paired-end reads on 4 cores ...

=== Summary ===

Total read pairs processed:            451,931
  Read 1 with adapter:                 103,609 (22.9%)
  Read 2 with adapter:                 103,246 (22.8%)

== Read fate breakdown ==
Pairs that were too short:                   2 (0.0%)
Pairs discarded as untrimmed:          352,462 (78.0%)
Pairs written (passing filters):        99,467 (22.0%)

Total basepairs processed:   271,158,600 bp
  Read 1:   135,579,300 bp
  Read 2:   135,579,300 bp
Total written (filtered):     55,611,315 bp (20.5%)
  Read 1:    27,844,361 bp
  Read 2:    27,766,954 bp

=== First read: Adapter 1 ===

Sequence: TGCCACGGTGAATACGTTCC; Type: regular 5'; Length: 20; Trimmed: 103609 times

Minimum overlap: 3
No. of allowed errors:
1-9 bp: 0; 10-19 bp: 1; 20 bp: 2

Overview of removed sequences
length	count	expect	max.err	error counts
3	1234	7061.4	0	1234
4	79	1765.4	0	79
5	31	441.3	0	31
6	1	110.3	0	1
8	2	6.9	0	2
9	9	1.7	0	9
10	3	0.4	1	3
11	9	0.1	1	7 2
12	3	0.0	1	2 1
13	26	0.0	1	14 12
14	31	0.0	1	24 7
15	26	0.0	1	15 11
16	75	0.0	1	50 25
17	372	0.0	1	288 84
18	953	0.0	1	709 238 6
19	2188	0.0	1	1574 589 25
20	98264	0.0	2	60162 36525 1577
21	151	0.0	2	3 111 37
22	6	0.0	2	3 2 1
23	2	0.0	2	2
24	4	0.0	2	2 2
25	1	0.0	2	1
27	5	0.0	2	2 3
28	8	0.0	2	4 3 1
29	1	0.0	2	1
30	3	0.0	2	3
32	3	0.0	2	1 2
33	1	0.0	2	1
34	1	0.0	2	1
35	3	0.0	2	1 1 1
36	3	0.0	2	2 1
37	1	0.0	2	0 0 1
38	1	0.0	2	1
40	2	0.0	2	1 1
41	2	0.0	2	1 0 1
42	2	0.0	2	0 2
43	1	0.0	2	1
44	1	0.0	2	1
49	2	0.0	2	1 0 1
52	1	0.0	2	0 1
64	1	0.0	2	0 1
97	1	0.0	2	0 0 1
106	1	0.0	2	0 0 1
107	11	0.0	2	0 4 7
114	1	0.0	2	0 1
137	1	0.0	2	0 0 1
139	1	0.0	2	0 1
140	3	0.0	2	1 0 2
141	2	0.0	2	0 1 1
142	1	0.0	2	0 0 1
143	4	0.0	2	0 1 3
144	1	0.0	2	0 1
145	1	0.0	2	0 0 1
147	1	0.0	2	0 0 1
148	1	0.0	2	1
150	1	0.0	2	0 1
152	2	0.0	2	0 1 1
153	1	0.0	2	0 0 1
154	1	0.0	2	0 1
155	1	0.0	2	0 0 1
157	1	0.0	2	0 0 1
159	1	0.0	2	0 1
161	4	0.0	2	1 1 2
162	2	0.0	2	0 2
163	10	0.0	2	6 4
164	1	0.0	2	0 1
165	3	0.0	2	1 2
166	3	0.0	2	0 1 2
167	1	0.0	2	1
169	1	0.0	2	1
170	3	0.0	2	0 1 2
176	1	0.0	2	1
177	1	0.0	2	1
183	1	0.0	2	0 1
186	1	0.0	2	0 1
187	1	0.0	2	0 0 1
190	2	0.0	2	0 0 2
191	1	0.0	2	0 0 1
193	1	0.0	2	1
206	1	0.0	2	0 1
209	1	0.0	2	0 0 1
220	2	0.0	2	0 1 1
221	2	0.0	2	0 1 1
224	1	0.0	2	1
225	1	0.0	2	0 0 1
227	3	0.0	2	0 2 1
228	2	0.0	2	1 1
236	1	0.0	2	0 0 1
238	1	0.0	2	0 1
239	2	0.0	2	0 1 1
240	1	0.0	2	0 1
241	3	0.0	2	0 2 1
252	1	0.0	2	0 0 1


=== Second read: Adapter 2 ===

Sequence: CCTTGTTACGACTTCACCCCA; Type: regular 5'; Length: 21; Trimmed: 103246 times

Minimum overlap: 3
No. of allowed errors:
1-9 bp: 0; 10-19 bp: 1; 20-21 bp: 2

Overview of removed sequences
length	count	expect	max.err	error counts
3	2062	7061.4	0	2062
4	137	1765.4	0	137
5	80	441.3	0	80
6	16	110.3	0	16
7	78	27.6	0	78
8	48	6.9	0	48
9	31	1.7	0	31
10	68	0.4	1	67 1
11	33	0.1	1	32 1
12	55	0.0	1	53 2
13	79	0.0	1	76 3
14	155	0.0	1	142 13
15	299	0.0	1	292 7
16	83	0.0	1	71 12
17	131	0.0	1	115 16
18	234	0.0	1	211 21 2
19	432	0.0	1	200 108 124
20	3191	0.0	2	654 2499 38
21	95865	0.0	2	94112 1641 112
22	122	0.0	2	24 97 1
23	6	0.0	2	6
24	1	0.0	2	0 1
25	1	0.0	2	1
26	2	0.0	2	2
27	1	0.0	2	1
29	1	0.0	2	0 0 1
30	2	0.0	2	0 2
31	15	0.0	2	14 1
32	1	0.0	2	1
33	1	0.0	2	0 1
36	1	0.0	2	0 1
37	1	0.0	2	1
38	1	0.0	2	1
44	1	0.0	2	0 1
45	1	0.0	2	1
90	1	0.0	2	1
132	1	0.0	2	1
135	1	0.0	2	1
145	1	0.0	2	0 1
171	1	0.0	2	1
173	1	0.0	2	1
174	1	0.0	2	1
185	1	0.0	2	0 1
215	1	0.0	2	0 0 1
217	1	0.0	2	0 1
291	1	0.0	2	1
