This is cutadapt 5.2 with Python 3.13.14
Command line parameters: -g TGCCACGGTGAATACGTTCC -G CCTTGTTACGACTTCACCCCA --discard-untrimmed -e 0.1 --minimum-length 50 -j 4 -o results/region/V9/trimmed/RnDD_260801_12_RnDD-16S_n0_R1.fq.gz -p results/region/V9/trimmed/RnDD_260801_12_RnDD-16S_n0_R2.fq.gz /media/genomed/DATA_15Tb/16s_3run/RnDD_260801_12_RnDD-16S_n0/202608012056_RA01230801023_5P251211086US292659BX_RnD_16S_260801_RnDD_260801_12_RnDD-16S_n0_L00_R1.fq.gz /media/genomed/DATA_15Tb/16s_3run/RnDD_260801_12_RnDD-16S_n0/202608012056_RA01230801023_5P251211086US292659BX_RnD_16S_260801_RnDD_260801_12_RnDD-16S_n0_L00_R2.fq.gz
Processing paired-end reads on 4 cores ...

=== Summary ===

Total read pairs processed:            411,704
  Read 1 with adapter:                  79,081 (19.2%)
  Read 2 with adapter:                  77,985 (18.9%)

== Read fate breakdown ==
Pairs that were too short:                  13 (0.0%)
Pairs discarded as untrimmed:          337,418 (82.0%)
Pairs written (passing filters):        74,273 (18.0%)

Total basepairs processed:   247,022,400 bp
  Read 1:   123,511,200 bp
  Read 2:   123,511,200 bp
Total written (filtered):     41,532,968 bp (16.8%)
  Read 1:    20,798,647 bp
  Read 2:    20,734,321 bp

=== First read: Adapter 1 ===

Sequence: TGCCACGGTGAATACGTTCC; Type: regular 5'; Length: 20; Trimmed: 79081 times

Minimum overlap: 3
No. of allowed errors:
1-9 bp: 0; 10-19 bp: 1; 20 bp: 2

Overview of removed sequences
length	count	expect	max.err	error counts
3	790	6432.9	0	790
4	145	1608.2	0	145
5	55	402.1	0	55
8	4	6.3	0	4
9	14	1.6	0	14
10	3	0.4	1	3
11	5	0.1	1	4 1
12	5	0.0	1	4 1
13	14	0.0	1	6 8
14	17	0.0	1	15 2
15	21	0.0	1	12 9
16	31	0.0	1	21 10
17	242	0.0	1	188 54
18	955	0.0	1	725 230
19	3043	0.0	1	2260 764 19
20	73432	0.0	2	45013 27231 1188
21	125	0.0	2	4 89 32
22	2	0.0	2	0 1 1
27	1	0.0	2	1
28	1	0.0	2	0 0 1
29	1	0.0	2	1
30	2	0.0	2	1 1
31	2	0.0	2	0 2
34	2	0.0	2	0 0 2
38	3	0.0	2	2 1
39	1	0.0	2	1
41	1	0.0	2	0 1
43	1	0.0	2	0 0 1
51	1	0.0	2	0 1
90	1	0.0	2	0 0 1
93	1	0.0	2	0 0 1
100	1	0.0	2	0 1
101	5	0.0	2	0 1 4
106	8	0.0	2	0 1 7
107	120	0.0	2	0 29 91
108	2	0.0	2	0 0 2
116	1	0.0	2	0 1
130	2	0.0	2	1 0 1
132	2	0.0	2	0 1 1
138	1	0.0	2	0 1
139	1	0.0	2	0 0 1
140	1	0.0	2	0 0 1
143	1	0.0	2	0 0 1
151	1	0.0	2	0 0 1
154	2	0.0	2	0 0 2
157	1	0.0	2	0 0 1
161	2	0.0	2	0 1 1
162	1	0.0	2	1
163	1	0.0	2	0 0 1
167	1	0.0	2	0 0 1
176	1	0.0	2	0 0 1
188	1	0.0	2	1
193	1	0.0	2	0 1
202	1	0.0	2	0 0 1
217	1	0.0	2	0 0 1
222	1	0.0	2	0 0 1


=== Second read: Adapter 2 ===

Sequence: CCTTGTTACGACTTCACCCCA; Type: regular 5'; Length: 21; Trimmed: 77985 times

Minimum overlap: 3
No. of allowed errors:
1-9 bp: 0; 10-19 bp: 1; 20-21 bp: 2

Overview of removed sequences
length	count	expect	max.err	error counts
3	2035	6432.9	0	2035
4	129	1608.2	0	129
5	115	402.1	0	115
6	31	100.5	0	31
7	31	25.1	0	31
8	14	6.3	0	14
9	7	1.6	0	7
10	27	0.4	1	27
11	24	0.1	1	23 1
12	31	0.0	1	30 1
13	79	0.0	1	76 3
14	177	0.0	1	166 11
15	253	0.0	1	250 3
16	110	0.0	1	98 12
17	139	0.0	1	125 14
18	160	0.0	1	126 23 11
19	403	0.0	1	175 114 114
20	2734	0.0	2	623 2079 32
21	71306	0.0	2	70129 1080 97
22	103	0.0	2	19 84
23	4	0.0	2	4
25	5	0.0	2	5
28	1	0.0	2	1
29	3	0.0	2	1 0 2
30	2	0.0	2	0 2
31	16	0.0	2	16
37	1	0.0	2	1
40	2	0.0	2	2
41	1	0.0	2	1
81	1	0.0	2	1
87	1	0.0	2	1
95	1	0.0	2	1
121	1	0.0	2	1
122	1	0.0	2	1
125	1	0.0	2	0 1
126	1	0.0	2	1
129	1	0.0	2	1
132	1	0.0	2	1
135	1	0.0	2	0 1
137	1	0.0	2	1
138	1	0.0	2	1
139	2	0.0	2	2
140	1	0.0	2	1
151	1	0.0	2	1
153	1	0.0	2	1
157	2	0.0	2	2
158	1	0.0	2	1
173	1	0.0	2	0 1
177	1	0.0	2	0 1
190	1	0.0	2	1
193	1	0.0	2	1
199	2	0.0	2	0 1 1
208	1	0.0	2	1
243	1	0.0	2	1
246	1	0.0	2	1
271	1	0.0	2	0 1
280	1	0.0	2	1
290	1	0.0	2	0 0 1
291	10	0.0	2	5 5
