This is cutadapt 5.2 with Python 3.13.14
Command line parameters: -g TGCCACGGTGAATACGTTCC -G CCTTGTTACGACTTCACCCCA --discard-untrimmed -e 0.1 --minimum-length 50 -j 4 -o results/region/V9/trimmed/RnDD_260801_18_RnDD-16S_n0_R1.fq.gz -p results/region/V9/trimmed/RnDD_260801_18_RnDD-16S_n0_R2.fq.gz /media/genomed/DATA_15Tb/16s_3run/RnDD_260801_18_RnDD-16S_n0/202608012056_RA01230801023_5P251211086US292659BX_RnD_16S_260801_RnDD_260801_18_RnDD-16S_n0_L00_R1.fq.gz /media/genomed/DATA_15Tb/16s_3run/RnDD_260801_18_RnDD-16S_n0/202608012056_RA01230801023_5P251211086US292659BX_RnD_16S_260801_RnDD_260801_18_RnDD-16S_n0_L00_R2.fq.gz
Processing paired-end reads on 4 cores ...

=== Summary ===

Total read pairs processed:            162,373
  Read 1 with adapter:                  24,930 (15.4%)
  Read 2 with adapter:                  24,279 (15.0%)

== Read fate breakdown ==
Pairs that were too short:                   3 (0.0%)
Pairs discarded as untrimmed:          139,115 (85.7%)
Pairs written (passing filters):        23,255 (14.3%)

Total basepairs processed:    97,423,800 bp
  Read 1:    48,711,900 bp
  Read 2:    48,711,900 bp
Total written (filtered):     13,008,900 bp (13.4%)
  Read 1:     6,512,667 bp
  Read 2:     6,496,233 bp

=== First read: Adapter 1 ===

Sequence: TGCCACGGTGAATACGTTCC; Type: regular 5'; Length: 20; Trimmed: 24930 times

Minimum overlap: 3
No. of allowed errors:
1-9 bp: 0; 10-19 bp: 1; 20 bp: 2

Overview of removed sequences
length	count	expect	max.err	error counts
3	351	2537.1	0	351
4	22	634.3	0	22
5	23	158.6	0	23
8	1	2.5	0	1
9	2	0.6	0	2
10	3	0.2	1	3
11	2	0.0	1	2
12	1	0.0	1	0 1
13	5	0.0	1	3 2
14	7	0.0	1	6 1
15	23	0.0	1	12 11
16	27	0.0	1	16 11
17	99	0.0	1	72 27
18	150	0.0	1	107 42 1
19	712	0.0	1	519 186 7
20	23385	0.0	2	14263 8687 435
21	43	0.0	2	0 34 9
30	1	0.0	2	0 0 1
32	1	0.0	2	0 0 1
39	1	0.0	2	1
42	1	0.0	2	0 0 1
44	2	0.0	2	0 1 1
99	1	0.0	2	0 0 1
100	1	0.0	2	0 1
101	1	0.0	2	0 0 1
106	1	0.0	2	0 1
107	61	0.0	2	0 12 49
108	1	0.0	2	0 1
158	1	0.0	2	0 1
240	1	0.0	2	0 1


=== Second read: Adapter 2 ===

Sequence: CCTTGTTACGACTTCACCCCA; Type: regular 5'; Length: 21; Trimmed: 24279 times

Minimum overlap: 3
No. of allowed errors:
1-9 bp: 0; 10-19 bp: 1; 20-21 bp: 2

Overview of removed sequences
length	count	expect	max.err	error counts
3	745	2537.1	0	745
4	42	634.3	0	42
5	21	158.6	0	21
6	4	39.6	0	4
7	13	9.9	0	13
8	5	2.5	0	5
10	17	0.2	1	16 1
11	13	0.0	1	13
12	36	0.0	1	36
13	45	0.0	1	42 3
14	66	0.0	1	64 2
15	99	0.0	1	91 8
16	55	0.0	1	51 4
17	36	0.0	1	32 4
18	70	0.0	1	60 6 4
19	148	0.0	1	52 43 53
20	790	0.0	2	194 589 7
21	22028	0.0	2	21630 360 38
22	36	0.0	2	7 29
30	1	0.0	2	0 1
31	1	0.0	2	1
34	1	0.0	2	1
38	1	0.0	2	0 1
45	1	0.0	2	1
194	1	0.0	2	1
211	1	0.0	2	1
289	1	0.0	2	0 1
291	2	0.0	2	1 1
