This is cutadapt 5.2 with Python 3.13.14
Command line parameters: -g TGCCACGGTGAATACGTTCC -G CCTTGTTACGACTTCACCCCA --discard-untrimmed -e 0.1 --minimum-length 50 -j 4 -o results/region/V9/trimmed/RnDD_260801_6_RnDD-16S_n0_R1.fq.gz -p results/region/V9/trimmed/RnDD_260801_6_RnDD-16S_n0_R2.fq.gz /media/genomed/DATA_15Tb/16s_3run/RnDD_260801_6_RnDD-16S_n0/202608012056_RA01230801023_5P251211086US292659BX_RnD_16S_260801_RnDD_260801_6_RnDD-16S_n0_L00_R1.fq.gz /media/genomed/DATA_15Tb/16s_3run/RnDD_260801_6_RnDD-16S_n0/202608012056_RA01230801023_5P251211086US292659BX_RnD_16S_260801_RnDD_260801_6_RnDD-16S_n0_L00_R2.fq.gz
Processing paired-end reads on 4 cores ...

=== Summary ===

Total read pairs processed:            246,509
  Read 1 with adapter:                  48,181 (19.5%)
  Read 2 with adapter:                  46,986 (19.1%)

== Read fate breakdown ==
Pairs that were too short:                   8 (0.0%)
Pairs discarded as untrimmed:          202,531 (82.2%)
Pairs written (passing filters):        43,970 (17.8%)

Total basepairs processed:   147,905,400 bp
  Read 1:    73,952,700 bp
  Read 2:    73,952,700 bp
Total written (filtered):     24,599,316 bp (16.6%)
  Read 1:    12,312,119 bp
  Read 2:    12,287,197 bp

=== First read: Adapter 1 ===

Sequence: TGCCACGGTGAATACGTTCC; Type: regular 5'; Length: 20; Trimmed: 48181 times

Minimum overlap: 3
No. of allowed errors:
1-9 bp: 0; 10-19 bp: 1; 20 bp: 2

Overview of removed sequences
length	count	expect	max.err	error counts
3	624	3851.7	0	624
4	114	962.9	0	114
5	95	240.7	0	95
7	1	15.0	0	1
8	6	3.8	0	6
9	18	0.9	0	18
10	3	0.2	1	3
11	5	0.1	1	4 1
12	1	0.0	1	1
13	10	0.0	1	6 4
14	33	0.0	1	30 3
15	28	0.0	1	18 10
16	56	0.0	1	27 29
17	250	0.0	1	207 43
18	341	0.0	1	255 85 1
19	1806	0.0	1	1326 469 11
20	44451	0.0	2	27151 16549 751
21	78	0.0	2	1 58 19
22	1	0.0	2	1
24	1	0.0	2	0 1
27	1	0.0	2	0 1
28	2	0.0	2	1 1
29	1	0.0	2	0 1
30	1	0.0	2	0 1
32	4	0.0	2	2 2
34	1	0.0	2	1
43	1	0.0	2	0 1
88	1	0.0	2	0 0 1
98	1	0.0	2	0 0 1
100	1	0.0	2	0 0 1
101	7	0.0	2	0 3 4
102	1	0.0	2	0 1
104	3	0.0	2	0 1 2
105	4	0.0	2	0 2 2
106	9	0.0	2	0 4 5
107	203	0.0	2	0 41 162
108	2	0.0	2	0 0 2
111	1	0.0	2	0 1
131	1	0.0	2	0 0 1
132	1	0.0	2	1
133	2	0.0	2	0 0 2
136	1	0.0	2	0 0 1
138	1	0.0	2	0 0 1
142	1	0.0	2	0 0 1
163	3	0.0	2	3
164	1	0.0	2	1
188	1	0.0	2	0 0 1
215	1	0.0	2	0 1
229	1	0.0	2	0 0 1
260	1	0.0	2	0 0 1


=== Second read: Adapter 2 ===

Sequence: CCTTGTTACGACTTCACCCCA; Type: regular 5'; Length: 21; Trimmed: 46986 times

Minimum overlap: 3
No. of allowed errors:
1-9 bp: 0; 10-19 bp: 1; 20-21 bp: 2

Overview of removed sequences
length	count	expect	max.err	error counts
3	1787	3851.7	0	1787
4	150	962.9	0	150
5	87	240.7	0	87
6	15	60.2	0	15
7	30	15.0	0	30
8	13	3.8	0	13
9	1	0.9	0	1
10	34	0.2	1	34
11	41	0.1	1	40 1
12	84	0.0	1	84
13	117	0.0	1	114 3
14	219	0.0	1	208 11
15	312	0.0	1	298 14
16	115	0.0	1	100 15
17	102	0.0	1	87 15
18	126	0.0	1	108 11 7
19	271	0.0	1	122 56 93
20	1606	0.0	2	411 1181 14
21	41782	0.0	2	41091 620 71
22	50	0.0	2	7 42 1
23	2	0.0	2	2
25	3	0.0	2	3
29	1	0.0	2	0 1
30	1	0.0	2	0 1
31	10	0.0	2	9 1
33	1	0.0	2	0 1
34	4	0.0	2	4
44	2	0.0	2	0 1 1
71	1	0.0	2	1
112	1	0.0	2	1
130	1	0.0	2	1
154	1	0.0	2	1
157	1	0.0	2	1
165	1	0.0	2	1
169	1	0.0	2	1
179	1	0.0	2	0 1
196	2	0.0	2	1 1
210	2	0.0	2	1 0 1
222	1	0.0	2	0 1
284	1	0.0	2	1
285	1	0.0	2	1
286	1	0.0	2	0 0 1
287	1	0.0	2	1
291	3	0.0	2	1 1 1
