This is cutadapt 5.2 with Python 3.13.14
Command line parameters: -g TGCCACGGTGAATACGTTCC -G CCTTGTTACGACTTCACCCCA --discard-untrimmed -e 0.1 --minimum-length 50 -j 4 -o results/region/V9/trimmed/RnDD_260801_1_RnDD-16S_n0_R1.fq.gz -p results/region/V9/trimmed/RnDD_260801_1_RnDD-16S_n0_R2.fq.gz /media/genomed/DATA_15Tb/16s_3run/RnDD_260801_1_RnDD-16S_n0/202608012056_RA01230801023_5P251211086US292659BX_RnD_16S_260801_RnDD_260801_1_RnDD-16S_n0_L00_R1.fq.gz /media/genomed/DATA_15Tb/16s_3run/RnDD_260801_1_RnDD-16S_n0/202608012056_RA01230801023_5P251211086US292659BX_RnD_16S_260801_RnDD_260801_1_RnDD-16S_n0_L00_R2.fq.gz
Processing paired-end reads on 4 cores ...

=== Summary ===

Total read pairs processed:            387,969
  Read 1 with adapter:                  57,621 (14.9%)
  Read 2 with adapter:                  60,352 (15.6%)

== Read fate breakdown ==
Pairs that were too short:                   4 (0.0%)
Pairs discarded as untrimmed:          334,268 (86.2%)
Pairs written (passing filters):        53,697 (13.8%)

Total basepairs processed:   232,781,400 bp
  Read 1:   116,390,700 bp
  Read 2:   116,390,700 bp
Total written (filtered):     30,013,482 bp (12.9%)
  Read 1:    15,016,518 bp
  Read 2:    14,996,964 bp

=== First read: Adapter 1 ===

Sequence: TGCCACGGTGAATACGTTCC; Type: regular 5'; Length: 20; Trimmed: 57621 times

Minimum overlap: 3
No. of allowed errors:
1-9 bp: 0; 10-19 bp: 1; 20 bp: 2

Overview of removed sequences
length	count	expect	max.err	error counts
3	813	6062.0	0	813
4	211	1515.5	0	211
5	110	378.9	0	110
6	1	94.7	0	1
7	1	23.7	0	1
8	3	5.9	0	3
9	18	1.5	0	18
10	5	0.4	1	4 1
11	8	0.1	1	3 5
12	10	0.0	1	8 2
13	22	0.0	1	18 4
14	32	0.0	1	23 9
15	17	0.0	1	13 4
16	62	0.0	1	39 23
17	194	0.0	1	159 35
18	827	0.0	1	634 192 1
19	2410	0.0	1	1768 621 21
20	52486	0.0	2	32227 19396 863
21	79	0.0	2	7 52 20
22	1	0.0	2	0 1
23	5	0.0	2	2 2 1
24	4	0.0	2	2 1 1
25	1	0.0	2	0 1
26	1	0.0	2	0 1
27	6	0.0	2	4 2
28	2	0.0	2	0 1 1
29	2	0.0	2	1 1
30	2	0.0	2	0 1 1
31	3	0.0	2	1 2
32	2	0.0	2	1 1
33	1	0.0	2	0 1
34	5	0.0	2	2 1 2
35	1	0.0	2	0 1
36	2	0.0	2	2
37	2	0.0	2	0 2
38	2	0.0	2	1 1
40	8	0.0	2	1 6 1
41	4	0.0	2	3 0 1
42	1	0.0	2	1
44	2	0.0	2	2
53	2	0.0	2	0 0 2
57	1	0.0	2	0 1
62	1	0.0	2	0 0 1
72	2	0.0	2	0 0 2
77	1	0.0	2	0 0 1
87	1	0.0	2	0 0 1
98	1	0.0	2	0 1
100	2	0.0	2	0 0 2
101	2	0.0	2	0 1 1
103	1	0.0	2	0 0 1
104	1	0.0	2	0 1
106	4	0.0	2	0 2 2
107	63	0.0	2	0 16 47
108	2	0.0	2	0 1 1
115	1	0.0	2	0 0 1
119	1	0.0	2	0 0 1
120	1	0.0	2	0 0 1
121	1	0.0	2	0 0 1
124	1	0.0	2	0 0 1
125	1	0.0	2	0 0 1
127	1	0.0	2	0 1
129	1	0.0	2	0 0 1
132	1	0.0	2	0 0 1
134	1	0.0	2	0 0 1
135	3	0.0	2	0 0 3
136	2	0.0	2	0 0 2
137	2	0.0	2	1 0 1
139	6	0.0	2	0 2 4
140	3	0.0	2	2 1
141	1	0.0	2	0 0 1
142	1	0.0	2	0 1
143	7	0.0	2	0 2 5
144	2	0.0	2	0 1 1
145	1	0.0	2	0 0 1
146	3	0.0	2	0 1 2
147	2	0.0	2	0 1 1
148	1	0.0	2	0 1
151	5	0.0	2	0 3 2
153	1	0.0	2	0 1
154	1	0.0	2	0 0 1
155	1	0.0	2	1
156	1	0.0	2	0 0 1
157	2	0.0	2	0 0 2
158	2	0.0	2	0 1 1
159	3	0.0	2	0 1 2
160	2	0.0	2	0 1 1
161	6	0.0	2	2 0 4
162	5	0.0	2	1 2 2
163	15	0.0	2	7 6 2
164	3	0.0	2	2 1
166	3	0.0	2	1 1 1
168	1	0.0	2	0 0 1
169	4	0.0	2	2 0 2
170	1	0.0	2	0 0 1
172	4	0.0	2	0 2 2
173	1	0.0	2	1
174	2	0.0	2	0 2
176	4	0.0	2	0 1 3
177	4	0.0	2	2 1 1
179	2	0.0	2	0 2
180	1	0.0	2	0 0 1
187	1	0.0	2	0 1
191	1	0.0	2	0 0 1
193	1	0.0	2	0 0 1
195	1	0.0	2	0 0 1
196	1	0.0	2	0 1
200	2	0.0	2	0 0 2
202	1	0.0	2	0 0 1
209	3	0.0	2	1 2
210	1	0.0	2	1
211	1	0.0	2	0 1
215	1	0.0	2	0 1
217	2	0.0	2	0 0 2
218	4	0.0	2	0 2 2
219	1	0.0	2	1
220	1	0.0	2	0 0 1
221	1	0.0	2	0 0 1
222	1	0.0	2	0 0 1
223	1	0.0	2	0 1
224	3	0.0	2	0 2 1
226	1	0.0	2	0 0 1
227	4	0.0	2	0 2 2
228	5	0.0	2	0 1 4
229	1	0.0	2	0 0 1
231	2	0.0	2	0 1 1
234	1	0.0	2	0 0 1
238	1	0.0	2	0 0 1
239	3	0.0	2	0 3
240	1	0.0	2	1
241	2	0.0	2	1 0 1
242	1	0.0	2	0 0 1
245	1	0.0	2	0 0 1
250	1	0.0	2	0 0 1
251	1	0.0	2	0 0 1


=== Second read: Adapter 2 ===

Sequence: CCTTGTTACGACTTCACCCCA; Type: regular 5'; Length: 21; Trimmed: 60352 times

Minimum overlap: 3
No. of allowed errors:
1-9 bp: 0; 10-19 bp: 1; 20-21 bp: 2

Overview of removed sequences
length	count	expect	max.err	error counts
3	3534	6062.0	0	3534
4	338	1515.5	0	338
5	236	378.9	0	236
6	21	94.7	0	21
7	36	23.7	0	36
8	18	5.9	0	18
9	10	1.5	0	9 1
10	45	0.4	1	43 2
11	26	0.1	1	22 4
12	27	0.0	1	26 1
13	60	0.0	1	58 2
14	136	0.0	1	133 3
15	228	0.0	1	221 7
16	79	0.0	1	70 9
17	97	0.0	1	84 13
18	107	0.0	1	95 9 3
19	311	0.0	1	135 87 89
20	2109	0.0	2	477 1612 20
21	52809	0.0	2	51832 840 137
22	61	0.0	2	11 45 5
23	3	0.0	2	3
25	6	0.0	2	5 1
26	1	0.0	2	1
27	1	0.0	2	1
29	1	0.0	2	0 0 1
30	3	0.0	2	0 3
31	8	0.0	2	8
32	2	0.0	2	1 0 1
34	1	0.0	2	1
36	1	0.0	2	1
40	2	0.0	2	1 0 1
42	1	0.0	2	0 1
44	3	0.0	2	0 3
45	2	0.0	2	2
61	1	0.0	2	1
75	1	0.0	2	1
89	1	0.0	2	0 0 1
90	1	0.0	2	1
99	1	0.0	2	1
102	1	0.0	2	0 1
120	1	0.0	2	1
130	1	0.0	2	1
134	1	0.0	2	1
143	1	0.0	2	1
147	1	0.0	2	0 1
157	2	0.0	2	1 1
169	1	0.0	2	1
171	1	0.0	2	0 1
172	1	0.0	2	1
174	1	0.0	2	1
176	1	0.0	2	1
188	1	0.0	2	1
191	1	0.0	2	1
205	1	0.0	2	1
210	1	0.0	2	0 1
213	1	0.0	2	1
215	1	0.0	2	0 1
232	1	0.0	2	1
238	1	0.0	2	0 0 1
284	1	0.0	2	1
289	1	0.0	2	1
291	1	0.0	2	0 1
