This is cutadapt 5.2 with Python 3.13.14
Command line parameters: -g TGCCACGGTGAATACGTTCC -G CCTTGTTACGACTTCACCCCA --discard-untrimmed -e 0.1 --minimum-length 50 -j 4 -o results/region/V9/trimmed/RnDD_260801_2_RnDD-16S_n0_R1.fq.gz -p results/region/V9/trimmed/RnDD_260801_2_RnDD-16S_n0_R2.fq.gz /media/genomed/DATA_15Tb/16s_3run/RnDD_260801_2_RnDD-16S_n0/202608012056_RA01230801023_5P251211086US292659BX_RnD_16S_260801_RnDD_260801_2_RnDD-16S_n0_L00_R1.fq.gz /media/genomed/DATA_15Tb/16s_3run/RnDD_260801_2_RnDD-16S_n0/202608012056_RA01230801023_5P251211086US292659BX_RnD_16S_260801_RnDD_260801_2_RnDD-16S_n0_L00_R2.fq.gz
Processing paired-end reads on 4 cores ...

=== Summary ===

Total read pairs processed:            386,455
  Read 1 with adapter:                  56,615 (14.6%)
  Read 2 with adapter:                  58,564 (15.2%)

== Read fate breakdown ==
Pairs that were too short:                   1 (0.0%)
Pairs discarded as untrimmed:          334,075 (86.4%)
Pairs written (passing filters):        52,379 (13.6%)

Total basepairs processed:   231,873,000 bp
  Read 1:   115,936,500 bp
  Read 2:   115,936,500 bp
Total written (filtered):     29,270,371 bp (12.6%)
  Read 1:    14,648,716 bp
  Read 2:    14,621,655 bp

=== First read: Adapter 1 ===

Sequence: TGCCACGGTGAATACGTTCC; Type: regular 5'; Length: 20; Trimmed: 56615 times

Minimum overlap: 3
No. of allowed errors:
1-9 bp: 0; 10-19 bp: 1; 20 bp: 2

Overview of removed sequences
length	count	expect	max.err	error counts
3	839	6038.4	0	839
4	213	1509.6	0	213
5	116	377.4	0	116
6	1	94.3	0	1
7	3	23.6	0	3
8	3	5.9	0	3
9	10	1.5	0	10
10	5	0.4	1	5
11	8	0.1	1	6 2
12	6	0.0	1	3 3
13	19	0.0	1	12 7
14	26	0.0	1	17 9
15	27	0.0	1	18 9
16	38	0.0	1	22 16
17	187	0.0	1	163 24
18	786	0.0	1	581 205
19	2657	0.0	1	2014 625 18
20	51315	0.0	2	31428 19017 870
21	79	0.0	2	1 57 21
22	2	0.0	2	0 1 1
23	2	0.0	2	1 1
24	4	0.0	2	2 2
25	1	0.0	2	0 1
27	6	0.0	2	3 2 1
28	5	0.0	2	5
29	1	0.0	2	0 1
30	2	0.0	2	0 2
31	3	0.0	2	3
32	1	0.0	2	1
34	4	0.0	2	1 3
35	1	0.0	2	1
36	3	0.0	2	3
37	3	0.0	2	2 1
38	2	0.0	2	0 2
40	3	0.0	2	1 1 1
41	4	0.0	2	3 1
42	1	0.0	2	1
43	1	0.0	2	0 1
44	2	0.0	2	2
51	1	0.0	2	0 0 1
61	1	0.0	2	0 1
72	2	0.0	2	0 1 1
83	1	0.0	2	0 0 1
101	1	0.0	2	0 0 1
103	1	0.0	2	0 1
104	1	0.0	2	0 0 1
105	1	0.0	2	0 1
106	2	0.0	2	0 1 1
107	42	0.0	2	0 9 33
108	4	0.0	2	0 0 4
115	1	0.0	2	0 1
123	1	0.0	2	0 1
131	1	0.0	2	0 0 1
134	1	0.0	2	0 1
136	2	0.0	2	0 1 1
138	1	0.0	2	0 0 1
139	5	0.0	2	0 2 3
140	5	0.0	2	2 1 2
141	5	0.0	2	1 3 1
142	3	0.0	2	0 1 2
143	4	0.0	2	0 2 2
144	1	0.0	2	0 1
145	2	0.0	2	0 0 2
146	1	0.0	2	1
150	1	0.0	2	0 0 1
151	3	0.0	2	0 2 1
153	1	0.0	2	0 1
154	3	0.0	2	0 0 3
155	2	0.0	2	1 1
156	1	0.0	2	0 0 1
157	2	0.0	2	1 0 1
158	1	0.0	2	0 1
159	8	0.0	2	1 4 3
160	1	0.0	2	1
161	5	0.0	2	1 3 1
162	10	0.0	2	0 7 3
163	17	0.0	2	9 3 5
164	9	0.0	2	1 1 7
165	4	0.0	2	1 0 3
166	1	0.0	2	0 0 1
167	1	0.0	2	0 0 1
168	2	0.0	2	0 1 1
169	1	0.0	2	0 0 1
170	2	0.0	2	1 0 1
171	1	0.0	2	0 1
172	5	0.0	2	1 2 2
176	3	0.0	2	0 1 2
177	4	0.0	2	1 1 2
179	1	0.0	2	0 0 1
180	3	0.0	2	0 2 1
181	1	0.0	2	1
183	2	0.0	2	0 1 1
185	1	0.0	2	0 0 1
187	1	0.0	2	0 0 1
188	1	0.0	2	0 1
192	2	0.0	2	1 1
193	1	0.0	2	1
200	1	0.0	2	0 0 1
203	1	0.0	2	0 0 1
205	1	0.0	2	0 0 1
211	1	0.0	2	0 1
217	2	0.0	2	0 0 2
218	1	0.0	2	0 0 1
219	1	0.0	2	0 0 1
220	1	0.0	2	0 0 1
221	2	0.0	2	1 0 1
222	1	0.0	2	0 0 1
223	1	0.0	2	0 0 1
224	1	0.0	2	0 0 1
225	1	0.0	2	0 0 1
226	1	0.0	2	0 0 1
227	8	0.0	2	1 4 3
228	2	0.0	2	0 2
230	1	0.0	2	0 0 1
234	1	0.0	2	0 1
235	1	0.0	2	0 0 1
237	1	0.0	2	1
240	4	0.0	2	1 1 2
250	1	0.0	2	0 0 1


=== Second read: Adapter 2 ===

Sequence: CCTTGTTACGACTTCACCCCA; Type: regular 5'; Length: 21; Trimmed: 58564 times

Minimum overlap: 3
No. of allowed errors:
1-9 bp: 0; 10-19 bp: 1; 20-21 bp: 2

Overview of removed sequences
length	count	expect	max.err	error counts
3	2830	6038.4	0	2830
4	321	1509.6	0	321
5	182	377.4	0	182
6	31	94.3	0	31
7	33	23.6	0	33
8	18	5.9	0	18
9	11	1.5	0	11
10	34	0.4	1	34
11	15	0.1	1	14 1
12	30	0.0	1	29 1
13	61	0.0	1	59 2
14	120	0.0	1	113 7
15	186	0.0	1	182 4
16	72	0.0	1	65 7
17	77	0.0	1	70 7
18	125	0.0	1	105 15 5
19	272	0.0	1	129 65 78
20	2012	0.0	2	466 1519 27
21	52016	0.0	2	50914 918 184
22	56	0.0	2	15 41
23	6	0.0	2	5 0 1
25	2	0.0	2	1 1
26	2	0.0	2	2
28	1	0.0	2	0 0 1
29	1	0.0	2	0 0 1
31	19	0.0	2	16 2 1
32	1	0.0	2	1
33	1	0.0	2	1
34	1	0.0	2	1
38	1	0.0	2	1
39	1	0.0	2	1
44	3	0.0	2	1 2
46	1	0.0	2	0 0 1
51	2	0.0	2	2
65	1	0.0	2	1
85	1	0.0	2	1
95	1	0.0	2	1
97	1	0.0	2	1
104	1	0.0	2	1
107	1	0.0	2	1
111	1	0.0	2	0 0 1
122	1	0.0	2	0 0 1
129	1	0.0	2	1
134	1	0.0	2	1
159	1	0.0	2	1
167	1	0.0	2	1
171	2	0.0	2	0 1 1
177	1	0.0	2	1
179	1	0.0	2	1
193	1	0.0	2	1
215	1	0.0	2	1
220	1	0.0	2	0 0 1
291	1	0.0	2	1
