This is cutadapt 5.2 with Python 3.13.14
Command line parameters: -g TGCCACGGTGAATACGTTCC -G CCTTGTTACGACTTCACCCCA --discard-untrimmed -e 0.1 --minimum-length 50 -j 4 -o results/region/V9/trimmed/RnDD_260801_5_RnDD-16S_n0_R1.fq.gz -p results/region/V9/trimmed/RnDD_260801_5_RnDD-16S_n0_R2.fq.gz /media/genomed/DATA_15Tb/16s_3run/RnDD_260801_5_RnDD-16S_n0/202608012056_RA01230801023_5P251211086US292659BX_RnD_16S_260801_RnDD_260801_5_RnDD-16S_n0_L00_R1.fq.gz /media/genomed/DATA_15Tb/16s_3run/RnDD_260801_5_RnDD-16S_n0/202608012056_RA01230801023_5P251211086US292659BX_RnD_16S_260801_RnDD_260801_5_RnDD-16S_n0_L00_R2.fq.gz
Processing paired-end reads on 4 cores ...

=== Summary ===

Total read pairs processed:            276,271
  Read 1 with adapter:                  52,407 (19.0%)
  Read 2 with adapter:                  51,328 (18.6%)

== Read fate breakdown ==
Pairs that were too short:                  10 (0.0%)
Pairs discarded as untrimmed:          228,507 (82.7%)
Pairs written (passing filters):        47,754 (17.3%)

Total basepairs processed:   165,762,600 bp
  Read 1:    82,881,300 bp
  Read 2:    82,881,300 bp
Total written (filtered):     26,718,232 bp (16.1%)
  Read 1:    13,371,436 bp
  Read 2:    13,346,796 bp

=== First read: Adapter 1 ===

Sequence: TGCCACGGTGAATACGTTCC; Type: regular 5'; Length: 20; Trimmed: 52407 times

Minimum overlap: 3
No. of allowed errors:
1-9 bp: 0; 10-19 bp: 1; 20 bp: 2

Overview of removed sequences
length	count	expect	max.err	error counts
3	595	4316.7	0	595
4	145	1079.2	0	145
5	108	269.8	0	108
7	1	16.9	0	1
8	4	4.2	0	4
9	20	1.1	0	20
10	4	0.3	1	3 1
11	11	0.1	1	8 3
12	6	0.0	1	2 4
13	15	0.0	1	11 4
14	39	0.0	1	33 6
15	36	0.0	1	26 10
16	39	0.0	1	19 20
17	273	0.0	1	220 53
18	369	0.0	1	278 91
19	2138	0.0	1	1551 562 25
20	48162	0.0	2	29349 17978 835
21	73	0.0	2	1 54 18
22	2	0.0	2	1 1
24	2	0.0	2	0 2
28	1	0.0	2	1
30	5	0.0	2	2 1 2
32	1	0.0	2	0 1
37	1	0.0	2	1
39	1	0.0	2	0 1
40	1	0.0	2	0 0 1
44	1	0.0	2	0 0 1
52	1	0.0	2	0 1
86	1	0.0	2	0 1
88	1	0.0	2	0 1
93	1	0.0	2	0 0 1
95	2	0.0	2	0 2
96	2	0.0	2	0 0 2
99	1	0.0	2	0 0 1
100	3	0.0	2	0 1 2
101	6	0.0	2	0 5 1
103	3	0.0	2	0 1 2
104	1	0.0	2	0 1
105	2	0.0	2	0 2
106	8	0.0	2	0 4 4
107	301	0.0	2	0 77 224
109	1	0.0	2	0 1
115	1	0.0	2	0 1
127	1	0.0	2	0 0 1
128	1	0.0	2	0 0 1
132	2	0.0	2	0 2
151	1	0.0	2	1
156	2	0.0	2	0 0 2
158	1	0.0	2	0 0 1
161	1	0.0	2	1
162	1	0.0	2	0 1
163	4	0.0	2	1 0 3
167	1	0.0	2	0 0 1
168	1	0.0	2	0 1
200	1	0.0	2	1
227	1	0.0	2	1
241	1	0.0	2	0 1


=== Second read: Adapter 2 ===

Sequence: CCTTGTTACGACTTCACCCCA; Type: regular 5'; Length: 21; Trimmed: 51328 times

Minimum overlap: 3
No. of allowed errors:
1-9 bp: 0; 10-19 bp: 1; 20-21 bp: 2

Overview of removed sequences
length	count	expect	max.err	error counts
3	2140	4316.7	0	2140
4	189	1079.2	0	189
5	110	269.8	0	110
6	17	67.4	0	17
7	33	16.9	0	33
8	17	4.2	0	17
9	9	1.1	0	7 2
10	37	0.3	1	36 1
11	47	0.1	1	46 1
12	83	0.0	1	82 1
13	135	0.0	1	130 5
14	220	0.0	1	201 19
15	327	0.0	1	317 10
16	118	0.0	1	102 16
17	127	0.0	1	108 19
18	144	0.0	1	122 14 8
19	365	0.0	1	151 97 117
20	1799	0.0	2	422 1354 23
21	45295	0.0	2	44513 693 89
22	64	0.0	2	6 52 6
23	2	0.0	2	2
24	1	0.0	2	1
25	3	0.0	2	3
29	1	0.0	2	0 0 1
30	1	0.0	2	0 1
31	9	0.0	2	8 1
32	1	0.0	2	1
33	2	0.0	2	2
34	1	0.0	2	1
35	1	0.0	2	1
44	3	0.0	2	0 3
47	1	0.0	2	1
56	1	0.0	2	1
90	1	0.0	2	1
129	1	0.0	2	1
138	1	0.0	2	1
142	1	0.0	2	1
150	1	0.0	2	0 1
151	1	0.0	2	1
153	1	0.0	2	1
156	1	0.0	2	1
157	1	0.0	2	1
162	1	0.0	2	0 1
168	1	0.0	2	1
181	1	0.0	2	1
217	1	0.0	2	0 1
230	1	0.0	2	0 1
236	1	0.0	2	1
275	1	0.0	2	0 1
281	1	0.0	2	1
284	1	0.0	2	0 0 1
288	2	0.0	2	2
291	4	0.0	2	2 0 2
292	1	0.0	2	1
