This is cutadapt 5.2 with Python 3.13.14
Command line parameters: -g TGCCACGGTGAATACGTTCC -G CCTTGTTACGACTTCACCCCA --discard-untrimmed -e 0.1 --minimum-length 50 -j 4 -o results/region/V9/trimmed/RnDD_260801_4_RnDD-16S_n0_R1.fq.gz -p results/region/V9/trimmed/RnDD_260801_4_RnDD-16S_n0_R2.fq.gz /media/genomed/DATA_15Tb/16s_3run/RnDD_260801_4_RnDD-16S_n0/202608012056_RA01230801023_5P251211086US292659BX_RnD_16S_260801_RnDD_260801_4_RnDD-16S_n0_L00_R1.fq.gz /media/genomed/DATA_15Tb/16s_3run/RnDD_260801_4_RnDD-16S_n0/202608012056_RA01230801023_5P251211086US292659BX_RnD_16S_260801_RnDD_260801_4_RnDD-16S_n0_L00_R2.fq.gz
Processing paired-end reads on 4 cores ...

=== Summary ===

Total read pairs processed:            486,736
  Read 1 with adapter:                 114,203 (23.5%)
  Read 2 with adapter:                 119,917 (24.6%)

== Read fate breakdown ==
Pairs that were too short:                   6 (0.0%)
Pairs discarded as untrimmed:          379,284 (77.9%)
Pairs written (passing filters):       107,446 (22.1%)

Total basepairs processed:   292,041,600 bp
  Read 1:   146,020,800 bp
  Read 2:   146,020,800 bp
Total written (filtered):     60,033,988 bp (20.6%)
  Read 1:    30,041,797 bp
  Read 2:    29,992,191 bp

=== First read: Adapter 1 ===

Sequence: TGCCACGGTGAATACGTTCC; Type: regular 5'; Length: 20; Trimmed: 114203 times

Minimum overlap: 3
No. of allowed errors:
1-9 bp: 0; 10-19 bp: 1; 20 bp: 2

Overview of removed sequences
length	count	expect	max.err	error counts
3	1421	7605.2	0	1421
4	239	1901.3	0	239
5	107	475.3	0	107
6	2	118.8	0	2
7	1	29.7	0	1
8	2	7.4	0	2
9	34	1.9	0	34
10	14	0.5	1	10 4
11	10	0.1	1	5 5
12	11	0.0	1	8 3
13	50	0.0	1	26 24
14	52	0.0	1	38 14
15	35	0.0	1	25 10
16	142	0.0	1	91 51
17	261	0.0	1	197 64
18	929	0.0	1	723 206
19	4388	0.0	1	3378 992 18
20	105869	0.0	2	64888 39324 1657
21	128	0.0	2	5 98 25
22	5	0.0	2	5
23	5	0.0	2	2 3
24	6	0.0	2	3 2 1
27	7	0.0	2	3 4
28	16	0.0	2	5 11
29	13	0.0	2	9 3 1
30	5	0.0	2	2 3
31	5	0.0	2	4 1
32	3	0.0	2	2 1
33	1	0.0	2	0 1
34	11	0.0	2	6 5
35	3	0.0	2	0 3
36	5	0.0	2	4 1
37	5	0.0	2	1 4
38	2	0.0	2	2
40	8	0.0	2	1 5 2
41	9	0.0	2	3 2 4
42	5	0.0	2	4 1
43	1	0.0	2	0 1
44	6	0.0	2	3 3
45	1	0.0	2	0 0 1
52	1	0.0	2	0 1
72	1	0.0	2	0 1
73	1	0.0	2	0 0 1
78	1	0.0	2	0 0 1
80	1	0.0	2	0 1
87	1	0.0	2	0 0 1
104	2	0.0	2	0 1 1
107	13	0.0	2	0 5 8
108	1	0.0	2	0 0 1
113	1	0.0	2	0 1
119	2	0.0	2	0 1 1
120	1	0.0	2	0 0 1
121	1	0.0	2	1
123	2	0.0	2	0 0 2
124	2	0.0	2	1 0 1
127	2	0.0	2	0 0 2
129	1	0.0	2	0 1
130	1	0.0	2	0 0 1
131	2	0.0	2	0 2
133	5	0.0	2	1 2 2
134	1	0.0	2	0 0 1
135	1	0.0	2	0 0 1
136	3	0.0	2	1 0 2
137	5	0.0	2	2 1 2
138	6	0.0	2	0 2 4
139	4	0.0	2	0 1 3
140	3	0.0	2	1 1 1
141	4	0.0	2	1 0 3
142	6	0.0	2	0 4 2
143	9	0.0	2	1 5 3
145	2	0.0	2	1 1
146	2	0.0	2	0 2
148	1	0.0	2	0 1
149	3	0.0	2	0 2 1
150	2	0.0	2	0 0 2
151	4	0.0	2	1 2 1
152	6	0.0	2	0 4 2
153	5	0.0	2	2 1 2
154	6	0.0	2	0 3 3
155	3	0.0	2	1 0 2
156	5	0.0	2	0 2 3
157	2	0.0	2	0 2
158	9	0.0	2	1 5 3
159	5	0.0	2	1 3 1
160	3	0.0	2	0 0 3
161	18	0.0	2	4 7 7
162	13	0.0	2	2 6 5
163	36	0.0	2	17 11 8
164	15	0.0	2	3 7 5
165	4	0.0	2	0 1 3
166	1	0.0	2	0 0 1
167	2	0.0	2	1 0 1
168	5	0.0	2	2 2 1
169	11	0.0	2	3 2 6
170	3	0.0	2	0 2 1
171	2	0.0	2	0 2
172	5	0.0	2	1 2 2
174	2	0.0	2	0 0 2
175	1	0.0	2	0 0 1
176	7	0.0	2	0 7
177	5	0.0	2	1 1 3
178	5	0.0	2	0 3 2
179	5	0.0	2	2 2 1
180	2	0.0	2	1 0 1
181	1	0.0	2	0 1
183	2	0.0	2	0 1 1
186	3	0.0	2	0 2 1
187	1	0.0	2	0 0 1
188	4	0.0	2	1 1 2
191	1	0.0	2	0 0 1
193	5	0.0	2	0 3 2
196	1	0.0	2	0 0 1
198	1	0.0	2	0 0 1
200	1	0.0	2	0 0 1
202	3	0.0	2	0 3
206	2	0.0	2	0 1 1
210	2	0.0	2	0 0 2
211	1	0.0	2	0 1
213	3	0.0	2	1 1 1
217	2	0.0	2	1 1
218	1	0.0	2	1
219	2	0.0	2	0 0 2
220	6	0.0	2	1 3 2
221	9	0.0	2	2 1 6
222	1	0.0	2	0 1
224	5	0.0	2	0 3 2
226	1	0.0	2	0 0 1
227	7	0.0	2	0 5 2
228	14	0.0	2	4 6 4
229	2	0.0	2	0 1 1
230	1	0.0	2	0 0 1
232	2	0.0	2	0 0 2
233	1	0.0	2	0 0 1
234	2	0.0	2	1 0 1
237	1	0.0	2	0 0 1
238	1	0.0	2	0 0 1
239	3	0.0	2	1 1 1
240	5	0.0	2	1 1 3
241	1	0.0	2	0 0 1
247	1	0.0	2	0 0 1
250	1	0.0	2	0 0 1
252	1	0.0	2	0 0 1
257	1	0.0	2	0 0 1


=== Second read: Adapter 2 ===

Sequence: CCTTGTTACGACTTCACCCCA; Type: regular 5'; Length: 21; Trimmed: 119917 times

Minimum overlap: 3
No. of allowed errors:
1-9 bp: 0; 10-19 bp: 1; 20-21 bp: 2

Overview of removed sequences
length	count	expect	max.err	error counts
3	4174	7605.2	0	4174
4	410	1901.3	0	410
5	285	475.3	0	285
6	51	118.8	0	51
7	28	29.7	0	28
8	12	7.4	0	12
9	12	1.9	0	12
10	29	0.5	1	28 1
11	17	0.1	1	17
12	35	0.0	1	33 2
13	32	0.0	1	30 2
14	90	0.0	1	82 8
15	205	0.0	1	199 6
16	74	0.0	1	65 9
17	114	0.0	1	106 8
18	166	0.0	1	151 13 2
19	366	0.0	1	200 92 74
20	3382	0.0	2	802 2534 46
21	110199	0.0	2	108361 1694 144
22	142	0.0	2	26 114 2
23	2	0.0	2	2
25	3	0.0	2	3
26	1	0.0	2	0 1
27	1	0.0	2	1
28	1	0.0	2	0 1
29	3	0.0	2	0 1 2
30	2	0.0	2	2
31	37	0.0	2	36 0 1
32	2	0.0	2	1 1
33	2	0.0	2	2
34	3	0.0	2	3
35	1	0.0	2	1
36	1	0.0	2	1
45	1	0.0	2	0 1
51	1	0.0	2	1
52	1	0.0	2	1
55	1	0.0	2	1
64	1	0.0	2	1
73	1	0.0	2	1
84	1	0.0	2	1
100	1	0.0	2	1
102	1	0.0	2	1
120	1	0.0	2	0 0 1
121	1	0.0	2	1
126	1	0.0	2	1
130	2	0.0	2	2
134	1	0.0	2	1
137	2	0.0	2	2
150	1	0.0	2	1
151	1	0.0	2	0 1
159	1	0.0	2	1
163	1	0.0	2	1
172	1	0.0	2	1
177	1	0.0	2	1
180	1	0.0	2	1
183	1	0.0	2	0 1
196	1	0.0	2	0 1
204	1	0.0	2	1
207	1	0.0	2	0 1
212	1	0.0	2	1
217	1	0.0	2	0 0 1
224	1	0.0	2	0 0 1
265	1	0.0	2	0 1
289	1	0.0	2	1
291	2	0.0	2	0 1 1
