This is cutadapt 5.2 with Python 3.13.14
Command line parameters: -g TGCCACGGTGAATACGTTCC -G CCTTGTTACGACTTCACCCCA --discard-untrimmed -e 0.1 --minimum-length 50 -j 4 -o results/region/V9/trimmed/RnDD_260713_16_RnDD-16S_n0_R1.fq.gz -p results/region/V9/trimmed/RnDD_260713_16_RnDD-16S_n0_R2.fq.gz data/raw/RnDD_260713_16_RnDD-16S_n0/202607132008_RA01230801023_5P260413092US292662D3_RnD_SRSLY_16S_NPO_260713_RnDD_260713_16_RnDD-16S_n0_L00_R1.fq.gz data/raw/RnDD_260713_16_RnDD-16S_n0/202607132008_RA01230801023_5P260413092US292662D3_RnD_SRSLY_16S_NPO_260713_RnDD_260713_16_RnDD-16S_n0_L00_R2.fq.gz
Processing paired-end reads on 4 cores ...

=== Summary ===

Total read pairs processed:            412,557
  Read 1 with adapter:                  66,589 (16.1%)
  Read 2 with adapter:                  66,904 (16.2%)

== Read fate breakdown ==
Pairs that were too short:                   6 (0.0%)
Pairs discarded as untrimmed:          346,376 (84.0%)
Pairs written (passing filters):        66,175 (16.0%)

Total basepairs processed:   123,767,100 bp
  Read 1:    61,883,550 bp
  Read 2:    61,883,550 bp
Total written (filtered):     17,143,916 bp (13.9%)
  Read 1:     8,604,960 bp
  Read 2:     8,538,956 bp

=== First read: Adapter 1 ===

Sequence: TGCCACGGTGAATACGTTCC; Type: regular 5'; Length: 20; Trimmed: 66589 times

Minimum overlap: 3
No. of allowed errors:
1-9 bp: 0; 10-19 bp: 1; 20 bp: 2

Overview of removed sequences
length	count	expect	max.err	error counts
3	164	6446.2	0	164
4	26	1611.6	0	26
5	12	402.9	0	12
6	6	100.7	0	6
7	5	25.2	0	5
8	1	6.3	0	1
9	7	1.6	0	7
11	6	0.1	1	6
12	1	0.0	1	1
13	13	0.0	1	13
14	14	0.0	1	14
15	16	0.0	1	15 1
16	13	0.0	1	13
17	31	0.0	1	28 3
18	84	0.0	1	67 14 3
19	1812	0.0	1	1627 179 6
20	64230	0.0	2	62529 1570 131
21	114	0.0	2	2 108 4
22	1	0.0	2	1
24	1	0.0	2	1
30	14	0.0	2	14
31	1	0.0	2	1
32	6	0.0	2	6
33	1	0.0	2	1
35	1	0.0	2	1
38	1	0.0	2	1
45	1	0.0	2	1
53	2	0.0	2	2
107	1	0.0	2	0 1
130	1	0.0	2	0 0 1
136	2	0.0	2	2
148	1	0.0	2	1


=== Second read: Adapter 2 ===

Sequence: CCTTGTTACGACTTCACCCCA; Type: regular 5'; Length: 21; Trimmed: 66904 times

Minimum overlap: 3
No. of allowed errors:
1-9 bp: 0; 10-19 bp: 1; 20-21 bp: 2

Overview of removed sequences
length	count	expect	max.err	error counts
3	385	6446.2	0	385
4	61	1611.6	0	61
5	13	402.9	0	13
6	2	100.7	0	2
7	1	25.2	0	1
11	2	0.1	1	2
12	3	0.0	1	3
13	4	0.0	1	4
14	10	0.0	1	9 1
15	16	0.0	1	14 2
16	20	0.0	1	18 2
17	44	0.0	1	41 3
18	56	0.0	1	55 1
19	118	0.0	1	57 29 32
20	1513	0.0	2	338 1153 22
21	64565	0.0	2	62849 1527 189
22	66	0.0	2	10 53 3
23	2	0.0	2	2
24	1	0.0	2	1
25	3	0.0	2	3
29	1	0.0	2	0 0 1
30	1	0.0	2	0 1
31	14	0.0	2	14
41	1	0.0	2	1
81	1	0.0	2	1
138	1	0.0	2	1
