This is cutadapt 5.2 with Python 3.13.14
Command line parameters: -g TGCCACGGTGAATACGTTCC -G CCTTGTTACGACTTCACCCCA --discard-untrimmed -e 0.1 --minimum-length 50 -j 4 -o results/region/V9/trimmed/RnDD_260801_28_RnDD-16S_n0_R1.fq.gz -p results/region/V9/trimmed/RnDD_260801_28_RnDD-16S_n0_R2.fq.gz /media/genomed/DATA_15Tb/16s_3run/RnDD_260801_28_RnDD-16S_n0/202608012056_RA01230801023_5P251211086US292659BX_RnD_16S_260801_RnDD_260801_28_RnDD-16S_n0_L00_R1.fq.gz /media/genomed/DATA_15Tb/16s_3run/RnDD_260801_28_RnDD-16S_n0/202608012056_RA01230801023_5P251211086US292659BX_RnD_16S_260801_RnDD_260801_28_RnDD-16S_n0_L00_R2.fq.gz
Processing paired-end reads on 4 cores ...

=== Summary ===

Total read pairs processed:            459,572
  Read 1 with adapter:                 107,946 (23.5%)
  Read 2 with adapter:                 107,573 (23.4%)

== Read fate breakdown ==
Pairs that were too short:                   4 (0.0%)
Pairs discarded as untrimmed:          355,963 (77.5%)
Pairs written (passing filters):       103,605 (22.5%)

Total basepairs processed:   275,743,200 bp
  Read 1:   137,871,600 bp
  Read 2:   137,871,600 bp
Total written (filtered):     57,926,731 bp (21.0%)
  Read 1:    29,002,456 bp
  Read 2:    28,924,275 bp

=== First read: Adapter 1 ===

Sequence: TGCCACGGTGAATACGTTCC; Type: regular 5'; Length: 20; Trimmed: 107946 times

Minimum overlap: 3
No. of allowed errors:
1-9 bp: 0; 10-19 bp: 1; 20 bp: 2

Overview of removed sequences
length	count	expect	max.err	error counts
3	1329	7180.8	0	1329
4	104	1795.2	0	104
5	38	448.8	0	38
7	2	28.1	0	2
8	1	7.0	0	1
9	8	1.8	0	8
10	6	0.4	1	4 2
11	2	0.1	1	1 1
12	5	0.0	1	5
13	9	0.0	1	6 3
14	29	0.0	1	22 7
15	26	0.0	1	16 10
16	66	0.0	1	44 22
17	351	0.0	1	274 77
18	979	0.0	1	734 243 2
19	2210	0.0	1	1550 627 33
20	102432	0.0	2	62678 38157 1597
21	187	0.0	2	4 143 40
22	3	0.0	2	0 2 1
23	2	0.0	2	1 1
24	2	0.0	2	1 0 1
25	2	0.0	2	1 1
27	6	0.0	2	3 3
28	13	0.0	2	0 12 1
29	4	0.0	2	3 1
30	2	0.0	2	1 0 1
31	3	0.0	2	2 1
32	3	0.0	2	1 1 1
34	2	0.0	2	1 1
36	2	0.0	2	0 1 1
38	2	0.0	2	1 1
39	1	0.0	2	0 1
40	4	0.0	2	0 4
41	1	0.0	2	0 1
42	2	0.0	2	0 1 1
43	2	0.0	2	1 0 1
44	3	0.0	2	2 1
55	1	0.0	2	1
72	2	0.0	2	0 1 1
91	1	0.0	2	0 0 1
94	1	0.0	2	1
107	15	0.0	2	0 3 12
132	1	0.0	2	1
136	1	0.0	2	0 0 1
141	1	0.0	2	0 0 1
142	7	0.0	2	0 2 5
143	3	0.0	2	0 1 2
148	1	0.0	2	0 1
149	1	0.0	2	0 0 1
151	1	0.0	2	0 0 1
152	3	0.0	2	0 1 2
153	1	0.0	2	0 0 1
154	1	0.0	2	0 0 1
156	1	0.0	2	0 0 1
157	1	0.0	2	0 1
158	1	0.0	2	0 0 1
159	3	0.0	2	0 2 1
161	1	0.0	2	0 1
162	7	0.0	2	1 3 3
163	8	0.0	2	5 2 1
164	2	0.0	2	0 1 1
168	1	0.0	2	0 0 1
169	2	0.0	2	2
170	1	0.0	2	0 1
172	2	0.0	2	0 1 1
174	1	0.0	2	0 0 1
176	2	0.0	2	0 2
177	1	0.0	2	1
178	1	0.0	2	0 1
179	1	0.0	2	0 0 1
185	1	0.0	2	1
187	1	0.0	2	1
188	1	0.0	2	0 0 1
193	2	0.0	2	1 1
195	1	0.0	2	0 0 1
203	1	0.0	2	0 0 1
208	1	0.0	2	0 0 1
209	1	0.0	2	0 0 1
210	1	0.0	2	0 0 1
213	1	0.0	2	0 0 1
214	1	0.0	2	0 0 1
217	1	0.0	2	0 0 1
218	3	0.0	2	0 1 2
221	1	0.0	2	0 1
225	1	0.0	2	0 0 1
226	1	0.0	2	0 0 1
228	2	0.0	2	1 0 1
229	1	0.0	2	0 0 1
235	2	0.0	2	0 1 1
240	1	0.0	2	0 1
290	1	0.0	2	0 1


=== Second read: Adapter 2 ===

Sequence: CCTTGTTACGACTTCACCCCA; Type: regular 5'; Length: 21; Trimmed: 107573 times

Minimum overlap: 3
No. of allowed errors:
1-9 bp: 0; 10-19 bp: 1; 20-21 bp: 2

Overview of removed sequences
length	count	expect	max.err	error counts
3	2227	7180.8	0	2227
4	153	1795.2	0	153
5	92	448.8	0	92
6	10	112.2	0	10
7	97	28.1	0	97
8	71	7.0	0	71
9	31	1.8	0	31
10	74	0.4	1	74
11	29	0.1	1	29
12	56	0.0	1	55 1
13	72	0.0	1	70 2
14	146	0.0	1	136 10
15	379	0.0	1	366 13
16	102	0.0	1	94 8
17	132	0.0	1	117 15
18	223	0.0	1	207 13 3
19	404	0.0	1	208 106 90
20	3307	0.0	2	703 2567 37
21	99782	0.0	2	97997 1660 125
22	135	0.0	2	26 105 4
23	3	0.0	2	2 1
25	3	0.0	2	3
26	4	0.0	2	3 1
29	1	0.0	2	0 0 1
30	1	0.0	2	0 1
31	20	0.0	2	20
33	2	0.0	2	2
34	1	0.0	2	1
35	2	0.0	2	2
36	1	0.0	2	1
37	1	0.0	2	1
62	1	0.0	2	1
65	1	0.0	2	1
77	1	0.0	2	1
85	1	0.0	2	1
126	1	0.0	2	1
155	1	0.0	2	0 1
165	1	0.0	2	0 0 1
179	1	0.0	2	1
187	1	0.0	2	1
288	1	0.0	2	0 0 1
290	1	0.0	2	0 0 1
291	1	0.0	2	0 1
