This is cutadapt 5.2 with Python 3.13.14
Command line parameters: -g TGCCACGGTGAATACGTTCC -G CCTTGTTACGACTTCACCCCA --discard-untrimmed -e 0.1 --minimum-length 50 -j 4 -o results/region/V9/trimmed/RnDD_260801_20_RnDD-16S_n0_R1.fq.gz -p results/region/V9/trimmed/RnDD_260801_20_RnDD-16S_n0_R2.fq.gz /media/genomed/DATA_15Tb/16s_3run/RnDD_260801_20_RnDD-16S_n0/202608012056_RA01230801023_5P251211086US292659BX_RnD_16S_260801_RnDD_260801_20_RnDD-16S_n0_L00_R1.fq.gz /media/genomed/DATA_15Tb/16s_3run/RnDD_260801_20_RnDD-16S_n0/202608012056_RA01230801023_5P251211086US292659BX_RnD_16S_260801_RnDD_260801_20_RnDD-16S_n0_L00_R2.fq.gz
Processing paired-end reads on 4 cores ...

=== Summary ===

Total read pairs processed:            611,218
  Read 1 with adapter:                 117,871 (19.3%)
  Read 2 with adapter:                 116,185 (19.0%)

== Read fate breakdown ==
Pairs that were too short:                  26 (0.0%)
Pairs discarded as untrimmed:          498,456 (81.6%)
Pairs written (passing filters):       112,736 (18.4%)

Total basepairs processed:   366,730,800 bp
  Read 1:   183,365,400 bp
  Read 2:   183,365,400 bp
Total written (filtered):     63,030,311 bp (17.2%)
  Read 1:    31,570,722 bp
  Read 2:    31,459,589 bp

=== First read: Adapter 1 ===

Sequence: TGCCACGGTGAATACGTTCC; Type: regular 5'; Length: 20; Trimmed: 117871 times

Minimum overlap: 3
No. of allowed errors:
1-9 bp: 0; 10-19 bp: 1; 20 bp: 2

Overview of removed sequences
length	count	expect	max.err	error counts
3	1641	9550.3	0	1641
4	191	2387.6	0	191
5	18	596.9	0	18
6	14	149.2	0	14
7	12	37.3	0	12
8	9	9.3	0	9
9	25	2.3	0	25
10	7	0.6	1	7
11	7	0.1	1	4 3
12	7	0.0	1	4 3
13	31	0.0	1	27 4
14	57	0.0	1	46 11
15	39	0.0	1	26 13
16	26	0.0	1	16 10
17	75	0.0	1	55 20
18	267	0.0	1	204 61 2
19	2889	0.0	1	2117 742 30
20	112342	0.0	2	70841 39092 2409
21	185	0.0	2	5 139 41
22	2	0.0	2	2
24	4	0.0	2	1 2 1
27	1	0.0	2	0 1
28	1	0.0	2	0 0 1
30	8	0.0	2	4 3 1
32	1	0.0	2	0 0 1
43	1	0.0	2	0 1
51	1	0.0	2	0 1
106	1	0.0	2	0 0 1
107	4	0.0	2	0 2 2
119	1	0.0	2	0 0 1
164	1	0.0	2	1
177	1	0.0	2	0 0 1
193	1	0.0	2	0 0 1
228	1	0.0	2	0 0 1


=== Second read: Adapter 2 ===

Sequence: CCTTGTTACGACTTCACCCCA; Type: regular 5'; Length: 21; Trimmed: 116185 times

Minimum overlap: 3
No. of allowed errors:
1-9 bp: 0; 10-19 bp: 1; 20-21 bp: 2

Overview of removed sequences
length	count	expect	max.err	error counts
3	1093	9550.3	0	1093
4	57	2387.6	0	57
5	26	596.9	0	26
6	2	149.2	0	2
7	10	37.3	0	10
8	3	9.3	0	3
9	3	2.3	0	3
10	7	0.6	1	7
11	6	0.1	1	6
12	8	0.0	1	8
13	20	0.0	1	19 1
14	32	0.0	1	30 2
15	48	0.0	1	45 3
16	52	0.0	1	50 2
17	72	0.0	1	68 4
18	134	0.0	1	124 9 1
19	230	0.0	1	113 71 46
20	3129	0.0	2	651 2435 43
21	111028	0.0	2	108841 1944 243
22	121	0.0	2	27 93 1
23	8	0.0	2	8
25	3	0.0	2	3
26	2	0.0	2	2
29	1	0.0	2	1
30	6	0.0	2	3 3
31	25	0.0	2	25
33	1	0.0	2	1
34	4	0.0	2	4
35	1	0.0	2	1
36	1	0.0	2	1
37	1	0.0	2	0 1
38	1	0.0	2	1
44	1	0.0	2	1
49	1	0.0	2	1
53	1	0.0	2	1
54	1	0.0	2	1
55	1	0.0	2	1
58	1	0.0	2	1
63	1	0.0	2	1
99	1	0.0	2	1
116	1	0.0	2	1
157	1	0.0	2	1
158	1	0.0	2	1
160	1	0.0	2	0 1
174	1	0.0	2	1
185	1	0.0	2	1
197	1	0.0	2	0 1
198	1	0.0	2	1
205	1	0.0	2	0 1
215	1	0.0	2	1
240	1	0.0	2	1
243	1	0.0	2	1
246	4	0.0	2	3 0 1
278	1	0.0	2	0 1
279	1	0.0	2	1
280	1	0.0	2	1
284	1	0.0	2	0 1
285	1	0.0	2	0 0 1
289	1	0.0	2	0 1
290	2	0.0	2	0 1 1
291	18	0.0	2	10 4 4
