This is cutadapt 5.2 with Python 3.13.14
Command line parameters: -g TGCCACGGTGAATACGTTCC -G CCTTGTTACGACTTCACCCCA --discard-untrimmed -e 0.1 --minimum-length 50 -j 4 -o results/region/V9/trimmed/RnDD_260801_23_RnDD-16S_n0_R1.fq.gz -p results/region/V9/trimmed/RnDD_260801_23_RnDD-16S_n0_R2.fq.gz /media/genomed/DATA_15Tb/16s_3run/RnDD_260801_23_RnDD-16S_n0/202608012056_RA01230801023_5P251211086US292659BX_RnD_16S_260801_RnDD_260801_23_RnDD-16S_n0_L00_R1.fq.gz /media/genomed/DATA_15Tb/16s_3run/RnDD_260801_23_RnDD-16S_n0/202608012056_RA01230801023_5P251211086US292659BX_RnD_16S_260801_RnDD_260801_23_RnDD-16S_n0_L00_R2.fq.gz
Processing paired-end reads on 4 cores ...

=== Summary ===

Total read pairs processed:            424,204
  Read 1 with adapter:                  59,956 (14.1%)
  Read 2 with adapter:                  59,396 (14.0%)

== Read fate breakdown ==
Pairs that were too short:                   6 (0.0%)
Pairs discarded as untrimmed:          366,795 (86.5%)
Pairs written (passing filters):        57,403 (13.5%)

Total basepairs processed:   254,522,400 bp
  Read 1:   127,261,200 bp
  Read 2:   127,261,200 bp
Total written (filtered):     32,098,701 bp (12.6%)
  Read 1:    16,074,974 bp
  Read 2:    16,023,727 bp

=== First read: Adapter 1 ===

Sequence: TGCCACGGTGAATACGTTCC; Type: regular 5'; Length: 20; Trimmed: 59956 times

Minimum overlap: 3
No. of allowed errors:
1-9 bp: 0; 10-19 bp: 1; 20 bp: 2

Overview of removed sequences
length	count	expect	max.err	error counts
3	743	6628.2	0	743
4	48	1657.0	0	48
5	62	414.3	0	62
7	1	25.9	0	1
8	3	6.5	0	3
9	7	1.6	0	7
11	4	0.1	1	2 2
12	1	0.0	1	0 1
13	10	0.0	1	6 4
14	7	0.0	1	5 2
15	15	0.0	1	12 3
16	27	0.0	1	18 9
17	119	0.0	1	91 28
18	362	0.0	1	275 86 1
19	1238	0.0	1	879 344 15
20	57166	0.0	2	35147 21144 875
21	87	0.0	2	1 67 19
22	2	0.0	2	1 0 1
23	1	0.0	2	0 1
24	3	0.0	2	1 0 2
30	2	0.0	2	0 2
31	1	0.0	2	0 0 1
32	1	0.0	2	0 0 1
36	1	0.0	2	0 1
38	1	0.0	2	1
106	2	0.0	2	0 1 1
107	38	0.0	2	0 7 31
108	1	0.0	2	0 0 1
162	1	0.0	2	0 0 1
244	1	0.0	2	0 0 1
246	1	0.0	2	0 1


=== Second read: Adapter 2 ===

Sequence: CCTTGTTACGACTTCACCCCA; Type: regular 5'; Length: 21; Trimmed: 59396 times

Minimum overlap: 3
No. of allowed errors:
1-9 bp: 0; 10-19 bp: 1; 20-21 bp: 2

Overview of removed sequences
length	count	expect	max.err	error counts
3	1143	6628.2	0	1143
4	62	1657.0	0	62
5	56	414.3	0	56
6	6	103.6	0	6
7	18	25.9	0	18
8	15	6.5	0	15
9	1	1.6	0	1
10	25	0.4	1	25
11	15	0.1	1	15
12	22	0.0	1	22
13	53	0.0	1	50 3
14	78	0.0	1	74 4
15	158	0.0	1	151 7
16	86	0.0	1	77 9
17	80	0.0	1	69 11
18	125	0.0	1	112 10 3
19	226	0.0	1	97 48 81
20	1861	0.0	2	410 1434 17
21	55280	0.0	2	54375 829 76
22	61	0.0	2	8 53
23	1	0.0	2	0 1
25	2	0.0	2	2
30	1	0.0	2	1
31	4	0.0	2	4
33	1	0.0	2	0 1
34	1	0.0	2	0 1
44	2	0.0	2	0 2
51	1	0.0	2	1
88	1	0.0	2	1
152	1	0.0	2	0 1
157	1	0.0	2	1
186	1	0.0	2	1
211	1	0.0	2	0 1
237	1	0.0	2	0 0 1
280	1	0.0	2	1
291	5	0.0	2	1 3 1
