This is cutadapt 5.2 with Python 3.13.14
Command line parameters: -g TGCCACGGTGAATACGTTCC -G CCTTGTTACGACTTCACCCCA --discard-untrimmed -e 0.1 --minimum-length 50 -j 4 -o results/region/V9/trimmed/RnDD_260713_15_RnDD-16S_n0_R1.fq.gz -p results/region/V9/trimmed/RnDD_260713_15_RnDD-16S_n0_R2.fq.gz data/raw/RnDD_260713_15_RnDD-16S_n0/202607132008_RA01230801023_5P260413092US292662D3_RnD_SRSLY_16S_NPO_260713_RnDD_260713_15_RnDD-16S_n0_L00_R1.fq.gz data/raw/RnDD_260713_15_RnDD-16S_n0/202607132008_RA01230801023_5P260413092US292662D3_RnD_SRSLY_16S_NPO_260713_RnDD_260713_15_RnDD-16S_n0_L00_R2.fq.gz
Processing paired-end reads on 4 cores ...

=== Summary ===

Total read pairs processed:            379,155
  Read 1 with adapter:                  62,547 (16.5%)
  Read 2 with adapter:                  62,939 (16.6%)

== Read fate breakdown ==
Pairs that were too short:                  11 (0.0%)
Pairs discarded as untrimmed:          316,978 (83.6%)
Pairs written (passing filters):        62,166 (16.4%)

Total basepairs processed:   113,746,500 bp
  Read 1:    56,873,250 bp
  Read 2:    56,873,250 bp
Total written (filtered):     16,105,847 bp (14.2%)
  Read 1:     8,084,031 bp
  Read 2:     8,021,816 bp

=== First read: Adapter 1 ===

Sequence: TGCCACGGTGAATACGTTCC; Type: regular 5'; Length: 20; Trimmed: 62547 times

Minimum overlap: 3
No. of allowed errors:
1-9 bp: 0; 10-19 bp: 1; 20 bp: 2

Overview of removed sequences
length	count	expect	max.err	error counts
3	135	5924.3	0	135
4	23	1481.1	0	23
5	18	370.3	0	18
6	8	92.6	0	8
7	3	23.1	0	3
8	4	5.8	0	4
9	8	1.4	0	8
10	3	0.4	1	3
11	4	0.1	1	4
12	2	0.0	1	2
13	15	0.0	1	15
14	7	0.0	1	6 1
15	22	0.0	1	22
16	13	0.0	1	13
17	25	0.0	1	19 6
18	81	0.0	1	65 12 4
19	1823	0.0	1	1652 169 2
20	60201	0.0	2	58726 1370 105
21	125	0.0	2	6 117 2
22	1	0.0	2	1
30	5	0.0	2	5
32	5	0.0	2	4 1
33	2	0.0	2	2
39	1	0.0	2	1
43	1	0.0	2	0 0 1
69	1	0.0	2	1
72	1	0.0	2	1
102	1	0.0	2	0 1
107	5	0.0	2	0 5
127	1	0.0	2	1
134	1	0.0	2	1
137	1	0.0	2	1
148	1	0.0	2	1


=== Second read: Adapter 2 ===

Sequence: CCTTGTTACGACTTCACCCCA; Type: regular 5'; Length: 21; Trimmed: 62939 times

Minimum overlap: 3
No. of allowed errors:
1-9 bp: 0; 10-19 bp: 1; 20-21 bp: 2

Overview of removed sequences
length	count	expect	max.err	error counts
3	338	5924.3	0	338
4	66	1481.1	0	66
5	19	370.3	0	19
6	1	92.6	0	1
7	4	23.1	0	4
8	2	5.8	0	2
10	4	0.4	1	4
12	1	0.0	1	1
13	12	0.0	1	11 1
14	10	0.0	1	10
15	11	0.0	1	10 1
16	15	0.0	1	13 2
17	35	0.0	1	33 2
18	56	0.0	1	48 7 1
19	130	0.0	1	59 44 27
20	1508	0.0	2	319 1165 24
21	60633	0.0	2	59167 1332 134
22	65	0.0	2	11 53 1
23	6	0.0	2	6
25	5	0.0	2	4 0 1
26	2	0.0	2	2
30	1	0.0	2	0 1
31	11	0.0	2	9 1 1
36	1	0.0	2	1
65	1	0.0	2	1
86	1	0.0	2	1
110	1	0.0	2	1
