This is cutadapt 5.2 with Python 3.13.14
Command line parameters: -g TGCCACGGTGAATACGTTCC -G CCTTGTTACGACTTCACCCCA --discard-untrimmed -e 0.1 --minimum-length 50 -j 4 -o results/region/V9/trimmed/RnDD_260801_17_RnDD-16S_n0_R1.fq.gz -p results/region/V9/trimmed/RnDD_260801_17_RnDD-16S_n0_R2.fq.gz /media/genomed/DATA_15Tb/16s_3run/RnDD_260801_17_RnDD-16S_n0/202608012056_RA01230801023_5P251211086US292659BX_RnD_16S_260801_RnDD_260801_17_RnDD-16S_n0_L00_R1.fq.gz /media/genomed/DATA_15Tb/16s_3run/RnDD_260801_17_RnDD-16S_n0/202608012056_RA01230801023_5P251211086US292659BX_RnD_16S_260801_RnDD_260801_17_RnDD-16S_n0_L00_R2.fq.gz
Processing paired-end reads on 4 cores ...

=== Summary ===

Total read pairs processed:            137,853
  Read 1 with adapter:                  21,473 (15.6%)
  Read 2 with adapter:                  21,038 (15.3%)

== Read fate breakdown ==
Pairs that were too short:                   1 (0.0%)
Pairs discarded as untrimmed:          117,668 (85.4%)
Pairs written (passing filters):        20,184 (14.6%)

Total basepairs processed:    82,711,800 bp
  Read 1:    41,355,900 bp
  Read 2:    41,355,900 bp
Total written (filtered):     11,290,890 bp (13.7%)
  Read 1:     5,652,743 bp
  Read 2:     5,638,147 bp

=== First read: Adapter 1 ===

Sequence: TGCCACGGTGAATACGTTCC; Type: regular 5'; Length: 20; Trimmed: 21473 times

Minimum overlap: 3
No. of allowed errors:
1-9 bp: 0; 10-19 bp: 1; 20 bp: 2

Overview of removed sequences
length	count	expect	max.err	error counts
3	272	2154.0	0	272
4	19	538.5	0	19
5	22	134.6	0	22
8	2	2.1	0	2
9	5	0.5	0	5
10	2	0.1	1	2
12	1	0.0	1	0 1
13	2	0.0	1	2
14	10	0.0	1	9 1
15	18	0.0	1	14 4
16	18	0.0	1	12 6
17	83	0.0	1	66 17
18	121	0.0	1	88 33
19	629	0.0	1	463 160 6
20	20175	0.0	2	12193 7607 375
21	42	0.0	2	1 35 6
32	4	0.0	2	3 1
102	1	0.0	2	0 1
106	3	0.0	2	0 3
107	43	0.0	2	0 15 28
171	1	0.0	2	0 1


=== Second read: Adapter 2 ===

Sequence: CCTTGTTACGACTTCACCCCA; Type: regular 5'; Length: 21; Trimmed: 21038 times

Minimum overlap: 3
No. of allowed errors:
1-9 bp: 0; 10-19 bp: 1; 20-21 bp: 2

Overview of removed sequences
length	count	expect	max.err	error counts
3	614	2154.0	0	614
4	24	538.5	0	24
5	19	134.6	0	19
7	4	8.4	0	4
8	7	2.1	0	7
9	1	0.5	0	1
10	13	0.1	1	13
11	17	0.0	1	17
12	21	0.0	1	20 1
13	57	0.0	1	56 1
14	59	0.0	1	56 3
15	68	0.0	1	66 2
16	40	0.0	1	37 3
17	37	0.0	1	34 3
18	62	0.0	1	50 11 1
19	115	0.0	1	50 26 39
20	666	0.0	2	153 509 4
21	19182	0.0	2	18882 271 29
22	21	0.0	2	2 19
23	2	0.0	2	2
26	1	0.0	2	1
31	2	0.0	2	2
32	1	0.0	2	1
34	1	0.0	2	1
37	1	0.0	2	1
44	1	0.0	2	0 1
242	1	0.0	2	1
279	1	0.0	2	1
