This is cutadapt 5.2 with Python 3.13.14
Command line parameters: -g TGCCACGGTGAATACGTTCC -G CCTTGTTACGACTTCACCCCA --discard-untrimmed -e 0.1 --minimum-length 50 -j 4 -o results/region/V9/trimmed/RnDD_260801_10_RnDD-16S_n0_R1.fq.gz -p results/region/V9/trimmed/RnDD_260801_10_RnDD-16S_n0_R2.fq.gz /media/genomed/DATA_15Tb/16s_3run/RnDD_260801_10_RnDD-16S_n0/202608012056_RA01230801023_5P251211086US292659BX_RnD_16S_260801_RnDD_260801_10_RnDD-16S_n0_L00_R1.fq.gz /media/genomed/DATA_15Tb/16s_3run/RnDD_260801_10_RnDD-16S_n0/202608012056_RA01230801023_5P251211086US292659BX_RnD_16S_260801_RnDD_260801_10_RnDD-16S_n0_L00_R2.fq.gz
Processing paired-end reads on 4 cores ...

=== Summary ===

Total read pairs processed:            319,260
  Read 1 with adapter:                  60,993 (19.1%)
  Read 2 with adapter:                  67,370 (21.1%)

== Read fate breakdown ==
Pairs that were too short:                   1 (0.0%)
Pairs discarded as untrimmed:          261,089 (81.8%)
Pairs written (passing filters):        58,170 (18.2%)

Total basepairs processed:   191,556,000 bp
  Read 1:    95,778,000 bp
  Read 2:    95,778,000 bp
Total written (filtered):     32,462,953 bp (16.9%)
  Read 1:    16,226,394 bp
  Read 2:    16,236,559 bp

=== First read: Adapter 1 ===

Sequence: TGCCACGGTGAATACGTTCC; Type: regular 5'; Length: 20; Trimmed: 60993 times

Minimum overlap: 3
No. of allowed errors:
1-9 bp: 0; 10-19 bp: 1; 20 bp: 2

Overview of removed sequences
length	count	expect	max.err	error counts
3	977	4988.4	0	977
4	126	1247.1	0	126
5	67	311.8	0	67
6	2	77.9	0	2
7	2	19.5	0	2
8	5	4.9	0	5
9	35	1.2	0	35
10	8	0.3	1	8
11	13	0.1	1	9 4
12	19	0.0	1	14 5
13	29	0.0	1	18 11
14	54	0.0	1	41 13
15	37	0.0	1	25 12
16	257	0.0	1	168 89
17	192	0.0	1	162 30
18	473	0.0	1	364 109
19	1459	0.0	1	1082 366 11
20	56568	0.0	2	34694 20992 882
21	77	0.0	2	5 53 19
22	5	0.0	2	3 0 2
23	7	0.0	2	3 3 1
24	5	0.0	2	5
25	5	0.0	2	3 1 1
27	8	0.0	2	6 2
28	31	0.0	2	9 19 3
29	3	0.0	2	3
30	10	0.0	2	5 3 2
31	2	0.0	2	2
32	6	0.0	2	2 2 2
33	2	0.0	2	0 1 1
34	6	0.0	2	2 3 1
35	1	0.0	2	0 1
36	1	0.0	2	0 1
37	11	0.0	2	3 7 1
38	5	0.0	2	0 5
40	12	0.0	2	1 10 1
41	2	0.0	2	2
42	4	0.0	2	1 3
43	1	0.0	2	0 1
44	2	0.0	2	2
45	1	0.0	2	0 1
61	1	0.0	2	1
72	1	0.0	2	0 1
73	2	0.0	2	0 1 1
107	1	0.0	2	0 0 1
115	1	0.0	2	0 0 1
117	1	0.0	2	0 0 1
119	6	0.0	2	0 2 4
120	1	0.0	2	0 0 1
123	2	0.0	2	0 0 2
124	1	0.0	2	0 1
125	2	0.0	2	0 0 2
126	1	0.0	2	0 0 1
128	1	0.0	2	0 1
130	1	0.0	2	0 0 1
133	1	0.0	2	0 1
134	2	0.0	2	0 1 1
135	4	0.0	2	0 2 2
136	2	0.0	2	0 0 2
137	3	0.0	2	0 2 1
138	2	0.0	2	0 0 2
139	10	0.0	2	0 4 6
140	8	0.0	2	1 4 3
141	7	0.0	2	1 3 3
142	6	0.0	2	1 0 5
143	8	0.0	2	0 3 5
144	3	0.0	2	1 0 2
145	9	0.0	2	0 4 5
147	6	0.0	2	2 4
148	5	0.0	2	1 1 3
149	1	0.0	2	0 0 1
150	3	0.0	2	1 1 1
151	6	0.0	2	0 2 4
152	8	0.0	2	1 3 4
153	6	0.0	2	0 4 2
154	9	0.0	2	0 4 5
155	3	0.0	2	0 2 1
156	7	0.0	2	1 4 2
157	5	0.0	2	1 4
158	5	0.0	2	2 2 1
159	14	0.0	2	2 3 9
161	18	0.0	2	2 11 5
162	6	0.0	2	1 3 2
163	46	0.0	2	20 21 5
164	10	0.0	2	1 3 6
165	2	0.0	2	0 1 1
166	7	0.0	2	0 4 3
167	2	0.0	2	0 1 1
168	5	0.0	2	0 3 2
169	6	0.0	2	1 2 3
170	6	0.0	2	2 3 1
171	1	0.0	2	1
172	2	0.0	2	1 1
173	1	0.0	2	0 0 1
174	1	0.0	2	0 0 1
176	6	0.0	2	0 3 3
177	10	0.0	2	0 3 7
179	3	0.0	2	0 1 2
180	1	0.0	2	0 1
183	2	0.0	2	0 0 2
184	1	0.0	2	0 0 1
186	4	0.0	2	1 2 1
187	1	0.0	2	0 0 1
188	2	0.0	2	0 1 1
191	1	0.0	2	0 1
192	5	0.0	2	0 2 3
193	6	0.0	2	2 2 2
195	2	0.0	2	0 0 2
196	1	0.0	2	0 1
198	2	0.0	2	0 0 2
200	1	0.0	2	0 0 1
202	2	0.0	2	0 1 1
204	1	0.0	2	0 0 1
205	1	0.0	2	0 1
206	2	0.0	2	0 2
209	1	0.0	2	0 0 1
210	2	0.0	2	0 1 1
211	2	0.0	2	1 0 1
212	2	0.0	2	0 2
213	1	0.0	2	0 1
214	3	0.0	2	0 0 3
216	2	0.0	2	0 0 2
217	9	0.0	2	0 6 3
218	8	0.0	2	0 4 4
219	3	0.0	2	0 1 2
220	11	0.0	2	1 5 5
221	9	0.0	2	1 2 6
222	4	0.0	2	0 3 1
223	1	0.0	2	0 0 1
224	5	0.0	2	1 1 3
225	4	0.0	2	0 2 2
226	7	0.0	2	1 2 4
227	14	0.0	2	2 7 5
228	10	0.0	2	0 5 5
229	4	0.0	2	0 2 2
230	4	0.0	2	0 1 3
233	2	0.0	2	0 1 1
235	3	0.0	2	1 0 2
237	3	0.0	2	2 0 1
238	1	0.0	2	0 0 1
239	5	0.0	2	1 1 3
240	1	0.0	2	1
241	4	0.0	2	0 0 4
245	3	0.0	2	0 0 3
247	1	0.0	2	0 0 1
250	1	0.0	2	0 0 1
252	1	0.0	2	0 1


=== Second read: Adapter 2 ===

Sequence: CCTTGTTACGACTTCACCCCA; Type: regular 5'; Length: 21; Trimmed: 67370 times

Minimum overlap: 3
No. of allowed errors:
1-9 bp: 0; 10-19 bp: 1; 20-21 bp: 2

Overview of removed sequences
length	count	expect	max.err	error counts
3	2182	4988.4	0	2182
4	151	1247.1	0	151
5	134	311.8	0	134
6	5	77.9	0	5
7	6	19.5	0	6
8	4	4.9	0	4
10	7	0.3	1	6 1
11	1	0.1	1	1
12	4	0.0	1	4
13	3	0.0	1	2 1
14	11	0.0	1	10 1
15	30	0.0	1	30
16	12	0.0	1	9 3
17	23	0.0	1	21 2
18	89	0.0	1	81 8
19	132	0.0	1	74 31 27
20	1556	0.0	2	378 1162 16
21	62882	0.0	2	61981 819 82
22	68	0.0	2	8 58 2
23	5	0.0	2	4 1
24	1	0.0	2	1
25	1	0.0	2	1
26	2	0.0	2	2
27	1	0.0	2	1
29	3	0.0	2	2 1
30	4	0.0	2	2 2
31	30	0.0	2	30
32	1	0.0	2	1
33	1	0.0	2	0 1
34	3	0.0	2	3
37	1	0.0	2	1
38	1	0.0	2	1
39	1	0.0	2	1
44	1	0.0	2	0 1
45	2	0.0	2	2
95	1	0.0	2	1
126	1	0.0	2	1
136	1	0.0	2	1
141	1	0.0	2	0 1
144	1	0.0	2	0 1
149	1	0.0	2	1
163	1	0.0	2	0 1
195	2	0.0	2	1 0 1
215	1	0.0	2	1
218	1	0.0	2	1
241	1	0.0	2	1
