This is cutadapt 5.2 with Python 3.13.14
Command line parameters: -g TGCCACGGTGAATACGTTCC -G CCTTGTTACGACTTCACCCCA --discard-untrimmed -e 0.1 --minimum-length 50 -j 4 -o results/region/V9/trimmed/RnDD_260713_17_RnDD-16S_n0_R1.fq.gz -p results/region/V9/trimmed/RnDD_260713_17_RnDD-16S_n0_R2.fq.gz data/raw/RnDD_260713_17_RnDD-16S_n0/202607132008_RA01230801023_5P260413092US292662D3_RnD_SRSLY_16S_NPO_260713_RnDD_260713_17_RnDD-16S_n0_L00_R1.fq.gz data/raw/RnDD_260713_17_RnDD-16S_n0/202607132008_RA01230801023_5P260413092US292662D3_RnD_SRSLY_16S_NPO_260713_RnDD_260713_17_RnDD-16S_n0_L00_R2.fq.gz
Processing paired-end reads on 4 cores ...

=== Summary ===

Total read pairs processed:             77,432
  Read 1 with adapter:                   6,756 (8.7%)
  Read 2 with adapter:                   6,833 (8.8%)

== Read fate breakdown ==
Pairs that were too short:                  46 (0.1%)
Pairs discarded as untrimmed:           70,756 (91.4%)
Pairs written (passing filters):         6,630 (8.6%)

Total basepairs processed:    23,229,600 bp
  Read 1:    11,614,800 bp
  Read 2:    11,614,800 bp
Total written (filtered):      1,719,019 bp (7.4%)
  Read 1:       862,560 bp
  Read 2:       856,459 bp

=== First read: Adapter 1 ===

Sequence: TGCCACGGTGAATACGTTCC; Type: regular 5'; Length: 20; Trimmed: 6756 times

Minimum overlap: 3
No. of allowed errors:
1-9 bp: 0; 10-19 bp: 1; 20 bp: 2

Overview of removed sequences
length	count	expect	max.err	error counts
3	31	1209.9	0	31
4	2	302.5	0	2
5	10	75.6	0	10
6	3	18.9	0	3
7	1	4.7	0	1
9	5	0.3	0	5
10	2	0.1	1	2
13	5	0.0	1	5
14	2	0.0	1	2
15	6	0.0	1	6
16	5	0.0	1	5
17	31	0.0	1	30 1
18	52	0.0	1	44 7 1
19	229	0.0	1	200 28 1
20	6308	0.0	2	6131 166 11
21	14	0.0	2	1 13
32	2	0.0	2	2
38	1	0.0	2	1
89	1	0.0	2	0 1
105	1	0.0	2	0 1
106	3	0.0	2	0 3
107	40	0.0	2	0 38 2
129	2	0.0	2	0 0 2


=== Second read: Adapter 2 ===

Sequence: CCTTGTTACGACTTCACCCCA; Type: regular 5'; Length: 21; Trimmed: 6833 times

Minimum overlap: 3
No. of allowed errors:
1-9 bp: 0; 10-19 bp: 1; 20-21 bp: 2

Overview of removed sequences
length	count	expect	max.err	error counts
3	98	1209.9	0	98
4	7	302.5	0	7
5	9	75.6	0	9
6	1	18.9	0	1
7	1	4.7	0	1
8	1	1.2	0	1
10	7	0.1	1	7
11	5	0.0	1	5
12	5	0.0	1	5
13	13	0.0	1	10 3
14	17	0.0	1	17
15	28	0.0	1	26 2
16	32	0.0	1	25 7
17	15	0.0	1	12 3
18	15	0.0	1	13 1 1
19	45	0.0	1	21 17 7
20	228	0.0	2	66 156 6
21	6293	0.0	2	6102 165 26
22	10	0.0	2	0 9 1
26	1	0.0	2	1
33	1	0.0	2	1
34	1	0.0	2	1
