This is cutadapt 5.2 with Python 3.13.14
Command line parameters: -g TGCCACGGTGAATACGTTCC -G CCTTGTTACGACTTCACCCCA --discard-untrimmed -e 0.1 --minimum-length 50 -j 4 -o results/region/V9/trimmed/RnDD_260801_25_RnDD-16S_n0_R1.fq.gz -p results/region/V9/trimmed/RnDD_260801_25_RnDD-16S_n0_R2.fq.gz /media/genomed/DATA_15Tb/16s_3run/RnDD_260801_25_RnDD-16S_n0/202608012056_RA01230801023_5P251211086US292659BX_RnD_16S_260801_RnDD_260801_25_RnDD-16S_n0_L00_R1.fq.gz /media/genomed/DATA_15Tb/16s_3run/RnDD_260801_25_RnDD-16S_n0/202608012056_RA01230801023_5P251211086US292659BX_RnD_16S_260801_RnDD_260801_25_RnDD-16S_n0_L00_R2.fq.gz
Processing paired-end reads on 4 cores ...

=== Summary ===

Total read pairs processed:            824,901
  Read 1 with adapter:                 213,337 (25.9%)
  Read 2 with adapter:                 210,047 (25.5%)

== Read fate breakdown ==
Pairs that were too short:                  19 (0.0%)
Pairs discarded as untrimmed:          618,911 (75.0%)
Pairs written (passing filters):       205,971 (25.0%)

Total basepairs processed:   494,940,600 bp
  Read 1:   247,470,300 bp
  Read 2:   247,470,300 bp
Total written (filtered):    115,174,691 bp (23.3%)
  Read 1:    57,679,626 bp
  Read 2:    57,495,065 bp

=== First read: Adapter 1 ===

Sequence: TGCCACGGTGAATACGTTCC; Type: regular 5'; Length: 20; Trimmed: 213337 times

Minimum overlap: 3
No. of allowed errors:
1-9 bp: 0; 10-19 bp: 1; 20 bp: 2

Overview of removed sequences
length	count	expect	max.err	error counts
3	2553	12889.1	0	2553
4	61	3222.3	0	61
5	21	805.6	0	21
6	3	201.4	0	3
8	1	12.6	0	1
9	17	3.1	0	17
10	7	0.8	1	7
11	8	0.2	1	5 3
12	4	0.0	1	2 2
13	12	0.0	1	6 6
14	33	0.0	1	24 9
15	41	0.0	1	27 14
16	65	0.0	1	39 26
17	178	0.0	1	145 33
18	809	0.0	1	599 209 1
19	5005	0.0	1	3593 1353 59
20	204129	0.0	2	125252 75622 3255
21	325	0.0	2	11 235 79
22	5	0.0	2	4 1
24	3	0.0	2	3
25	2	0.0	2	2
30	8	0.0	2	6 2
31	1	0.0	2	0 1
32	6	0.0	2	2 3 1
37	1	0.0	2	0 1
38	2	0.0	2	1 1
39	1	0.0	2	0 1
44	2	0.0	2	0 0 2
45	1	0.0	2	0 0 1
47	1	0.0	2	0 0 1
48	1	0.0	2	1
49	1	0.0	2	0 1
106	2	0.0	2	0 0 2
107	24	0.0	2	0 6 18
137	1	0.0	2	1
159	1	0.0	2	0 1
247	1	0.0	2	0 0 1
287	1	0.0	2	0 0 1


=== Second read: Adapter 2 ===

Sequence: CCTTGTTACGACTTCACCCCA; Type: regular 5'; Length: 21; Trimmed: 210047 times

Minimum overlap: 3
No. of allowed errors:
1-9 bp: 0; 10-19 bp: 1; 20-21 bp: 2

Overview of removed sequences
length	count	expect	max.err	error counts
3	2446	12889.1	0	2446
4	75	3222.3	0	75
5	136	805.6	0	136
6	3	201.4	0	3
7	30	50.3	0	30
8	18	12.6	0	18
9	8	3.1	0	7 1
10	32	0.8	1	32
11	21	0.2	1	20 1
12	30	0.0	1	29 1
13	76	0.0	1	74 2
14	83	0.0	1	80 3
15	123	0.0	1	113 10
16	168	0.0	1	151 17
17	212	0.0	1	194 18
18	322	0.0	1	274 43 5
19	685	0.0	1	302 202 181
20	6681	0.0	2	1464 5149 68
21	198539	0.0	2	195545 2771 223
22	250	0.0	2	39 208 3
23	10	0.0	2	10
24	2	0.0	2	0 2
25	5	0.0	2	5
26	2	0.0	2	2
29	4	0.0	2	2 1 1
30	8	0.0	2	1 7
31	29	0.0	2	28 1
32	1	0.0	2	0 1
33	2	0.0	2	2
34	3	0.0	2	3
35	1	0.0	2	1
36	1	0.0	2	1
37	2	0.0	2	2
38	1	0.0	2	0 1
39	3	0.0	2	2 1
44	3	0.0	2	1 1 1
45	2	0.0	2	2
49	1	0.0	2	1
52	1	0.0	2	1
94	1	0.0	2	1
98	1	0.0	2	1
99	1	0.0	2	1
115	1	0.0	2	1
116	1	0.0	2	1
145	1	0.0	2	1
155	1	0.0	2	0 1
164	1	0.0	2	0 1
165	1	0.0	2	0 1
250	1	0.0	2	1
277	1	0.0	2	1
281	1	0.0	2	1
286	1	0.0	2	1
289	1	0.0	2	0 0 1
290	2	0.0	2	0 1 1
291	10	0.0	2	6 4
292	2	0.0	2	0 1 1
