This is cutadapt 5.2 with Python 3.13.14
Command line parameters: -g TGCCACGGTGAATACGTTCC -G CCTTGTTACGACTTCACCCCA --discard-untrimmed -e 0.1 --minimum-length 50 -j 4 -o results/region/V9/trimmed/RnDD_260801_11_RnDD-16S_n0_R1.fq.gz -p results/region/V9/trimmed/RnDD_260801_11_RnDD-16S_n0_R2.fq.gz /media/genomed/DATA_15Tb/16s_3run/RnDD_260801_11_RnDD-16S_n0/202608012056_RA01230801023_5P251211086US292659BX_RnD_16S_260801_RnDD_260801_11_RnDD-16S_n0_L00_R1.fq.gz /media/genomed/DATA_15Tb/16s_3run/RnDD_260801_11_RnDD-16S_n0/202608012056_RA01230801023_5P251211086US292659BX_RnD_16S_260801_RnDD_260801_11_RnDD-16S_n0_L00_R2.fq.gz
Processing paired-end reads on 4 cores ...

=== Summary ===

Total read pairs processed:            391,085
  Read 1 with adapter:                  76,352 (19.5%)
  Read 2 with adapter:                  75,435 (19.3%)

== Read fate breakdown ==
Pairs that were too short:                   2 (0.0%)
Pairs discarded as untrimmed:          319,439 (81.7%)
Pairs written (passing filters):        71,644 (18.3%)

Total basepairs processed:   234,651,000 bp
  Read 1:   117,325,500 bp
  Read 2:   117,325,500 bp
Total written (filtered):     40,065,682 bp (17.1%)
  Read 1:    20,061,152 bp
  Read 2:    20,004,530 bp

=== First read: Adapter 1 ===

Sequence: TGCCACGGTGAATACGTTCC; Type: regular 5'; Length: 20; Trimmed: 76352 times

Minimum overlap: 3
No. of allowed errors:
1-9 bp: 0; 10-19 bp: 1; 20 bp: 2

Overview of removed sequences
length	count	expect	max.err	error counts
3	836	6110.7	0	836
4	135	1527.7	0	135
5	72	381.9	0	72
8	3	6.0	0	3
9	2	1.5	0	2
10	4	0.4	1	3 1
11	1	0.1	1	0 1
12	7	0.0	1	4 3
13	13	0.0	1	7 6
14	13	0.0	1	12 1
15	20	0.0	1	16 4
16	34	0.0	1	21 13
17	220	0.0	1	173 47
18	882	0.0	1	666 213 3
19	2936	0.0	1	2207 707 22
20	70884	0.0	2	43412 26365 1107
21	97	0.0	2	3 72 22
22	2	0.0	2	1 1
23	1	0.0	2	1
24	1	0.0	2	0 1
27	1	0.0	2	0 1
28	1	0.0	2	0 1
29	4	0.0	2	2 2
30	4	0.0	2	2 2
36	1	0.0	2	1
38	2	0.0	2	1 1
43	2	0.0	2	0 1 1
51	1	0.0	2	0 1
61	1	0.0	2	0 1
62	1	0.0	2	1
89	1	0.0	2	0 0 1
100	1	0.0	2	0 1
103	1	0.0	2	0 0 1
105	3	0.0	2	0 1 2
106	6	0.0	2	0 2 4
107	130	0.0	2	0 26 104
108	3	0.0	2	0 0 3
109	1	0.0	2	0 0 1
121	1	0.0	2	0 0 1
123	1	0.0	2	0 0 1
137	1	0.0	2	1
139	1	0.0	2	0 1
142	1	0.0	2	0 0 1
145	1	0.0	2	1
150	1	0.0	2	0 1
151	1	0.0	2	0 1
152	1	0.0	2	0 0 1
163	2	0.0	2	1 1
165	1	0.0	2	0 0 1
171	1	0.0	2	0 1
172	1	0.0	2	1
177	1	0.0	2	0 1
178	2	0.0	2	1 1
185	1	0.0	2	0 0 1
189	1	0.0	2	1
202	1	0.0	2	0 1
205	1	0.0	2	0 0 1
213	1	0.0	2	1
221	1	0.0	2	0 1
223	1	0.0	2	0 0 1
228	1	0.0	2	0 0 1


=== Second read: Adapter 2 ===

Sequence: CCTTGTTACGACTTCACCCCA; Type: regular 5'; Length: 21; Trimmed: 75435 times

Minimum overlap: 3
No. of allowed errors:
1-9 bp: 0; 10-19 bp: 1; 20-21 bp: 2

Overview of removed sequences
length	count	expect	max.err	error counts
3	2237	6110.7	0	2237
4	148	1527.7	0	148
5	112	381.9	0	112
6	29	95.5	0	29
7	34	23.9	0	34
8	33	6.0	0	33
9	4	1.5	0	4
10	46	0.4	1	44 2
11	45	0.1	1	45
12	42	0.0	1	39 3
13	89	0.0	1	85 4
14	185	0.0	1	177 8
15	314	0.0	1	306 8
16	122	0.0	1	107 15
17	142	0.0	1	133 9
18	200	0.0	1	174 21 5
19	358	0.0	1	166 91 101
20	2738	0.0	2	616 2083 39
21	68404	0.0	2	67298 1013 93
22	88	0.0	2	10 76 2
23	3	0.0	2	3
24	1	0.0	2	0 1
25	5	0.0	2	5
27	1	0.0	2	1
29	2	0.0	2	1 0 1
30	1	0.0	2	0 1
31	24	0.0	2	24
33	1	0.0	2	1
34	2	0.0	2	2
40	1	0.0	2	1
42	1	0.0	2	1
43	1	0.0	2	1
44	2	0.0	2	0 2
46	1	0.0	2	1
56	1	0.0	2	1
97	1	0.0	2	1
113	1	0.0	2	1
131	2	0.0	2	2
139	1	0.0	2	1
146	2	0.0	2	2
150	1	0.0	2	0 1
152	1	0.0	2	0 1
156	1	0.0	2	1
163	1	0.0	2	1
176	1	0.0	2	0 1
182	1	0.0	2	1
200	1	0.0	2	0 1
223	1	0.0	2	0 0 1
243	1	0.0	2	0 0 1
290	1	0.0	2	1
291	1	0.0	2	0 0 1
