This is cutadapt 5.2 with Python 3.13.14
Command line parameters: -g CGGTGGAGCATGTGGTTTAA -G AGTTGCAGACTCCAATCCGG --discard-untrimmed -e 0.1 --minimum-length 50 -j 4 -o results/region/V6_V8/trimmed/RnDD_260801_7_RnDD-16S_n0_R1.fq.gz -p results/region/V6_V8/trimmed/RnDD_260801_7_RnDD-16S_n0_R2.fq.gz /media/genomed/DATA_15Tb/16s_3run/RnDD_260801_7_RnDD-16S_n0/202608012056_RA01230801023_5P251211086US292659BX_RnD_16S_260801_RnDD_260801_7_RnDD-16S_n0_L00_R1.fq.gz /media/genomed/DATA_15Tb/16s_3run/RnDD_260801_7_RnDD-16S_n0/202608012056_RA01230801023_5P251211086US292659BX_RnD_16S_260801_RnDD_260801_7_RnDD-16S_n0_L00_R2.fq.gz
Processing paired-end reads on 4 cores ...

=== Summary ===

Total read pairs processed:            408,293
  Read 1 with adapter:                 117,707 (28.8%)
  Read 2 with adapter:                 116,033 (28.4%)

== Read fate breakdown ==
Pairs that were too short:                   1 (0.0%)
Pairs discarded as untrimmed:          306,056 (75.0%)
Pairs written (passing filters):       102,236 (25.0%)

Total basepairs processed:   244,975,800 bp
  Read 1:   122,487,900 bp
  Read 2:   122,487,900 bp
Total written (filtered):     57,233,891 bp (23.4%)
  Read 1:    28,629,101 bp
  Read 2:    28,604,790 bp

=== First read: Adapter 1 ===

Sequence: CGGTGGAGCATGTGGTTTAA; Type: regular 5'; Length: 20; Trimmed: 117707 times

Minimum overlap: 3
No. of allowed errors:
1-9 bp: 0; 10-19 bp: 1; 20 bp: 2

Overview of removed sequences
length	count	expect	max.err	error counts
3	246	6379.6	0	246
4	192	1594.9	0	192
5	7	398.7	0	7
6	9	99.7	0	9
7	29	24.9	0	29
8	12	6.2	0	12
9	16	1.6	0	16
10	5	0.4	1	4 1
11	36	0.1	1	31 5
12	17	0.0	1	10 7
13	38	0.0	1	9 29
14	18	0.0	1	6 12
15	19	0.0	1	6 13
16	20	0.0	1	9 11
17	21	0.0	1	10 11
18	111	0.0	1	41 69 1
19	313	0.0	1	41 188 84
20	116299	0.0	2	35935 58898 21466
21	269	0.0	2	12 134 123
22	5	0.0	2	3 1 1
24	5	0.0	2	2 1 2
25	3	0.0	2	1 0 2
26	1	0.0	2	0 0 1
27	1	0.0	2	0 0 1
31	1	0.0	2	1
57	1	0.0	2	0 0 1
64	1	0.0	2	0 0 1
83	1	0.0	2	0 0 1
102	1	0.0	2	0 0 1
106	1	0.0	2	0 0 1
120	1	0.0	2	1
124	1	0.0	2	1
153	1	0.0	2	0 0 1
162	1	0.0	2	0 0 1
163	3	0.0	2	1 1 1
174	1	0.0	2	0 1
198	1	0.0	2	1


=== Second read: Adapter 2 ===

Sequence: AGTTGCAGACTCCAATCCGG; Type: regular 5'; Length: 20; Trimmed: 116033 times

Minimum overlap: 3
No. of allowed errors:
1-9 bp: 0; 10-19 bp: 1; 20 bp: 2

Overview of removed sequences
length	count	expect	max.err	error counts
3	6007	6379.6	0	6007
4	215	1594.9	0	215
5	25	398.7	0	25
6	36	99.7	0	36
7	18	24.9	0	18
8	34	6.2	0	34
9	54	1.6	0	54
10	12	0.4	1	12
11	53	0.1	1	53
12	27	0.0	1	27
13	78	0.0	1	74 4
14	31	0.0	1	30 1
15	52	0.0	1	50 2
16	95	0.0	1	92 3
17	89	0.0	1	87 2
18	110	0.0	1	81 14 15
19	623	0.0	1	253 364 6
20	107311	0.0	2	104860 2064 387
21	161	0.0	2	24 135 2
22	5	0.0	2	4 1
24	11	0.0	2	10 1
25	5	0.0	2	4 1
26	4	0.0	2	4
27	4	0.0	2	4
28	1	0.0	2	1
29	1	0.0	2	1
30	5	0.0	2	5
31	5	0.0	2	5
32	7	0.0	2	7
33	5	0.0	2	5
34	2	0.0	2	2
35	1	0.0	2	1
36	3	0.0	2	3
37	3	0.0	2	3
38	1	0.0	2	1
39	2	0.0	2	2
40	2	0.0	2	2
41	3	0.0	2	3
44	3	0.0	2	3
45	1	0.0	2	1
46	3	0.0	2	3
47	9	0.0	2	9
48	2	0.0	2	2
49	1	0.0	2	1
50	1	0.0	2	1
53	1	0.0	2	1
54	1	0.0	2	1
55	3	0.0	2	3
56	1	0.0	2	1
57	1	0.0	2	1
58	9	0.0	2	8 1
62	1	0.0	2	1
63	2	0.0	2	2
64	1	0.0	2	1
65	3	0.0	2	3
67	2	0.0	2	2
68	3	0.0	2	3
69	5	0.0	2	5
70	5	0.0	2	5
71	1	0.0	2	1
72	1	0.0	2	1
76	1	0.0	2	1
77	4	0.0	2	3 1
80	2	0.0	2	2
81	3	0.0	2	3
82	3	0.0	2	3
83	3	0.0	2	3
85	1	0.0	2	1
86	4	0.0	2	4
87	7	0.0	2	6 1
88	1	0.0	2	1
89	1	0.0	2	1
91	1	0.0	2	1
94	4	0.0	2	4
96	2	0.0	2	2
97	1	0.0	2	0 0 1
98	1	0.0	2	1
99	1	0.0	2	1
100	1	0.0	2	1
101	1	0.0	2	1
102	1	0.0	2	1
103	5	0.0	2	5
106	2	0.0	2	2
109	2	0.0	2	2
110	3	0.0	2	3
113	2	0.0	2	2
115	1	0.0	2	1
119	1	0.0	2	1
125	2	0.0	2	2
126	2	0.0	2	2
129	1	0.0	2	0 1
130	2	0.0	2	2
131	1	0.0	2	1
135	1	0.0	2	1
137	2	0.0	2	2
138	1	0.0	2	0 1
140	1	0.0	2	1
147	1	0.0	2	1
148	1	0.0	2	1
149	1	0.0	2	1
154	2	0.0	2	0 2
159	1	0.0	2	0 0 1
163	8	0.0	2	8
165	1	0.0	2	1
166	1	0.0	2	0 1
167	1	0.0	2	1
173	1	0.0	2	1
179	1	0.0	2	1
183	1	0.0	2	0 1
184	8	0.0	2	3 5
185	1	0.0	2	0 1
188	1	0.0	2	1
192	1	0.0	2	1
197	1	0.0	2	1
198	2	0.0	2	2
201	1	0.0	2	1
202	2	0.0	2	2
203	31	0.0	2	24 6 1
204	729	0.0	2	412 281 36
205	2	0.0	2	2
297	1	0.0	2	1
