This is cutadapt 5.2 with Python 3.13.14
Command line parameters: -g CGGTGGAGCATGTGGTTTAA -G AGTTGCAGACTCCAATCCGG --discard-untrimmed -e 0.1 --minimum-length 50 -j 4 -o results/region/V6_V8/trimmed/RnDD_260713_17_RnDD-16S_n0_R1.fq.gz -p results/region/V6_V8/trimmed/RnDD_260713_17_RnDD-16S_n0_R2.fq.gz data/raw/RnDD_260713_17_RnDD-16S_n0/202607132008_RA01230801023_5P260413092US292662D3_RnD_SRSLY_16S_NPO_260713_RnDD_260713_17_RnDD-16S_n0_L00_R1.fq.gz data/raw/RnDD_260713_17_RnDD-16S_n0/202607132008_RA01230801023_5P260413092US292662D3_RnD_SRSLY_16S_NPO_260713_RnDD_260713_17_RnDD-16S_n0_L00_R2.fq.gz
Processing paired-end reads on 4 cores ...

=== Summary ===

Total read pairs processed:             77,432
  Read 1 with adapter:                   4,199 (5.4%)
  Read 2 with adapter:                  11,147 (14.4%)

== Read fate breakdown ==
Pairs that were too short:                   0 (0.0%)
Pairs discarded as untrimmed:           73,501 (94.9%)
Pairs written (passing filters):         3,931 (5.1%)

Total basepairs processed:    23,229,600 bp
  Read 1:    11,614,800 bp
  Read 2:    11,614,800 bp
Total written (filtered):      1,022,702 bp (4.4%)
  Read 1:       511,320 bp
  Read 2:       511,382 bp

=== First read: Adapter 1 ===

Sequence: CGGTGGAGCATGTGGTTTAA; Type: regular 5'; Length: 20; Trimmed: 4199 times

Minimum overlap: 3
No. of allowed errors:
1-9 bp: 0; 10-19 bp: 1; 20 bp: 2

Overview of removed sequences
length	count	expect	max.err	error counts
3	31	1209.9	0	31
4	107	302.5	0	107
6	2	18.9	0	2
7	1	4.7	0	1
9	2	0.3	0	2
13	6	0.0	1	6
14	1	0.0	1	0 1
15	4	0.0	1	4
16	12	0.0	1	11 1
17	10	0.0	1	8 2
18	39	0.0	1	37 2
19	48	0.0	1	14 34
20	3917	0.0	2	3800 114 3
21	15	0.0	2	1 14
22	1	0.0	2	1
30	1	0.0	2	1
31	1	0.0	2	1
53	1	0.0	2	1


=== Second read: Adapter 2 ===

Sequence: AGTTGCAGACTCCAATCCGG; Type: regular 5'; Length: 20; Trimmed: 11147 times

Minimum overlap: 3
No. of allowed errors:
1-9 bp: 0; 10-19 bp: 1; 20 bp: 2

Overview of removed sequences
length	count	expect	max.err	error counts
3	6856	1209.9	0	6856
4	32	302.5	0	32
5	1	75.6	0	1
6	2	18.9	0	2
7	5	4.7	0	5
8	4	1.2	0	4
9	2	0.3	0	2
10	2	0.1	1	0 2
11	4	0.0	1	1 3
12	6	0.0	1	5 1
13	26	0.0	1	21 5
14	11	0.0	1	8 3
15	4	0.0	1	3 1
16	10	0.0	1	5 5
17	5	0.0	1	4 1
18	9	0.0	1	6 0 3
19	28	0.0	1	13 14 1
20	4116	0.0	2	3872 211 33
21	9	0.0	2	2 7
22	3	0.0	2	2 0 1
23	2	0.0	2	1 1
25	2	0.0	2	0 2
28	1	0.0	2	1
31	1	0.0	2	1
33	1	0.0	2	1
35	2	0.0	2	1 1
38	2	0.0	2	0 2
39	1	0.0	2	1
