This is cutadapt 5.2 with Python 3.13.14
Command line parameters: -g CGGTGGAGCATGTGGTTTAA -G AGTTGCAGACTCCAATCCGG --discard-untrimmed -e 0.1 --minimum-length 50 -j 4 -o results/region/V6_V8/trimmed/RnDD_260801_3_RnDD-16S_n0_R1.fq.gz -p results/region/V6_V8/trimmed/RnDD_260801_3_RnDD-16S_n0_R2.fq.gz /media/genomed/DATA_15Tb/16s_3run/RnDD_260801_3_RnDD-16S_n0/202608012056_RA01230801023_5P251211086US292659BX_RnD_16S_260801_RnDD_260801_3_RnDD-16S_n0_L00_R1.fq.gz /media/genomed/DATA_15Tb/16s_3run/RnDD_260801_3_RnDD-16S_n0/202608012056_RA01230801023_5P251211086US292659BX_RnD_16S_260801_RnDD_260801_3_RnDD-16S_n0_L00_R2.fq.gz
Processing paired-end reads on 4 cores ...

=== Summary ===

Total read pairs processed:            420,884
  Read 1 with adapter:                  75,072 (17.8%)
  Read 2 with adapter:                  73,210 (17.4%)

== Read fate breakdown ==
Pairs that were too short:                   3 (0.0%)
Pairs discarded as untrimmed:          365,349 (86.8%)
Pairs written (passing filters):        55,532 (13.2%)

Total basepairs processed:   252,530,400 bp
  Read 1:   126,265,200 bp
  Read 2:   126,265,200 bp
Total written (filtered):     31,078,126 bp (12.3%)
  Read 1:    15,554,344 bp
  Read 2:    15,523,782 bp

=== First read: Adapter 1 ===

Sequence: CGGTGGAGCATGTGGTTTAA; Type: regular 5'; Length: 20; Trimmed: 75072 times

Minimum overlap: 3
No. of allowed errors:
1-9 bp: 0; 10-19 bp: 1; 20 bp: 2

Overview of removed sequences
length	count	expect	max.err	error counts
3	358	6576.3	0	358
4	287	1644.1	0	287
5	6	411.0	0	6
6	13	102.8	0	13
7	39	25.7	0	39
8	20	6.4	0	20
9	20	1.6	0	20
10	12	0.4	1	7 5
11	41	0.1	1	38 3
12	19	0.0	1	6 13
13	64	0.0	1	16 48
14	29	0.0	1	11 18
15	20	0.0	1	5 15
16	33	0.0	1	11 22
17	14	0.0	1	8 6
18	107	0.0	1	43 63 1
19	270	0.0	1	41 171 58
20	73521	0.0	2	22315 38232 12974
21	157	0.0	2	6 78 73
22	2	0.0	2	2
24	7	0.0	2	2 4 1
26	1	0.0	2	0 1
27	2	0.0	2	0 1 1
28	3	0.0	2	1 0 2
31	1	0.0	2	1
39	1	0.0	2	0 0 1
56	2	0.0	2	1 0 1
58	1	0.0	2	1
101	1	0.0	2	0 0 1
105	1	0.0	2	0 1
110	1	0.0	2	0 1
116	1	0.0	2	1
135	1	0.0	2	1
141	1	0.0	2	0 0 1
162	2	0.0	2	0 1 1
163	6	0.0	2	2 3 1
204	1	0.0	2	0 1
206	1	0.0	2	0 1
209	1	0.0	2	1
217	1	0.0	2	0 1
225	1	0.0	2	0 1
253	1	0.0	2	0 0 1
261	1	0.0	2	0 1
284	1	0.0	2	0 0 1


=== Second read: Adapter 2 ===

Sequence: AGTTGCAGACTCCAATCCGG; Type: regular 5'; Length: 20; Trimmed: 73210 times

Minimum overlap: 3
No. of allowed errors:
1-9 bp: 0; 10-19 bp: 1; 20 bp: 2

Overview of removed sequences
length	count	expect	max.err	error counts
3	10948	6576.3	0	10948
4	289	1644.1	0	289
5	33	411.0	0	33
6	37	102.8	0	37
7	22	25.7	0	22
8	29	6.4	0	29
9	45	1.6	0	45
10	5	0.4	1	5
11	34	0.1	1	32 2
12	21	0.0	1	21
13	78	0.0	1	74 4
14	37	0.0	1	36 1
15	43	0.0	1	42 1
16	72	0.0	1	70 2
17	73	0.0	1	69 4
18	68	0.0	1	59 5 4
19	348	0.0	1	147 200 1
20	59707	0.0	2	58216 1257 234
21	97	0.0	2	22 71 4
22	9	0.0	2	9
24	9	0.0	2	8 1
25	7	0.0	2	7
26	8	0.0	2	8
27	7	0.0	2	7
28	3	0.0	2	3
29	2	0.0	2	0 1 1
30	4	0.0	2	4
31	5	0.0	2	5
32	6	0.0	2	6
33	4	0.0	2	4
34	3	0.0	2	3
35	1	0.0	2	0 1
36	3	0.0	2	3
37	3	0.0	2	3
38	2	0.0	2	2
39	1	0.0	2	1
40	4	0.0	2	4
41	3	0.0	2	1 2
42	2	0.0	2	2
44	3	0.0	2	3
45	1	0.0	2	1
46	5	0.0	2	4 1
47	9	0.0	2	9
50	4	0.0	2	4
51	4	0.0	2	4
52	1	0.0	2	1
54	3	0.0	2	3
55	3	0.0	2	3
56	1	0.0	2	1
57	2	0.0	2	2
58	14	0.0	2	14
59	2	0.0	2	2
60	2	0.0	2	2
62	1	0.0	2	1
63	3	0.0	2	3
64	5	0.0	2	4 1
65	2	0.0	2	2
66	1	0.0	2	1
67	1	0.0	2	1
68	5	0.0	2	5
70	5	0.0	2	5
71	1	0.0	2	1
72	3	0.0	2	3
73	2	0.0	2	2
75	4	0.0	2	4
76	1	0.0	2	1
77	2	0.0	2	2
79	2	0.0	2	2
80	4	0.0	2	4
81	3	0.0	2	3
82	5	0.0	2	5
83	3	0.0	2	3
85	5	0.0	2	5
86	2	0.0	2	2
87	6	0.0	2	6
88	3	0.0	2	3
92	2	0.0	2	2
93	1	0.0	2	1
94	4	0.0	2	3 0 1
95	2	0.0	2	2
96	2	0.0	2	2
98	3	0.0	2	3
99	2	0.0	2	2
101	1	0.0	2	1
102	4	0.0	2	4
103	1	0.0	2	1
105	2	0.0	2	2
106	1	0.0	2	1
108	1	0.0	2	1
109	1	0.0	2	1
110	3	0.0	2	1 2
111	2	0.0	2	2
114	2	0.0	2	2
116	2	0.0	2	2
118	4	0.0	2	4
119	1	0.0	2	1
120	1	0.0	2	1
122	1	0.0	2	1
125	1	0.0	2	1
129	3	0.0	2	3
130	3	0.0	2	3
131	5	0.0	2	5
132	1	0.0	2	1
133	1	0.0	2	0 1
135	1	0.0	2	1
137	2	0.0	2	2
138	1	0.0	2	1
139	1	0.0	2	1
141	1	0.0	2	1
146	1	0.0	2	1
147	1	0.0	2	1
148	3	0.0	2	2 1
152	1	0.0	2	1
154	2	0.0	2	2
155	1	0.0	2	1
156	1	0.0	2	1
163	5	0.0	2	4 1
164	1	0.0	2	1
165	3	0.0	2	3
166	1	0.0	2	0 1
178	1	0.0	2	1
184	7	0.0	2	3 3 1
188	1	0.0	2	0 1
190	3	0.0	2	2 1
191	1	0.0	2	0 1
194	1	0.0	2	1
197	1	0.0	2	0 0 1
198	2	0.0	2	2
200	2	0.0	2	1 1
201	1	0.0	2	1
202	4	0.0	2	2 2
203	28	0.0	2	17 8 3
204	879	0.0	2	503 340 36
214	1	0.0	2	0 1
