This is cutadapt 5.2 with Python 3.13.14
Command line parameters: -g CGGTGGAGCATGTGGTTTAA -G AGTTGCAGACTCCAATCCGG --discard-untrimmed -e 0.1 --minimum-length 50 -j 4 -o results/region/V6_V8/trimmed/RnDD_260801_15_RnDD-16S_n0_R1.fq.gz -p results/region/V6_V8/trimmed/RnDD_260801_15_RnDD-16S_n0_R2.fq.gz /media/genomed/DATA_15Tb/16s_3run/RnDD_260801_15_RnDD-16S_n0/202608012056_RA01230801023_5P251211086US292659BX_RnD_16S_260801_RnDD_260801_15_RnDD-16S_n0_L00_R1.fq.gz /media/genomed/DATA_15Tb/16s_3run/RnDD_260801_15_RnDD-16S_n0/202608012056_RA01230801023_5P251211086US292659BX_RnD_16S_260801_RnDD_260801_15_RnDD-16S_n0_L00_R2.fq.gz
Processing paired-end reads on 4 cores ...

=== Summary ===

Total read pairs processed:            981,816
  Read 1 with adapter:                   5,191 (0.5%)
  Read 2 with adapter:                   4,729 (0.5%)

== Read fate breakdown ==
Pairs that were too short:                   0 (0.0%)
Pairs discarded as untrimmed:          979,259 (99.7%)
Pairs written (passing filters):         2,557 (0.3%)

Total basepairs processed:   589,089,600 bp
  Read 1:   294,544,800 bp
  Read 2:   294,544,800 bp
Total written (filtered):      1,433,335 bp (0.2%)
  Read 1:       716,743 bp
  Read 2:       716,592 bp

=== First read: Adapter 1 ===

Sequence: CGGTGGAGCATGTGGTTTAA; Type: regular 5'; Length: 20; Trimmed: 5191 times

Minimum overlap: 3
No. of allowed errors:
1-9 bp: 0; 10-19 bp: 1; 20 bp: 2

Overview of removed sequences
length	count	expect	max.err	error counts
3	577	15340.9	0	577
4	1991	3835.2	0	1991
5	1	958.8	0	1
6	1	239.7	0	1
7	2	59.9	0	2
13	1	0.0	1	1
14	1	0.0	1	0 1
16	1	0.0	1	0 1
18	1	0.0	1	0 1
19	5	0.0	1	1 3 1
20	2605	0.0	2	803 1324 478
21	5	0.0	2	0 1 4


=== Second read: Adapter 2 ===

Sequence: AGTTGCAGACTCCAATCCGG; Type: regular 5'; Length: 20; Trimmed: 4729 times

Minimum overlap: 3
No. of allowed errors:
1-9 bp: 0; 10-19 bp: 1; 20 bp: 2

Overview of removed sequences
length	count	expect	max.err	error counts
3	1344	15340.9	0	1344
4	640	3835.2	0	640
5	26	958.8	0	26
6	2	239.7	0	2
9	2	3.7	0	2
11	1	0.2	1	1
13	3	0.0	1	3
14	1	0.0	1	1
15	1	0.0	1	1
18	2	0.0	1	1 0 1
19	14	0.0	1	9 5
20	2670	0.0	2	2590 65 15
21	3	0.0	2	0 3
34	1	0.0	2	1
178	1	0.0	2	0 1
203	1	0.0	2	0 0 1
204	16	0.0	2	1 0 15
228	1	0.0	2	0 0 1
