This is cutadapt 5.2 with Python 3.13.14
Command line parameters: -g CGGTGGAGCATGTGGTTTAA -G AGTTGCAGACTCCAATCCGG --discard-untrimmed -e 0.1 --minimum-length 50 -j 4 -o results/region/V6_V8/trimmed/RnDD_260801_11_RnDD-16S_n0_R1.fq.gz -p results/region/V6_V8/trimmed/RnDD_260801_11_RnDD-16S_n0_R2.fq.gz /media/genomed/DATA_15Tb/16s_3run/RnDD_260801_11_RnDD-16S_n0/202608012056_RA01230801023_5P251211086US292659BX_RnD_16S_260801_RnDD_260801_11_RnDD-16S_n0_L00_R1.fq.gz /media/genomed/DATA_15Tb/16s_3run/RnDD_260801_11_RnDD-16S_n0/202608012056_RA01230801023_5P251211086US292659BX_RnD_16S_260801_RnDD_260801_11_RnDD-16S_n0_L00_R2.fq.gz
Processing paired-end reads on 4 cores ...

=== Summary ===

Total read pairs processed:            391,085
  Read 1 with adapter:                 104,664 (26.8%)
  Read 2 with adapter:                 109,094 (27.9%)

== Read fate breakdown ==
Pairs that were too short:                   1 (0.0%)
Pairs discarded as untrimmed:          292,515 (74.8%)
Pairs written (passing filters):        98,569 (25.2%)

Total basepairs processed:   234,651,000 bp
  Read 1:   117,325,500 bp
  Read 2:   117,325,500 bp
Total written (filtered):     55,204,076 bp (23.5%)
  Read 1:    27,603,705 bp
  Read 2:    27,600,371 bp

=== First read: Adapter 1 ===

Sequence: CGGTGGAGCATGTGGTTTAA; Type: regular 5'; Length: 20; Trimmed: 104664 times

Minimum overlap: 3
No. of allowed errors:
1-9 bp: 0; 10-19 bp: 1; 20 bp: 2

Overview of removed sequences
length	count	expect	max.err	error counts
3	306	6110.7	0	306
4	844	1527.7	0	844
5	3	381.9	0	3
6	9	95.5	0	9
7	28	23.9	0	28
8	9	6.0	0	9
9	31	1.5	0	31
10	10	0.4	1	7 3
11	18	0.1	1	16 2
12	9	0.0	1	8 1
13	53	0.0	1	13 40
14	17	0.0	1	8 9
15	43	0.0	1	13 30
16	126	0.0	1	42 84
17	43	0.0	1	23 20
18	260	0.0	1	102 158
19	652	0.0	1	56 404 192
20	101906	0.0	2	31643 50937 19326
21	281	0.0	2	9 144 128
22	2	0.0	2	1 0 1
23	1	0.0	2	0 0 1
24	1	0.0	2	0 1
27	1	0.0	2	1
30	2	0.0	2	0 1 1
32	2	0.0	2	0 1 1
102	1	0.0	2	0 0 1
114	1	0.0	2	0 0 1
122	2	0.0	2	0 2
148	1	0.0	2	1
163	2	0.0	2	1 1


=== Second read: Adapter 2 ===

Sequence: AGTTGCAGACTCCAATCCGG; Type: regular 5'; Length: 20; Trimmed: 109094 times

Minimum overlap: 3
No. of allowed errors:
1-9 bp: 0; 10-19 bp: 1; 20 bp: 2

Overview of removed sequences
length	count	expect	max.err	error counts
3	2596	6110.7	0	2596
4	135	1527.7	0	135
5	27	381.9	0	27
6	37	95.5	0	37
7	8	23.9	0	8
8	24	6.0	0	24
9	37	1.5	0	37
10	6	0.4	1	6
11	21	0.1	1	21
12	19	0.0	1	19
13	97	0.0	1	93 4
14	31	0.0	1	30 1
15	56	0.0	1	53 3
16	76	0.0	1	71 5
17	85	0.0	1	74 11
18	138	0.0	1	92 13 33
19	710	0.0	1	269 431 10
20	104705	0.0	2	102089 2236 380
21	163	0.0	2	21 140 2
22	4	0.0	2	3 1
24	8	0.0	2	8
25	1	0.0	2	1
26	2	0.0	2	2
28	1	0.0	2	1
29	2	0.0	2	2
30	9	0.0	2	9
32	6	0.0	2	3 2 1
33	2	0.0	2	2
34	1	0.0	2	1
36	1	0.0	2	1
37	1	0.0	2	1
39	2	0.0	2	1 0 1
40	1	0.0	2	0 1
42	1	0.0	2	1
46	2	0.0	2	1 1
47	2	0.0	2	2
65	1	0.0	2	1
69	2	0.0	2	1 0 1
71	1	0.0	2	1
81	1	0.0	2	1
82	1	0.0	2	1
86	1	0.0	2	1
87	1	0.0	2	0 1
96	1	0.0	2	1
116	1	0.0	2	0 1
161	1	0.0	2	1
162	1	0.0	2	1
163	7	0.0	2	5 2
196	1	0.0	2	1
203	1	0.0	2	0 1
204	53	0.0	2	19 19 15
205	2	0.0	2	2
291	1	0.0	2	0 1
