This is cutadapt 5.2 with Python 3.13.14
Command line parameters: -g CGGTGGAGCATGTGGTTTAA -G AGTTGCAGACTCCAATCCGG --discard-untrimmed -e 0.1 --minimum-length 50 -j 4 -o results/region/V6_V8/trimmed/RnDD_260801_28_RnDD-16S_n0_R1.fq.gz -p results/region/V6_V8/trimmed/RnDD_260801_28_RnDD-16S_n0_R2.fq.gz /media/genomed/DATA_15Tb/16s_3run/RnDD_260801_28_RnDD-16S_n0/202608012056_RA01230801023_5P251211086US292659BX_RnD_16S_260801_RnDD_260801_28_RnDD-16S_n0_L00_R1.fq.gz /media/genomed/DATA_15Tb/16s_3run/RnDD_260801_28_RnDD-16S_n0/202608012056_RA01230801023_5P251211086US292659BX_RnD_16S_260801_RnDD_260801_28_RnDD-16S_n0_L00_R2.fq.gz
Processing paired-end reads on 4 cores ...

=== Summary ===

Total read pairs processed:            459,572
  Read 1 with adapter:                  32,626 (7.1%)
  Read 2 with adapter:                  33,394 (7.3%)

== Read fate breakdown ==
Pairs that were too short:                   0 (0.0%)
Pairs discarded as untrimmed:          431,081 (93.8%)
Pairs written (passing filters):        28,491 (6.2%)

Total basepairs processed:   275,743,200 bp
  Read 1:   137,871,600 bp
  Read 2:   137,871,600 bp
Total written (filtered):     15,945,754 bp (5.8%)
  Read 1:     7,978,884 bp
  Read 2:     7,966,870 bp

=== First read: Adapter 1 ===

Sequence: CGGTGGAGCATGTGGTTTAA; Type: regular 5'; Length: 20; Trimmed: 32626 times

Minimum overlap: 3
No. of allowed errors:
1-9 bp: 0; 10-19 bp: 1; 20 bp: 2

Overview of removed sequences
length	count	expect	max.err	error counts
3	299	7180.8	0	299
4	263	1795.2	0	263
5	3	448.8	0	3
6	1	112.2	0	1
7	5	28.1	0	5
8	2	7.0	0	2
9	7	1.8	0	7
10	1	0.4	1	1
11	9	0.1	1	9
13	11	0.0	1	2 9
14	8	0.0	1	3 5
15	6	0.0	1	2 4
16	28	0.0	1	12 16
17	21	0.0	1	13 8
18	61	0.0	1	31 30
19	164	0.0	1	15 96 53
20	31636	0.0	2	9666 16091 5879
21	93	0.0	2	2 44 47
22	1	0.0	2	0 1
30	1	0.0	2	0 0 1
39	1	0.0	2	0 0 1
59	1	0.0	2	0 0 1
60	1	0.0	2	0 1
163	1	0.0	2	1
194	1	0.0	2	0 0 1
223	1	0.0	2	0 0 1


=== Second read: Adapter 2 ===

Sequence: AGTTGCAGACTCCAATCCGG; Type: regular 5'; Length: 20; Trimmed: 33394 times

Minimum overlap: 3
No. of allowed errors:
1-9 bp: 0; 10-19 bp: 1; 20 bp: 2

Overview of removed sequences
length	count	expect	max.err	error counts
3	2631	7180.8	0	2631
4	105	1795.2	0	105
5	9	448.8	0	9
6	9	112.2	0	9
7	3	28.1	0	3
8	19	7.0	0	19
9	4	1.8	0	4
10	4	0.4	1	4
11	11	0.1	1	11
12	7	0.0	1	7
13	32	0.0	1	31 1
14	5	0.0	1	5
15	17	0.0	1	17
16	27	0.0	1	26 1
17	34	0.0	1	33 1
18	50	0.0	1	35 6 9
19	218	0.0	1	87 129 2
20	29817	0.0	2	29045 670 102
21	49	0.0	2	8 41
22	1	0.0	2	1
24	2	0.0	2	2
25	1	0.0	2	1
26	1	0.0	2	1
28	1	0.0	2	1
30	2	0.0	2	2
32	1	0.0	2	1
33	1	0.0	2	1
35	1	0.0	2	1
36	3	0.0	2	2 1
45	1	0.0	2	1
46	1	0.0	2	1
47	1	0.0	2	1
58	1	0.0	2	1
63	2	0.0	2	2
65	1	0.0	2	1
68	2	0.0	2	2
70	3	0.0	2	3
75	1	0.0	2	1
77	1	0.0	2	1
80	3	0.0	2	3
81	1	0.0	2	1
82	1	0.0	2	1
83	2	0.0	2	2
88	1	0.0	2	1
93	1	0.0	2	1
94	2	0.0	2	2
102	1	0.0	2	1
110	1	0.0	2	1
113	1	0.0	2	1
114	1	0.0	2	1
118	1	0.0	2	0 1
134	1	0.0	2	1
135	1	0.0	2	0 1
139	1	0.0	2	1
161	1	0.0	2	1
163	2	0.0	2	2
164	1	0.0	2	1
165	1	0.0	2	1
195	1	0.0	2	1
196	1	0.0	2	1
198	2	0.0	2	1 1
201	1	0.0	2	0 1
202	1	0.0	2	1
203	10	0.0	2	6 4
204	274	0.0	2	140 119 15
205	1	0.0	2	0 1
