This is cutadapt 5.2 with Python 3.13.14
Command line parameters: -g CGGTGGAGCATGTGGTTTAA -G AGTTGCAGACTCCAATCCGG --discard-untrimmed -e 0.1 --minimum-length 50 -j 4 -o results/region/V6_V8/trimmed/RnDD_260801_8_RnDD-16S_n0_R1.fq.gz -p results/region/V6_V8/trimmed/RnDD_260801_8_RnDD-16S_n0_R2.fq.gz /media/genomed/DATA_15Tb/16s_3run/RnDD_260801_8_RnDD-16S_n0/202608012056_RA01230801023_5P251211086US292659BX_RnD_16S_260801_RnDD_260801_8_RnDD-16S_n0_L00_R1.fq.gz /media/genomed/DATA_15Tb/16s_3run/RnDD_260801_8_RnDD-16S_n0/202608012056_RA01230801023_5P251211086US292659BX_RnD_16S_260801_RnDD_260801_8_RnDD-16S_n0_L00_R2.fq.gz
Processing paired-end reads on 4 cores ...

=== Summary ===

Total read pairs processed:            400,566
  Read 1 with adapter:                 115,980 (29.0%)
  Read 2 with adapter:                 114,101 (28.5%)

== Read fate breakdown ==
Pairs that were too short:                   0 (0.0%)
Pairs discarded as untrimmed:          299,947 (74.9%)
Pairs written (passing filters):       100,619 (25.1%)

Total basepairs processed:   240,339,600 bp
  Read 1:   120,169,800 bp
  Read 2:   120,169,800 bp
Total written (filtered):     56,328,233 bp (23.4%)
  Read 1:    28,176,828 bp
  Read 2:    28,151,405 bp

=== First read: Adapter 1 ===

Sequence: CGGTGGAGCATGTGGTTTAA; Type: regular 5'; Length: 20; Trimmed: 115980 times

Minimum overlap: 3
No. of allowed errors:
1-9 bp: 0; 10-19 bp: 1; 20 bp: 2

Overview of removed sequences
length	count	expect	max.err	error counts
3	257	6258.8	0	257
4	173	1564.7	0	173
5	7	391.2	0	7
6	8	97.8	0	8
7	29	24.4	0	29
8	13	6.1	0	13
9	18	1.5	0	18
10	9	0.4	1	7 2
11	26	0.1	1	24 2
12	11	0.0	1	5 6
13	54	0.0	1	18 36
14	19	0.0	1	9 10
15	23	0.0	1	8 15
16	41	0.0	1	16 25
17	19	0.0	1	8 11
18	85	0.0	1	27 57 1
19	316	0.0	1	43 196 77
20	114644	0.0	2	35383 58299 20962
21	200	0.0	2	9 102 89
22	5	0.0	2	2 1 2
23	2	0.0	2	1 0 1
24	6	0.0	2	2 3 1
30	1	0.0	2	0 0 1
32	2	0.0	2	1 1
62	1	0.0	2	0 0 1
70	1	0.0	2	0 0 1
95	1	0.0	2	0 1
98	1	0.0	2	0 0 1
141	1	0.0	2	0 1
162	1	0.0	2	1
163	5	0.0	2	1 3 1
228	1	0.0	2	0 0 1


=== Second read: Adapter 2 ===

Sequence: AGTTGCAGACTCCAATCCGG; Type: regular 5'; Length: 20; Trimmed: 114101 times

Minimum overlap: 3
No. of allowed errors:
1-9 bp: 0; 10-19 bp: 1; 20 bp: 2

Overview of removed sequences
length	count	expect	max.err	error counts
3	5908	6258.8	0	5908
4	205	1564.7	0	205
5	27	391.2	0	27
6	26	97.8	0	26
7	15	24.4	0	15
8	38	6.1	0	38
9	48	1.5	0	48
10	5	0.4	1	5
11	37	0.1	1	36 1
12	24	0.0	1	23 1
13	68	0.0	1	68
14	32	0.0	1	31 1
15	50	0.0	1	47 3
16	111	0.0	1	107 4
17	96	0.0	1	87 9
18	103	0.0	1	81 11 11
19	602	0.0	1	242 349 11
20	105640	0.0	2	103148 2076 416
21	143	0.0	2	23 119 1
22	8	0.0	2	8
24	4	0.0	2	4
25	4	0.0	2	4
26	7	0.0	2	7
27	5	0.0	2	5
28	1	0.0	2	1
30	2	0.0	2	2
31	4	0.0	2	4
32	6	0.0	2	6
33	8	0.0	2	6 2
34	1	0.0	2	1
35	2	0.0	2	2
36	2	0.0	2	2
40	4	0.0	2	4
41	1	0.0	2	1
44	5	0.0	2	5
45	1	0.0	2	1
46	4	0.0	2	3 0 1
47	4	0.0	2	4
51	2	0.0	2	2
53	2	0.0	2	2
54	3	0.0	2	3
55	3	0.0	2	3
56	3	0.0	2	3
57	3	0.0	2	2 1
58	5	0.0	2	5
59	2	0.0	2	2
62	1	0.0	2	1
63	2	0.0	2	2
64	3	0.0	2	3
66	1	0.0	2	1
67	1	0.0	2	1
68	2	0.0	2	2
69	3	0.0	2	3
70	3	0.0	2	3
71	1	0.0	2	1
72	2	0.0	2	2
75	3	0.0	2	3
77	1	0.0	2	1
78	2	0.0	2	1 1
79	1	0.0	2	1
80	2	0.0	2	1 1
81	1	0.0	2	1
82	1	0.0	2	1
83	2	0.0	2	0 2
85	2	0.0	2	2
86	4	0.0	2	3 1
87	7	0.0	2	7
88	2	0.0	2	2
89	1	0.0	2	1
90	1	0.0	2	0 1
93	1	0.0	2	1
94	1	0.0	2	1
95	1	0.0	2	0 1
96	4	0.0	2	2 2
98	2	0.0	2	1 1
99	3	0.0	2	2 1
101	3	0.0	2	3
102	1	0.0	2	1
103	1	0.0	2	1
104	1	0.0	2	1
106	2	0.0	2	2
108	2	0.0	2	1 1
109	2	0.0	2	2
110	3	0.0	2	3
114	4	0.0	2	4
115	1	0.0	2	1
116	1	0.0	2	0 1
117	1	0.0	2	1
119	1	0.0	2	1
121	2	0.0	2	2
123	1	0.0	2	1
125	1	0.0	2	1
129	1	0.0	2	0 0 1
141	1	0.0	2	1
142	1	0.0	2	0 1
147	1	0.0	2	1
148	2	0.0	2	2
154	1	0.0	2	1
158	2	0.0	2	2
159	1	0.0	2	0 1
160	1	0.0	2	0 1
161	1	0.0	2	0 0 1
163	6	0.0	2	6
173	1	0.0	2	1
178	1	0.0	2	1
180	1	0.0	2	1
181	1	0.0	2	0 1
182	1	0.0	2	1
183	4	0.0	2	2 2
184	7	0.0	2	4 3
188	1	0.0	2	1
191	1	0.0	2	0 1
193	2	0.0	2	2
194	2	0.0	2	0 2
198	1	0.0	2	1
199	1	0.0	2	0 1
200	3	0.0	2	3
201	2	0.0	2	1 1
202	5	0.0	2	3 2
203	20	0.0	2	17 3
204	667	0.0	2	368 258 41
