This is cutadapt 5.2 with Python 3.13.14
Command line parameters: -g CGGTGGAGCATGTGGTTTAA -G AGTTGCAGACTCCAATCCGG --discard-untrimmed -e 0.1 --minimum-length 50 -j 4 -o results/region/V6_V8/trimmed/RnDD_260801_22_RnDD-16S_n0_R1.fq.gz -p results/region/V6_V8/trimmed/RnDD_260801_22_RnDD-16S_n0_R2.fq.gz /media/genomed/DATA_15Tb/16s_3run/RnDD_260801_22_RnDD-16S_n0/202608012056_RA01230801023_5P251211086US292659BX_RnD_16S_260801_RnDD_260801_22_RnDD-16S_n0_L00_R1.fq.gz /media/genomed/DATA_15Tb/16s_3run/RnDD_260801_22_RnDD-16S_n0/202608012056_RA01230801023_5P251211086US292659BX_RnD_16S_260801_RnDD_260801_22_RnDD-16S_n0_L00_R2.fq.gz
Processing paired-end reads on 4 cores ...

=== Summary ===

Total read pairs processed:            732,515
  Read 1 with adapter:                  14,884 (2.0%)
  Read 2 with adapter:                  10,437 (1.4%)

== Read fate breakdown ==
Pairs that were too short:                   0 (0.0%)
Pairs discarded as untrimmed:          723,965 (98.8%)
Pairs written (passing filters):         8,550 (1.2%)

Total basepairs processed:   439,509,000 bp
  Read 1:   219,754,500 bp
  Read 2:   219,754,500 bp
Total written (filtered):      4,791,679 bp (1.1%)
  Read 1:     2,395,688 bp
  Read 2:     2,395,991 bp

=== First read: Adapter 1 ===

Sequence: CGGTGGAGCATGTGGTTTAA; Type: regular 5'; Length: 20; Trimmed: 14884 times

Minimum overlap: 3
No. of allowed errors:
1-9 bp: 0; 10-19 bp: 1; 20 bp: 2

Overview of removed sequences
length	count	expect	max.err	error counts
3	993	11445.5	0	993
4	5180	2861.4	0	5180
5	6	715.3	0	6
6	6	178.8	0	6
7	4	44.7	0	4
8	1	11.2	0	1
9	1	2.8	0	1
11	1	0.2	1	1
12	2	0.0	1	2
13	3	0.0	1	1 2
14	3	0.0	1	3
16	1	0.0	1	1
17	2	0.0	1	2
18	3	0.0	1	1 2
19	14	0.0	1	4 8 2
20	8644	0.0	2	2680 4364 1600
21	15	0.0	2	0 12 3
22	1	0.0	2	1
162	1	0.0	2	0 1
163	3	0.0	2	2 1


=== Second read: Adapter 2 ===

Sequence: AGTTGCAGACTCCAATCCGG; Type: regular 5'; Length: 20; Trimmed: 10437 times

Minimum overlap: 3
No. of allowed errors:
1-9 bp: 0; 10-19 bp: 1; 20 bp: 2

Overview of removed sequences
length	count	expect	max.err	error counts
3	1028	11445.5	0	1028
4	400	2861.4	0	400
5	12	715.3	0	12
7	1	44.7	0	1
8	3	11.2	0	3
12	1	0.0	1	1
13	2	0.0	1	2
15	1	0.0	1	1
16	3	0.0	1	2 1
17	1	0.0	1	1
18	2	0.0	1	2
19	37	0.0	1	14 23
20	8898	0.0	2	8682 175 41
21	11	0.0	2	4 7
34	1	0.0	2	0 0 1
56	1	0.0	2	0 0 1
162	1	0.0	2	1
163	1	0.0	2	0 1
203	2	0.0	2	0 0 2
204	31	0.0	2	0 1 30
