This is cutadapt 5.2 with Python 3.13.14
Command line parameters: -g CGGTGGAGCATGTGGTTTAA -G AGTTGCAGACTCCAATCCGG --discard-untrimmed -e 0.1 --minimum-length 50 -j 4 -o results/region/V6_V8/trimmed/RnDD_260801_2_RnDD-16S_n0_R1.fq.gz -p results/region/V6_V8/trimmed/RnDD_260801_2_RnDD-16S_n0_R2.fq.gz /media/genomed/DATA_15Tb/16s_3run/RnDD_260801_2_RnDD-16S_n0/202608012056_RA01230801023_5P251211086US292659BX_RnD_16S_260801_RnDD_260801_2_RnDD-16S_n0_L00_R1.fq.gz /media/genomed/DATA_15Tb/16s_3run/RnDD_260801_2_RnDD-16S_n0/202608012056_RA01230801023_5P251211086US292659BX_RnD_16S_260801_RnDD_260801_2_RnDD-16S_n0_L00_R2.fq.gz
Processing paired-end reads on 4 cores ...

=== Summary ===

Total read pairs processed:            386,455
  Read 1 with adapter:                  98,288 (25.4%)
  Read 2 with adapter:                 100,378 (26.0%)

== Read fate breakdown ==
Pairs that were too short:                   0 (0.0%)
Pairs discarded as untrimmed:          303,610 (78.6%)
Pairs written (passing filters):        82,845 (21.4%)

Total basepairs processed:   231,873,000 bp
  Read 1:   115,936,500 bp
  Read 2:   115,936,500 bp
Total written (filtered):     46,394,762 bp (20.0%)
  Read 1:    23,201,997 bp
  Read 2:    23,192,765 bp

=== First read: Adapter 1 ===

Sequence: CGGTGGAGCATGTGGTTTAA; Type: regular 5'; Length: 20; Trimmed: 98288 times

Minimum overlap: 3
No. of allowed errors:
1-9 bp: 0; 10-19 bp: 1; 20 bp: 2

Overview of removed sequences
length	count	expect	max.err	error counts
3	327	6038.4	0	327
4	340	1509.6	0	340
5	6	377.4	0	6
6	7	94.3	0	7
7	50	23.6	0	50
8	11	5.9	0	11
9	38	1.5	0	38
10	10	0.4	1	7 3
11	46	0.1	1	36 10
12	12	0.0	1	2 10
13	70	0.0	1	23 47
14	37	0.0	1	18 19
15	45	0.0	1	13 32
16	121	0.0	1	37 84
17	51	0.0	1	24 27
18	231	0.0	1	82 148 1
19	609	0.0	1	71 349 189
20	95983	0.0	2	28857 49230 17896
21	260	0.0	2	6 131 123
22	5	0.0	2	3 2
23	1	0.0	2	0 0 1
24	4	0.0	2	2 2
27	1	0.0	2	1
28	3	0.0	2	1 2
32	1	0.0	2	0 1
33	1	0.0	2	0 0 1
40	1	0.0	2	1
57	1	0.0	2	0 0 1
59	1	0.0	2	0 1
101	1	0.0	2	0 1
115	1	0.0	2	0 0 1
132	1	0.0	2	0 0 1
142	1	0.0	2	0 1
146	1	0.0	2	0 1
154	1	0.0	2	0 0 1
157	1	0.0	2	1
162	1	0.0	2	0 1
163	4	0.0	2	0 0 4
184	1	0.0	2	0 0 1
193	1	0.0	2	1
219	1	0.0	2	0 1


=== Second read: Adapter 2 ===

Sequence: AGTTGCAGACTCCAATCCGG; Type: regular 5'; Length: 20; Trimmed: 100378 times

Minimum overlap: 3
No. of allowed errors:
1-9 bp: 0; 10-19 bp: 1; 20 bp: 2

Overview of removed sequences
length	count	expect	max.err	error counts
3	8948	6038.4	0	8948
4	287	1509.6	0	287
5	35	377.4	0	35
6	37	94.3	0	37
7	17	23.6	0	17
8	38	5.9	0	38
9	56	1.5	0	56
10	6	0.4	1	6
11	35	0.1	1	34 1
12	32	0.0	1	27 5
13	98	0.0	1	96 2
14	36	0.0	1	36
15	58	0.0	1	52 6
16	75	0.0	1	69 6
17	99	0.0	1	89 10
18	118	0.0	1	84 9 25
19	630	0.0	1	224 396 10
20	89033	0.0	2	86722 2001 310
21	146	0.0	2	22 119 5
22	10	0.0	2	10
24	4	0.0	2	4
25	4	0.0	2	4
26	9	0.0	2	7 2
27	5	0.0	2	5
28	1	0.0	2	1
29	1	0.0	2	1
30	7	0.0	2	7
31	2	0.0	2	1 1
32	7	0.0	2	7
33	3	0.0	2	3
35	2	0.0	2	1 1
36	2	0.0	2	2
37	1	0.0	2	0 1
38	1	0.0	2	1
40	2	0.0	2	2
41	4	0.0	2	4
43	1	0.0	2	1
44	1	0.0	2	1
45	1	0.0	2	1
47	4	0.0	2	4
48	3	0.0	2	3
53	2	0.0	2	2
54	3	0.0	2	3
58	2	0.0	2	2
60	2	0.0	2	2
61	1	0.0	2	1
63	1	0.0	2	0 1
64	1	0.0	2	1
65	2	0.0	2	2
68	3	0.0	2	3
70	6	0.0	2	5 1
72	1	0.0	2	1
73	1	0.0	2	1
75	1	0.0	2	1
76	2	0.0	2	2
78	1	0.0	2	1
80	2	0.0	2	2
82	2	0.0	2	2
83	1	0.0	2	1
84	3	0.0	2	3
85	2	0.0	2	2
86	4	0.0	2	4
87	4	0.0	2	4
88	1	0.0	2	1
91	1	0.0	2	0 1
92	2	0.0	2	2
94	4	0.0	2	4
95	2	0.0	2	2
98	1	0.0	2	1
100	1	0.0	2	1
102	2	0.0	2	2
105	1	0.0	2	1
110	1	0.0	2	0 1
113	1	0.0	2	1
116	2	0.0	2	2
117	1	0.0	2	1
118	1	0.0	2	1
120	1	0.0	2	1
124	1	0.0	2	1
129	1	0.0	2	1
135	6	0.0	2	5 1
138	1	0.0	2	1
139	2	0.0	2	2
141	1	0.0	2	1
143	1	0.0	2	1
146	1	0.0	2	1
149	1	0.0	2	1
154	2	0.0	2	1 1
156	3	0.0	2	2 1
158	1	0.0	2	1
161	1	0.0	2	0 1
163	7	0.0	2	7
167	1	0.0	2	1
173	1	0.0	2	1
183	1	0.0	2	1
190	1	0.0	2	1
196	1	0.0	2	1
197	1	0.0	2	0 1
198	1	0.0	2	0 1
201	1	0.0	2	1
202	2	0.0	2	2
203	11	0.0	2	8 3
204	396	0.0	2	209 163 24
205	2	0.0	2	2
208	1	0.0	2	1
223	1	0.0	2	1
