This is cutadapt 5.2 with Python 3.13.14
Command line parameters: -g CGGTGGAGCATGTGGTTTAA -G AGTTGCAGACTCCAATCCGG --discard-untrimmed -e 0.1 --minimum-length 50 -j 4 -o results/region/V6_V8/trimmed/RnDD_260801_5_RnDD-16S_n0_R1.fq.gz -p results/region/V6_V8/trimmed/RnDD_260801_5_RnDD-16S_n0_R2.fq.gz /media/genomed/DATA_15Tb/16s_3run/RnDD_260801_5_RnDD-16S_n0/202608012056_RA01230801023_5P251211086US292659BX_RnD_16S_260801_RnDD_260801_5_RnDD-16S_n0_L00_R1.fq.gz /media/genomed/DATA_15Tb/16s_3run/RnDD_260801_5_RnDD-16S_n0/202608012056_RA01230801023_5P251211086US292659BX_RnD_16S_260801_RnDD_260801_5_RnDD-16S_n0_L00_R2.fq.gz
Processing paired-end reads on 4 cores ...

=== Summary ===

Total read pairs processed:            276,271
  Read 1 with adapter:                  47,922 (17.3%)
  Read 2 with adapter:                  50,002 (18.1%)

== Read fate breakdown ==
Pairs that were too short:                   2 (0.0%)
Pairs discarded as untrimmed:          232,563 (84.2%)
Pairs written (passing filters):        43,706 (15.8%)

Total basepairs processed:   165,762,600 bp
  Read 1:    82,881,300 bp
  Read 2:    82,881,300 bp
Total written (filtered):     24,480,685 bp (14.8%)
  Read 1:    12,241,322 bp
  Read 2:    12,239,363 bp

=== First read: Adapter 1 ===

Sequence: CGGTGGAGCATGTGGTTTAA; Type: regular 5'; Length: 20; Trimmed: 47922 times

Minimum overlap: 3
No. of allowed errors:
1-9 bp: 0; 10-19 bp: 1; 20 bp: 2

Overview of removed sequences
length	count	expect	max.err	error counts
3	274	4316.7	0	274
4	656	1079.2	0	656
5	4	269.8	0	4
6	7	67.4	0	7
7	23	16.9	0	23
8	1	4.2	0	1
9	14	1.1	0	14
10	11	0.3	1	9 2
11	12	0.1	1	12
12	6	0.0	1	2 4
13	65	0.0	1	11 54
14	26	0.0	1	13 13
15	42	0.0	1	10 32
16	97	0.0	1	28 69
17	51	0.0	1	20 31
18	215	0.0	1	79 136
19	443	0.0	1	50 273 120
20	45808	0.0	2	13969 23100 8739
21	157	0.0	2	6 75 76
22	1	0.0	2	1
25	1	0.0	2	0 1
30	2	0.0	2	0 1 1
31	1	0.0	2	1
32	1	0.0	2	0 1
97	1	0.0	2	0 0 1
162	1	0.0	2	0 1
163	2	0.0	2	1 0 1


=== Second read: Adapter 2 ===

Sequence: AGTTGCAGACTCCAATCCGG; Type: regular 5'; Length: 20; Trimmed: 50002 times

Minimum overlap: 3
No. of allowed errors:
1-9 bp: 0; 10-19 bp: 1; 20 bp: 2

Overview of removed sequences
length	count	expect	max.err	error counts
3	1814	4316.7	0	1814
4	134	1079.2	0	134
5	9	269.8	0	9
6	19	67.4	0	19
7	4	16.9	0	4
8	6	4.2	0	6
9	17	1.1	0	17
10	5	0.3	1	5
11	17	0.1	1	17
12	26	0.0	1	26
13	70	0.0	1	63 7
14	37	0.0	1	36 1
15	22	0.0	1	19 3
16	38	0.0	1	37 1
17	81	0.0	1	74 7
18	91	0.0	1	59 9 23
19	396	0.0	1	128 261 7
20	47075	0.0	2	45747 1071 257
21	71	0.0	2	11 58 2
22	2	0.0	2	2
24	2	0.0	2	2
25	2	0.0	2	2
26	2	0.0	2	1 0 1
30	2	0.0	2	1 1
32	2	0.0	2	2
35	1	0.0	2	1
36	1	0.0	2	1
63	2	0.0	2	1 0 1
64	1	0.0	2	1
65	1	0.0	2	1
67	1	0.0	2	1
85	1	0.0	2	0 1
86	1	0.0	2	1
113	1	0.0	2	1
149	1	0.0	2	1
154	1	0.0	2	0 0 1
161	1	0.0	2	0 1
162	2	0.0	2	2
163	4	0.0	2	4
203	3	0.0	2	1 1 1
204	32	0.0	2	9 11 12
205	2	0.0	2	2
290	2	0.0	2	0 2
