This is cutadapt 5.2 with Python 3.13.14
Command line parameters: -g CGGTGGAGCATGTGGTTTAA -G AGTTGCAGACTCCAATCCGG --discard-untrimmed -e 0.1 --minimum-length 50 -j 4 -o results/region/V6_V8/trimmed/RnDD_260801_25_RnDD-16S_n0_R1.fq.gz -p results/region/V6_V8/trimmed/RnDD_260801_25_RnDD-16S_n0_R2.fq.gz /media/genomed/DATA_15Tb/16s_3run/RnDD_260801_25_RnDD-16S_n0/202608012056_RA01230801023_5P251211086US292659BX_RnD_16S_260801_RnDD_260801_25_RnDD-16S_n0_L00_R1.fq.gz /media/genomed/DATA_15Tb/16s_3run/RnDD_260801_25_RnDD-16S_n0/202608012056_RA01230801023_5P251211086US292659BX_RnD_16S_260801_RnDD_260801_25_RnDD-16S_n0_L00_R2.fq.gz
Processing paired-end reads on 4 cores ...

=== Summary ===

Total read pairs processed:            824,901
  Read 1 with adapter:                  25,959 (3.1%)
  Read 2 with adapter:                  26,724 (3.2%)

== Read fate breakdown ==
Pairs that were too short:                   1 (0.0%)
Pairs discarded as untrimmed:          801,074 (97.1%)
Pairs written (passing filters):        23,826 (2.9%)

Total basepairs processed:   494,940,600 bp
  Read 1:   247,470,300 bp
  Read 2:   247,470,300 bp
Total written (filtered):     13,341,927 bp (2.7%)
  Read 1:     6,671,256 bp
  Read 2:     6,670,671 bp

=== First read: Adapter 1 ===

Sequence: CGGTGGAGCATGTGGTTTAA; Type: regular 5'; Length: 20; Trimmed: 25959 times

Minimum overlap: 3
No. of allowed errors:
1-9 bp: 0; 10-19 bp: 1; 20 bp: 2

Overview of removed sequences
length	count	expect	max.err	error counts
3	460	12889.1	0	460
4	632	3222.3	0	632
5	8	805.6	0	8
6	2	201.4	0	2
7	2	50.3	0	2
8	2	12.6	0	2
9	5	3.1	0	5
11	2	0.2	1	2
12	2	0.0	1	0 2
13	5	0.0	1	1 4
14	6	0.0	1	5 1
15	1	0.0	1	0 1
16	7	0.0	1	2 5
17	3	0.0	1	0 3
18	19	0.0	1	5 14
19	84	0.0	1	10 50 24
20	24654	0.0	2	7666 12432 4556
21	59	0.0	2	4 31 24
24	1	0.0	2	0 1
30	1	0.0	2	0 0 1
119	1	0.0	2	1
142	1	0.0	2	0 1
163	2	0.0	2	0 0 2


=== Second read: Adapter 2 ===

Sequence: AGTTGCAGACTCCAATCCGG; Type: regular 5'; Length: 20; Trimmed: 26724 times

Minimum overlap: 3
No. of allowed errors:
1-9 bp: 0; 10-19 bp: 1; 20 bp: 2

Overview of removed sequences
length	count	expect	max.err	error counts
3	870	12889.1	0	870
4	112	3222.3	0	112
5	7	805.6	0	7
6	4	201.4	0	4
7	4	50.3	0	4
8	4	12.6	0	4
9	9	3.1	0	9
10	1	0.8	1	1
11	7	0.2	1	7
12	1	0.0	1	1
13	12	0.0	1	12
14	6	0.0	1	6
15	13	0.0	1	11 2
16	11	0.0	1	11
17	15	0.0	1	13 2
18	25	0.0	1	17 4 4
19	184	0.0	1	72 110 2
20	25366	0.0	2	24759 523 84
21	44	0.0	2	4 39 1
22	3	0.0	2	2 0 1
24	1	0.0	2	1
29	1	0.0	2	1
30	1	0.0	2	1
32	1	0.0	2	1
33	1	0.0	2	0 1
41	1	0.0	2	1
42	1	0.0	2	1
69	1	0.0	2	1
78	1	0.0	2	0 1
79	1	0.0	2	1
162	2	0.0	2	1 1
163	4	0.0	2	4
202	1	0.0	2	1
203	1	0.0	2	1
204	7	0.0	2	3 2 2
290	1	0.0	2	0 0 1
