This is cutadapt 5.2 with Python 3.13.14
Command line parameters: -g CGGTGGAGCATGTGGTTTAA -G AGTTGCAGACTCCAATCCGG --discard-untrimmed -e 0.1 --minimum-length 50 -j 4 -o results/region/V6_V8/trimmed/RnDD_260801_4_RnDD-16S_n0_R1.fq.gz -p results/region/V6_V8/trimmed/RnDD_260801_4_RnDD-16S_n0_R2.fq.gz /media/genomed/DATA_15Tb/16s_3run/RnDD_260801_4_RnDD-16S_n0/202608012056_RA01230801023_5P251211086US292659BX_RnD_16S_260801_RnDD_260801_4_RnDD-16S_n0_L00_R1.fq.gz /media/genomed/DATA_15Tb/16s_3run/RnDD_260801_4_RnDD-16S_n0/202608012056_RA01230801023_5P251211086US292659BX_RnD_16S_260801_RnDD_260801_4_RnDD-16S_n0_L00_R2.fq.gz
Processing paired-end reads on 4 cores ...

=== Summary ===

Total read pairs processed:            486,736
  Read 1 with adapter:                  86,325 (17.7%)
  Read 2 with adapter:                  84,484 (17.4%)

== Read fate breakdown ==
Pairs that were too short:                   2 (0.0%)
Pairs discarded as untrimmed:          422,578 (86.8%)
Pairs written (passing filters):        64,156 (13.2%)

Total basepairs processed:   292,041,600 bp
  Read 1:   146,020,800 bp
  Read 2:   146,020,800 bp
Total written (filtered):     35,906,653 bp (12.3%)
  Read 1:    17,969,692 bp
  Read 2:    17,936,961 bp

=== First read: Adapter 1 ===

Sequence: CGGTGGAGCATGTGGTTTAA; Type: regular 5'; Length: 20; Trimmed: 86325 times

Minimum overlap: 3
No. of allowed errors:
1-9 bp: 0; 10-19 bp: 1; 20 bp: 2

Overview of removed sequences
length	count	expect	max.err	error counts
3	357	7605.2	0	357
4	275	1901.3	0	275
5	16	475.3	0	16
6	8	118.8	0	8
7	46	29.7	0	46
8	27	7.4	0	27
9	30	1.9	0	29 1
10	8	0.5	1	4 4
11	49	0.1	1	44 5
12	29	0.0	1	9 20
13	76	0.0	1	18 58
14	39	0.0	1	22 17
15	24	0.0	1	5 19
16	47	0.0	1	22 25
17	26	0.0	1	12 14
18	139	0.0	1	58 79 2
19	264	0.0	1	52 159 53
20	84624	0.0	2	25517 44024 15083
21	184	0.0	2	5 100 79
24	3	0.0	2	0 1 2
27	1	0.0	2	0 0 1
28	1	0.0	2	1
30	1	0.0	2	0 0 1
32	1	0.0	2	1
34	1	0.0	2	1
50	1	0.0	2	0 0 1
57	1	0.0	2	1
58	3	0.0	2	0 2 1
65	1	0.0	2	0 1
71	1	0.0	2	0 1
72	1	0.0	2	0 0 1
73	1	0.0	2	0 1
95	1	0.0	2	0 0 1
100	1	0.0	2	0 1
101	1	0.0	2	0 1
105	1	0.0	2	0 0 1
111	1	0.0	2	0 0 1
118	1	0.0	2	0 1
121	1	0.0	2	1
128	1	0.0	2	0 0 1
141	1	0.0	2	0 1
152	1	0.0	2	0 1
155	1	0.0	2	0 0 1
161	1	0.0	2	0 0 1
163	11	0.0	2	2 5 4
180	1	0.0	2	0 1
182	1	0.0	2	0 0 1
189	1	0.0	2	0 1
190	1	0.0	2	0 1
192	1	0.0	2	0 0 1
196	1	0.0	2	0 1
198	1	0.0	2	0 1
201	1	0.0	2	0 0 1
209	1	0.0	2	0 0 1
212	1	0.0	2	0 1
219	2	0.0	2	0 0 2
221	1	0.0	2	0 0 1
223	1	0.0	2	0 0 1
226	1	0.0	2	0 0 1
254	2	0.0	2	0 0 2


=== Second read: Adapter 2 ===

Sequence: AGTTGCAGACTCCAATCCGG; Type: regular 5'; Length: 20; Trimmed: 84484 times

Minimum overlap: 3
No. of allowed errors:
1-9 bp: 0; 10-19 bp: 1; 20 bp: 2

Overview of removed sequences
length	count	expect	max.err	error counts
3	12319	7605.2	0	12319
4	313	1901.3	0	313
5	28	475.3	0	28
6	48	118.8	0	48
7	18	29.7	0	18
8	32	7.4	0	32
9	41	1.9	0	41
10	15	0.5	1	15
11	45	0.1	1	44 1
12	31	0.0	1	30 1
13	69	0.0	1	69
14	30	0.0	1	30
15	54	0.0	1	49 5
16	85	0.0	1	82 3
17	62	0.0	1	56 6
18	91	0.0	1	73 9 9
19	412	0.0	1	167 238 7
20	69222	0.0	2	67588 1369 265
21	112	0.0	2	22 87 3
22	7	0.0	2	7
24	11	0.0	2	11
25	9	0.0	2	9
26	10	0.0	2	8 0 2
27	5	0.0	2	5
28	1	0.0	2	1
30	5	0.0	2	5
31	3	0.0	2	2 1
32	5	0.0	2	5
33	2	0.0	2	2
34	3	0.0	2	2 1
35	3	0.0	2	2 0 1
36	2	0.0	2	2
37	1	0.0	2	1
39	3	0.0	2	2 0 1
40	3	0.0	2	3
41	5	0.0	2	5
42	3	0.0	2	3
43	2	0.0	2	2
44	1	0.0	2	1
46	5	0.0	2	5
47	11	0.0	2	10 0 1
51	2	0.0	2	2
53	2	0.0	2	1 1
54	3	0.0	2	3
55	6	0.0	2	6
56	4	0.0	2	4
57	1	0.0	2	1
58	3	0.0	2	3
60	2	0.0	2	2
62	1	0.0	2	1
63	2	0.0	2	2
64	7	0.0	2	7
65	3	0.0	2	3
66	2	0.0	2	2
67	2	0.0	2	2
68	2	0.0	2	2
69	3	0.0	2	3
70	5	0.0	2	5
71	3	0.0	2	3
75	3	0.0	2	2 1
76	1	0.0	2	1
77	6	0.0	2	6
78	2	0.0	2	2
79	4	0.0	2	4
80	3	0.0	2	3
81	2	0.0	2	2
82	3	0.0	2	3
83	6	0.0	2	6
84	3	0.0	2	3
85	5	0.0	2	5
86	8	0.0	2	8
87	10	0.0	2	9 1
88	1	0.0	2	1
89	1	0.0	2	1
90	1	0.0	2	0 1
91	3	0.0	2	2 1
92	4	0.0	2	4
93	1	0.0	2	1
94	5	0.0	2	5
95	1	0.0	2	1
96	4	0.0	2	3 1
98	5	0.0	2	4 1
99	4	0.0	2	4
100	1	0.0	2	1
101	1	0.0	2	1
103	2	0.0	2	2
104	1	0.0	2	1
106	3	0.0	2	3
109	1	0.0	2	1
110	3	0.0	2	2 1
111	1	0.0	2	1
113	1	0.0	2	1
114	7	0.0	2	7
115	1	0.0	2	1
116	2	0.0	2	1 1
118	2	0.0	2	2
119	1	0.0	2	1
121	1	0.0	2	1
125	1	0.0	2	1
129	3	0.0	2	3
130	2	0.0	2	2
131	1	0.0	2	1
132	1	0.0	2	1
134	4	0.0	2	4
135	1	0.0	2	0 1
136	1	0.0	2	1
137	2	0.0	2	2
138	2	0.0	2	2
139	5	0.0	2	5
146	1	0.0	2	1
148	1	0.0	2	0 1
149	1	0.0	2	1
151	1	0.0	2	0 1
152	1	0.0	2	1
153	1	0.0	2	1
154	2	0.0	2	1 1
158	1	0.0	2	1
159	1	0.0	2	1
162	1	0.0	2	1
163	8	0.0	2	6 1 1
165	1	0.0	2	0 1
166	1	0.0	2	1
168	1	0.0	2	1
170	1	0.0	2	1
172	1	0.0	2	0 0 1
180	2	0.0	2	2
183	4	0.0	2	2 2
184	5	0.0	2	2 3
185	1	0.0	2	1
186	1	0.0	2	1
188	1	0.0	2	0 1
189	1	0.0	2	1
192	1	0.0	2	1
193	2	0.0	2	1 1
195	2	0.0	2	2
197	1	0.0	2	0 1
198	6	0.0	2	4 2
199	1	0.0	2	0 1
201	2	0.0	2	1 1
202	2	0.0	2	0 2
203	39	0.0	2	29 7 3
204	1068	0.0	2	627 403 38
205	2	0.0	2	1 1
228	1	0.0	2	0 1
238	1	0.0	2	1
