This is cutadapt 5.2 with Python 3.13.14
Command line parameters: -g CGGTGGAGCATGTGGTTTAA -G AGTTGCAGACTCCAATCCGG --discard-untrimmed -e 0.1 --minimum-length 50 -j 4 -o results/region/V6_V8/trimmed/RnDD_260801_1_RnDD-16S_n0_R1.fq.gz -p results/region/V6_V8/trimmed/RnDD_260801_1_RnDD-16S_n0_R2.fq.gz /media/genomed/DATA_15Tb/16s_3run/RnDD_260801_1_RnDD-16S_n0/202608012056_RA01230801023_5P251211086US292659BX_RnD_16S_260801_RnDD_260801_1_RnDD-16S_n0_L00_R1.fq.gz /media/genomed/DATA_15Tb/16s_3run/RnDD_260801_1_RnDD-16S_n0/202608012056_RA01230801023_5P251211086US292659BX_RnD_16S_260801_RnDD_260801_1_RnDD-16S_n0_L00_R2.fq.gz
Processing paired-end reads on 4 cores ...

=== Summary ===

Total read pairs processed:            387,969
  Read 1 with adapter:                  98,624 (25.4%)
  Read 2 with adapter:                 100,582 (25.9%)

== Read fate breakdown ==
Pairs that were too short:                   2 (0.0%)
Pairs discarded as untrimmed:          304,851 (78.6%)
Pairs written (passing filters):        83,116 (21.4%)

Total basepairs processed:   232,781,400 bp
  Read 1:   116,390,700 bp
  Read 2:   116,390,700 bp
Total written (filtered):     46,536,116 bp (20.0%)
  Read 1:    23,277,870 bp
  Read 2:    23,258,246 bp

=== First read: Adapter 1 ===

Sequence: CGGTGGAGCATGTGGTTTAA; Type: regular 5'; Length: 20; Trimmed: 98624 times

Minimum overlap: 3
No. of allowed errors:
1-9 bp: 0; 10-19 bp: 1; 20 bp: 2

Overview of removed sequences
length	count	expect	max.err	error counts
3	336	6062.0	0	336
4	321	1515.5	0	321
5	6	378.9	0	6
6	4	94.7	0	4
7	37	23.7	0	37
8	13	5.9	0	13
9	24	1.5	0	24
10	9	0.4	1	7 2
11	23	0.1	1	22 1
12	21	0.0	1	11 10
13	76	0.0	1	20 56
14	29	0.0	1	13 16
15	29	0.0	1	10 19
16	117	0.0	1	39 78
17	43	0.0	1	21 22
18	267	0.0	1	95 170 2
19	598	0.0	1	67 357 174
20	96387	0.0	2	29058 49536 17793
21	256	0.0	2	7 128 121
22	3	0.0	2	2 0 1
23	2	0.0	2	0 1 1
24	2	0.0	2	0 1 1
26	1	0.0	2	1
28	1	0.0	2	0 1
32	3	0.0	2	0 1 2
59	1	0.0	2	0 1
141	1	0.0	2	0 1
153	1	0.0	2	1
156	1	0.0	2	0 0 1
161	1	0.0	2	0 0 1
162	1	0.0	2	0 1
163	6	0.0	2	4 1 1
164	1	0.0	2	0 1
183	1	0.0	2	0 0 1
219	1	0.0	2	0 0 1
271	1	0.0	2	0 0 1


=== Second read: Adapter 2 ===

Sequence: AGTTGCAGACTCCAATCCGG; Type: regular 5'; Length: 20; Trimmed: 100582 times

Minimum overlap: 3
No. of allowed errors:
1-9 bp: 0; 10-19 bp: 1; 20 bp: 2

Overview of removed sequences
length	count	expect	max.err	error counts
3	8721	6062.0	0	8721
4	262	1515.5	0	262
5	16	378.9	0	16
6	31	94.7	0	31
7	18	23.7	0	18
8	31	5.9	0	31
9	33	1.5	0	33
10	12	0.4	1	12
11	48	0.1	1	48
12	35	0.0	1	35
13	99	0.0	1	95 4
14	40	0.0	1	38 2
15	59	0.0	1	53 6
16	76	0.0	1	70 6
17	91	0.0	1	84 7
18	134	0.0	1	105 8 21
19	622	0.0	1	235 377 10
20	89436	0.0	2	87189 1902 345
21	151	0.0	2	19 128 4
22	3	0.0	2	2 1
24	14	0.0	2	13 1
25	4	0.0	2	4
26	5	0.0	2	4 1
27	5	0.0	2	5
28	3	0.0	2	3
29	1	0.0	2	1
30	8	0.0	2	8
31	3	0.0	2	3
32	3	0.0	2	2 0 1
33	4	0.0	2	4
35	3	0.0	2	3
36	1	0.0	2	1
37	1	0.0	2	1
39	2	0.0	2	2
40	3	0.0	2	3
44	6	0.0	2	6
46	7	0.0	2	7
47	3	0.0	2	3
50	1	0.0	2	1
53	2	0.0	2	2
54	2	0.0	2	2
56	1	0.0	2	1
58	2	0.0	2	2
60	1	0.0	2	1
63	2	0.0	2	2
64	4	0.0	2	3 1
65	2	0.0	2	2
66	1	0.0	2	1
68	4	0.0	2	2 2
69	1	0.0	2	1
70	2	0.0	2	1 1
72	3	0.0	2	3
77	1	0.0	2	1
80	5	0.0	2	5
81	4	0.0	2	3 0 1
83	2	0.0	2	2
85	4	0.0	2	4
86	4	0.0	2	2 2
87	3	0.0	2	3
88	1	0.0	2	1
89	1	0.0	2	1
92	1	0.0	2	1
93	1	0.0	2	1
94	1	0.0	2	1
95	1	0.0	2	1
96	1	0.0	2	1
98	3	0.0	2	2 1
99	1	0.0	2	1
101	2	0.0	2	2
104	1	0.0	2	1
106	2	0.0	2	2
108	2	0.0	2	2
109	2	0.0	2	2
110	2	0.0	2	1 1
116	2	0.0	2	1 1
125	1	0.0	2	1
127	1	0.0	2	1
129	1	0.0	2	1
130	2	0.0	2	2
135	4	0.0	2	3 1
136	1	0.0	2	1
138	1	0.0	2	1
139	2	0.0	2	2
141	1	0.0	2	1
144	1	0.0	2	1
145	1	0.0	2	0 1
148	1	0.0	2	1
151	1	0.0	2	1
154	6	0.0	2	4 2
155	2	0.0	2	2
161	1	0.0	2	0 1
162	1	0.0	2	1
163	4	0.0	2	3 1
164	1	0.0	2	1
178	1	0.0	2	1
183	4	0.0	2	3 1
192	1	0.0	2	0 1
193	1	0.0	2	1
197	1	0.0	2	0 1
198	2	0.0	2	2
201	3	0.0	2	3
202	2	0.0	2	2
203	25	0.0	2	14 7 4
204	436	0.0	2	234 170 32
205	2	0.0	2	2
228	1	0.0	2	0 0 1
287	1	0.0	2	1
