This is cutadapt 5.2 with Python 3.13.14
Command line parameters: -g CGGTGGAGCATGTGGTTTAA -G AGTTGCAGACTCCAATCCGG --discard-untrimmed -e 0.1 --minimum-length 50 -j 4 -o results/region/V6_V8/trimmed/RnDD_260713_15_RnDD-16S_n0_R1.fq.gz -p results/region/V6_V8/trimmed/RnDD_260713_15_RnDD-16S_n0_R2.fq.gz data/raw/RnDD_260713_15_RnDD-16S_n0/202607132008_RA01230801023_5P260413092US292662D3_RnD_SRSLY_16S_NPO_260713_RnDD_260713_15_RnDD-16S_n0_L00_R1.fq.gz data/raw/RnDD_260713_15_RnDD-16S_n0/202607132008_RA01230801023_5P260413092US292662D3_RnD_SRSLY_16S_NPO_260713_RnDD_260713_15_RnDD-16S_n0_L00_R2.fq.gz
Processing paired-end reads on 4 cores ...

=== Summary ===

Total read pairs processed:            379,155
  Read 1 with adapter:                   1,706 (0.4%)
  Read 2 with adapter:                   1,685 (0.4%)

== Read fate breakdown ==
Pairs that were too short:                   0 (0.0%)
Pairs discarded as untrimmed:          378,816 (99.9%)
Pairs written (passing filters):           339 (0.1%)

Total basepairs processed:   113,746,500 bp
  Read 1:    56,873,250 bp
  Read 2:    56,873,250 bp
Total written (filtered):         88,462 bp (0.1%)
  Read 1:        44,243 bp
  Read 2:        44,219 bp

=== First read: Adapter 1 ===

Sequence: CGGTGGAGCATGTGGTTTAA; Type: regular 5'; Length: 20; Trimmed: 1706 times

Minimum overlap: 3
No. of allowed errors:
1-9 bp: 0; 10-19 bp: 1; 20 bp: 2

Overview of removed sequences
length	count	expect	max.err	error counts
3	324	5924.3	0	324
4	1029	1481.1	0	1029
5	1	370.3	0	1
7	2	23.1	0	2
19	1	0.0	1	0 1
20	347	0.0	2	333 14
21	2	0.0	2	1 1


=== Second read: Adapter 2 ===

Sequence: AGTTGCAGACTCCAATCCGG; Type: regular 5'; Length: 20; Trimmed: 1685 times

Minimum overlap: 3
No. of allowed errors:
1-9 bp: 0; 10-19 bp: 1; 20 bp: 2

Overview of removed sequences
length	count	expect	max.err	error counts
3	1074	5924.3	0	1074
4	246	1481.1	0	246
5	1	370.3	0	1
7	1	23.1	0	1
17	1	0.0	1	0 1
19	4	0.0	1	1 3
20	358	0.0	2	338 20
