This is cutadapt 5.2 with Python 3.13.14
Command line parameters: -g CGGTGGAGCATGTGGTTTAA -G AGTTGCAGACTCCAATCCGG --discard-untrimmed -e 0.1 --minimum-length 50 -j 4 -o results/region/V6_V8/trimmed/RnDD_260801_6_RnDD-16S_n0_R1.fq.gz -p results/region/V6_V8/trimmed/RnDD_260801_6_RnDD-16S_n0_R2.fq.gz /media/genomed/DATA_15Tb/16s_3run/RnDD_260801_6_RnDD-16S_n0/202608012056_RA01230801023_5P251211086US292659BX_RnD_16S_260801_RnDD_260801_6_RnDD-16S_n0_L00_R1.fq.gz /media/genomed/DATA_15Tb/16s_3run/RnDD_260801_6_RnDD-16S_n0/202608012056_RA01230801023_5P251211086US292659BX_RnD_16S_260801_RnDD_260801_6_RnDD-16S_n0_L00_R2.fq.gz
Processing paired-end reads on 4 cores ...

=== Summary ===

Total read pairs processed:            246,509
  Read 1 with adapter:                  42,659 (17.3%)
  Read 2 with adapter:                  44,624 (18.1%)

== Read fate breakdown ==
Pairs that were too short:                   0 (0.0%)
Pairs discarded as untrimmed:          207,611 (84.2%)
Pairs written (passing filters):        38,898 (15.8%)

Total basepairs processed:   147,905,400 bp
  Read 1:    73,952,700 bp
  Read 2:    73,952,700 bp
Total written (filtered):     21,787,489 bp (14.7%)
  Read 1:    10,894,020 bp
  Read 2:    10,893,469 bp

=== First read: Adapter 1 ===

Sequence: CGGTGGAGCATGTGGTTTAA; Type: regular 5'; Length: 20; Trimmed: 42659 times

Minimum overlap: 3
No. of allowed errors:
1-9 bp: 0; 10-19 bp: 1; 20 bp: 2

Overview of removed sequences
length	count	expect	max.err	error counts
3	256	3851.7	0	256
4	567	962.9	0	567
5	5	240.7	0	5
6	4	60.2	0	4
7	18	15.0	0	18
8	3	3.8	0	3
9	20	0.9	0	20
10	3	0.2	1	2 1
11	9	0.1	1	9
12	5	0.0	1	2 3
13	58	0.0	1	8 50
14	23	0.0	1	11 12
15	25	0.0	1	7 18
16	96	0.0	1	33 63
17	40	0.0	1	17 23
18	164	0.0	1	54 108 2
19	372	0.0	1	27 238 107
20	40850	0.0	2	12534 20694 7622
21	128	0.0	2	5 65 58
22	1	0.0	2	0 1
30	4	0.0	2	1 2 1
32	2	0.0	2	0 1 1
49	1	0.0	2	0 0 1
51	1	0.0	2	0 0 1
157	1	0.0	2	0 0 1
160	1	0.0	2	1
163	2	0.0	2	0 1 1


=== Second read: Adapter 2 ===

Sequence: AGTTGCAGACTCCAATCCGG; Type: regular 5'; Length: 20; Trimmed: 44624 times

Minimum overlap: 3
No. of allowed errors:
1-9 bp: 0; 10-19 bp: 1; 20 bp: 2

Overview of removed sequences
length	count	expect	max.err	error counts
3	1641	3851.7	0	1641
4	148	962.9	0	148
5	8	240.7	0	8
6	11	60.2	0	11
7	7	15.0	0	7
8	9	3.8	0	9
9	12	0.9	0	12
10	2	0.2	1	2
11	19	0.1	1	18 1
12	27	0.0	1	27
13	66	0.0	1	65 1
14	27	0.0	1	26 1
15	25	0.0	1	22 3
16	44	0.0	1	42 2
17	60	0.0	1	58 2
18	76	0.0	1	59 0 17
19	345	0.0	1	123 222
20	41980	0.0	2	40726 985 269
21	71	0.0	2	11 58 2
23	1	0.0	2	1
24	3	0.0	2	3
25	3	0.0	2	3
28	1	0.0	2	1
29	1	0.0	2	0 1
30	1	0.0	2	1
33	1	0.0	2	1
36	1	0.0	2	1
37	1	0.0	2	1
40	1	0.0	2	1
66	1	0.0	2	0 1
74	1	0.0	2	1
163	2	0.0	2	2
202	1	0.0	2	1
203	2	0.0	2	1 1
204	24	0.0	2	8 12 4
205	1	0.0	2	1
