This is cutadapt 5.2 with Python 3.13.14
Command line parameters: -g CGGTGGAGCATGTGGTTTAA -G AGTTGCAGACTCCAATCCGG --discard-untrimmed -e 0.1 --minimum-length 50 -j 4 -o results/region/V6_V8/trimmed/RnDD_260801_12_RnDD-16S_n0_R1.fq.gz -p results/region/V6_V8/trimmed/RnDD_260801_12_RnDD-16S_n0_R2.fq.gz /media/genomed/DATA_15Tb/16s_3run/RnDD_260801_12_RnDD-16S_n0/202608012056_RA01230801023_5P251211086US292659BX_RnD_16S_260801_RnDD_260801_12_RnDD-16S_n0_L00_R1.fq.gz /media/genomed/DATA_15Tb/16s_3run/RnDD_260801_12_RnDD-16S_n0/202608012056_RA01230801023_5P251211086US292659BX_RnD_16S_260801_RnDD_260801_12_RnDD-16S_n0_L00_R2.fq.gz
Processing paired-end reads on 4 cores ...

=== Summary ===

Total read pairs processed:            411,704
  Read 1 with adapter:                 107,942 (26.2%)
  Read 2 with adapter:                 112,869 (27.4%)

== Read fate breakdown ==
Pairs that were too short:                   0 (0.0%)
Pairs discarded as untrimmed:          309,917 (75.3%)
Pairs written (passing filters):       101,787 (24.7%)

Total basepairs processed:   247,022,400 bp
  Read 1:   123,511,200 bp
  Read 2:   123,511,200 bp
Total written (filtered):     57,006,769 bp (23.1%)
  Read 1:    28,504,436 bp
  Read 2:    28,502,333 bp

=== First read: Adapter 1 ===

Sequence: CGGTGGAGCATGTGGTTTAA; Type: regular 5'; Length: 20; Trimmed: 107942 times

Minimum overlap: 3
No. of allowed errors:
1-9 bp: 0; 10-19 bp: 1; 20 bp: 2

Overview of removed sequences
length	count	expect	max.err	error counts
3	345	6432.9	0	345
4	970	1608.2	0	970
5	4	402.1	0	4
6	6	100.5	0	6
7	36	25.1	0	36
8	11	6.3	0	11
9	29	1.6	0	29
10	3	0.4	1	1 2
11	16	0.1	1	14 2
12	16	0.0	1	9 7
13	63	0.0	1	15 48
14	16	0.0	1	7 9
15	30	0.0	1	6 24
16	103	0.0	1	44 59
17	67	0.0	1	32 35
18	280	0.0	1	97 181 2
19	613	0.0	1	53 386 174
20	105027	0.0	2	32167 53021 19839
21	284	0.0	2	8 155 121
22	4	0.0	2	1 2 1
24	4	0.0	2	0 2 2
25	2	0.0	2	1 1
30	2	0.0	2	1 1
31	1	0.0	2	0 0 1
32	3	0.0	2	0 2 1
39	2	0.0	2	0 0 2
157	2	0.0	2	0 1 1
162	1	0.0	2	1
163	2	0.0	2	2


=== Second read: Adapter 2 ===

Sequence: AGTTGCAGACTCCAATCCGG; Type: regular 5'; Length: 20; Trimmed: 112869 times

Minimum overlap: 3
No. of allowed errors:
1-9 bp: 0; 10-19 bp: 1; 20 bp: 2

Overview of removed sequences
length	count	expect	max.err	error counts
3	2635	6432.9	0	2635
4	167	1608.2	0	167
5	23	402.1	0	23
6	22	100.5	0	22
7	20	25.1	0	20
8	19	6.3	0	19
9	32	1.6	0	32
10	6	0.4	1	6
11	32	0.1	1	32
12	30	0.0	1	30
13	87	0.0	1	83 4
14	37	0.0	1	33 4
15	63	0.0	1	53 10
16	77	0.0	1	72 5
17	95	0.0	1	87 8
18	164	0.0	1	110 17 37
19	791	0.0	1	294 487 10
20	108274	0.0	2	105658 2215 401
21	189	0.0	2	23 163 3
22	3	0.0	2	2 0 1
24	7	0.0	2	7
28	1	0.0	2	1
30	4	0.0	2	3 1
31	2	0.0	2	2
32	5	0.0	2	5
33	3	0.0	2	3
34	1	0.0	2	1
36	1	0.0	2	1
38	1	0.0	2	0 0 1
40	4	0.0	2	2 2
43	1	0.0	2	1
46	1	0.0	2	0 1
47	2	0.0	2	2
50	1	0.0	2	1
56	2	0.0	2	0 2
57	1	0.0	2	1
58	3	0.0	2	2 1
59	1	0.0	2	1
63	1	0.0	2	0 1
64	1	0.0	2	0 1
86	1	0.0	2	1
87	1	0.0	2	0 0 1
104	1	0.0	2	0 1
115	1	0.0	2	1
152	1	0.0	2	0 0 1
156	1	0.0	2	1
160	1	0.0	2	1
161	1	0.0	2	1
162	1	0.0	2	1
163	4	0.0	2	2 1 1
187	1	0.0	2	0 0 1
200	1	0.0	2	0 1
201	1	0.0	2	1
203	5	0.0	2	1 3 1
204	38	0.0	2	12 13 13
235	1	0.0	2	1
