This is cutadapt 5.2 with Python 3.13.14
Command line parameters: -g CGGTGGAGCATGTGGTTTAA -G AGTTGCAGACTCCAATCCGG --discard-untrimmed -e 0.1 --minimum-length 50 -j 4 -o results/region/V6_V8/trimmed/RnDD_260801_18_RnDD-16S_n0_R1.fq.gz -p results/region/V6_V8/trimmed/RnDD_260801_18_RnDD-16S_n0_R2.fq.gz /media/genomed/DATA_15Tb/16s_3run/RnDD_260801_18_RnDD-16S_n0/202608012056_RA01230801023_5P251211086US292659BX_RnD_16S_260801_RnDD_260801_18_RnDD-16S_n0_L00_R1.fq.gz /media/genomed/DATA_15Tb/16s_3run/RnDD_260801_18_RnDD-16S_n0/202608012056_RA01230801023_5P251211086US292659BX_RnD_16S_260801_RnDD_260801_18_RnDD-16S_n0_L00_R2.fq.gz
Processing paired-end reads on 4 cores ...

=== Summary ===

Total read pairs processed:            162,373
  Read 1 with adapter:                  36,686 (22.6%)
  Read 2 with adapter:                  37,619 (23.2%)

== Read fate breakdown ==
Pairs that were too short:                   0 (0.0%)
Pairs discarded as untrimmed:          127,365 (78.4%)
Pairs written (passing filters):        35,008 (21.6%)

Total basepairs processed:    97,423,800 bp
  Read 1:    48,711,900 bp
  Read 2:    48,711,900 bp
Total written (filtered):     19,607,259 bp (20.1%)
  Read 1:     9,803,804 bp
  Read 2:     9,803,455 bp

=== First read: Adapter 1 ===

Sequence: CGGTGGAGCATGTGGTTTAA; Type: regular 5'; Length: 20; Trimmed: 36686 times

Minimum overlap: 3
No. of allowed errors:
1-9 bp: 0; 10-19 bp: 1; 20 bp: 2

Overview of removed sequences
length	count	expect	max.err	error counts
3	126	2537.1	0	126
4	163	634.3	0	163
5	2	158.6	0	2
6	1	39.6	0	1
7	2	9.9	0	2
8	3	2.5	0	3
9	5	0.6	0	5
10	3	0.2	1	1 2
11	6	0.0	1	6
12	1	0.0	1	0 1
13	34	0.0	1	9 25
14	14	0.0	1	5 9
15	25	0.0	1	4 21
16	86	0.0	1	32 54
17	45	0.0	1	25 20
18	138	0.0	1	49 89
19	269	0.0	1	17 165 87
20	35639	0.0	2	10969 17896 6774
21	116	0.0	2	4 68 44
22	1	0.0	2	0 1
24	1	0.0	2	1
30	1	0.0	2	0 1
32	3	0.0	2	1 2
39	1	0.0	2	0 1
157	1	0.0	2	0 1


=== Second read: Adapter 2 ===

Sequence: AGTTGCAGACTCCAATCCGG; Type: regular 5'; Length: 20; Trimmed: 37619 times

Minimum overlap: 3
No. of allowed errors:
1-9 bp: 0; 10-19 bp: 1; 20 bp: 2

Overview of removed sequences
length	count	expect	max.err	error counts
3	490	2537.1	0	490
4	45	634.3	0	45
5	2	158.6	0	2
6	5	39.6	0	5
7	3	9.9	0	3
8	3	2.5	0	3
9	6	0.6	0	6
11	20	0.0	1	19 1
12	20	0.0	1	20
13	58	0.0	1	53 5
14	23	0.0	1	23
15	23	0.0	1	20 3
16	27	0.0	1	26 1
17	65	0.0	1	63 2
18	70	0.0	1	51 6 13
19	250	0.0	1	89 160 1
20	36439	0.0	2	35265 899 275
21	48	0.0	2	8 39 1
24	2	0.0	2	2
28	2	0.0	2	2
30	6	0.0	2	6
32	1	0.0	2	1
33	2	0.0	2	2
163	2	0.0	2	2
204	7	0.0	2	2 5
