This is cutadapt 5.2 with Python 3.13.14
Command line parameters: -g CGGTGGAGCATGTGGTTTAA -G AGTTGCAGACTCCAATCCGG --discard-untrimmed -e 0.1 --minimum-length 50 -j 4 -o results/region/V6_V8/trimmed/RnDD_260801_17_RnDD-16S_n0_R1.fq.gz -p results/region/V6_V8/trimmed/RnDD_260801_17_RnDD-16S_n0_R2.fq.gz /media/genomed/DATA_15Tb/16s_3run/RnDD_260801_17_RnDD-16S_n0/202608012056_RA01230801023_5P251211086US292659BX_RnD_16S_260801_RnDD_260801_17_RnDD-16S_n0_L00_R1.fq.gz /media/genomed/DATA_15Tb/16s_3run/RnDD_260801_17_RnDD-16S_n0/202608012056_RA01230801023_5P251211086US292659BX_RnD_16S_260801_RnDD_260801_17_RnDD-16S_n0_L00_R2.fq.gz
Processing paired-end reads on 4 cores ...

=== Summary ===

Total read pairs processed:            137,853
  Read 1 with adapter:                  31,193 (22.6%)
  Read 2 with adapter:                  31,837 (23.1%)

== Read fate breakdown ==
Pairs that were too short:                   0 (0.0%)
Pairs discarded as untrimmed:          108,094 (78.4%)
Pairs written (passing filters):        29,759 (21.6%)

Total basepairs processed:    82,711,800 bp
  Read 1:    41,355,900 bp
  Read 2:    41,355,900 bp
Total written (filtered):     16,667,332 bp (20.2%)
  Read 1:     8,333,898 bp
  Read 2:     8,333,434 bp

=== First read: Adapter 1 ===

Sequence: CGGTGGAGCATGTGGTTTAA; Type: regular 5'; Length: 20; Trimmed: 31193 times

Minimum overlap: 3
No. of allowed errors:
1-9 bp: 0; 10-19 bp: 1; 20 bp: 2

Overview of removed sequences
length	count	expect	max.err	error counts
3	105	2154.0	0	105
4	141	538.5	0	141
5	2	134.6	0	2
6	4	33.7	0	4
7	3	8.4	0	3
8	1	2.1	0	1
9	6	0.5	0	6
10	7	0.1	1	5 2
11	5	0.0	1	4 1
12	5	0.0	1	2 3
13	25	0.0	1	6 19
14	20	0.0	1	8 12
15	13	0.0	1	6 7
16	74	0.0	1	23 51
17	31	0.0	1	14 17
18	118	0.0	1	39 78 1
19	237	0.0	1	25 130 82
20	30299	0.0	2	9214 15241 5844
21	92	0.0	2	2 32 58
22	1	0.0	2	0 1
24	1	0.0	2	0 1
32	2	0.0	2	1 0 1
136	1	0.0	2	0 1


=== Second read: Adapter 2 ===

Sequence: AGTTGCAGACTCCAATCCGG; Type: regular 5'; Length: 20; Trimmed: 31837 times

Minimum overlap: 3
No. of allowed errors:
1-9 bp: 0; 10-19 bp: 1; 20 bp: 2

Overview of removed sequences
length	count	expect	max.err	error counts
3	376	2154.0	0	376
4	34	538.5	0	34
5	4	134.6	0	4
6	8	33.7	0	8
8	7	2.1	0	7
9	12	0.5	0	12
10	2	0.1	1	2
11	13	0.0	1	13
12	14	0.0	1	14
13	68	0.0	1	67 1
14	11	0.0	1	11
15	30	0.0	1	28 2
16	43	0.0	1	40 3
17	41	0.0	1	38 3
18	65	0.0	1	45 7 13
19	264	0.0	1	109 153 2
20	30771	0.0	2	29786 764 221
21	55	0.0	2	2 51 2
23	1	0.0	2	0 1
25	1	0.0	2	1
29	1	0.0	2	0 1
30	3	0.0	2	3
31	1	0.0	2	1
32	1	0.0	2	1
35	1	0.0	2	1
36	1	0.0	2	1
68	1	0.0	2	1
163	1	0.0	2	1
198	1	0.0	2	0 1
204	5	0.0	2	0 2 3
215	1	0.0	2	1
