This is cutadapt 5.2 with Python 3.13.14
Command line parameters: -g CGGTGGAGCATGTGGTTTAA -G AGTTGCAGACTCCAATCCGG --discard-untrimmed -e 0.1 --minimum-length 50 -j 4 -o results/region/V6_V8/trimmed/RnDD_260801_24_RnDD-16S_n0_R1.fq.gz -p results/region/V6_V8/trimmed/RnDD_260801_24_RnDD-16S_n0_R2.fq.gz /media/genomed/DATA_15Tb/16s_3run/RnDD_260801_24_RnDD-16S_n0/202608012056_RA01230801023_5P251211086US292659BX_RnD_16S_260801_RnDD_260801_24_RnDD-16S_n0_L00_R1.fq.gz /media/genomed/DATA_15Tb/16s_3run/RnDD_260801_24_RnDD-16S_n0/202608012056_RA01230801023_5P251211086US292659BX_RnD_16S_260801_RnDD_260801_24_RnDD-16S_n0_L00_R2.fq.gz
Processing paired-end reads on 4 cores ...

=== Summary ===

Total read pairs processed:            365,781
  Read 1 with adapter:                 112,854 (30.9%)
  Read 2 with adapter:                 116,919 (32.0%)

== Read fate breakdown ==
Pairs that were too short:                   0 (0.0%)
Pairs discarded as untrimmed:          256,836 (70.2%)
Pairs written (passing filters):       108,945 (29.8%)

Total basepairs processed:   219,468,600 bp
  Read 1:   109,734,300 bp
  Read 2:   109,734,300 bp
Total written (filtered):     61,014,687 bp (27.8%)
  Read 1:    30,507,438 bp
  Read 2:    30,507,249 bp

=== First read: Adapter 1 ===

Sequence: CGGTGGAGCATGTGGTTTAA; Type: regular 5'; Length: 20; Trimmed: 112854 times

Minimum overlap: 3
No. of allowed errors:
1-9 bp: 0; 10-19 bp: 1; 20 bp: 2

Overview of removed sequences
length	count	expect	max.err	error counts
3	167	5715.3	0	167
4	375	1428.8	0	375
5	1	357.2	0	1
6	5	89.3	0	5
7	16	22.3	0	16
8	2	5.6	0	2
9	19	1.4	0	19
10	8	0.3	1	7 1
11	19	0.1	1	18 1
12	4	0.0	1	1 3
13	30	0.0	1	12 18
14	22	0.0	1	12 10
15	20	0.0	1	9 11
16	99	0.0	1	30 69
17	67	0.0	1	34 33
18	219	0.0	1	79 140
19	570	0.0	1	39 357 174
20	110912	0.0	2	34520 55948 20444
21	280	0.0	2	15 135 130
22	2	0.0	2	0 0 2
24	3	0.0	2	1 2
28	1	0.0	2	1
30	1	0.0	2	1
31	3	0.0	2	2 1
32	4	0.0	2	2 1 1
33	1	0.0	2	0 1
48	1	0.0	2	0 0 1
50	1	0.0	2	0 0 1
136	1	0.0	2	0 0 1
163	1	0.0	2	1


=== Second read: Adapter 2 ===

Sequence: AGTTGCAGACTCCAATCCGG; Type: regular 5'; Length: 20; Trimmed: 116919 times

Minimum overlap: 3
No. of allowed errors:
1-9 bp: 0; 10-19 bp: 1; 20 bp: 2

Overview of removed sequences
length	count	expect	max.err	error counts
3	1615	5715.3	0	1615
4	74	1428.8	0	74
5	12	357.2	0	12
6	26	89.3	0	26
7	5	22.3	0	5
8	20	5.6	0	20
9	29	1.4	0	29
10	4	0.3	1	4
11	26	0.1	1	25 1
12	12	0.0	1	12
13	86	0.0	1	84 2
14	28	0.0	1	27 1
15	51	0.0	1	45 6
16	57	0.0	1	52 5
17	93	0.0	1	83 10
18	155	0.0	1	118 8 29
19	820	0.0	1	293 511 16
20	113552	0.0	2	110649 2446 457
21	196	0.0	2	17 171 8
22	4	0.0	2	4
24	7	0.0	2	6 0 1
25	1	0.0	2	1
27	2	0.0	2	1 0 1
29	1	0.0	2	0 1
30	11	0.0	2	10 1
32	4	0.0	2	3 1
33	2	0.0	2	2
34	1	0.0	2	0 1
77	1	0.0	2	0 1
96	1	0.0	2	1
105	1	0.0	2	1
163	5	0.0	2	2 2 1
203	1	0.0	2	1
204	14	0.0	2	3 4 7
205	2	0.0	2	2
