This is cutadapt 5.2 with Python 3.13.14
Command line parameters: -g CGGTGGAGCATGTGGTTTAA -G AGTTGCAGACTCCAATCCGG --discard-untrimmed -e 0.1 --minimum-length 50 -j 4 -o results/region/V6_V8/trimmed/RnDD_260801_10_RnDD-16S_n0_R1.fq.gz -p results/region/V6_V8/trimmed/RnDD_260801_10_RnDD-16S_n0_R2.fq.gz /media/genomed/DATA_15Tb/16s_3run/RnDD_260801_10_RnDD-16S_n0/202608012056_RA01230801023_5P251211086US292659BX_RnD_16S_260801_RnDD_260801_10_RnDD-16S_n0_L00_R1.fq.gz /media/genomed/DATA_15Tb/16s_3run/RnDD_260801_10_RnDD-16S_n0/202608012056_RA01230801023_5P251211086US292659BX_RnD_16S_260801_RnDD_260801_10_RnDD-16S_n0_L00_R2.fq.gz
Processing paired-end reads on 4 cores ...

=== Summary ===

Total read pairs processed:            319,260
  Read 1 with adapter:                  54,182 (17.0%)
  Read 2 with adapter:                  51,770 (16.2%)

== Read fate breakdown ==
Pairs that were too short:                   2 (0.0%)
Pairs discarded as untrimmed:          277,484 (86.9%)
Pairs written (passing filters):        41,774 (13.1%)

Total basepairs processed:   191,556,000 bp
  Read 1:    95,778,000 bp
  Read 2:    95,778,000 bp
Total written (filtered):     23,370,536 bp (12.2%)
  Read 1:    11,700,119 bp
  Read 2:    11,670,417 bp

=== First read: Adapter 1 ===

Sequence: CGGTGGAGCATGTGGTTTAA; Type: regular 5'; Length: 20; Trimmed: 54182 times

Minimum overlap: 3
No. of allowed errors:
1-9 bp: 0; 10-19 bp: 1; 20 bp: 2

Overview of removed sequences
length	count	expect	max.err	error counts
3	243	4988.4	0	243
4	148	1247.1	0	148
5	7	311.8	0	7
6	16	77.9	0	16
7	30	19.5	0	30
8	27	4.9	0	27
9	15	1.2	0	15
10	10	0.3	1	8 2
11	53	0.1	1	48 5
12	28	0.0	1	15 13
13	88	0.0	1	19 69
14	54	0.0	1	26 28
15	18	0.0	1	7 11
16	31	0.0	1	6 25
17	13	0.0	1	8 5
18	65	0.0	1	19 44 2
19	177	0.0	1	27 111 39
20	53001	0.0	2	16418 26971 9612
21	100	0.0	2	5 47 48
22	1	0.0	2	1
24	4	0.0	2	2 2
28	1	0.0	2	0 1
32	1	0.0	2	1
38	1	0.0	2	0 1
59	2	0.0	2	0 1 1
63	1	0.0	2	0 0 1
65	3	0.0	2	0 1 2
72	1	0.0	2	0 0 1
74	1	0.0	2	1
80	1	0.0	2	0 1
83	1	0.0	2	0 1
96	1	0.0	2	0 1
106	1	0.0	2	0 1
118	1	0.0	2	1
141	1	0.0	2	0 0 1
154	1	0.0	2	0 1
163	2	0.0	2	0 1 1
165	1	0.0	2	1
175	1	0.0	2	0 0 1
180	1	0.0	2	0 1
183	2	0.0	2	2
184	1	0.0	2	0 0 1
185	3	0.0	2	2 0 1
187	1	0.0	2	1
188	2	0.0	2	0 2
193	1	0.0	2	0 0 1
194	1	0.0	2	0 0 1
196	1	0.0	2	0 0 1
198	3	0.0	2	0 2 1
199	1	0.0	2	1
200	1	0.0	2	0 0 1
201	3	0.0	2	1 1 1
206	1	0.0	2	1
208	1	0.0	2	0 1
214	1	0.0	2	0 1
216	1	0.0	2	0 1
222	1	0.0	2	0 0 1
224	1	0.0	2	0 1
226	1	0.0	2	0 1
227	1	0.0	2	1
232	1	0.0	2	0 1
243	1	0.0	2	0 0 1


=== Second read: Adapter 2 ===

Sequence: AGTTGCAGACTCCAATCCGG; Type: regular 5'; Length: 20; Trimmed: 51770 times

Minimum overlap: 3
No. of allowed errors:
1-9 bp: 0; 10-19 bp: 1; 20 bp: 2

Overview of removed sequences
length	count	expect	max.err	error counts
3	4442	4988.4	0	4442
4	263	1247.1	0	263
5	20	311.8	0	20
6	59	77.9	0	59
7	25	19.5	0	25
8	47	4.9	0	47
9	53	1.2	0	53
10	5	0.3	1	5
11	26	0.1	1	25 1
12	30	0.0	1	30
13	68	0.0	1	67 1
14	40	0.0	1	40
15	48	0.0	1	48
16	92	0.0	1	89 3
17	40	0.0	1	37 3
18	48	0.0	1	43 1 4
19	287	0.0	1	94 135 58
20	44540	0.0	2	43535 845 160
21	64	0.0	2	9 54 1
22	3	0.0	2	3
23	2	0.0	2	2
24	6	0.0	2	6
25	3	0.0	2	3
26	7	0.0	2	5 2
27	3	0.0	2	3
30	7	0.0	2	7
31	1	0.0	2	1
32	1	0.0	2	1
33	4	0.0	2	4
34	1	0.0	2	1
35	3	0.0	2	3
36	1	0.0	2	1
37	1	0.0	2	1
38	1	0.0	2	1
40	2	0.0	2	2
41	1	0.0	2	1
42	3	0.0	2	2 0 1
43	1	0.0	2	1
44	3	0.0	2	3
45	2	0.0	2	2
46	3	0.0	2	3
47	7	0.0	2	7
53	1	0.0	2	0 1
54	2	0.0	2	2
57	1	0.0	2	1
58	3	0.0	2	3
59	1	0.0	2	1
60	2	0.0	2	2
62	2	0.0	2	2
63	1	0.0	2	1
64	7	0.0	2	7
65	4	0.0	2	4
66	1	0.0	2	1
68	5	0.0	2	5
69	1	0.0	2	1
70	3	0.0	2	3
71	1	0.0	2	1
72	3	0.0	2	3
74	1	0.0	2	0 1
75	2	0.0	2	1 1
77	3	0.0	2	3
78	2	0.0	2	2
80	1	0.0	2	1
81	2	0.0	2	2
82	5	0.0	2	5
84	3	0.0	2	3
86	7	0.0	2	7
87	2	0.0	2	2
88	1	0.0	2	1
89	1	0.0	2	1
91	2	0.0	2	2
92	4	0.0	2	3 1
94	2	0.0	2	2
95	1	0.0	2	1
96	1	0.0	2	1
97	1	0.0	2	1
98	5	0.0	2	5
99	1	0.0	2	1
102	3	0.0	2	2 1
105	1	0.0	2	1
108	1	0.0	2	1
110	1	0.0	2	1
111	3	0.0	2	3
113	3	0.0	2	3
114	2	0.0	2	2
115	2	0.0	2	2
116	1	0.0	2	1
119	2	0.0	2	1 1
120	1	0.0	2	1
123	1	0.0	2	1
124	1	0.0	2	1
128	1	0.0	2	1
137	1	0.0	2	1
138	3	0.0	2	3
139	1	0.0	2	1
140	1	0.0	2	1
144	2	0.0	2	2
147	1	0.0	2	1
148	2	0.0	2	2
151	1	0.0	2	1
153	1	0.0	2	1
154	2	0.0	2	1 1
157	2	0.0	2	2
158	3	0.0	2	2 1
159	1	0.0	2	1
161	1	0.0	2	0 1
163	5	0.0	2	4 1
165	2	0.0	2	1 1
166	1	0.0	2	1
167	1	0.0	2	0 1
168	1	0.0	2	1
172	2	0.0	2	0 2
176	1	0.0	2	1
179	1	0.0	2	1
182	1	0.0	2	1
183	3	0.0	2	2 1
184	11	0.0	2	7 4
190	1	0.0	2	1
198	1	0.0	2	0 1
201	2	0.0	2	0 2
202	1	0.0	2	1
203	43	0.0	2	34 7 2
204	1294	0.0	2	763 474 57
205	1	0.0	2	1
209	1	0.0	2	1
214	1	0.0	2	0 0 1
216	1	0.0	2	1
257	1	0.0	2	1
293	1	0.0	2	0 0 1
