This is cutadapt 5.2 with Python 3.13.14
Command line parameters: -g CGGTGGAGCATGTGGTTTAA -G AGTTGCAGACTCCAATCCGG --discard-untrimmed -e 0.1 --minimum-length 50 -j 4 -o results/region/V6_V8/trimmed/RnDD_260713_16_RnDD-16S_n0_R1.fq.gz -p results/region/V6_V8/trimmed/RnDD_260713_16_RnDD-16S_n0_R2.fq.gz data/raw/RnDD_260713_16_RnDD-16S_n0/202607132008_RA01230801023_5P260413092US292662D3_RnD_SRSLY_16S_NPO_260713_RnDD_260713_16_RnDD-16S_n0_L00_R1.fq.gz data/raw/RnDD_260713_16_RnDD-16S_n0/202607132008_RA01230801023_5P260413092US292662D3_RnD_SRSLY_16S_NPO_260713_RnDD_260713_16_RnDD-16S_n0_L00_R2.fq.gz
Processing paired-end reads on 4 cores ...

=== Summary ===

Total read pairs processed:            412,557
  Read 1 with adapter:                   1,988 (0.5%)
  Read 2 with adapter:                   1,956 (0.5%)

== Read fate breakdown ==
Pairs that were too short:                   0 (0.0%)
Pairs discarded as untrimmed:          412,133 (99.9%)
Pairs written (passing filters):           424 (0.1%)

Total basepairs processed:   123,767,100 bp
  Read 1:    61,883,550 bp
  Read 2:    61,883,550 bp
Total written (filtered):        110,770 bp (0.1%)
  Read 1:        55,381 bp
  Read 2:        55,389 bp

=== First read: Adapter 1 ===

Sequence: CGGTGGAGCATGTGGTTTAA; Type: regular 5'; Length: 20; Trimmed: 1988 times

Minimum overlap: 3
No. of allowed errors:
1-9 bp: 0; 10-19 bp: 1; 20 bp: 2

Overview of removed sequences
length	count	expect	max.err	error counts
3	394	6446.2	0	394
4	1165	1611.6	0	1165
18	1	0.0	1	1
19	3	0.0	1	3
20	424	0.0	2	406 16 2
21	1	0.0	2	0 1


=== Second read: Adapter 2 ===

Sequence: AGTTGCAGACTCCAATCCGG; Type: regular 5'; Length: 20; Trimmed: 1956 times

Minimum overlap: 3
No. of allowed errors:
1-9 bp: 0; 10-19 bp: 1; 20 bp: 2

Overview of removed sequences
length	count	expect	max.err	error counts
3	1236	6446.2	0	1236
4	271	1611.6	0	271
6	1	100.7	0	1
19	2	0.0	1	1 1
20	446	0.0	2	421 22 3
