This is cutadapt 5.2 with Python 3.13.14
Command line parameters: -g CGGTGGAGCATGTGGTTTAA -G AGTTGCAGACTCCAATCCGG --discard-untrimmed -e 0.1 --minimum-length 50 -j 4 -o results/region/V6_V8/trimmed/RnDD_260713_3_RnDD-16S_n0_R1.fq.gz -p results/region/V6_V8/trimmed/RnDD_260713_3_RnDD-16S_n0_R2.fq.gz data/raw/RnDD_260713_3_RnDD-16S_n0/202607132008_RA01230801023_5P260413092US292662D3_RnD_SRSLY_16S_NPO_260713_RnDD_260713_3_RnDD-16S_n0_L00_R1.fq.gz data/raw/RnDD_260713_3_RnDD-16S_n0/202607132008_RA01230801023_5P260413092US292662D3_RnD_SRSLY_16S_NPO_260713_RnDD_260713_3_RnDD-16S_n0_L00_R2.fq.gz
Processing paired-end reads on 4 cores ...

=== Summary ===

Total read pairs processed:            169,673
  Read 1 with adapter:                  15,777 (9.3%)
  Read 2 with adapter:                  25,007 (14.7%)

== Read fate breakdown ==
Pairs that were too short:                  10 (0.0%)
Pairs discarded as untrimmed:          162,510 (95.8%)
Pairs written (passing filters):         7,153 (4.2%)

Total basepairs processed:    50,901,900 bp
  Read 1:    25,450,950 bp
  Read 2:    25,450,950 bp
Total written (filtered):      1,865,097 bp (3.7%)
  Read 1:       931,628 bp
  Read 2:       933,469 bp

=== First read: Adapter 1 ===

Sequence: CGGTGGAGCATGTGGTTTAA; Type: regular 5'; Length: 20; Trimmed: 15777 times

Minimum overlap: 3
No. of allowed errors:
1-9 bp: 0; 10-19 bp: 1; 20 bp: 2

Overview of removed sequences
length	count	expect	max.err	error counts
3	510	2651.1	0	510
4	4196	662.8	0	4196
6	3	41.4	0	3
7	9	10.4	0	9
8	3	2.6	0	3
9	6	0.6	0	6
10	3	0.2	1	3
11	9	0.0	1	9
12	9	0.0	1	9
13	8	0.0	1	8
14	4	0.0	1	4
15	6	0.0	1	6
16	12	0.0	1	12
17	3	0.0	1	3
18	38	0.0	1	37 1
19	64	0.0	1	26 38
20	10848	0.0	2	10614 219 15
21	29	0.0	2	2 26 1
25	1	0.0	2	1
28	2	0.0	2	2
31	1	0.0	2	1
32	1	0.0	2	1
33	2	0.0	2	2
35	1	0.0	2	1
57	1	0.0	2	1
58	1	0.0	2	1
59	1	0.0	2	1
66	1	0.0	2	1
72	1	0.0	2	1
74	1	0.0	2	1
110	1	0.0	2	1
140	1	0.0	2	1
150	1	0.0	2	1


=== Second read: Adapter 2 ===

Sequence: AGTTGCAGACTCCAATCCGG; Type: regular 5'; Length: 20; Trimmed: 25007 times

Minimum overlap: 3
No. of allowed errors:
1-9 bp: 0; 10-19 bp: 1; 20 bp: 2

Overview of removed sequences
length	count	expect	max.err	error counts
3	16622	2651.1	0	16622
4	148	662.8	0	148
5	1	165.7	0	1
6	6	41.4	0	6
7	2	10.4	0	2
8	6	2.6	0	6
9	6	0.6	0	6
10	1	0.2	1	1
11	5	0.0	1	5
12	6	0.0	1	6
13	11	0.0	1	11
14	7	0.0	1	7
15	7	0.0	1	7
16	11	0.0	1	10 1
17	6	0.0	1	6
18	9	0.0	1	6 0 3
19	57	0.0	1	16 37 4
20	8045	0.0	2	7728 274 43
21	11	0.0	2	1 8 2
22	1	0.0	2	1
24	1	0.0	2	1
25	2	0.0	2	2
26	2	0.0	2	2
30	1	0.0	2	1
35	1	0.0	2	1
37	2	0.0	2	2
40	1	0.0	2	1
43	1	0.0	2	1
46	2	0.0	2	2
47	2	0.0	2	2
54	1	0.0	2	1
58	1	0.0	2	1
60	1	0.0	2	1
62	1	0.0	2	1
65	1	0.0	2	1
68	1	0.0	2	1
70	3	0.0	2	3
78	1	0.0	2	1
79	1	0.0	2	1
87	2	0.0	2	2
94	2	0.0	2	1 1
99	1	0.0	2	1
100	1	0.0	2	0 1
101	1	0.0	2	1
115	1	0.0	2	1
122	1	0.0	2	1
138	1	0.0	2	1
139	1	0.0	2	1
141	1	0.0	2	0 1
144	1	0.0	2	1
