This is cutadapt 5.2 with Python 3.13.14
Command line parameters: -g CGGTGGAGCATGTGGTTTAA -G AGTTGCAGACTCCAATCCGG --discard-untrimmed -e 0.1 --minimum-length 50 -j 4 -o results/region/V6_V8/trimmed/RnDD_260801_27_RnDD-16S_n0_R1.fq.gz -p results/region/V6_V8/trimmed/RnDD_260801_27_RnDD-16S_n0_R2.fq.gz /media/genomed/DATA_15Tb/16s_3run/RnDD_260801_27_RnDD-16S_n0/202608012056_RA01230801023_5P251211086US292659BX_RnD_16S_260801_RnDD_260801_27_RnDD-16S_n0_L00_R1.fq.gz /media/genomed/DATA_15Tb/16s_3run/RnDD_260801_27_RnDD-16S_n0/202608012056_RA01230801023_5P251211086US292659BX_RnD_16S_260801_RnDD_260801_27_RnDD-16S_n0_L00_R2.fq.gz
Processing paired-end reads on 4 cores ...

=== Summary ===

Total read pairs processed:            451,931
  Read 1 with adapter:                  32,753 (7.2%)
  Read 2 with adapter:                  33,452 (7.4%)

== Read fate breakdown ==
Pairs that were too short:                   1 (0.0%)
Pairs discarded as untrimmed:          423,232 (93.6%)
Pairs written (passing filters):        28,698 (6.4%)

Total basepairs processed:   271,158,600 bp
  Read 1:   135,579,300 bp
  Read 2:   135,579,300 bp
Total written (filtered):     16,062,209 bp (5.9%)
  Read 1:     8,036,797 bp
  Read 2:     8,025,412 bp

=== First read: Adapter 1 ===

Sequence: CGGTGGAGCATGTGGTTTAA; Type: regular 5'; Length: 20; Trimmed: 32753 times

Minimum overlap: 3
No. of allowed errors:
1-9 bp: 0; 10-19 bp: 1; 20 bp: 2

Overview of removed sequences
length	count	expect	max.err	error counts
3	254	7061.4	0	254
4	264	1765.4	0	264
5	3	441.3	0	3
6	1	110.3	0	1
7	7	27.6	0	7
8	3	6.9	0	3
9	7	1.7	0	7
10	1	0.4	1	1
11	6	0.1	1	6
12	2	0.0	1	2
13	22	0.0	1	8 14
14	6	0.0	1	2 4
15	8	0.0	1	4 4
16	25	0.0	1	14 11
17	12	0.0	1	5 7
18	56	0.0	1	17 39
19	149	0.0	1	13 93 43
20	31817	0.0	2	9715 16364 5738
21	95	0.0	2	3 51 41
24	1	0.0	2	0 1
26	1	0.0	2	0 1
27	1	0.0	2	0 0 1
30	1	0.0	2	1
32	1	0.0	2	0 1
59	1	0.0	2	0 1
61	2	0.0	2	0 2
96	1	0.0	2	0 0 1
109	1	0.0	2	1
163	2	0.0	2	1 0 1
193	2	0.0	2	1 0 1
216	1	0.0	2	0 1


=== Second read: Adapter 2 ===

Sequence: AGTTGCAGACTCCAATCCGG; Type: regular 5'; Length: 20; Trimmed: 33452 times

Minimum overlap: 3
No. of allowed errors:
1-9 bp: 0; 10-19 bp: 1; 20 bp: 2

Overview of removed sequences
length	count	expect	max.err	error counts
3	2505	7061.4	0	2505
4	99	1765.4	0	99
5	18	441.3	0	18
6	8	110.3	0	8
7	7	27.6	0	7
8	16	6.9	0	16
9	19	1.7	0	19
10	2	0.4	1	2
11	10	0.1	1	10
12	6	0.0	1	6
13	28	0.0	1	28
14	8	0.0	1	7 1
15	17	0.0	1	16 1
16	22	0.0	1	21 1
17	34	0.0	1	30 4
18	53	0.0	1	42 6 5
19	215	0.0	1	85 126 4
20	30009	0.0	2	29223 663 123
21	56	0.0	2	5 50 1
24	1	0.0	2	1
26	3	0.0	2	3
27	3	0.0	2	2 0 1
28	2	0.0	2	2
30	3	0.0	2	3
31	2	0.0	2	1 1
32	2	0.0	2	2
33	1	0.0	2	1
35	2	0.0	2	2
38	1	0.0	2	1
40	2	0.0	2	2
42	1	0.0	2	1
43	1	0.0	2	1
44	1	0.0	2	0 1
46	1	0.0	2	1
50	1	0.0	2	1
56	1	0.0	2	1
57	1	0.0	2	1
58	1	0.0	2	1
60	1	0.0	2	1
63	3	0.0	2	3
66	1	0.0	2	1
70	1	0.0	2	1
77	2	0.0	2	2
79	1	0.0	2	1
80	1	0.0	2	1
81	1	0.0	2	1
83	2	0.0	2	2
85	1	0.0	2	1
96	1	0.0	2	1
117	1	0.0	2	1
119	1	0.0	2	0 1
146	1	0.0	2	1
147	2	0.0	2	2
159	1	0.0	2	1
163	1	0.0	2	1
184	2	0.0	2	1 1
190	2	0.0	2	0 2
191	1	0.0	2	0 1
193	1	0.0	2	0 1
198	1	0.0	2	1
203	1	0.0	2	0 1
204	259	0.0	2	136 103 20
290	1	0.0	2	1
