This is cutadapt 5.2 with Python 3.13.14
Command line parameters: -g CGGTGGAGCATGTGGTTTAA -G AGTTGCAGACTCCAATCCGG --discard-untrimmed -e 0.1 --minimum-length 50 -j 4 -o results/region/V6_V8/trimmed/RnDD_260801_23_RnDD-16S_n0_R1.fq.gz -p results/region/V6_V8/trimmed/RnDD_260801_23_RnDD-16S_n0_R2.fq.gz /media/genomed/DATA_15Tb/16s_3run/RnDD_260801_23_RnDD-16S_n0/202608012056_RA01230801023_5P251211086US292659BX_RnD_16S_260801_RnDD_260801_23_RnDD-16S_n0_L00_R1.fq.gz /media/genomed/DATA_15Tb/16s_3run/RnDD_260801_23_RnDD-16S_n0/202608012056_RA01230801023_5P251211086US292659BX_RnD_16S_260801_RnDD_260801_23_RnDD-16S_n0_L00_R2.fq.gz
Processing paired-end reads on 4 cores ...

=== Summary ===

Total read pairs processed:            424,204
  Read 1 with adapter:                 138,200 (32.6%)
  Read 2 with adapter:                 143,414 (33.8%)

== Read fate breakdown ==
Pairs that were too short:                   3 (0.0%)
Pairs discarded as untrimmed:          290,680 (68.5%)
Pairs written (passing filters):       133,521 (31.5%)

Total basepairs processed:   254,522,400 bp
  Read 1:   127,261,200 bp
  Read 2:   127,261,200 bp
Total written (filtered):     74,777,976 bp (29.4%)
  Read 1:    37,388,973 bp
  Read 2:    37,389,003 bp

=== First read: Adapter 1 ===

Sequence: CGGTGGAGCATGTGGTTTAA; Type: regular 5'; Length: 20; Trimmed: 138200 times

Minimum overlap: 3
No. of allowed errors:
1-9 bp: 0; 10-19 bp: 1; 20 bp: 2

Overview of removed sequences
length	count	expect	max.err	error counts
3	183	6628.2	0	183
4	414	1657.0	0	414
5	6	414.3	0	6
6	5	103.6	0	5
7	24	25.9	0	24
8	5	6.5	0	5
9	10	1.6	0	10
10	6	0.4	1	3 3
11	14	0.1	1	14
12	11	0.0	1	2 9
13	38	0.0	1	2 36
14	16	0.0	1	9 7
15	26	0.0	1	9 17
16	111	0.0	1	26 85
17	66	0.0	1	33 33
18	248	0.0	1	91 156 1
19	695	0.0	1	50 431 214
20	135952	0.0	2	42422 68199 25331
21	358	0.0	2	10 197 151
22	2	0.0	2	0 1 1
24	3	0.0	2	1 1 1
30	1	0.0	2	0 1
32	3	0.0	2	0 3
39	1	0.0	2	0 0 1
147	1	0.0	2	0 0 1
163	1	0.0	2	1


=== Second read: Adapter 2 ===

Sequence: AGTTGCAGACTCCAATCCGG; Type: regular 5'; Length: 20; Trimmed: 143414 times

Minimum overlap: 3
No. of allowed errors:
1-9 bp: 0; 10-19 bp: 1; 20 bp: 2

Overview of removed sequences
length	count	expect	max.err	error counts
3	1979	6628.2	0	1979
4	83	1657.0	0	83
5	19	414.3	0	19
6	27	103.6	0	27
7	7	25.9	0	7
8	19	6.5	0	19
9	52	1.6	0	52
10	2	0.4	1	2
11	42	0.1	1	42
12	27	0.0	1	26 1
13	105	0.0	1	101 4
14	31	0.0	1	31
15	72	0.0	1	70 2
16	98	0.0	1	91 7
17	119	0.0	1	104 15
18	199	0.0	1	147 14 38
19	1002	0.0	1	327 665 10
20	139239	0.0	2	135737 3007 495
21	216	0.0	2	17 191 8
22	3	0.0	2	3
24	8	0.0	2	8
25	2	0.0	2	2
28	2	0.0	2	2
29	1	0.0	2	1
30	17	0.0	2	17
31	1	0.0	2	1
32	1	0.0	2	1
33	3	0.0	2	3
37	1	0.0	2	1
39	1	0.0	2	1
50	1	0.0	2	1
163	7	0.0	2	6 1
201	1	0.0	2	0 0 1
203	1	0.0	2	0 1
204	22	0.0	2	6 6 10
205	1	0.0	2	1
290	3	0.0	2	2 1
