This is cutadapt 5.2 with Python 3.13.14
Command line parameters: -g CGGTGGAGCATGTGGTTTAA -G AGTTGCAGACTCCAATCCGG --discard-untrimmed -e 0.1 --minimum-length 50 -j 4 -o results/region/V6_V8/trimmed/RnDD_260713_2_RnDD-16S_n0_R1.fq.gz -p results/region/V6_V8/trimmed/RnDD_260713_2_RnDD-16S_n0_R2.fq.gz data/raw/RnDD_260713_2_RnDD-16S_n0/202607132008_RA01230801023_5P260413092US292662D3_RnD_SRSLY_16S_NPO_260713_RnDD_260713_2_RnDD-16S_n0_L00_R1.fq.gz data/raw/RnDD_260713_2_RnDD-16S_n0/202607132008_RA01230801023_5P260413092US292662D3_RnD_SRSLY_16S_NPO_260713_RnDD_260713_2_RnDD-16S_n0_L00_R2.fq.gz
Processing paired-end reads on 4 cores ...

=== Summary ===

Total read pairs processed:            180,954
  Read 1 with adapter:                  17,156 (9.5%)
  Read 2 with adapter:                  32,898 (18.2%)

== Read fate breakdown ==
Pairs that were too short:                   2 (0.0%)
Pairs discarded as untrimmed:          170,559 (94.3%)
Pairs written (passing filters):        10,393 (5.7%)

Total basepairs processed:    54,286,200 bp
  Read 1:    27,143,100 bp
  Read 2:    27,143,100 bp
Total written (filtered):      2,705,847 bp (5.0%)
  Read 1:     1,352,582 bp
  Read 2:     1,353,265 bp

=== First read: Adapter 1 ===

Sequence: CGGTGGAGCATGTGGTTTAA; Type: regular 5'; Length: 20; Trimmed: 17156 times

Minimum overlap: 3
No. of allowed errors:
1-9 bp: 0; 10-19 bp: 1; 20 bp: 2

Overview of removed sequences
length	count	expect	max.err	error counts
3	535	2827.4	0	535
4	3068	706.9	0	3068
5	2	176.7	0	2
6	2	44.2	0	2
7	8	11.0	0	8
8	1	2.8	0	1
9	4	0.7	0	4
10	3	0.2	1	3
11	2	0.0	1	2
12	10	0.0	1	10
13	12	0.0	1	12
14	2	0.0	1	2
15	7	0.0	1	7
16	20	0.0	1	19 1
17	3	0.0	1	3
18	84	0.0	1	79 4 1
19	116	0.0	1	34 79 3
20	13221	0.0	2	12820 380 21
21	43	0.0	2	4 39
22	1	0.0	2	1
24	1	0.0	2	1
30	3	0.0	2	3
32	2	0.0	2	2
34	1	0.0	2	1
50	2	0.0	2	1 1
51	1	0.0	2	1
58	1	0.0	2	1
60	1	0.0	2	0 1


=== Second read: Adapter 2 ===

Sequence: AGTTGCAGACTCCAATCCGG; Type: regular 5'; Length: 20; Trimmed: 32898 times

Minimum overlap: 3
No. of allowed errors:
1-9 bp: 0; 10-19 bp: 1; 20 bp: 2

Overview of removed sequences
length	count	expect	max.err	error counts
3	20917	2827.4	0	20917
4	153	706.9	0	153
5	2	176.7	0	2
6	2	44.2	0	2
7	3	11.0	0	3
8	7	2.8	0	7
9	7	0.7	0	7
10	1	0.2	1	1
11	3	0.0	1	3
12	5	0.0	1	5
13	13	0.0	1	13
14	6	0.0	1	5 1
15	10	0.0	1	8 2
16	6	0.0	1	6
17	20	0.0	1	19 1
18	20	0.0	1	15 2 3
19	82	0.0	1	22 58 2
20	11602	0.0	2	11089 463 50
21	18	0.0	2	2 15 1
22	1	0.0	2	1
25	4	0.0	2	4
26	1	0.0	2	1
30	2	0.0	2	2
34	1	0.0	2	1
36	1	0.0	2	1
39	1	0.0	2	1
42	1	0.0	2	1
46	1	0.0	2	1
47	1	0.0	2	1
63	1	0.0	2	1
83	1	0.0	2	1
87	1	0.0	2	1
96	1	0.0	2	1
98	1	0.0	2	1
114	1	0.0	2	1
134	1	0.0	2	0 0 1
