This is cutadapt 5.2 with Python 3.13.14
Command line parameters: -g CGGTGGAGCATGTGGTTTAA -G AGTTGCAGACTCCAATCCGG --discard-untrimmed -e 0.1 --minimum-length 50 -j 4 -o results/region/V6_V8/trimmed/RnDD_260801_20_RnDD-16S_n0_R1.fq.gz -p results/region/V6_V8/trimmed/RnDD_260801_20_RnDD-16S_n0_R2.fq.gz /media/genomed/DATA_15Tb/16s_3run/RnDD_260801_20_RnDD-16S_n0/202608012056_RA01230801023_5P251211086US292659BX_RnD_16S_260801_RnDD_260801_20_RnDD-16S_n0_L00_R1.fq.gz /media/genomed/DATA_15Tb/16s_3run/RnDD_260801_20_RnDD-16S_n0/202608012056_RA01230801023_5P251211086US292659BX_RnD_16S_260801_RnDD_260801_20_RnDD-16S_n0_L00_R2.fq.gz
Processing paired-end reads on 4 cores ...

=== Summary ===

Total read pairs processed:            611,218
  Read 1 with adapter:                  20,076 (3.3%)
  Read 2 with adapter:                  17,270 (2.8%)

== Read fate breakdown ==
Pairs that were too short:                   0 (0.0%)
Pairs discarded as untrimmed:          596,639 (97.6%)
Pairs written (passing filters):        14,579 (2.4%)

Total basepairs processed:   366,730,800 bp
  Read 1:   183,365,400 bp
  Read 2:   183,365,400 bp
Total written (filtered):      8,165,150 bp (2.2%)
  Read 1:     4,083,132 bp
  Read 2:     4,082,018 bp

=== First read: Adapter 1 ===

Sequence: CGGTGGAGCATGTGGTTTAA; Type: regular 5'; Length: 20; Trimmed: 20076 times

Minimum overlap: 3
No. of allowed errors:
1-9 bp: 0; 10-19 bp: 1; 20 bp: 2

Overview of removed sequences
length	count	expect	max.err	error counts
3	780	9550.3	0	780
4	4129	2387.6	0	4129
5	12	596.9	0	12
6	7	149.2	0	7
7	3	37.3	0	3
8	2	9.3	0	2
10	3	0.6	1	2 1
11	4	0.1	1	3 1
13	3	0.0	1	0 3
14	1	0.0	1	0 1
16	3	0.0	1	0 3
17	2	0.0	1	1 1
18	13	0.0	1	4 9
19	41	0.0	1	9 24 8
20	15038	0.0	2	4620 7582 2836
21	29	0.0	2	3 15 11
22	2	0.0	2	0 2
24	1	0.0	2	0 0 1
51	1	0.0	2	0 1
142	1	0.0	2	0 0 1
192	1	0.0	2	0 1


=== Second read: Adapter 2 ===

Sequence: AGTTGCAGACTCCAATCCGG; Type: regular 5'; Length: 20; Trimmed: 17270 times

Minimum overlap: 3
No. of allowed errors:
1-9 bp: 0; 10-19 bp: 1; 20 bp: 2

Overview of removed sequences
length	count	expect	max.err	error counts
3	1317	9550.3	0	1317
4	384	2387.6	0	384
5	12	596.9	0	12
6	7	149.2	0	7
7	1	37.3	0	1
8	2	9.3	0	2
9	5	2.3	0	4 1
13	2	0.0	1	2
15	2	0.0	1	2
16	1	0.0	1	1
17	6	0.0	1	5 1
18	10	0.0	1	8 1 1
19	76	0.0	1	26 50
20	15310	0.0	2	14959 289 62
21	19	0.0	2	8 11
25	1	0.0	2	1
30	1	0.0	2	1
32	1	0.0	2	1
57	1	0.0	2	0 0 1
58	1	0.0	2	0 0 1
94	1	0.0	2	0 0 1
95	1	0.0	2	0 0 1
114	1	0.0	2	0 0 1
135	1	0.0	2	0 0 1
201	1	0.0	2	0 0 1
202	2	0.0	2	0 0 2
203	5	0.0	2	1 0 4
204	98	0.0	2	2 1 95
205	1	0.0	2	0 0 1
