This is cutadapt 5.2 with Python 3.13.14
Command line parameters: -g CGGTGGAGCATGTGGTTTAA -G AGTTGCAGACTCCAATCCGG --discard-untrimmed -e 0.1 --minimum-length 50 -j 4 -o results/region/V6_V8/trimmed/RnDD_260801_16_RnDD-16S_n0_R1.fq.gz -p results/region/V6_V8/trimmed/RnDD_260801_16_RnDD-16S_n0_R2.fq.gz /media/genomed/DATA_15Tb/16s_3run/RnDD_260801_16_RnDD-16S_n0/202608012056_RA01230801023_5P251211086US292659BX_RnD_16S_260801_RnDD_260801_16_RnDD-16S_n0_L00_R1.fq.gz /media/genomed/DATA_15Tb/16s_3run/RnDD_260801_16_RnDD-16S_n0/202608012056_RA01230801023_5P251211086US292659BX_RnD_16S_260801_RnDD_260801_16_RnDD-16S_n0_L00_R2.fq.gz
Processing paired-end reads on 4 cores ...

=== Summary ===

Total read pairs processed:            948,553
  Read 1 with adapter:                   5,295 (0.6%)
  Read 2 with adapter:                   5,174 (0.5%)

== Read fate breakdown ==
Pairs that were too short:                   0 (0.0%)
Pairs discarded as untrimmed:          945,689 (99.7%)
Pairs written (passing filters):         2,864 (0.3%)

Total basepairs processed:   569,131,800 bp
  Read 1:   284,565,900 bp
  Read 2:   284,565,900 bp
Total written (filtered):      1,604,857 bp (0.3%)
  Read 1:       802,530 bp
  Read 2:       802,327 bp

=== First read: Adapter 1 ===

Sequence: CGGTGGAGCATGTGGTTTAA; Type: regular 5'; Length: 20; Trimmed: 5295 times

Minimum overlap: 3
No. of allowed errors:
1-9 bp: 0; 10-19 bp: 1; 20 bp: 2

Overview of removed sequences
length	count	expect	max.err	error counts
3	543	14821.1	0	543
4	1805	3705.3	0	1805
5	5	926.3	0	5
6	2	231.6	0	2
7	2	57.9	0	2
11	1	0.2	1	1
12	1	0.1	1	0 1
13	1	0.0	1	0 1
16	2	0.0	1	1 1
17	1	0.0	1	0 1
19	4	0.0	1	0 2 2
20	2915	0.0	2	937 1440 538
21	13	0.0	2	1 5 7


=== Second read: Adapter 2 ===

Sequence: AGTTGCAGACTCCAATCCGG; Type: regular 5'; Length: 20; Trimmed: 5174 times

Minimum overlap: 3
No. of allowed errors:
1-9 bp: 0; 10-19 bp: 1; 20 bp: 2

Overview of removed sequences
length	count	expect	max.err	error counts
3	1404	14821.1	0	1404
4	717	3705.3	0	717
5	21	926.3	0	21
9	1	3.6	0	1
10	1	0.9	1	0 1
13	3	0.0	1	2 1
18	1	0.0	1	1
19	13	0.0	1	5 7 1
20	2994	0.0	2	2911 69 14
21	3	0.0	2	0 3
30	1	0.0	2	1
33	1	0.0	2	1
120	2	0.0	2	0 0 2
204	12	0.0	2	0 1 11
