This is cutadapt 5.2 with Python 3.13.14
Command line parameters: -g CGGTGGAGCATGTGGTTTAA -G AGTTGCAGACTCCAATCCGG --discard-untrimmed -e 0.1 --minimum-length 50 -j 4 -o results/region/V6_V8/trimmed/RnDD_260801_26_RnDD-16S_n0_R1.fq.gz -p results/region/V6_V8/trimmed/RnDD_260801_26_RnDD-16S_n0_R2.fq.gz /media/genomed/DATA_15Tb/16s_3run/RnDD_260801_26_RnDD-16S_n0/202608012056_RA01230801023_5P251211086US292659BX_RnD_16S_260801_RnDD_260801_26_RnDD-16S_n0_L00_R1.fq.gz /media/genomed/DATA_15Tb/16s_3run/RnDD_260801_26_RnDD-16S_n0/202608012056_RA01230801023_5P251211086US292659BX_RnD_16S_260801_RnDD_260801_26_RnDD-16S_n0_L00_R2.fq.gz
Processing paired-end reads on 4 cores ...

=== Summary ===

Total read pairs processed:            767,889
  Read 1 with adapter:                  23,606 (3.1%)
  Read 2 with adapter:                  24,283 (3.2%)

== Read fate breakdown ==
Pairs that were too short:                   0 (0.0%)
Pairs discarded as untrimmed:          746,256 (97.2%)
Pairs written (passing filters):        21,633 (2.8%)

Total basepairs processed:   460,733,400 bp
  Read 1:   230,366,700 bp
  Read 2:   230,366,700 bp
Total written (filtered):     12,114,961 bp (2.6%)
  Read 1:     6,057,725 bp
  Read 2:     6,057,236 bp

=== First read: Adapter 1 ===

Sequence: CGGTGGAGCATGTGGTTTAA; Type: regular 5'; Length: 20; Trimmed: 23606 times

Minimum overlap: 3
No. of allowed errors:
1-9 bp: 0; 10-19 bp: 1; 20 bp: 2

Overview of removed sequences
length	count	expect	max.err	error counts
3	448	11998.3	0	448
4	587	2999.6	0	587
5	6	749.9	0	6
6	2	187.5	0	2
8	1	11.7	0	1
9	1	2.9	0	1
11	1	0.2	1	1
12	1	0.0	1	1
13	8	0.0	1	2 6
14	3	0.0	1	2 1
15	1	0.0	1	1
16	4	0.0	1	1 3
17	12	0.0	1	4 8
18	17	0.0	1	5 11 1
19	74	0.0	1	6 42 26
20	22389	0.0	2	6759 11265 4365
21	47	0.0	2	1 25 21
24	2	0.0	2	0 2
31	1	0.0	2	0 1
163	1	0.0	2	0 1


=== Second read: Adapter 2 ===

Sequence: AGTTGCAGACTCCAATCCGG; Type: regular 5'; Length: 20; Trimmed: 24283 times

Minimum overlap: 3
No. of allowed errors:
1-9 bp: 0; 10-19 bp: 1; 20 bp: 2

Overview of removed sequences
length	count	expect	max.err	error counts
3	781	11998.3	0	781
4	85	2999.6	0	85
5	13	749.9	0	13
6	1	187.5	0	1
7	1	46.9	0	1
8	1	11.7	0	1
9	6	2.9	0	6
10	1	0.7	1	1
11	5	0.2	1	5
12	3	0.0	1	3
13	9	0.0	1	9
14	2	0.0	1	2
15	8	0.0	1	8
16	13	0.0	1	13
17	9	0.0	1	9
18	28	0.0	1	19 4 5
19	173	0.0	1	68 103 2
20	23076	0.0	2	22509 491 76
21	45	0.0	2	7 38
24	4	0.0	2	4
25	1	0.0	2	1
32	1	0.0	2	1
35	1	0.0	2	1
36	1	0.0	2	1
70	1	0.0	2	1
204	14	0.0	2	9 4 1
