This is cutadapt 5.2 with Python 3.13.14
Command line parameters: -g CGGTGGAGCATGTGGTTTAA -G AGTTGCAGACTCCAATCCGG --discard-untrimmed -e 0.1 --minimum-length 50 -j 4 -o results/region/V6_V8/trimmed/RnDD_260801_9_RnDD-16S_n0_R1.fq.gz -p results/region/V6_V8/trimmed/RnDD_260801_9_RnDD-16S_n0_R2.fq.gz /media/genomed/DATA_15Tb/16s_3run/RnDD_260801_9_RnDD-16S_n0/202608012056_RA01230801023_5P251211086US292659BX_RnD_16S_260801_RnDD_260801_9_RnDD-16S_n0_L00_R1.fq.gz /media/genomed/DATA_15Tb/16s_3run/RnDD_260801_9_RnDD-16S_n0/202608012056_RA01230801023_5P251211086US292659BX_RnD_16S_260801_RnDD_260801_9_RnDD-16S_n0_L00_R2.fq.gz
Processing paired-end reads on 4 cores ...

=== Summary ===

Total read pairs processed:            321,845
  Read 1 with adapter:                  50,372 (15.7%)
  Read 2 with adapter:                  48,843 (15.2%)

== Read fate breakdown ==
Pairs that were too short:                   3 (0.0%)
Pairs discarded as untrimmed:          283,278 (88.0%)
Pairs written (passing filters):        38,564 (12.0%)

Total basepairs processed:   193,107,000 bp
  Read 1:    96,553,500 bp
  Read 2:    96,553,500 bp
Total written (filtered):     21,554,112 bp (11.2%)
  Read 1:    10,801,485 bp
  Read 2:    10,752,627 bp

=== First read: Adapter 1 ===

Sequence: CGGTGGAGCATGTGGTTTAA; Type: regular 5'; Length: 20; Trimmed: 50372 times

Minimum overlap: 3
No. of allowed errors:
1-9 bp: 0; 10-19 bp: 1; 20 bp: 2

Overview of removed sequences
length	count	expect	max.err	error counts
3	257	5028.8	0	257
4	190	1257.2	0	190
5	5	314.3	0	5
6	15	78.6	0	15
7	22	19.6	0	22
8	27	4.9	0	27
9	24	1.2	0	24
10	13	0.3	1	11 2
11	52	0.1	1	45 7
12	29	0.0	1	14 15
13	81	0.0	1	16 65
14	52	0.0	1	29 23
15	16	0.0	1	6 10
16	31	0.0	1	10 21
17	18	0.0	1	14 4
18	68	0.0	1	32 35 1
19	143	0.0	1	24 90 29
20	49167	0.0	2	15162 25149 8856
21	93	0.0	2	7 44 42
22	1	0.0	2	0 1
24	4	0.0	2	1 1 2
26	2	0.0	2	0 0 2
27	1	0.0	2	1
30	3	0.0	2	2 1
31	1	0.0	2	0 1
32	2	0.0	2	0 1 1
33	1	0.0	2	0 1
49	1	0.0	2	0 0 1
59	1	0.0	2	0 1
62	1	0.0	2	0 1
63	1	0.0	2	0 1
65	3	0.0	2	1 0 2
70	2	0.0	2	0 0 2
71	1	0.0	2	0 0 1
72	1	0.0	2	0 0 1
73	1	0.0	2	1
79	2	0.0	2	0 2
87	1	0.0	2	0 0 1
99	1	0.0	2	0 1
100	1	0.0	2	0 1
101	1	0.0	2	0 1
107	1	0.0	2	0 0 1
123	1	0.0	2	0 0 1
135	1	0.0	2	1
141	2	0.0	2	0 0 2
150	1	0.0	2	0 0 1
163	1	0.0	2	0 0 1
174	1	0.0	2	0 1
175	2	0.0	2	0 2
179	1	0.0	2	1
180	1	0.0	2	0 1
181	1	0.0	2	0 1
182	2	0.0	2	0 1 1
184	1	0.0	2	0 1
187	1	0.0	2	0 0 1
188	2	0.0	2	0 1 1
192	1	0.0	2	1
198	3	0.0	2	0 1 2
201	1	0.0	2	0 1
203	1	0.0	2	0 0 1
204	1	0.0	2	0 1
206	3	0.0	2	0 2 1
208	1	0.0	2	0 1
209	1	0.0	2	0 1
212	1	0.0	2	0 0 1
214	1	0.0	2	0 0 1
216	1	0.0	2	0 0 1
222	1	0.0	2	1
252	1	0.0	2	0 0 1


=== Second read: Adapter 2 ===

Sequence: AGTTGCAGACTCCAATCCGG; Type: regular 5'; Length: 20; Trimmed: 48843 times

Minimum overlap: 3
No. of allowed errors:
1-9 bp: 0; 10-19 bp: 1; 20 bp: 2

Overview of removed sequences
length	count	expect	max.err	error counts
3	4711	5028.8	0	4711
4	281	1257.2	0	281
5	17	314.3	0	17
6	55	78.6	0	55
7	26	19.6	0	26
8	45	4.9	0	45
9	38	1.2	0	38
10	9	0.3	1	9
11	29	0.1	1	29
12	28	0.0	1	28
13	45	0.0	1	42 3
14	52	0.0	1	50 2
15	31	0.0	1	30 1
16	83	0.0	1	83
17	40	0.0	1	37 3
18	40	0.0	1	37 1 2
19	224	0.0	1	82 112 30
20	41299	0.0	2	40280 849 170
21	73	0.0	2	12 60 1
22	6	0.0	2	6
23	1	0.0	2	1
24	7	0.0	2	7
25	4	0.0	2	4
26	3	0.0	2	3
27	12	0.0	2	11 0 1
28	2	0.0	2	2
29	1	0.0	2	1
30	2	0.0	2	2
31	1	0.0	2	1
32	2	0.0	2	2
35	1	0.0	2	1
39	1	0.0	2	1
40	5	0.0	2	4 1
41	2	0.0	2	2
42	1	0.0	2	1
44	2	0.0	2	2
46	2	0.0	2	2
47	5	0.0	2	5
48	3	0.0	2	2 1
50	1	0.0	2	1
51	2	0.0	2	1 1
52	1	0.0	2	1
54	2	0.0	2	2
55	2	0.0	2	2
57	2	0.0	2	2
58	7	0.0	2	5 2
59	1	0.0	2	1
64	1	0.0	2	1
65	4	0.0	2	3 1
66	3	0.0	2	3
68	4	0.0	2	4
70	5	0.0	2	4 0 1
71	1	0.0	2	1
74	1	0.0	2	1
76	1	0.0	2	1
77	2	0.0	2	2
78	1	0.0	2	1
80	1	0.0	2	1
81	1	0.0	2	1
82	2	0.0	2	2
83	1	0.0	2	1
84	2	0.0	2	2
85	3	0.0	2	3
86	5	0.0	2	5
87	4	0.0	2	4
88	2	0.0	2	2
89	1	0.0	2	1
91	1	0.0	2	1
93	1	0.0	2	1
94	3	0.0	2	2 1
95	2	0.0	2	2
96	4	0.0	2	4
97	3	0.0	2	3
98	3	0.0	2	2 1
99	1	0.0	2	1
100	1	0.0	2	1
101	1	0.0	2	1
102	4	0.0	2	4
103	2	0.0	2	1 1
105	1	0.0	2	1
107	2	0.0	2	2
109	1	0.0	2	1
110	2	0.0	2	2
111	2	0.0	2	2
114	5	0.0	2	5
116	1	0.0	2	0 1
118	2	0.0	2	2
120	2	0.0	2	2
121	1	0.0	2	1
122	1	0.0	2	0 1
129	2	0.0	2	2
132	2	0.0	2	2
134	1	0.0	2	1
135	3	0.0	2	3
137	1	0.0	2	0 1
138	2	0.0	2	1 1
139	4	0.0	2	4
142	1	0.0	2	1
148	1	0.0	2	0 1
149	1	0.0	2	1
153	1	0.0	2	1
154	1	0.0	2	0 0 1
155	1	0.0	2	1
158	3	0.0	2	2 0 1
159	1	0.0	2	1
161	1	0.0	2	0 1
163	4	0.0	2	3 1
165	1	0.0	2	1
167	1	0.0	2	1
173	1	0.0	2	1
174	1	0.0	2	1
176	1	0.0	2	0 1
177	1	0.0	2	1
180	2	0.0	2	2
181	1	0.0	2	0 1
182	1	0.0	2	1
183	2	0.0	2	1 1
184	7	0.0	2	3 4
190	1	0.0	2	1
191	1	0.0	2	1
193	1	0.0	2	1
197	2	0.0	2	1 1
199	1	0.0	2	1
200	3	0.0	2	3
201	3	0.0	2	2 1
202	3	0.0	2	2 1
203	41	0.0	2	28 13
204	1436	0.0	2	706 647 83
205	2	0.0	2	1 1
290	1	0.0	2	0 1
299	1	0.0	2	0 1
